
== target and default proof ==
PRETTY_NAME="Ubuntu 24.04.4 LTS"
NAME="Ubuntu"
VERSION_ID="24.04"
VERSION="24.04.4 LTS (Noble Numbat)"
VERSION_CODENAME=noble
ID=ubuntu
ID_LIKE=debian
HOME_URL="https://www.ubuntu.com/"
Linux 4f5b414436ae 6.10.14-linuxkit #1 SMP Sat May 17 08:28:57 UTC 2025 aarch64 aarch64 aarch64 GNU/Linux
uid=1001(attacker) gid=1001(attacker) groups=1001(attacker)
attacker:x:1001:1001::/home/attacker:/bin/bash
group: attacker:x:1001:
group: sudo:x:27:ubuntu
group: adm:x:4:ubuntu,syslog
group: shadow:x:42:
group: root:x:0:
root:*:20553:0:99999:7:::
ubuntu:!:20553:0:99999:7:::
attacker:!:20589:0:99999:7:::
selfauth:$y$j9T$.t24a/3THtZwWgCjfBBmI1$edYpd7I51FLSvb7XzPkihILdNlJxL7n9lOnCTmknzR3:20589:0:99999:7:::
Reading package lists...
Building dependency tree...
Reading state information...
Calculating upgrade...
0 upgraded, 0 newly installed, 0 to remove and 0 not upgraded.

== package versions ==
dpkg-query: no packages found matching uidmap
libpam-modules-bin	1.5.3-5ubuntu5.5	ii 
libpam-modules:arm64	1.5.3-5ubuntu5.5	ii 
libpam-runtime	1.5.3-5ubuntu5.5	ii 
login	1:4.13+dfsg1-4ubuntu3.2	ii 
passwd	1:4.13+dfsg1-4ubuntu3.2	ii 
util-linux	2.39.3-9ubuntu6.5	ii 

== helper modes ==
-rwsr-xr-x 4755 root:root /usr/bin/chfn
-rwsr-xr-x 4755 root:root /usr/bin/chsh
-rwsr-xr-x 4755 root:root /usr/bin/passwd
-rwsr-xr-x 4755 root:root /usr/bin/gpasswd
-rwsr-xr-x 4755 root:root /usr/bin/newgrp
-rwsr-xr-x 4755 root:root /usr/bin/sg
-rwxr-xr-x 755 root:root /usr/bin/login
-rwsr-xr-x 4755 root:root /usr/bin/su
-rwxr-xr-x 755 root:root /usr/sbin/runuser
-rwxr-sr-x 2755 root:shadow /usr/bin/chage
-rwxr-sr-x 2755 root:shadow /usr/bin/expiry
MISSING /usr/bin/newuidmap
MISSING /usr/bin/newgidmap
-rwxr-xr-x 755 root:root /usr/sbin/faillock
MISSING /usr/sbin/pam_tally2
-rwxr-xr-x 755 root:root /usr/bin/faillog
-rwxr-xr-x 755 root:root /usr/bin/lastlog
-rwxr-xr-x 755 root:root /usr/sbin/usermod
-rwxr-xr-x 755 root:root /usr/sbin/groupmod
-rwxr-xr-x 755 root:root /usr/sbin/useradd
-rwxr-xr-x 755 root:root /usr/sbin/groupadd
-rwxr-xr-x 755 root:root /usr/sbin/newusers
-rwxr-xr-x 755 root:root /usr/sbin/chpasswd
-rwxr-xr-x 755 root:root /usr/sbin/vipw
-rwxr-xr-x 755 root:root /usr/sbin/vigr

== account and accounting file modes ==
-rw-r--r-- 644 root:root 1704 /etc/passwd
-rw-r----- 640 root:shadow 937 /etc/shadow
-rw-r--r-- 644 root:root 857 /etc/group
-rw-r----- 640 root:shadow 729 /etc/gshadow
-rw------- 600 root:root 0 /etc/.pwd.lock
-rw-r--r-- 644 root:root 64 /etc/subuid
-rw-r--r-- 644 root:root 64 /etc/subgid
-rw-r--r-- 644 root:root 12345 /etc/login.defs
-rw-r--r-- 644 root:root 148 /etc/shells
-rw-r--r-- 644 root:root 0 /var/log/faillog
MISSING /var/log/tallylog
MISSING /run/faillock
MISSING /var/run/faillock
-rw-rw-r-- 664 root:utmp 0 /var/log/lastlog
-rw-rw-r-- 664 root:utmp 54400 /var/log/wtmp
-rw-rw---- 660 root:utmp 800 /var/log/btmp
-rw-rw-r-- 664 root:utmp 6800 /run/utmp

== pam account-session reachability ==
/etc/pam.d/chsh:8:auth       required   pam_shells.so
/etc/pam.d/common-session:29:session	optional	pam_systemd.so 
/etc/pam.d/cron:10:session       required   pam_env.so
/etc/pam.d/cron:13:session       required   pam_env.so envfile=/etc/default/locale
/etc/pam.d/cron:20:session    required   pam_limits.so
/etc/pam.d/cron:8:# Read environment variables from pam_env's default files, /etc/environment
/etc/pam.d/cron:9:# and /etc/security/pam_env.conf.
/etc/pam.d/login:17:auth       requisite  pam_nologin.so
/etc/pam.d/login:48:# file /etc/security/pam_env.conf.
/etc/pam.d/login:51:session       required   pam_env.so readenv=1
/etc/pam.d/login:54:session       required   pam_env.so readenv=1 envfile=/etc/default/locale
/etc/pam.d/login:63:auth       optional   pam_group.so
/etc/pam.d/login:78:session    required   pam_limits.so
/etc/pam.d/login:82:session    optional   pam_lastlog.so
/etc/pam.d/runuser-l:4:-session	optional	pam_systemd.so
/etc/pam.d/runuser:4:session		required	pam_limits.so
/etc/pam.d/su:15:# auth       required   pam_wheel.so
/etc/pam.d/su:19:# auth       sufficient pam_wheel.so trust
/etc/pam.d/su:23:# auth       required   pam_wheel.so deny group=nosu
/etc/pam.d/su:33:# file /etc/security/pam_env.conf.
/etc/pam.d/su:36:session       required   pam_env.so readenv=1
/etc/pam.d/su:39:session       required   pam_env.so readenv=1 envfile=/etc/default/locale
/etc/pam.d/su:52:session    required   pam_limits.so
/etc/pam.d/sudo-i:4:session    required   pam_limits.so
/etc/pam.d/sudo-i:6:session    required   pam_env.so readenv=1 user_readenv=0
/etc/pam.d/sudo-i:7:session    required   pam_env.so readenv=1 envfile=/etc/default/locale user_readenv=0
/etc/pam.d/sudo:4:session    required   pam_limits.so
/etc/pam.d/sudo:6:session    required   pam_env.so readenv=1 user_readenv=0
/etc/pam.d/sudo:7:session    required   pam_env.so readenv=1 envfile=/etc/default/locale user_readenv=0
/etc/pam.d/vmtoolsd:5:account     required    pam_shells.so
/usr/lib/pam.d/polkit-1:6:session       required   pam_env.so readenv=1 user_readenv=0
/usr/lib/pam.d/polkit-1:7:session       required   pam_env.so readenv=1 envfile=/etc/default/locale user_readenv=0
/usr/lib/pam.d/systemd-user:10:session  required pam_limits.so
/usr/lib/pam.d/systemd-user:13:session  optional pam_systemd.so

== subuid subgid state ==
-- /etc/subuid --
ubuntu:100000:65536
attacker:165536:65536
selfauth:231072:65536
-- /etc/subgid --
ubuntu:100000:65536
attacker:165536:65536
selfauth:231072:65536

== account file hashes before ==
e1468fa4ad17e48937e0fe2d6f1c64ea1d8477c339287f68bd3fc54aa9729ee0  /etc/passwd
7b60d33ad847688a33b23750e302cddee47c1e303e6d25aa723c8c69ea3b75bd  /etc/shadow
6f9dbca3bed6a13aa64baadf58ccdccf3d6f18eac2bf8e6e6dd3ea08634ae5be  /etc/group
3470f908cc636edf0f69d37ed04b7947031ad0487977ec3973f0d8d64d3461c3  /etc/gshadow
e9b30418c47aa5b447108a4c6a096dbdabe8d9346756e748e7545f8b957055ad  /etc/subuid
e9b30418c47aa5b447108a4c6a096dbdabe8d9346756e748e7545f8b957055ad  /etc/subgid

== attacker cannot preplace account lock temp or accounting links ==
TRY /etc/passwd.lock: ln: failed to create symbolic link '/etc/passwd.lock': Permission denied
TRY /etc/shadow.lock: ln: failed to create symbolic link '/etc/shadow.lock': Permission denied
TRY /etc/group.lock: ln: failed to create symbolic link '/etc/group.lock': Permission denied
TRY /etc/gshadow.lock: ln: failed to create symbolic link '/etc/gshadow.lock': Permission denied
TRY /etc/passwd+: ln: failed to create symbolic link '/etc/passwd+': Permission denied
TRY /etc/shadow+: ln: failed to create symbolic link '/etc/shadow+': Permission denied
TRY /etc/group+: ln: failed to create symbolic link '/etc/group+': Permission denied
TRY /etc/gshadow+: ln: failed to create symbolic link '/etc/gshadow+': Permission denied
TRY /etc/passwd.12345: ln: failed to create symbolic link '/etc/passwd.12345': Permission denied
TRY /etc/shadow.12345: ln: failed to create symbolic link '/etc/shadow.12345': Permission denied
TRY /etc/group.12345: ln: failed to create symbolic link '/etc/group.12345': Permission denied
TRY /etc/gshadow.12345: ln: failed to create symbolic link '/etc/gshadow.12345': Permission denied
TRY /etc/subuid.lock: ln: failed to create symbolic link '/etc/subuid.lock': Permission denied
TRY /etc/subgid.lock: ln: failed to create symbolic link '/etc/subgid.lock': Permission denied
TRY /etc/subuid+: ln: failed to create symbolic link '/etc/subuid+': Permission denied
TRY /etc/subgid+: ln: failed to create symbolic link '/etc/subgid+': Permission denied
TRY /var/log/tallylog: ln: failed to create symbolic link '/var/log/tallylog': Permission denied
TRY /run/faillock: ln: failed to create symbolic link '/run/faillock': Permission denied
TRY /var/run/faillock: ln: failed to create symbolic link '/var/run/faillock': Permission denied
TRY /var/log/faillog: ln: failed to create symbolic link '/var/log/faillog': File exists

== login is not an attacker-reachable setuid session transition ==
login: Cannot possibly work without effective root
rc=1

== newgrp own group uses attacker shell after dropping privilege ==
/home/attacker/account_session_deep/bin/fake-shell: 3: cannot create /root/account_session_deep_root_marker: Permission denied

== newgrp shell proof ==
uid=1001(attacker) gid=1001(attacker) groups=1001(attacker)
newgrp_root_marker=absent

== sg own group command runs as uid1001 ==
sh: 1: cannot create /root/account_session_deep_sg_marker: Permission denied
rc=2

== sg own group proof ==
uid=1001(attacker) gid=1001(attacker) groups=1001(attacker)
sg_root_marker=absent

== sg privileged group denials ==
-- sg root --
Password: Invalid password.
rc=1
-- sg shadow --
Password: Invalid password.
rc=1
-- sg sudo --
Password: Invalid password.
rc=1
-- sg adm --
Password: Invalid password.
rc=1

== newgrp privileged group denials ==
-- newgrp root --
Password: Invalid password.
rc=1
-- newgrp shadow --
Password: Invalid password.
rc=1
-- newgrp sudo --
Password: Invalid password.
rc=1
-- newgrp adm --
Password: Invalid password.
rc=1

== gpasswd own group and group-file writes denied ==
gpasswd: Permission denied.
gpasswd: Permission denied.
gpasswd: Permission denied.
gpasswd: Permission denied.
gpasswd: Permission denied.
gpasswd: Permission denied.
rc=1

== passwd and chage account lock transitions denied ==
passwd: Permission denied.
passwd: Permission denied.
passwd: Permission denied.
passwd: You may not view or modify password information for root.
attacker L 2026-05-16 0 99999 7 -1
chage: Permission denied.
Last password change					: May 16, 2026
Password expires					: never
Password inactive					: never
Account expires						: never
Minimum number of days between password change		: 0
Maximum number of days between password change		: 99999
Number of days of warning before password expires	: 7
chage: Permission denied.

== plain account database tools cannot lock account files ==
chpasswd: (user attacker) pam_chauthtok() failed, error:
Authentication token manipulation error
chpasswd: (line 1, user attacker) password not changed
Changing password for attacker.
newusers: Permission denied.
newusers: cannot lock /etc/passwd; try again later.
usermod: Permission denied.
usermod: cannot lock /etc/passwd; try again later.
usermod: Permission denied.
usermod: cannot lock /etc/passwd; try again later.
groupmod: group 'root' already exists
vipw: Permission denied.
vipw: Couldn't lock file: Permission denied
vipw: /etc/shadow is unchanged
vigr: Permission denied.
vigr: Couldn't lock file: Permission denied
vigr: /etc/gshadow is unchanged
rc=5

== faillock faillog tally paths are non-privileged or absent ==
Login       Failures Maximum Latest                   On

attacker        0        0   01/01/70 00:00:00 +0000  
faillog: Cannot open /var/log/faillog: Permission denied

== faillock tally files after triggers ==
-rw-r--r-- root:root 0 /var/log/faillog -> 

== newuidmap newgidmap and user namespace boundary ==
newuidmap_absent=yes
newgidmap_absent=yes

== unshare user namespace root is mapped uid1001 not container root ==
uid=0(root) gid=0(root) groups=0(root)
         0       1001          1
         0       1001          1
touch: cannot touch '/root/account_session_deep_userns_root': Permission denied
rc=1
userns_root_marker=absent

== strace sg and gpasswd account-file boundary ==
uid=1001(attacker) gid=1001(attacker) groups=1001(attacker)
openat(AT_FDCWD, "/etc/passwd", O_RDONLY|O_CLOEXEC) = 3
faccessat(AT_FDCWD, "/etc/gshadow", F_OK) = 0
openat(AT_FDCWD, "/etc/passwd", O_RDONLY|O_CLOEXEC) = 4
openat(AT_FDCWD, "/etc/group", O_RDONLY|O_NOCTTY|O_NONBLOCK|O_NOFOLLOW) = 4
openat(AT_FDCWD, "/etc/gshadow", O_RDONLY|O_NOCTTY|O_NONBLOCK|O_NOFOLLOW) = 4
execve("/usr/bin/env", ["env", "-i", "HOME=/home/attacker", "USER=attacker", "LOGNAME=attacker", "SHELL=/home/attacker/account_session_deep/bin/fake-shell", "PATH=/home/attacker/account_session_deep/bin:/usr/bin:/bin", "GCONV_PATH=/home/attacker/account_session_deep/env", "LOCPATH=/home/attacker/account_session_deep/env", "NLSPATH=/home/attacker/account_session_deep/env/%N", "/usr/bin/sg", "attacker", "-c", "id >/tmp/account_session_deep_strace_sg_id"], 0xffffce3610e0 /* 7 vars */) = 0
openat(AT_FDCWD, "/etc/passwd", O_RDONLY|O_CLOEXEC) = 4
openat(AT_FDCWD, "/etc/group", O_RDONLY|O_CLOEXEC) = 4
openat(AT_FDCWD, "/etc/gshadow", O_RDONLY) = 4
openat(AT_FDCWD, "/etc/group", O_RDONLY|O_CLOEXEC) = 6
setgid(1001)                            = 0
setuid(1001)                            = 0
newfstatat(AT_FDCWD, "/home/attacker/account_session_deep/bin/id", 0xfffff50251d8, 0) = -1 ENOENT (No such file or directory)
openat(AT_FDCWD, "/etc/passwd", O_RDONLY|O_CLOEXEC) = 3
openat(AT_FDCWD, "/etc/group", O_RDONLY|O_CLOEXEC) = 3
openat(AT_FDCWD, "/etc/group", O_RDONLY|O_CLOEXEC) = 3

== account file hashes after ==
e1468fa4ad17e48937e0fe2d6f1c64ea1d8477c339287f68bd3fc54aa9729ee0  /etc/passwd
7b60d33ad847688a33b23750e302cddee47c1e303e6d25aa723c8c69ea3b75bd  /etc/shadow
6f9dbca3bed6a13aa64baadf58ccdccf3d6f18eac2bf8e6e6dd3ea08634ae5be  /etc/group
3470f908cc636edf0f69d37ed04b7947031ad0487977ec3973f0d8d64d3461c3  /etc/gshadow
e9b30418c47aa5b447108a4c6a096dbdabe8d9346756e748e7545f8b957055ad  /etc/subuid
e9b30418c47aa5b447108a4c6a096dbdabe8d9346756e748e7545f8b957055ad  /etc/subgid
account_files_unchanged=yes

== root proof markers ==
ROOT_MARKER_ABSENT /root/account_session_deep_root_marker
ROOT_MARKER_ABSENT /root/account_session_deep_sg_marker
ROOT_MARKER_ABSENT /root/account_session_deep_userns_root

== cleanup ==
cleanup_leftovers=0
