active UDisks SetLabel/SetUUID helper-input probe
2026-05-16T21:21:40+00:00

## target/default proof
PRETTY_NAME="Ubuntu 24.04.4 LTS"
NAME="Ubuntu"
VERSION_ID="24.04"
VERSION="24.04.4 LTS (Noble Numbat)"
VERSION_CODENAME=noble
ID=ubuntu
ID_LIKE=debian
HOME_URL="https://www.ubuntu.com/"
Linux 508d797cbad0 6.10.14-linuxkit #1 SMP Sat May 17 08:28:57 UTC 2025 aarch64 aarch64 aarch64 GNU/Linux
uid=1001(attacker) gid=1001(attacker) groups=1001(attacker)
uid=1002(selfauth) gid=1002(selfauth) groups=1002(selfauth)
e2fsprogs	1.47.0-2.4~exp1ubuntu4.1	ii 
libudisks2-0:arm64	2.10.1-6ubuntu1.3	ii 
polkitd	124-2ubuntu1.24.04.3	ii 
python3-dbus	1.3.2-5build3	ii 
python3-gi	3.48.2-1	ii 
systemd	255.4-1ubuntu8.15	ii 
udev	255.4-1ubuntu8.15	ii 
udisks2	2.10.1-6ubuntu1.3	ii 
util-linux	2.39.3-9ubuntu6.5	ii 

## service and policy proof
enabled
active
# /usr/lib/systemd/system/udisks2.service
[Unit]
Description=Disk Manager
Documentation=man:udisks(8)

[Service]
Type=dbus
BusName=org.freedesktop.UDisks2
ExecStart=/usr/libexec/udisks2/udisksd
KillSignal=SIGINT

[Install]
WantedBy=graphical.target

  1143	  <action id="org.freedesktop.udisks2.loop-setup">
  1144	    <description>Manage loop devices</description>
  1145	    <description xml:lang="zh_TW">管理迴圈裝置</description>
  1146	    <description xml:lang="zh_CN">管理回环设备</description>
  1147	    <description xml:lang="uk">Керування петльовими пристроями</description>
  1148	    <description xml:lang="tr">Döngü aygıtlarını yönet</description>
  1149	    <description xml:lang="sv">Hantera loop-enheter</description>
  1150	    <description xml:lang="sr">Управљајте уређајима петље</description>
  1151	    <description xml:lang="sl">Upravljaj z zančnimi napravami</description>
  1152	    <description xml:lang="sk">Spravovať zariadenia loop</description>
  1153	    <description xml:lang="ru">Управление петлевыми устройствами</description>
  1154	    <description xml:lang="pt_BR">Gerenciar dispositivos de loop</description>
  1155	    <description xml:lang="pl">Zarządzanie urządzeniami zwrotnymi</description>
  1156	    <description xml:lang="pa">ਲੂਪ ਜੰਤਰ ਪਰਬੰਧ</description>
  1157	    <description xml:lang="nn">Handsam loop-einingar</description>
  1158	    <description xml:lang="nl">Manage loop-devices</description>
  1159	    <description xml:lang="lv">Pārvaldīt cikla ierīces</description>
  1160	    <description xml:lang="lt">Tvarkyti ciklinius įrenginius</description>
  1161	    <description xml:lang="ko">루프 장치 관리</description>
  1162	    <description xml:lang="kk">Loop құрылғыларын басқару</description>
  1163	    <description xml:lang="ka">მარყუჟის მოწყობილობის მართვა</description>
  1164	    <description xml:lang="ja">ループデバイスを管理します。</description>
  1165	    <description xml:lang="it">Gestisce device di loop</description>
  1166	    <description xml:lang="id">Kelola perangkat loop</description>
  1167	    <description xml:lang="ia">Gerer dispositivos de bucla</description>
  1168	    <description xml:lang="hu">Hurokeszközök kezelése</description>
  1169	    <description xml:lang="hr">Upravljanje virtualnim uređajima</description>
  1170	    <description xml:lang="gl">Xestionar os dispositivos loop</description>
  1171	    <description xml:lang="fur">Gjestìs dispositîfs di loop</description>
  1172	    <description xml:lang="fr">Gérer les périphériques virtuels</description>
  1173	    <description xml:lang="es">Gestiona sus dispositivos de «loop»</description>
  1174	    <description xml:lang="en_GB">Manage loop devices</description>
  1175	    <description xml:lang="el">Διαχείριση συσκευών βρόχου</description>
  1176	    <description xml:lang="de">Schleifen-Geräte verwalten</description>
  1177	    <description xml:lang="da">Håndter loop-enheder</description>
  1178	    <description xml:lang="cs">Spravovat zařízení místních smyček</description>
  1179	    <description xml:lang="ca">Gestiona els dispositius de bucles</description>
  1180	    <description xml:lang="af">Bestuur lustoestelle</description>
  1181	    <message>Authentication is required to set up a loop device</message>
  1182	    <message xml:lang="zh_TW">要設置迴圈裝置需要先核對身分</message>
  1183	    <message xml:lang="zh_CN">设定回环设备需要身份验证</message>
  1184	    <message xml:lang="uk">Щоб отримати доступ до визначення петльового пристрою, слід пройти розпізнавання</message>
  1185	    <message xml:lang="tr">Döngü aygıtı kurmak için kimlik doğrulaması gerekli</message>
  1186	    <message xml:lang="sv">Autentisering krävs för att konfigurera en loop-enhet</message>
  1187	    <message xml:lang="sr">Потребно је потврђивање идентитета за подешавање уређаја петље</message>
  1188	    <message xml:lang="sl">Za vzpostavitev zančne naprave je zahtevana overitev.</message>
  1189	    <message xml:lang="sk">Nastavenie zariadenia loop vyžaduje overenie totožnosti</message>
  1190	    <message xml:lang="ru">Для настройки петлевого устройства требуется подтверждение подлинности пользователя</message>
  1191	    <message xml:lang="pt_BR">Autenticação é necessária para criar um dispositivo de loop</message>
  1192	    <message xml:lang="pl">Wymagane jest uwierzytelnienie, aby ustawić urządzenie zwrotne</message>
  1193	    <message xml:lang="nn">Treng autentisering for å setja opp ei loop-eining</message>
  1194	    <message xml:lang="nl">Authenticatie is vereist om een loop-device op te zetten</message>
  1195	    <message xml:lang="lv">Vajag autentificēties, lai iestatītu cikla ierīci</message>
  1196	    <message xml:lang="lt">Norint nustatyti ciklinį įrenginį, reikia patvirtinti tapatybę</message>
  1197	    <message xml:lang="ko">루프 장치를 설정하려면 인증이 필요합니다</message>
  1198	    <message xml:lang="kk">Loop құрылғысын жасау үшін аутентификация керек</message>
  1199	    <message xml:lang="ka">მარყუჟმოწყობილობის დაყენებას ავთენტიკაცია სჭირდება</message>
  1200	    <message xml:lang="ja">ループデバイスをセットアップするには、認証が必要です。</message>
  1201	    <message xml:lang="it">È richiesto autenticarsi per impostare il device di loop</message>
  1202	    <message xml:lang="id">Otentikasi diperlukan untuk menyiapkan suatu perangkat loop</message>
  1203	    <message xml:lang="ia">Authentication es necessari pro crear un dispositivo de bucla</message>
  1204	    <message xml:lang="hu">Hitelesítés szükséges egy hurokeszköz beállításához</message>
  1205	    <message xml:lang="hr">Potrebna je provjera za postavljanje virtualnog uređaja</message>
  1206	    <message xml:lang="gl">Debe autenticarse para configurar un dispositivo loop</message>
  1207	    <message xml:lang="fur">La autenticazion e je necessarie par configurâ un dispositîf di loop</message>
  1208	    <message xml:lang="fr">Une authentification est nécessaire pour configurer un périphérique virtuel</message>
  1209	    <message xml:lang="es">Se requiere autenticación para configurar un dispositivo de «loop»</message>
  1210	    <message xml:lang="en_GB">Authentication is required to set up a loop device</message>
  1211	    <message xml:lang="el">Απαιτείται πιστοποίηση για ρύθμιση μιας συσκευής βρόχου</message>
  1212	    <message xml:lang="de">Legitimierung ist zum Einrichten eines Schleifengeräts notwendig</message>
  1213	    <message xml:lang="da">Der kræves godkendelse for at opsætte en loop-enhed</message>
  1214	    <message xml:lang="cs">Pro nastavení zařízení místní smyčky je vyžadována autentizace</message>
  1215	    <message xml:lang="ca">Es requereix autenticació per gestionar els dispositius de bucles</message>
  1216	    <message xml:lang="af">Verifiëring is nodig om ’n lustoestel op te stel</message>
  1217	    <defaults>
  1218	      <allow_any>auth_admin</allow_any>
  2035	  <action id="org.freedesktop.udisks2.modify-device">
  2036	    <description>Modify a device</description>
  2037	    <description xml:lang="zh_TW">修改裝置</description>
  2038	    <description xml:lang="zh_CN">修改设备</description>
  2039	    <description xml:lang="uk">Внести зміни до параметрів пристрою</description>
  2040	    <description xml:lang="tr">Aygıt düzenle</description>
  2041	    <description xml:lang="sv">Ändra en enhet</description>
  2042	    <description xml:lang="sr">Измените уређај</description>
  2043	    <description xml:lang="sl">Spremeni napravo</description>
  2044	    <description xml:lang="sk">Zmeniť zariadenie</description>
  2045	    <description xml:lang="ru">Изменить устройство</description>
  2046	    <description xml:lang="pt_BR">Modificar um dispositivo</description>
  2047	    <description xml:lang="pt">Modifique um dispositivo</description>
  2048	    <description xml:lang="pl">Modyfikacja urządzenia</description>
  2049	    <description xml:lang="pa">ਜੰਤਰ ਸੋਧੋ</description>
  2050	    <description xml:lang="nn">Gjer endringar for ei eining</description>
  2051	    <description xml:lang="nl">Pas een apparaat aan</description>
  2052	    <description xml:lang="lv">Modificēt ierīci</description>
  2053	    <description xml:lang="lt">Modifikuoti įrenginį</description>
  2054	    <description xml:lang="ko">장치 수정</description>
  2055	    <description xml:lang="kk">Құрылғыны түрлендіру</description>
  2056	    <description xml:lang="ka">მოწყობილობის შეცვლა</description>
  2057	    <description xml:lang="ja">デバイスを変更します。</description>
  2058	    <description xml:lang="it">Modifica un dispositivo</description>
  2059	    <description xml:lang="id">Ubah suatu perangkat</description>
  2060	    <description xml:lang="ia">Modificar un dispositivo</description>
  2061	    <description xml:lang="hu">Eszköz módosítása</description>
  2062	    <description xml:lang="hr">Uredi uređaj</description>
  2063	    <description xml:lang="gl">Modificar un dispositivo</description>
  2064	    <description xml:lang="fur">Modifiche un dispositîf</description>
  2065	    <description xml:lang="fr">Modifier un périphérique</description>
  2066	    <description xml:lang="fi">Muokkaa laitetta</description>
  2067	    <description xml:lang="es">Modificar un dispositivo</description>
  2068	    <description xml:lang="en_GB">Modify a device</description>
  2069	    <description xml:lang="el">Τροποποίηση συσκευής</description>
  2070	    <description xml:lang="de">Ein Gerät verändern</description>
  2071	    <description xml:lang="da">Rediger en enhed</description>
  2072	    <description xml:lang="cs">Změnit zařízení</description>
  2073	    <description xml:lang="ca">Modifica un dispositiu</description>
  2074	    <description xml:lang="af">Wysig ’n toestel</description>
  2075	    <message>Authentication is required to modify a device</message>
  2076	    <message xml:lang="zh_TW">要修改裝置需要先核對身分</message>
  2077	    <message xml:lang="zh_CN">需要授权来修改设备</message>
  2078	    <message xml:lang="uk">Для внесення змін до параметрів пристрою слід пройти розпізнавання</message>
  2079	    <message xml:lang="tr">Aygıtı değiştirmek için kimlik doğrulaması gerekli</message>
  2080	    <message xml:lang="sv">Autentisering krävs för att ändra en enhet</message>
  2081	    <message xml:lang="sr">Потребно је потврђивање идентитета за мењање уређаја</message>
  2082	    <message xml:lang="sl">Za spreminjanje naprave je zahtevana overitev.</message>
  2083	    <message xml:lang="sk">Zmena zariadenia vyžaduje overenie totožnosti</message>
  2084	    <message xml:lang="ru">Для изменения устройства требуется подтверждение подлинности пользователя</message>
  2085	    <message xml:lang="pt_BR">Autenticação é necessária para modificar um dispositivo</message>
  2086	    <message xml:lang="pt">É necessária autenticação para modificar um dispositivo</message>
  2087	    <message xml:lang="pl">Wymagane jest uwierzytelnienie, aby zmodyfikować urządzenie</message>
  2088	    <message xml:lang="pa">ਜੰਤਰ ਸੋਧਣ ਲਈ ਪਰਮਾਣਿਤ ਹੋਣ ਦੀ ਲੋੜ ਹੈ</message>
  2089	    <message xml:lang="nn">Treng autentisering for å gjera endringar for ei eining</message>
  2090	    <message xml:lang="nl">Authenticatie is vereist om een apparaat aan te passen</message>
  2091	    <message xml:lang="lv">Vajag autentificēties, lai modificētu ierīci</message>
  2092	    <message xml:lang="lt">Norint modifikuoti įrenginį, reikia patvirtinti tapatybę</message>
  2093	    <message xml:lang="ko">장치를 수정하려면 인증이 필요합니다</message>
  2094	    <message xml:lang="kk">Құрылғыны түрлендіру үшін аутентификация керек</message>
  2095	    <message xml:lang="ka">მოწყობილობის შეცვლას ავთენტიკაცია სჭირდება</message>
  2096	    <message xml:lang="ja">デバイスを変更するには、認証が必要です。</message>
  2097	    <message xml:lang="it">È richiesto autenticarsi per modificare un dispositivo</message>
  2098	    <message xml:lang="id">Otentikasi diperlukan untuk mengubah suatu perangkat</message>
  2099	    <message xml:lang="ia">Authentication es necessari pro modificar un dispositivo</message>
  2100	    <message xml:lang="hu">Hitelesítés szükséges az eszköz módosításához</message>
  2101	    <message xml:lang="hr">Potrebna je provjera za uređivanje uređaja</message>
  2102	    <message xml:lang="gl">Debe autenticarse para modificar un dispositivo</message>
  2103	    <message xml:lang="fur">La autenticazion e je necessarie par modificâ un dispositîf</message>
  2104	    <message xml:lang="fr">Une authentification est nécessaire pour modifier un périphérique</message>
  2105	    <message xml:lang="fi">Tunnistautuminen vaaditaan laitteen muokkausta varten</message>
  2106	    <message xml:lang="es">Se requiere autenticación para modificar un dispositivo</message>
  2107	    <message xml:lang="en_GB">Authentication is required to modify a device</message>
  2108	    <message xml:lang="el">Απαιτείται πιστοποίηση για τροποποίηση συσκευής</message>
  2109	    <message xml:lang="de">Legitimierung ist zum Verändern eines Geräts erforderlich</message>
  2110	    <message xml:lang="da">Der kræves godkendelse for at ændre en enhed</message>
  2121	  <action id="org.freedesktop.udisks2.modify-device-system">
  2122	    <description>Modify a system device</description>
  2123	    <description xml:lang="zh_TW">修改系統裝置</description>
  2124	    <description xml:lang="zh_CN">修改系统设备</description>
  2125	    <description xml:lang="uk">Внести зміни до параметрів системного пристрою</description>
  2126	    <description xml:lang="tr">Sistem aygıtını düzenle</description>
  2127	    <description xml:lang="sv">Ändra en systemenhet</description>
  2128	    <description xml:lang="sr">Измените уређај система</description>
  2129	    <description xml:lang="sl">Spremeni sistemsko napravo</description>
  2130	    <description xml:lang="sk">Zmeniť systémové zariadenie</description>
  2131	    <description xml:lang="ru">Изменить системное устройство</description>
  2132	    <description xml:lang="pt_BR">Modificar um dispositivo de sistema</description>
  2133	    <description xml:lang="pt">Modifique um dispositivo do sistema</description>
  2134	    <description xml:lang="pl">Modyfikacja urządzenia systemowego</description>
  2135	    <description xml:lang="pa">ਸਿਸਟਮ ਜੰਤਰ ਸੋਧੋ</description>
  2136	    <description xml:lang="nn">Gjer endringar for ei systemeining</description>
  2137	    <description xml:lang="nl">Pas een systeemapparaat aan</description>
  2138	    <description xml:lang="lv">Modificēt sistēmas ierīci</description>
  2139	    <description xml:lang="lt">Modifikuoti sisteminį įrenginį</description>
  2140	    <description xml:lang="ko">시스템 장치 수정</description>
  2141	    <description xml:lang="kk">Жүйелік құрылғыны түрлендіру</description>
  2142	    <description xml:lang="ka">სისტემური მოწყობილობის შეცვლა</description>
  2143	    <description xml:lang="ja">システムデバイスを変更します。</description>
  2144	    <description xml:lang="it">Modifica un dispositivo di sistema</description>
  2145	    <description xml:lang="id">Ubah suatu perangkat sistem</description>
  2146	    <description xml:lang="ia">Modificar un dispositivo de systema</description>
  2147	    <description xml:lang="hu">Rendszereszköz módosítása</description>
  2148	    <description xml:lang="hr">Uredi sustavski uređaj</description>
  2149	    <description xml:lang="gl">Modificar un dispositivo do sistema</description>
  2150	    <description xml:lang="fur">Modifiche un dispositîf di sisteme</description>
  2151	    <description xml:lang="fr">Modifier un périphérique système</description>
  2152	    <description xml:lang="fi">Muokkaa järjestelmälaitetta</description>
  2153	    <description xml:lang="es">Modificar un dispositivo del sistema</description>
  2154	    <description xml:lang="en_GB">Modify a system device</description>
  2155	    <description xml:lang="el">Τροποποίηση συσκευής συστήματος</description>
  2156	    <description xml:lang="de">Ein Systemgerät verändern</description>
  2157	    <description xml:lang="da">Rediger en systemenhed</description>
  2158	    <description xml:lang="cs">Změnit systémové zařízení</description>
  2159	    <description xml:lang="ca">Modifica un dispositiu de sistema</description>
  2160	    <description xml:lang="af">Wysig ’n stelseltoestel</description>
  2161	    <message>Authentication is required to modify a device</message>
  2162	    <message xml:lang="zh_TW">要修改裝置需要先核對身分</message>
  2163	    <message xml:lang="zh_CN">需要授权来修改设备</message>
  2164	    <message xml:lang="uk">Для внесення змін до параметрів пристрою слід пройти розпізнавання</message>
  2165	    <message xml:lang="tr">Aygıtı değiştirmek için kimlik doğrulaması gerekli</message>
  2166	    <message xml:lang="sv">Autentisering krävs för att ändra en enhet</message>
  2167	    <message xml:lang="sr">Потребно је потврђивање идентитета за мењање уређаја</message>
  2168	    <message xml:lang="sl">Za spreminjanje naprave je zahtevana overitev.</message>
  2169	    <message xml:lang="sk">Zmena zariadenia vyžaduje overenie totožnosti</message>
  2170	    <message xml:lang="ru">Для изменения устройства требуется подтверждение подлинности пользователя</message>
  2171	    <message xml:lang="pt_BR">Autenticação é necessária para modificar um dispositivo</message>
  2172	    <message xml:lang="pt">É necessária autenticação para modificar um dispositivo</message>
  2173	    <message xml:lang="pl">Wymagane jest uwierzytelnienie, aby zmodyfikować urządzenie</message>
  2174	    <message xml:lang="pa">ਜੰਤਰ ਸੋਧਣ ਲਈ ਪਰਮਾਣਿਤ ਹੋਣ ਦੀ ਲੋੜ ਹੈ</message>
  2175	    <message xml:lang="nn">Treng autentisering for å gjera endringar for ei eining</message>
  2176	    <message xml:lang="nl">Authenticatie is vereist om een apparaat aan te passen</message>
  2177	    <message xml:lang="lv">Vajag autentificēties, lai modificētu ierīci</message>
  2178	    <message xml:lang="lt">Norint modifikuoti įrenginį, reikia patvirtinti tapatybę</message>
  2179	    <message xml:lang="ko">장치를 수정하려면 인증이 필요합니다</message>
  2180	    <message xml:lang="kk">Құрылғыны түрлендіру үшін аутентификация керек</message>
  2181	    <message xml:lang="ka">მოწყობილობის შეცვლას ავთენტიკაცია სჭირდება</message>
  2182	    <message xml:lang="ja">デバイスを変更するには、認証が必要です。</message>
  2183	    <message xml:lang="it">È richiesto autenticarsi per modificare un dispositivo</message>
  2184	    <message xml:lang="id">Otentikasi diperlukan untuk mengubah suatu perangkat</message>
  2185	    <message xml:lang="ia">Authentication es necessari pro modificar un dispositivo</message>
  2186	    <message xml:lang="hu">Hitelesítés szükséges az eszköz módosításához</message>
  2187	    <message xml:lang="hr">Potrebna je provjera za uređivanje uređaja</message>
  2188	    <message xml:lang="gl">Debe autenticarse para modificar un dispositivo</message>
  2189	    <message xml:lang="fur">La autenticazion e je necessarie par modificâ un dispositîf</message>
  2190	    <message xml:lang="fr">Une authentification est nécessaire pour modifier un périphérique</message>
  2191	    <message xml:lang="fi">Tunnistautuminen vaaditaan laitteen muokkausta varten</message>
  2192	    <message xml:lang="es">Se requiere autenticación para modificar un dispositivo</message>
  2193	    <message xml:lang="en_GB">Authentication is required to modify a device</message>
  2194	    <message xml:lang="el">Απαιτείται πιστοποίηση για τροποποίηση συσκευής</message>
  2195	    <message xml:lang="de">Legitimierung ist zum Verändern eines Geräts erforderlich</message>
  2196	    <message xml:lang="da">Der kræves godkendelse for at ændre en enhed</message>

## helper path proof
-rwxr-xr-x 755 root:root regular file /usr/libexec/udisks2/udisksd -> '/usr/libexec/udisks2/udisksd'
-rwxr-xr-x 755 root:root regular file /usr/sbin/e2label -> '/usr/sbin/e2label'
-rwxr-xr-x 755 root:root regular file /usr/sbin/tune2fs -> '/usr/sbin/tune2fs'
-rwxr-xr-x 755 root:root regular file /usr/bin/udisksctl -> '/usr/bin/udisksctl'
-rwxr-xr-x 755 root:root regular file /usr/bin/gdbus -> '/usr/bin/gdbus'
-rwxr-xr-x 755 root:root regular file /usr/bin/python3 -> '/usr/bin/python3'
MISSING /dev/disk/by-label
drwxr-xr-x 755 root:root directory /dev/disk/by-uuid -> '/dev/disk/by-uuid'

## active selfauth session
$ id; tty; echo XDG_SESSION_ID=${XDG_SESSION_ID:-}; if [ -n "${XDG_SESSION_ID:-}" ]; then loginctl show-session "$XDG_SESSION_ID" -p Id -p User -p Name -p Seat -p TTY -p Active -p State -p Type -p Class -p Remote; fi
uid=1002(selfauth) gid=1002(selfauth) groups=1002(selfauth)
/dev/tty1
XDG_SESSION_ID=78
Id=78
User=1002
Name=selfauth
Seat=seat0
TTY=tty1
Remote=no
Type=tty
Class=user
Active=yes
State=active
rc=0

## build attacker ext4 image
$ truncate -s 64M /home/selfauth/active-udisks-label-uuid/label-uuid.img && mkfs.ext4 -q -F -L LABELUUID /home/selfauth/active-udisks-label-uuid/label-uuid.img && blkid -p -o export /home/selfauth/active-udisks-label-uuid/label-uuid.img && ls -l /home/selfauth/active-udisks-label-uuid/label-uuid.img
DEVNAME=/home/selfauth/active-udisks-label-uuid/label-uuid.img
LABEL=LABELUUID
UUID=8e5aa0fa-98e7-4b25-8020-531c166b0acf
VERSION=1.0
FSBLOCKSIZE=4096
BLOCK_SIZE=4096
FSLASTBLOCK=16384
FSSIZE=67108864
TYPE=ext4
USAGE=filesystem
-rw-rw-r-- 1 selfauth selfauth 67108864 May 16 21:21 /home/selfauth/active-udisks-label-uuid/label-uuid.img
rc=0

## active loop setup
$ udisksctl loop-setup -f /home/selfauth/active-udisks-label-uuid/label-uuid.img --no-user-interaction
Mapped file /home/selfauth/active-udisks-label-uuid/label-uuid.img as /dev/loop0.
rc=0
dev=/dev/loop0
$ udevadm settle --timeout=15 || true

rc=0
$ udevadm info --query=property --name /dev/loop0 2>&1 | grep -E '^(DEVLINKS|ID_FS|ID_LOOP|SYSTEMD|UDISKS)' | sort || true
DEVLINKS=/dev/disk/by-loop-inode/0:60-5425968 /dev/disk/by-label/LABELUUID /dev/disk/by-uuid/8e5aa0fa-98e7-4b25-8020-531c166b0acf /dev/disk/by-diskseq/59
ID_FS_BLOCKSIZE=4096
ID_FS_LABEL=LABELUUID
ID_FS_LABEL_ENC=LABELUUID
ID_FS_LASTBLOCK=16384
ID_FS_SIZE=67108864
ID_FS_TYPE=ext4
ID_FS_USAGE=filesystem
ID_FS_UUID=8e5aa0fa-98e7-4b25-8020-531c166b0acf
ID_FS_UUID_ENC=8e5aa0fa-98e7-4b25-8020-531c166b0acf
ID_FS_VERSION=1.0
ID_LOOP_BACKING_DEVICE=0:60
ID_LOOP_BACKING_INODE=5425968
rc=0
$ find /dev/disk/by-label /dev/disk/by-uuid -maxdepth 1 -mindepth 1 -printf '%M %u:%g %p -> %l\n' 2>/dev/null | sort | sed -n '1,180p'
lrwxrwxrwx root:root /dev/disk/by-label/LABELUUID -> ../../loop0
lrwxrwxrwx root:root /dev/disk/by-uuid/27685418-1790-40c3-bbc1-ea2342957362 -> ../../vdb
lrwxrwxrwx root:root /dev/disk/by-uuid/55897b87-5d1f-4f12-8931-37b6e249877b -> ../../vda1
lrwxrwxrwx root:root /dev/disk/by-uuid/8e5aa0fa-98e7-4b25-8020-531c166b0acf -> ../../loop0
rc=0
$ stat -Lc '%A %a %U:%G %n' /root/active-udisks-label-uuid-root /run/active-udisks-label-uuid-root /tmp/active-udisks-label-uuid-user 2>&1 || true
stat: cannot statx '/root/active-udisks-label-uuid-root': Permission denied
stat: cannot statx '/run/active-udisks-label-uuid-root': No such file or directory
stat: cannot statx '/tmp/active-udisks-label-uuid-user': No such file or directory
rc=0

## Filesystem interface
$ gdbus introspect --system --dest org.freedesktop.UDisks2 --object-path /org/freedesktop/UDisks2/block_devices/loop0 | sed -n '/interface org.freedesktop.UDisks2.Filesystem/,/};/p'
  interface org.freedesktop.UDisks2.Filesystem {
    methods:
      SetLabel(in  s label,
               in  a{sv} options);
      SetUUID(in  s uuid,
              in  a{sv} options);
      Mount(in  a{sv} options,
            out s mount_path);
      Unmount(in  a{sv} options);
      Resize(in  t size,
             in  a{sv} options);
      Check(in  a{sv} options,
            out b consistent);
      Repair(in  a{sv} options,
             out b repaired);
      TakeOwnership(in  a{sv} options);
    signals:
    properties:
      readonly aay MountPoints = [];
      readonly t Size = 67108864;
  };
rc=0

## SetLabel attacker string matrix
### SetLabel repr='SAFESET'
SetLabel_OK result=None
$ udevadm settle --timeout=15 || true

rc=0
$ udevadm info --query=property --name /dev/loop0 2>&1 | grep -E '^(DEVLINKS|ID_FS|ID_LOOP|SYSTEMD|UDISKS)' | sort || true
DEVLINKS=/dev/disk/by-uuid/8e5aa0fa-98e7-4b25-8020-531c166b0acf /dev/disk/by-loop-inode/0:60-5425968 /dev/disk/by-label/SAFESET /dev/disk/by-diskseq/59
ID_FS_BLOCKSIZE=4096
ID_FS_LABEL=SAFESET
ID_FS_LABEL_ENC=SAFESET
ID_FS_LASTBLOCK=16384
ID_FS_SIZE=67108864
ID_FS_TYPE=ext4
ID_FS_USAGE=filesystem
ID_FS_UUID=8e5aa0fa-98e7-4b25-8020-531c166b0acf
ID_FS_UUID_ENC=8e5aa0fa-98e7-4b25-8020-531c166b0acf
ID_FS_VERSION=1.0
ID_LOOP_BACKING_DEVICE=0:60
ID_LOOP_BACKING_INODE=5425968
rc=0
$ find /dev/disk/by-label /dev/disk/by-uuid -maxdepth 1 -mindepth 1 -printf '%M %u:%g %p -> %l\n' 2>/dev/null | sort | sed -n '1,180p'
lrwxrwxrwx root:root /dev/disk/by-label/SAFESET -> ../../loop0
lrwxrwxrwx root:root /dev/disk/by-uuid/27685418-1790-40c3-bbc1-ea2342957362 -> ../../vdb
lrwxrwxrwx root:root /dev/disk/by-uuid/55897b87-5d1f-4f12-8931-37b6e249877b -> ../../vda1
lrwxrwxrwx root:root /dev/disk/by-uuid/8e5aa0fa-98e7-4b25-8020-531c166b0acf -> ../../loop0
rc=0
$ stat -Lc '%A %a %U:%G %n' /root/active-udisks-label-uuid-root /run/active-udisks-label-uuid-root /tmp/active-udisks-label-uuid-user 2>&1 || true
stat: cannot statx '/root/active-udisks-label-uuid-root': Permission denied
stat: cannot statx '/run/active-udisks-label-uuid-root': No such file or directory
stat: cannot statx '/tmp/active-udisks-label-uuid-user': No such file or directory
rc=0
### SetLabel repr='../../root/pwn'
SetLabel_OK result=None
$ udevadm settle --timeout=15 || true

rc=0
$ udevadm info --query=property --name /dev/loop0 2>&1 | grep -E '^(DEVLINKS|ID_FS|ID_LOOP|SYSTEMD|UDISKS)' | sort || true
DEVLINKS=/dev/disk/by-uuid/8e5aa0fa-98e7-4b25-8020-531c166b0acf /dev/disk/by-loop-inode/0:60-5425968 /dev/disk/by-diskseq/59 /dev/disk/by-label/..\x2f..\x2froot\x2fpwn
ID_FS_BLOCKSIZE=4096
ID_FS_LABEL=../../root/pwn
ID_FS_LABEL_ENC=..\x2f..\x2froot\x2fpwn
ID_FS_LASTBLOCK=16384
ID_FS_SIZE=67108864
ID_FS_TYPE=ext4
ID_FS_USAGE=filesystem
ID_FS_UUID=8e5aa0fa-98e7-4b25-8020-531c166b0acf
ID_FS_UUID_ENC=8e5aa0fa-98e7-4b25-8020-531c166b0acf
ID_FS_VERSION=1.0
ID_LOOP_BACKING_DEVICE=0:60
ID_LOOP_BACKING_INODE=5425968
rc=0
$ find /dev/disk/by-label /dev/disk/by-uuid -maxdepth 1 -mindepth 1 -printf '%M %u:%g %p -> %l\n' 2>/dev/null | sort | sed -n '1,180p'
lrwxrwxrwx root:root /dev/disk/by-label/..\x2f..\x2froot\x2fpwn -> ../../loop0
lrwxrwxrwx root:root /dev/disk/by-uuid/27685418-1790-40c3-bbc1-ea2342957362 -> ../../vdb
lrwxrwxrwx root:root /dev/disk/by-uuid/55897b87-5d1f-4f12-8931-37b6e249877b -> ../../vda1
lrwxrwxrwx root:root /dev/disk/by-uuid/8e5aa0fa-98e7-4b25-8020-531c166b0acf -> ../../loop0
rc=0
$ stat -Lc '%A %a %U:%G %n' /root/active-udisks-label-uuid-root /run/active-udisks-label-uuid-root /tmp/active-udisks-label-uuid-user 2>&1 || true
stat: cannot statx '/root/active-udisks-label-uuid-root': Permission denied
stat: cannot statx '/run/active-udisks-label-uuid-root': No such file or directory
stat: cannot statx '/tmp/active-udisks-label-uuid-user': No such file or directory
rc=0
### SetLabel repr='semi;id>/root/x'
SetLabel_OK result=None
$ udevadm settle --timeout=15 || true

rc=0
$ udevadm info --query=property --name /dev/loop0 2>&1 | grep -E '^(DEVLINKS|ID_FS|ID_LOOP|SYSTEMD|UDISKS)' | sort || true
DEVLINKS=/dev/disk/by-label/semi\x3bid\x3e\x2froot\x2fx /dev/disk/by-diskseq/59 /dev/disk/by-uuid/8e5aa0fa-98e7-4b25-8020-531c166b0acf /dev/disk/by-loop-inode/0:60-5425968
ID_FS_BLOCKSIZE=4096
ID_FS_LABEL=semi;id>/root/x
ID_FS_LABEL_ENC=semi\x3bid\x3e\x2froot\x2fx
ID_FS_LASTBLOCK=16384
ID_FS_SIZE=67108864
ID_FS_TYPE=ext4
ID_FS_USAGE=filesystem
ID_FS_UUID=8e5aa0fa-98e7-4b25-8020-531c166b0acf
ID_FS_UUID_ENC=8e5aa0fa-98e7-4b25-8020-531c166b0acf
ID_FS_VERSION=1.0
ID_LOOP_BACKING_DEVICE=0:60
ID_LOOP_BACKING_INODE=5425968
rc=0
$ find /dev/disk/by-label /dev/disk/by-uuid -maxdepth 1 -mindepth 1 -printf '%M %u:%g %p -> %l\n' 2>/dev/null | sort | sed -n '1,180p'
lrwxrwxrwx root:root /dev/disk/by-label/semi\x3bid\x3e\x2froot\x2fx -> ../../loop0
lrwxrwxrwx root:root /dev/disk/by-uuid/27685418-1790-40c3-bbc1-ea2342957362 -> ../../vdb
lrwxrwxrwx root:root /dev/disk/by-uuid/55897b87-5d1f-4f12-8931-37b6e249877b -> ../../vda1
lrwxrwxrwx root:root /dev/disk/by-uuid/8e5aa0fa-98e7-4b25-8020-531c166b0acf -> ../../loop0
rc=0
$ stat -Lc '%A %a %U:%G %n' /root/active-udisks-label-uuid-root /run/active-udisks-label-uuid-root /tmp/active-udisks-label-uuid-user 2>&1 || true
stat: cannot statx '/root/active-udisks-label-uuid-root': Permission denied
stat: cannot statx '/run/active-udisks-label-uuid-root': No such file or directory
stat: cannot statx '/tmp/active-udisks-label-uuid-user': No such file or directory
rc=0
### SetLabel repr='$(id>/root/x)'
SetLabel_OK result=None
$ udevadm settle --timeout=15 || true

rc=0
$ udevadm info --query=property --name /dev/loop0 2>&1 | grep -E '^(DEVLINKS|ID_FS|ID_LOOP|SYSTEMD|UDISKS)' | sort || true
DEVLINKS=/dev/disk/by-label/\x24\x28id\x3e\x2froot\x2fx\x29 /dev/disk/by-loop-inode/0:60-5425968 /dev/disk/by-diskseq/59 /dev/disk/by-uuid/8e5aa0fa-98e7-4b25-8020-531c166b0acf
ID_FS_BLOCKSIZE=4096
ID_FS_LABEL=$(id>/root/x)
ID_FS_LABEL_ENC=\x24\x28id\x3e\x2froot\x2fx\x29
ID_FS_LASTBLOCK=16384
ID_FS_SIZE=67108864
ID_FS_TYPE=ext4
ID_FS_USAGE=filesystem
ID_FS_UUID=8e5aa0fa-98e7-4b25-8020-531c166b0acf
ID_FS_UUID_ENC=8e5aa0fa-98e7-4b25-8020-531c166b0acf
ID_FS_VERSION=1.0
ID_LOOP_BACKING_DEVICE=0:60
ID_LOOP_BACKING_INODE=5425968
rc=0
$ find /dev/disk/by-label /dev/disk/by-uuid -maxdepth 1 -mindepth 1 -printf '%M %u:%g %p -> %l\n' 2>/dev/null | sort | sed -n '1,180p'
lrwxrwxrwx root:root /dev/disk/by-label/\x24\x28id\x3e\x2froot\x2fx\x29 -> ../../loop0
lrwxrwxrwx root:root /dev/disk/by-uuid/27685418-1790-40c3-bbc1-ea2342957362 -> ../../vdb
lrwxrwxrwx root:root /dev/disk/by-uuid/55897b87-5d1f-4f12-8931-37b6e249877b -> ../../vda1
lrwxrwxrwx root:root /dev/disk/by-uuid/8e5aa0fa-98e7-4b25-8020-531c166b0acf -> ../../loop0
rc=0
$ stat -Lc '%A %a %U:%G %n' /root/active-udisks-label-uuid-root /run/active-udisks-label-uuid-root /tmp/active-udisks-label-uuid-user 2>&1 || true
stat: cannot statx '/root/active-udisks-label-uuid-root': Permission denied
stat: cannot statx '/run/active-udisks-label-uuid-root': No such file or directory
stat: cannot statx '/tmp/active-udisks-label-uuid-user': No such file or directory
rc=0
### SetLabel repr='LD_PRELOAD=/x'
SetLabel_OK result=None
$ udevadm settle --timeout=15 || true

rc=0
$ udevadm info --query=property --name /dev/loop0 2>&1 | grep -E '^(DEVLINKS|ID_FS|ID_LOOP|SYSTEMD|UDISKS)' | sort || true
DEVLINKS=/dev/disk/by-diskseq/59 /dev/disk/by-label/LD_PRELOAD=\x2fx /dev/disk/by-uuid/8e5aa0fa-98e7-4b25-8020-531c166b0acf /dev/disk/by-loop-inode/0:60-5425968
ID_FS_BLOCKSIZE=4096
ID_FS_LABEL=LD_PRELOAD=/x
ID_FS_LABEL_ENC=LD_PRELOAD=\x2fx
ID_FS_LASTBLOCK=16384
ID_FS_SIZE=67108864
ID_FS_TYPE=ext4
ID_FS_USAGE=filesystem
ID_FS_UUID=8e5aa0fa-98e7-4b25-8020-531c166b0acf
ID_FS_UUID_ENC=8e5aa0fa-98e7-4b25-8020-531c166b0acf
ID_FS_VERSION=1.0
ID_LOOP_BACKING_DEVICE=0:60
ID_LOOP_BACKING_INODE=5425968
rc=0
$ find /dev/disk/by-label /dev/disk/by-uuid -maxdepth 1 -mindepth 1 -printf '%M %u:%g %p -> %l\n' 2>/dev/null | sort | sed -n '1,180p'
lrwxrwxrwx root:root /dev/disk/by-label/LD_PRELOAD=\x2fx -> ../../loop0
lrwxrwxrwx root:root /dev/disk/by-uuid/27685418-1790-40c3-bbc1-ea2342957362 -> ../../vdb
lrwxrwxrwx root:root /dev/disk/by-uuid/55897b87-5d1f-4f12-8931-37b6e249877b -> ../../vda1
lrwxrwxrwx root:root /dev/disk/by-uuid/8e5aa0fa-98e7-4b25-8020-531c166b0acf -> ../../loop0
rc=0
$ stat -Lc '%A %a %U:%G %n' /root/active-udisks-label-uuid-root /run/active-udisks-label-uuid-root /tmp/active-udisks-label-uuid-user 2>&1 || true
stat: cannot statx '/root/active-udisks-label-uuid-root': Permission denied
stat: cannot statx '/run/active-udisks-label-uuid-root': No such file or directory
stat: cannot statx '/tmp/active-udisks-label-uuid-user': No such file or directory
rc=0
### SetLabel repr='-L/root/pwn'
SetLabel_OK result=None
$ udevadm settle --timeout=15 || true

rc=0
$ udevadm info --query=property --name /dev/loop0 2>&1 | grep -E '^(DEVLINKS|ID_FS|ID_LOOP|SYSTEMD|UDISKS)' | sort || true
DEVLINKS=/dev/disk/by-diskseq/59 /dev/disk/by-loop-inode/0:60-5425968 /dev/disk/by-uuid/8e5aa0fa-98e7-4b25-8020-531c166b0acf /dev/disk/by-label/-L\x2froot\x2fpwn
ID_FS_BLOCKSIZE=4096
ID_FS_LABEL=-L/root/pwn
ID_FS_LABEL_ENC=-L\x2froot\x2fpwn
ID_FS_LASTBLOCK=16384
ID_FS_SIZE=67108864
ID_FS_TYPE=ext4
ID_FS_USAGE=filesystem
ID_FS_UUID=8e5aa0fa-98e7-4b25-8020-531c166b0acf
ID_FS_UUID_ENC=8e5aa0fa-98e7-4b25-8020-531c166b0acf
ID_FS_VERSION=1.0
ID_LOOP_BACKING_DEVICE=0:60
ID_LOOP_BACKING_INODE=5425968
rc=0
$ find /dev/disk/by-label /dev/disk/by-uuid -maxdepth 1 -mindepth 1 -printf '%M %u:%g %p -> %l\n' 2>/dev/null | sort | sed -n '1,180p'
lrwxrwxrwx root:root /dev/disk/by-label/-L\x2froot\x2fpwn -> ../../loop0
lrwxrwxrwx root:root /dev/disk/by-uuid/27685418-1790-40c3-bbc1-ea2342957362 -> ../../vdb
lrwxrwxrwx root:root /dev/disk/by-uuid/55897b87-5d1f-4f12-8931-37b6e249877b -> ../../vda1
lrwxrwxrwx root:root /dev/disk/by-uuid/8e5aa0fa-98e7-4b25-8020-531c166b0acf -> ../../loop0
rc=0
$ stat -Lc '%A %a %U:%G %n' /root/active-udisks-label-uuid-root /run/active-udisks-label-uuid-root /tmp/active-udisks-label-uuid-user 2>&1 || true
stat: cannot statx '/root/active-udisks-label-uuid-root': Permission denied
stat: cannot statx '/run/active-udisks-label-uuid-root': No such file or directory
stat: cannot statx '/tmp/active-udisks-label-uuid-user': No such file or directory
rc=0
### SetLabel repr='line\nSYSTEMD_WANTS=active-udisks-label-uuid.service'
SetLabel_ERR DBusException: org.freedesktop.UDisks2.Error.Failed: Label for ext filesystem must be at most 16 characters long.
$ udevadm settle --timeout=15 || true

rc=0
$ udevadm info --query=property --name /dev/loop0 2>&1 | grep -E '^(DEVLINKS|ID_FS|ID_LOOP|SYSTEMD|UDISKS)' | sort || true
DEVLINKS=/dev/disk/by-uuid/8e5aa0fa-98e7-4b25-8020-531c166b0acf /dev/disk/by-loop-inode/0:60-5425968 /dev/disk/by-diskseq/59 /dev/disk/by-label/-L\x2froot\x2fpwn
ID_FS_BLOCKSIZE=4096
ID_FS_LABEL=-L/root/pwn
ID_FS_LABEL_ENC=-L\x2froot\x2fpwn
ID_FS_LASTBLOCK=16384
ID_FS_SIZE=67108864
ID_FS_TYPE=ext4
ID_FS_USAGE=filesystem
ID_FS_UUID=8e5aa0fa-98e7-4b25-8020-531c166b0acf
ID_FS_UUID_ENC=8e5aa0fa-98e7-4b25-8020-531c166b0acf
ID_FS_VERSION=1.0
ID_LOOP_BACKING_DEVICE=0:60
ID_LOOP_BACKING_INODE=5425968
rc=0
$ find /dev/disk/by-label /dev/disk/by-uuid -maxdepth 1 -mindepth 1 -printf '%M %u:%g %p -> %l\n' 2>/dev/null | sort | sed -n '1,180p'
lrwxrwxrwx root:root /dev/disk/by-label/-L\x2froot\x2fpwn -> ../../loop0
lrwxrwxrwx root:root /dev/disk/by-uuid/27685418-1790-40c3-bbc1-ea2342957362 -> ../../vdb
lrwxrwxrwx root:root /dev/disk/by-uuid/55897b87-5d1f-4f12-8931-37b6e249877b -> ../../vda1
lrwxrwxrwx root:root /dev/disk/by-uuid/8e5aa0fa-98e7-4b25-8020-531c166b0acf -> ../../loop0
rc=0
$ stat -Lc '%A %a %U:%G %n' /root/active-udisks-label-uuid-root /run/active-udisks-label-uuid-root /tmp/active-udisks-label-uuid-user 2>&1 || true
stat: cannot statx '/root/active-udisks-label-uuid-root': Permission denied
stat: cannot statx '/run/active-udisks-label-uuid-root': No such file or directory
stat: cannot statx '/tmp/active-udisks-label-uuid-user': No such file or directory
rc=0

## SetUUID matrix
### SetUUID repr='11111111-2222-4333-8444-555555555555'
SetUUID_OK result=None
$ udevadm settle --timeout=15 || true

rc=0
$ udevadm info --query=property --name /dev/loop0 2>&1 | grep -E '^(DEVLINKS|ID_FS|ID_LOOP|SYSTEMD|UDISKS)' | sort || true
DEVLINKS=/dev/disk/by-diskseq/59 /dev/disk/by-uuid/11111111-2222-4333-8444-555555555555 /dev/disk/by-loop-inode/0:60-5425968 /dev/disk/by-label/-L\x2froot\x2fpwn
ID_FS_BLOCKSIZE=4096
ID_FS_LABEL=-L/root/pwn
ID_FS_LABEL_ENC=-L\x2froot\x2fpwn
ID_FS_LASTBLOCK=16384
ID_FS_SIZE=67108864
ID_FS_TYPE=ext4
ID_FS_USAGE=filesystem
ID_FS_UUID=11111111-2222-4333-8444-555555555555
ID_FS_UUID_ENC=11111111-2222-4333-8444-555555555555
ID_FS_VERSION=1.0
ID_LOOP_BACKING_DEVICE=0:60
ID_LOOP_BACKING_INODE=5425968
rc=0
$ find /dev/disk/by-label /dev/disk/by-uuid -maxdepth 1 -mindepth 1 -printf '%M %u:%g %p -> %l\n' 2>/dev/null | sort | sed -n '1,180p'
lrwxrwxrwx root:root /dev/disk/by-label/-L\x2froot\x2fpwn -> ../../loop0
lrwxrwxrwx root:root /dev/disk/by-uuid/11111111-2222-4333-8444-555555555555 -> ../../loop0
lrwxrwxrwx root:root /dev/disk/by-uuid/27685418-1790-40c3-bbc1-ea2342957362 -> ../../vdb
lrwxrwxrwx root:root /dev/disk/by-uuid/55897b87-5d1f-4f12-8931-37b6e249877b -> ../../vda1
rc=0
$ stat -Lc '%A %a %U:%G %n' /root/active-udisks-label-uuid-root /run/active-udisks-label-uuid-root /tmp/active-udisks-label-uuid-user 2>&1 || true
stat: cannot statx '/root/active-udisks-label-uuid-root': Permission denied
stat: cannot statx '/run/active-udisks-label-uuid-root': No such file or directory
stat: cannot statx '/tmp/active-udisks-label-uuid-user': No such file or directory
rc=0
### SetUUID repr='../../root/pwn'
SetUUID_ERR DBusException: org.freedesktop.UDisks2.Error.Failed: Provided UUID is not a valid RFC-4122 UUID.
$ udevadm settle --timeout=15 || true

rc=0
$ udevadm info --query=property --name /dev/loop0 2>&1 | grep -E '^(DEVLINKS|ID_FS|ID_LOOP|SYSTEMD|UDISKS)' | sort || true
DEVLINKS=/dev/disk/by-label/-L\x2froot\x2fpwn /dev/disk/by-diskseq/59 /dev/disk/by-uuid/11111111-2222-4333-8444-555555555555 /dev/disk/by-loop-inode/0:60-5425968
ID_FS_BLOCKSIZE=4096
ID_FS_LABEL=-L/root/pwn
ID_FS_LABEL_ENC=-L\x2froot\x2fpwn
ID_FS_LASTBLOCK=16384
ID_FS_SIZE=67108864
ID_FS_TYPE=ext4
ID_FS_USAGE=filesystem
ID_FS_UUID=11111111-2222-4333-8444-555555555555
ID_FS_UUID_ENC=11111111-2222-4333-8444-555555555555
ID_FS_VERSION=1.0
ID_LOOP_BACKING_DEVICE=0:60
ID_LOOP_BACKING_INODE=5425968
rc=0
$ find /dev/disk/by-label /dev/disk/by-uuid -maxdepth 1 -mindepth 1 -printf '%M %u:%g %p -> %l\n' 2>/dev/null | sort | sed -n '1,180p'
lrwxrwxrwx root:root /dev/disk/by-label/-L\x2froot\x2fpwn -> ../../loop0
lrwxrwxrwx root:root /dev/disk/by-uuid/11111111-2222-4333-8444-555555555555 -> ../../loop0
lrwxrwxrwx root:root /dev/disk/by-uuid/27685418-1790-40c3-bbc1-ea2342957362 -> ../../vdb
lrwxrwxrwx root:root /dev/disk/by-uuid/55897b87-5d1f-4f12-8931-37b6e249877b -> ../../vda1
rc=0
$ stat -Lc '%A %a %U:%G %n' /root/active-udisks-label-uuid-root /run/active-udisks-label-uuid-root /tmp/active-udisks-label-uuid-user 2>&1 || true
stat: cannot statx '/root/active-udisks-label-uuid-root': Permission denied
stat: cannot statx '/run/active-udisks-label-uuid-root': No such file or directory
stat: cannot statx '/tmp/active-udisks-label-uuid-user': No such file or directory
rc=0
### SetUUID repr='semi;id>/root/x'
SetUUID_ERR DBusException: org.freedesktop.UDisks2.Error.Failed: Provided UUID is not a valid RFC-4122 UUID.
$ udevadm settle --timeout=15 || true

rc=0
$ udevadm info --query=property --name /dev/loop0 2>&1 | grep -E '^(DEVLINKS|ID_FS|ID_LOOP|SYSTEMD|UDISKS)' | sort || true
DEVLINKS=/dev/disk/by-label/-L\x2froot\x2fpwn /dev/disk/by-diskseq/59 /dev/disk/by-loop-inode/0:60-5425968 /dev/disk/by-uuid/11111111-2222-4333-8444-555555555555
ID_FS_BLOCKSIZE=4096
ID_FS_LABEL=-L/root/pwn
ID_FS_LABEL_ENC=-L\x2froot\x2fpwn
ID_FS_LASTBLOCK=16384
ID_FS_SIZE=67108864
ID_FS_TYPE=ext4
ID_FS_USAGE=filesystem
ID_FS_UUID=11111111-2222-4333-8444-555555555555
ID_FS_UUID_ENC=11111111-2222-4333-8444-555555555555
ID_FS_VERSION=1.0
ID_LOOP_BACKING_DEVICE=0:60
ID_LOOP_BACKING_INODE=5425968
rc=0
$ find /dev/disk/by-label /dev/disk/by-uuid -maxdepth 1 -mindepth 1 -printf '%M %u:%g %p -> %l\n' 2>/dev/null | sort | sed -n '1,180p'
lrwxrwxrwx root:root /dev/disk/by-label/-L\x2froot\x2fpwn -> ../../loop0
lrwxrwxrwx root:root /dev/disk/by-uuid/11111111-2222-4333-8444-555555555555 -> ../../loop0
lrwxrwxrwx root:root /dev/disk/by-uuid/27685418-1790-40c3-bbc1-ea2342957362 -> ../../vdb
lrwxrwxrwx root:root /dev/disk/by-uuid/55897b87-5d1f-4f12-8931-37b6e249877b -> ../../vda1
rc=0
$ stat -Lc '%A %a %U:%G %n' /root/active-udisks-label-uuid-root /run/active-udisks-label-uuid-root /tmp/active-udisks-label-uuid-user 2>&1 || true
stat: cannot statx '/root/active-udisks-label-uuid-root': Permission denied
stat: cannot statx '/run/active-udisks-label-uuid-root': No such file or directory
stat: cannot statx '/tmp/active-udisks-label-uuid-user': No such file or directory
rc=0
### SetUUID repr='$(id>/root/x)'
SetUUID_ERR DBusException: org.freedesktop.UDisks2.Error.Failed: Provided UUID is not a valid RFC-4122 UUID.
$ udevadm settle --timeout=15 || true

rc=0
$ udevadm info --query=property --name /dev/loop0 2>&1 | grep -E '^(DEVLINKS|ID_FS|ID_LOOP|SYSTEMD|UDISKS)' | sort || true
DEVLINKS=/dev/disk/by-loop-inode/0:60-5425968 /dev/disk/by-label/-L\x2froot\x2fpwn /dev/disk/by-uuid/11111111-2222-4333-8444-555555555555 /dev/disk/by-diskseq/59
ID_FS_BLOCKSIZE=4096
ID_FS_LABEL=-L/root/pwn
ID_FS_LABEL_ENC=-L\x2froot\x2fpwn
ID_FS_LASTBLOCK=16384
ID_FS_SIZE=67108864
ID_FS_TYPE=ext4
ID_FS_USAGE=filesystem
ID_FS_UUID=11111111-2222-4333-8444-555555555555
ID_FS_UUID_ENC=11111111-2222-4333-8444-555555555555
ID_FS_VERSION=1.0
ID_LOOP_BACKING_DEVICE=0:60
ID_LOOP_BACKING_INODE=5425968
rc=0
$ find /dev/disk/by-label /dev/disk/by-uuid -maxdepth 1 -mindepth 1 -printf '%M %u:%g %p -> %l\n' 2>/dev/null | sort | sed -n '1,180p'
lrwxrwxrwx root:root /dev/disk/by-label/-L\x2froot\x2fpwn -> ../../loop0
lrwxrwxrwx root:root /dev/disk/by-uuid/11111111-2222-4333-8444-555555555555 -> ../../loop0
lrwxrwxrwx root:root /dev/disk/by-uuid/27685418-1790-40c3-bbc1-ea2342957362 -> ../../vdb
lrwxrwxrwx root:root /dev/disk/by-uuid/55897b87-5d1f-4f12-8931-37b6e249877b -> ../../vda1
rc=0
$ stat -Lc '%A %a %U:%G %n' /root/active-udisks-label-uuid-root /run/active-udisks-label-uuid-root /tmp/active-udisks-label-uuid-user 2>&1 || true
stat: cannot statx '/root/active-udisks-label-uuid-root': Permission denied
stat: cannot statx '/run/active-udisks-label-uuid-root': No such file or directory
stat: cannot statx '/tmp/active-udisks-label-uuid-user': No such file or directory
rc=0
### SetUUID repr='aaaaaaaa-bbbb-4ccc-8ddd-eeeeeeeeeeee\nSYSTEMD_WANTS=x.service'
SetUUID_ERR DBusException: org.freedesktop.UDisks2.Error.Failed: Provided UUID is not a valid RFC-4122 UUID.
$ udevadm settle --timeout=15 || true

rc=0
$ udevadm info --query=property --name /dev/loop0 2>&1 | grep -E '^(DEVLINKS|ID_FS|ID_LOOP|SYSTEMD|UDISKS)' | sort || true
DEVLINKS=/dev/disk/by-label/-L\x2froot\x2fpwn /dev/disk/by-uuid/11111111-2222-4333-8444-555555555555 /dev/disk/by-diskseq/59 /dev/disk/by-loop-inode/0:60-5425968
ID_FS_BLOCKSIZE=4096
ID_FS_LABEL=-L/root/pwn
ID_FS_LABEL_ENC=-L\x2froot\x2fpwn
ID_FS_LASTBLOCK=16384
ID_FS_SIZE=67108864
ID_FS_TYPE=ext4
ID_FS_USAGE=filesystem
ID_FS_UUID=11111111-2222-4333-8444-555555555555
ID_FS_UUID_ENC=11111111-2222-4333-8444-555555555555
ID_FS_VERSION=1.0
ID_LOOP_BACKING_DEVICE=0:60
ID_LOOP_BACKING_INODE=5425968
rc=0
$ find /dev/disk/by-label /dev/disk/by-uuid -maxdepth 1 -mindepth 1 -printf '%M %u:%g %p -> %l\n' 2>/dev/null | sort | sed -n '1,180p'
lrwxrwxrwx root:root /dev/disk/by-label/-L\x2froot\x2fpwn -> ../../loop0
lrwxrwxrwx root:root /dev/disk/by-uuid/11111111-2222-4333-8444-555555555555 -> ../../loop0
lrwxrwxrwx root:root /dev/disk/by-uuid/27685418-1790-40c3-bbc1-ea2342957362 -> ../../vdb
lrwxrwxrwx root:root /dev/disk/by-uuid/55897b87-5d1f-4f12-8931-37b6e249877b -> ../../vda1
rc=0
$ stat -Lc '%A %a %U:%G %n' /root/active-udisks-label-uuid-root /run/active-udisks-label-uuid-root /tmp/active-udisks-label-uuid-user 2>&1 || true
stat: cannot statx '/root/active-udisks-label-uuid-root': Permission denied
stat: cannot statx '/run/active-udisks-label-uuid-root': No such file or directory
stat: cannot statx '/tmp/active-udisks-label-uuid-user': No such file or directory
rc=0

## mount after label/uuid mutations
$ udisksctl mount -b /dev/loop0 --no-user-interaction 2>&1 || true
Mounted /dev/loop0 at /media/selfauth/-L_root_pwn
rc=0
mountpoint=/media/selfauth/-L_root_pwn
$ findmnt -no TARGET,SOURCE,FSTYPE,OPTIONS /media/selfauth/-L_root_pwn; stat -c '%A %a %U:%G %n' /media/selfauth/-L_root_pwn; printf '#!/bin/sh\nid > /root/active-udisks-label-uuid-root 2>/dev/null || true\nid > /run/active-udisks-label-uuid-root 2>/dev/null || true\nid > /tmp/active-udisks-label-uuid-user 2>/dev/null || true\n' > /media/selfauth/-L_root_pwn/runme.sh 2>&1 || true; chmod 4755 /media/selfauth/-L_root_pwn/runme.sh 2>&1 || true; /media/selfauth/-L_root_pwn/runme.sh 2>&1 || true; ls -l /root/active-udisks-label-uuid-root /run/active-udisks-label-uuid-root /tmp/active-udisks-label-uuid-user 2>&1 || true
/media/selfauth/-L_root_pwn /dev/loop0 ext4   rw,nosuid,nodev,relatime,errors=remount-ro
drwxr-xr-x 755 root:root /media/selfauth/-L_root_pwn
/bin/sh: 1: cannot create /media/selfauth/-L_root_pwn/runme.sh: Permission denied
chmod: cannot access '/media/selfauth/-L_root_pwn/runme.sh': No such file or directory
/bin/sh: 1: /media/selfauth/-L_root_pwn/runme.sh: not found
ls: cannot access '/root/active-udisks-label-uuid-root': Permission denied
ls: cannot access '/run/active-udisks-label-uuid-root': No such file or directory
ls: cannot access '/tmp/active-udisks-label-uuid-user': No such file or directory
rc=0
$ udisksctl unmount -b /dev/loop0 --no-user-interaction 2>&1 || umount /media/selfauth/-L_root_pwn 2>&1 || true
Unmounted /dev/loop0.
rc=0

## cleanup loop as active user
$ udisksctl loop-delete -b /dev/loop0 --no-user-interaction 2>&1 || true

rc=0

## root-side postcheck
stat: cannot statx '/root/active-udisks-label-uuid-root': No such file or directory
stat: cannot statx '/run/active-udisks-label-uuid-root': No such file or directory
stat: cannot statx '/tmp/active-udisks-label-uuid-user': No such file or directory
ROOT_PROOF=no
May 16 21:21:41 508d797cbad0 udisksd[251674]: Deleted loop device /dev/loop0 (was backed by /home/selfauth/active-udisks-label-uuid/label-uuid.img)
May 16 21:21:40 508d797cbad0 udisksd[251674]: Set up loop device /dev/loop0 (backed by /home/selfauth/active-udisks-label-uuid/label-uuid.img)
