active UDisks TakeOwnership trust-boundary probe
2026-05-16T21:16:06+00:00

## target/default proof
PRETTY_NAME="Ubuntu 24.04.4 LTS"
NAME="Ubuntu"
VERSION_ID="24.04"
VERSION="24.04.4 LTS (Noble Numbat)"
VERSION_CODENAME=noble
ID=ubuntu
ID_LIKE=debian
HOME_URL="https://www.ubuntu.com/"
Linux 508d797cbad0 6.10.14-linuxkit #1 SMP Sat May 17 08:28:57 UTC 2025 aarch64 aarch64 aarch64 GNU/Linux
uid=1001(attacker) gid=1001(attacker) groups=1001(attacker)
uid=1002(selfauth) gid=1002(selfauth) groups=1002(selfauth)
e2fsprogs	1.47.0-2.4~exp1ubuntu4.1	ii 
libudisks2-0:arm64	2.10.1-6ubuntu1.3	ii 
polkitd	124-2ubuntu1.24.04.3	ii 
systemd	255.4-1ubuntu8.15	ii 
udev	255.4-1ubuntu8.15	ii 
udisks2	2.10.1-6ubuntu1.3	ii 
util-linux	2.39.3-9ubuntu6.5	ii 

## service and policy proof
enabled
active
# /usr/lib/systemd/system/udisks2.service
[Unit]
Description=Disk Manager
Documentation=man:udisks(8)

[Service]
Type=dbus
BusName=org.freedesktop.UDisks2
ExecStart=/usr/libexec/udisks2/udisksd
KillSignal=SIGINT

[Install]
WantedBy=graphical.target

  1143	  <action id="org.freedesktop.udisks2.loop-setup">
  1144	    <description>Manage loop devices</description>
  1145	    <description xml:lang="zh_TW">管理迴圈裝置</description>
  1146	    <description xml:lang="zh_CN">管理回环设备</description>
  1147	    <description xml:lang="uk">Керування петльовими пристроями</description>
  1148	    <description xml:lang="tr">Döngü aygıtlarını yönet</description>
  1149	    <description xml:lang="sv">Hantera loop-enheter</description>
  1150	    <description xml:lang="sr">Управљајте уређајима петље</description>
  1151	    <description xml:lang="sl">Upravljaj z zančnimi napravami</description>
  1152	    <description xml:lang="sk">Spravovať zariadenia loop</description>
  1153	    <description xml:lang="ru">Управление петлевыми устройствами</description>
  1154	    <description xml:lang="pt_BR">Gerenciar dispositivos de loop</description>
  1155	    <description xml:lang="pl">Zarządzanie urządzeniami zwrotnymi</description>
  1156	    <description xml:lang="pa">ਲੂਪ ਜੰਤਰ ਪਰਬੰਧ</description>
  1157	    <description xml:lang="nn">Handsam loop-einingar</description>
  1158	    <description xml:lang="nl">Manage loop-devices</description>
  1159	    <description xml:lang="lv">Pārvaldīt cikla ierīces</description>
  1160	    <description xml:lang="lt">Tvarkyti ciklinius įrenginius</description>
  1161	    <description xml:lang="ko">루프 장치 관리</description>
  1162	    <description xml:lang="kk">Loop құрылғыларын басқару</description>
  1163	    <description xml:lang="ka">მარყუჟის მოწყობილობის მართვა</description>
  1164	    <description xml:lang="ja">ループデバイスを管理します。</description>
  1165	    <description xml:lang="it">Gestisce device di loop</description>
  1166	    <description xml:lang="id">Kelola perangkat loop</description>
  1167	    <description xml:lang="ia">Gerer dispositivos de bucla</description>
  1168	    <description xml:lang="hu">Hurokeszközök kezelése</description>
  1169	    <description xml:lang="hr">Upravljanje virtualnim uređajima</description>
  1170	    <description xml:lang="gl">Xestionar os dispositivos loop</description>
  1171	    <description xml:lang="fur">Gjestìs dispositîfs di loop</description>
  1172	    <description xml:lang="fr">Gérer les périphériques virtuels</description>
  1173	    <description xml:lang="es">Gestiona sus dispositivos de «loop»</description>
  1174	    <description xml:lang="en_GB">Manage loop devices</description>
  1175	    <description xml:lang="el">Διαχείριση συσκευών βρόχου</description>
  1176	    <description xml:lang="de">Schleifen-Geräte verwalten</description>
  1177	    <description xml:lang="da">Håndter loop-enheder</description>
  1178	    <description xml:lang="cs">Spravovat zařízení místních smyček</description>
  1179	    <description xml:lang="ca">Gestiona els dispositius de bucles</description>
  1180	    <description xml:lang="af">Bestuur lustoestelle</description>
  1181	    <message>Authentication is required to set up a loop device</message>
  1182	    <message xml:lang="zh_TW">要設置迴圈裝置需要先核對身分</message>
  1183	    <message xml:lang="zh_CN">设定回环设备需要身份验证</message>
  1184	    <message xml:lang="uk">Щоб отримати доступ до визначення петльового пристрою, слід пройти розпізнавання</message>
  1185	    <message xml:lang="tr">Döngü aygıtı kurmak için kimlik doğrulaması gerekli</message>
  1186	    <message xml:lang="sv">Autentisering krävs för att konfigurera en loop-enhet</message>
  1187	    <message xml:lang="sr">Потребно је потврђивање идентитета за подешавање уређаја петље</message>
  1188	    <message xml:lang="sl">Za vzpostavitev zančne naprave je zahtevana overitev.</message>
  1189	    <message xml:lang="sk">Nastavenie zariadenia loop vyžaduje overenie totožnosti</message>
  1190	    <message xml:lang="ru">Для настройки петлевого устройства требуется подтверждение подлинности пользователя</message>
  1191	    <message xml:lang="pt_BR">Autenticação é necessária para criar um dispositivo de loop</message>
  1192	    <message xml:lang="pl">Wymagane jest uwierzytelnienie, aby ustawić urządzenie zwrotne</message>
  1193	    <message xml:lang="nn">Treng autentisering for å setja opp ei loop-eining</message>
  1194	    <message xml:lang="nl">Authenticatie is vereist om een loop-device op te zetten</message>
  1195	    <message xml:lang="lv">Vajag autentificēties, lai iestatītu cikla ierīci</message>
  1196	    <message xml:lang="lt">Norint nustatyti ciklinį įrenginį, reikia patvirtinti tapatybę</message>
  1197	    <message xml:lang="ko">루프 장치를 설정하려면 인증이 필요합니다</message>
  1198	    <message xml:lang="kk">Loop құрылғысын жасау үшін аутентификация керек</message>
  1199	    <message xml:lang="ka">მარყუჟმოწყობილობის დაყენებას ავთენტიკაცია სჭირდება</message>
  1200	    <message xml:lang="ja">ループデバイスをセットアップするには、認証が必要です。</message>
  1201	    <message xml:lang="it">È richiesto autenticarsi per impostare il device di loop</message>
  1202	    <message xml:lang="id">Otentikasi diperlukan untuk menyiapkan suatu perangkat loop</message>
  1203	    <message xml:lang="ia">Authentication es necessari pro crear un dispositivo de bucla</message>
  1204	    <message xml:lang="hu">Hitelesítés szükséges egy hurokeszköz beállításához</message>
  1205	    <message xml:lang="hr">Potrebna je provjera za postavljanje virtualnog uređaja</message>
  1206	    <message xml:lang="gl">Debe autenticarse para configurar un dispositivo loop</message>
  1207	    <message xml:lang="fur">La autenticazion e je necessarie par configurâ un dispositîf di loop</message>
  1208	    <message xml:lang="fr">Une authentification est nécessaire pour configurer un périphérique virtuel</message>
  1209	    <message xml:lang="es">Se requiere autenticación para configurar un dispositivo de «loop»</message>
  1210	    <message xml:lang="en_GB">Authentication is required to set up a loop device</message>
  1211	    <message xml:lang="el">Απαιτείται πιστοποίηση για ρύθμιση μιας συσκευής βρόχου</message>
  1212	    <message xml:lang="de">Legitimierung ist zum Einrichten eines Schleifengeräts notwendig</message>
  1213	    <message xml:lang="da">Der kræves godkendelse for at opsætte en loop-enhed</message>
  1214	    <message xml:lang="cs">Pro nastavení zařízení místní smyčky je vyžadována autentizace</message>
  1215	    <message xml:lang="ca">Es requereix autenticació per gestionar els dispositius de bucles</message>
  1216	    <message xml:lang="af">Verifiëring is nodig om ’n lustoestel op te stel</message>
  1217	    <defaults>
  1218	      <allow_any>auth_admin</allow_any>
     9	  <action id="org.freedesktop.udisks2.filesystem-mount">
    10	    <description>Mount a filesystem</description>
    11	    <description xml:lang="zh_TW">掛載檔案系統</description>
    12	    <description xml:lang="zh_CN">挂载文件系统</description>
    13	    <description xml:lang="uk">Змонтувати файлову систему</description>
    14	    <description xml:lang="tr">Bir dosya sistemi bağla</description>
    15	    <description xml:lang="sv">Montera ett filsystem</description>
    16	    <description xml:lang="sr">Прикачите систем датотека</description>
    17	    <description xml:lang="sl">Priklopi datotečni sistem</description>
    18	    <description xml:lang="sk">Pripojiť súborový systém</description>
    19	    <description xml:lang="ru">Монтировать файловую систему</description>
    20	    <description xml:lang="pt_BR">Montar um sistema de arquivos</description>
    21	    <description xml:lang="pt">Montar um sistema de ficheiros</description>
    22	    <description xml:lang="pl">Zamontowanie systemu plików</description>
    23	    <description xml:lang="pa">ਫਾਇਲ ਸਿਸਟਮ ਮਾਊਂਟ ਕਰੋ</description>
    24	    <description xml:lang="nn">Monter eit filsystem</description>
    25	    <description xml:lang="nl">Koppel een bestandssysteem aan</description>
    26	    <description xml:lang="lv">Montēt datņu sistēmu</description>
    27	    <description xml:lang="lt">Prijungti failų sistemą</description>
    28	    <description xml:lang="ko">파일 시스템 마운트</description>
    29	    <description xml:lang="kk">Файлдық жүйені тіркеу</description>
    30	    <description xml:lang="ka">ფაილური სისტემის მიმაგრება</description>
    31	    <description xml:lang="ja">ファイルシステムをマウントします。</description>
    32	    <description xml:lang="it">Monta un file system</description>
    33	    <description xml:lang="id">Kaitkan suatu sistem berkas</description>
    34	    <description xml:lang="ia">Montar un systema de files</description>
    35	    <description xml:lang="hu">Fájlrendszer csatolása</description>
    36	    <description xml:lang="hr">Montiraj datotečni sustav</description>
    37	    <description xml:lang="gl">Modificar un sistema de ficheiros</description>
    38	    <description xml:lang="fur">Monte un filesystem</description>
    39	    <description xml:lang="fr">Monter un système de fichiers</description>
    40	    <description xml:lang="fi">Liitä tiedostojärjestelmä</description>
    41	    <description xml:lang="eu">Muntatu fitxategi-sistema bat</description>
    42	    <description xml:lang="es">Montar un sistema de archivos</description>
    43	    <description xml:lang="en_GB">Mount a filesystem</description>
    44	    <description xml:lang="el">Προσάρτηση συστήματος αρχείων</description>
    45	    <description xml:lang="de">Ein Dateisystem einhängen</description>
    46	    <description xml:lang="da">Monter et filsystem</description>
    47	    <description xml:lang="cs">Připojit souborový systém</description>
    48	    <description xml:lang="ca">Munta un sistema de fitxers</description>
    49	    <description xml:lang="af">Heg ’n lêerstelsel</description>
    50	    <message>Authentication is required to mount the filesystem</message>
    51	    <message xml:lang="zh_TW">要掛載檔案系統需要先核對身分</message>
    52	    <message xml:lang="zh_CN">挂载文件系统需要身份验证</message>
    53	    <message xml:lang="uk">Щоб змонтувати файлову систему, слід пройти розпізнавання</message>
    54	    <message xml:lang="tr">Dosya sistemini bağlamak için kimlik doğrulaması gerekli</message>
    55	    <message xml:lang="sv">Autentisering krävs för att montera filsystemet</message>
    56	    <message xml:lang="sr">Потребно је потврђивање идентитета за прикачињање система датотека</message>
    57	    <message xml:lang="sl">Za priklop datotečnega sistema je zahtevana overitev.</message>
    58	    <message xml:lang="sk">Pripojenie súborového systému vyžaduje overenie totožnosti</message>
    59	    <message xml:lang="ru">Для монтирования файловой системы требуется подтверждение подлинности пользователя</message>
    60	    <message xml:lang="pt_BR">Autenticação é necessária para montar um sistema de arquivos</message>
    61	    <message xml:lang="pt">É necessária autenticação para montar o sistema de ficheiros</message>
    62	    <message xml:lang="pl">Wymagane jest uwierzytelnienie, aby zamontować system plików</message>
    63	    <message xml:lang="pa">ਫਾਇਲ ਸਿਸਟਮ ਮਾਊਂਟ ਕਰਨ ਲਈ ਪਰਮਾਣਕਿਤਾ ਦੀ ਲੋੜ ਹੈ</message>
    64	    <message xml:lang="nn">Treng autentisering for å montera filsystemet</message>
    65	    <message xml:lang="nl">Authenticatie is vereist om het bestandssysteem aan te koppelen</message>
    66	    <message xml:lang="lv">Vajag autentificēties, lai montētu datņu sistēmas</message>
    67	    <message xml:lang="lt">Norint prijungti failų sistemą, reikia patvirtinti tapatybę</message>
    68	    <message xml:lang="ko">파일 시스템을 마운트 하려면 인증이 필요합니다</message>
    69	    <message xml:lang="kk">Файлдық жүйені тіркеу үшін аутентификация керек</message>
    70	    <message xml:lang="ka">ფაილური სისტემის მისამაგრებლად საჭიროა ავტორიზაცია</message>
    71	    <message xml:lang="ja">ファイルシステムをマウントするには、認証が必要です。</message>
    72	    <message xml:lang="it">È richiesto autenticarsi per montare il file system</message>
    73	    <message xml:lang="id">Otentikasi diperlukan untuk mengait sistem berkas</message>
    74	    <message xml:lang="ia">Authentication es necessari pro montar le systema de files</message>
    75	    <message xml:lang="hu">Hitelesítés szükséges a fájlrendszer csatolásához</message>
    76	    <message xml:lang="hr">Potrebna je provjera za montiranje datotečnog sustava</message>
    77	    <message xml:lang="gl">Debe autenticarse para montar o sistema de ficheiros</message>
    78	    <message xml:lang="fur">La autenticazion e je necesarie par montâ il filesystem</message>
    79	    <message xml:lang="fr">Une authentification est requise pour monter le système de fichiers</message>
    80	    <message xml:lang="fi">Tunnistautuminen vaaditaan tiedostojärjestelmän liittämistä varten</message>
    81	    <message xml:lang="eu">Autentifikazioa behar da fitxategi-sistema muntatzeko</message>
    82	    <message xml:lang="es">Se requiere autenticación para montar el sistema de archivos</message>
    83	    <message xml:lang="en_GB">Authentication is required to mount the filesystem</message>
    84	    <message xml:lang="el">Απαιτείται πιστοποίηση για προσάρτηση συστήματος αρχείων</message>
   492	  <action id="org.freedesktop.udisks2.filesystem-take-ownership">
   493	    <description>Take ownership of a filesystem</description>
   494	    <description xml:lang="zh_TW">取得檔案系統的所有權</description>
   495	    <description xml:lang="zh_CN">获取文件系统所有权</description>
   496	    <description xml:lang="uk">Перебирання право власності на файлову систему</description>
   497	    <description xml:lang="tr">Dosya sisteminin sahipliğini al</description>
   498	    <description xml:lang="sv">Ta över ägandet av ett filsystem</description>
   499	    <description xml:lang="sk">Prevzatie vlastníctva súborového systému</description>
   500	    <description xml:lang="ru">Смена владельца файловой системы</description>
   501	    <description xml:lang="pt_BR">Assumir a propriedade de um sistema de arquivos</description>
   502	    <description xml:lang="pt">Assumir a propriedade de um sistema de ficheiros</description>
   503	    <description xml:lang="pl">Zmiana właściciela systemu plików</description>
   504	    <description xml:lang="nl">Claim een bestandssysteem</description>
   505	    <description xml:lang="lt">Perimti visos failų sistemos nuosavybę</description>
   506	    <description xml:lang="ka">ფაილური სისტემის მფლობლობის აღება</description>
   507	    <description xml:lang="it">Assume la responsabilità di un file system</description>
   508	    <description xml:lang="id"> Ambil kepemilikan dari suatu sistem berkas</description>
   509	    <description xml:lang="hu">A fájlrendszer tulajdonjogának átvétele</description>
   510	    <description xml:lang="fur">Cjape la proprietât di un filesystem</description>
   511	    <description xml:lang="fr">Prendre possession d’un système de fichier</description>
   512	    <description xml:lang="es">Hacerse propietario de un sistema de archivos</description>
   513	    <description xml:lang="de">Besitz eines Dateisystems übernehmen</description>
   514	    <description xml:lang="da">Tag ejerskab af et filsystem</description>
   515	    <description xml:lang="cs">Převzít vlastnictví souborového systému</description>
   516	    <description xml:lang="ca">Agafa la propietat d'un sistema de fitxers</description>
   517	    <description xml:lang="af">Neem eienaarskap van ’n lêerstelsel</description>
   518	    <message>Authentication is required to take ownership of a filesystem.</message>
   519	    <message xml:lang="zh_TW">取得檔案系統的所有權需要認證</message>
   520	    <message xml:lang="zh_CN">获取文件系统所有权需身份验证</message>
   521	    <message xml:lang="uk">Для набуття права власності на файлову систему слід пройти розпізнавання</message>
   522	    <message xml:lang="tr">Dosya sisteminin sahipliğini almak için kimlik doğrulaması gerekli </message>
   523	    <message xml:lang="sv">Autentisering krävs för att ta över ägandet av ett filsystem.</message>
   524	    <message xml:lang="sk">Vyžaduje sa overenie totožnosti na prevzatie vlastníctva súborového systému</message>
   525	    <message xml:lang="ru">Требуется подтверждение подлинности для смены владельца файловой системы.</message>
   526	    <message xml:lang="pt_BR">Autenticação é necessária para assumir a propriedade de um sistema de arquivos</message>
   527	    <message xml:lang="pt">É necessária autenticação para assumir a propriedade de um sistema de ficheiros</message>
   528	    <message xml:lang="pl">Wymagane jest uwierzytelnienie, aby zmienić właściciela systemu plików.</message>
   529	    <message xml:lang="nl">Authenticatie is vereist om een bestandssysteem te claimen.</message>
   530	    <message xml:lang="lt">Norint perimti visos failų sistemos nuosavybę, reikia patvirtinti tapatybę</message>
   531	    <message xml:lang="ka">ფაილური სისტემის მფლობელის მიღებას ავთენტიკაცია სჭირდება.</message>
   532	    <message xml:lang="it">È richiesto autenticarsi per assumere la responsabilità di un file system.</message>
   533	    <message xml:lang="id">Otentikasi diperlukan untuk mengambil kepemilikan pada suatu sistem berkas.</message>
   534	    <message xml:lang="hu">Hitelesítés szükséges a fájlrendszer tulajdonjogának átvételéhez.</message>
   535	    <message xml:lang="fur">La autenticazion e je necessarie par cjapâ la proprietât di un filesystem</message>
   536	    <message xml:lang="fr">Une authentification est nécessaire pour prendre possession d’un système de fichiers.</message>
   537	    <message xml:lang="es">Se requiere autenticación para hacerse propietario de un sistema de archivos.</message>
   538	    <message xml:lang="de">Legitimierung ist zur Übernahme des Besitzes eines Dateisystems notwendig.</message>
   539	    <message xml:lang="da">Der kræves godkendelse for at tage ejerskab af et filsystem.</message>
   540	    <message xml:lang="cs">Pro převzetí vlastnictví souborového systému je vyžadováno ověření</message>
   541	    <message xml:lang="ca">Es requereix autenticació per agafar la propietat d'un sistema de fitxers.</message>
   542	    <message xml:lang="af">Verifiëring is nodig om eienaarskap van ’n lêerstelsel te neem</message>
   543	    <defaults>
   544	      <allow_any>auth_admin</allow_any>
   545	      <allow_inactive>auth_admin</allow_inactive>
   546	      <allow_active>auth_admin_keep</allow_active>
   547	    </defaults>
   548	  </action>
   549	  <!-- ###################################################################### -->
   550	  <!-- Unlocking encrypted devices -->
   551	  <action id="org.freedesktop.udisks2.encrypted-unlock">
   552	    <description>Unlock an encrypted device</description>
   553	    <description xml:lang="zh_TW">解鎖加密裝置</description>
   554	    <description xml:lang="zh_CN">解锁加密设备</description>
   555	    <description xml:lang="uk">Розблокувати зашифрований пристрій</description>
   556	    <description xml:lang="tr">Şifreli bir aygıtın kilidini aç</description>
   557	    <description xml:lang="sv">Lås upp en krypterad enhet</description>
   558	    <description xml:lang="sr">Откључајте шифровани уређај</description>
   559	    <description xml:lang="sl">Odkleni šifrirano napravo</description>
   560	    <description xml:lang="sk">Odomknúť šifrované zariadenie</description>
   561	    <description xml:lang="ru">Разблокировать зашифрованное устройство</description>
   562	    <description xml:lang="pt_BR">Desbloquear um dispositivo criptografado</description>
   563	    <description xml:lang="pt">Desbloqueie um dispositivo encriptado</description>
   564	    <description xml:lang="pl">Odblokowanie zaszyfrowanego urządzenia</description>
   565	    <description xml:lang="pa">ਇੰਕ੍ਰਿਪਟ ਕੀਤੇ ਜੰਤਰ ਨੂੰ ਅਣ-ਲਾਕ ਕਰੋ</description>
   566	    <description xml:lang="nn">Lås opp ei kryptert eining</description>
   567	    <description xml:lang="nl">Ontsluit een versleuteld apparaat</description>

## helper/config path proof
-rwxr-xr-x 755 root:root regular file /usr/libexec/udisks2/udisksd -> '/usr/libexec/udisks2/udisksd'
-rwxr-xr-x 755 root:root regular file /usr/sbin/debugfs -> '/usr/sbin/debugfs'
-rwxr-xr-x 755 root:root regular file /usr/sbin/mkfs.ext4 -> '/usr/sbin/mkfs.ext4'
-rwxr-xr-x 755 root:root regular file /usr/bin/udisksctl -> '/usr/bin/udisksctl'
-rwxr-xr-x 755 root:root regular file /usr/bin/gdbus -> '/usr/bin/gdbus'
drwxr-xr-x 755 root:root directory /media -> '/media'
drwxr-x--- 750 root:root directory /media/selfauth -> '/media/selfauth'
-rw------- 600 root:root regular file /root/active-udisks-takeownership-decoy -> '/root/active-udisks-takeownership-decoy'

## active selfauth session
uid=1002(selfauth) gid=1002(selfauth) groups=1002(selfauth)
/dev/tty1
XDG_SESSION_ID=75
Id=75
User=1002
Name=selfauth
Seat=seat0
TTY=tty1
Remote=no
Type=tty
Class=user
Active=yes
State=active

## build attacker-controlled ext4 image
debugfs 1.47.0 (5-Feb-2023)
debugfs 1.47.0 (5-Feb-2023)
Allocated inode: 13
debugfs 1.47.0 (5-Feb-2023)
Allocated inode: 14
debugfs 1.47.0 (5-Feb-2023)
debugfs 1.47.0 (5-Feb-2023)
debugfs 1.47.0 (5-Feb-2023)
debugfs 1.47.0 (5-Feb-2023)
     12   40755 (2)      0      0    4096 16-May-2026 21:16 .
      2   40755 (2)      0      0    4096 16-May-2026 21:16 ..
     13  100664 (1)      0      0      17 16-May-2026 21:16 payload.txt
     14  104755 (1)      0      0     206 16-May-2026 21:16 runme.sh
     15  120777 (7)      0      0      39 16-May-2026 21:16 link_to_root_decoy
     16  120777 (7)      0      0      37 16-May-2026 21:16 link_to_run_marker

DEVNAME=/home/selfauth/active-udisks-takeownership/active-udisks-takeownership.img
LABEL=TAKEOWN
UUID=17539bba-fb4b-455b-8171-096cb55c33ab
VERSION=1.0
FSBLOCKSIZE=4096
BLOCK_SIZE=4096
FSLASTBLOCK=16384
FSSIZE=67108864
TYPE=ext4
USAGE=filesystem
-rw-rw-r-- 1 selfauth selfauth 67108864 May 16 21:16 /home/selfauth/active-udisks-takeownership/active-udisks-takeownership.img

## active loop setup
Mapped file /home/selfauth/active-udisks-takeownership/active-udisks-takeownership.img as /dev/loop0.
dev=/dev/loop0
DEVLINKS=/dev/disk/by-loop-inode/0:60-5425969 /dev/disk/by-diskseq/57 /dev/disk/by-uuid/17539bba-fb4b-455b-8171-096cb55c33ab /dev/disk/by-label/TAKEOWN
ID_FS_BLOCKSIZE=4096
ID_FS_LABEL=TAKEOWN
ID_FS_LABEL_ENC=TAKEOWN
ID_FS_LASTBLOCK=16384
ID_FS_SIZE=67108864
ID_FS_TYPE=ext4
ID_FS_USAGE=filesystem
ID_FS_UUID=17539bba-fb4b-455b-8171-096cb55c33ab
ID_FS_UUID_ENC=17539bba-fb4b-455b-8171-096cb55c33ab
ID_FS_VERSION=1.0
ID_LOOP_BACKING_DEVICE=0:60
ID_LOOP_BACKING_INODE=5425969

## Filesystem interface
  interface org.freedesktop.UDisks2.Filesystem {
    methods:
      SetLabel(in  s label,
               in  a{sv} options);
      SetUUID(in  s uuid,
              in  a{sv} options);
      Mount(in  a{sv} options,
            out s mount_path);
      Unmount(in  a{sv} options);
      Resize(in  t size,
             in  a{sv} options);
      Check(in  a{sv} options,
            out b consistent);
      Repair(in  a{sv} options,
             out b repaired);
      TakeOwnership(in  a{sv} options);
    signals:
    properties:
      readonly aay MountPoints = [];
      readonly t Size = 67108864;
  };

## active mount
Mounted /dev/loop0 at /media/selfauth/TAKEOWN
mountpoint=/media/selfauth/TAKEOWN
/media/selfauth/TAKEOWN /dev/loop0 ext4   rw,nosuid,nodev,relatime,errors=remount-ro
drwxr-xr-x 755 root:root /media/selfauth/TAKEOWN
drwxr-xr-x 755 root:root /media/selfauth/TAKEOWN/attacker_dir
-rw-rw-r-- 664 root:root /media/selfauth/TAKEOWN/attacker_dir/payload.txt
lrwxrwxrwx 777 root:root /media/selfauth/TAKEOWN/attacker_dir/link_to_root_decoy
/root/active-udisks-takeownership-decoy
/media/selfauth/TAKEOWN/attacker_dir/runme.sh: 2: cannot create /root/active-udisks-takeownership-root: Permission denied
/media/selfauth/TAKEOWN/attacker_dir/runme.sh: 3: cannot create /run/active-udisks-takeownership-root: Permission denied

## TakeOwnership calls
### options={'auth.no_user_interaction': <true>}
Error: GDBus.Error:org.freedesktop.UDisks2.Error.NotAuthorizedCanObtain: Not authorized to perform operation
takeownership_rc=1
### options={}
Error: GDBus.Error:org.freedesktop.UDisks2.Error.NotAuthorizedCanObtain: Not authorized to perform operation
takeownership_rc=1

## post-TakeOwnership filesystem state
/media/selfauth/TAKEOWN /dev/loop0 ext4   rw,nosuid,nodev,relatime,errors=remount-ro
drwxr-xr-x 755 root:root /media/selfauth/TAKEOWN -> '/media/selfauth/TAKEOWN'
drwxr-xr-x 755 root:root /media/selfauth/TAKEOWN/attacker_dir -> '/media/selfauth/TAKEOWN/attacker_dir'
-rw-rw-r-- 664 root:root /media/selfauth/TAKEOWN/attacker_dir/payload.txt -> '/media/selfauth/TAKEOWN/attacker_dir/payload.txt'
-rwsr-xr-x 4755 root:root /media/selfauth/TAKEOWN/attacker_dir/runme.sh -> '/media/selfauth/TAKEOWN/attacker_dir/runme.sh'
lrwxrwxrwx 777 root:root /media/selfauth/TAKEOWN/attacker_dir/link_to_root_decoy -> '/media/selfauth/TAKEOWN/attacker_dir/link_to_root_decoy' -> '/root/active-udisks-takeownership-decoy'
lrwxrwxrwx 777 root:root /media/selfauth/TAKEOWN/attacker_dir/link_to_run_marker -> '/media/selfauth/TAKEOWN/attacker_dir/link_to_run_marker' -> '/run/active-udisks-takeownership-root'
total 16
drwxr-xr-x 2 root root 4096 May 16 21:16 .
drwxr-xr-x 4 root root 4096 May 16 21:16 ..
lrwxrwxrwx 1 root root   39 May 16 21:16 link_to_root_decoy -> /root/active-udisks-takeownership-decoy
lrwxrwxrwx 1 root root   37 May 16 21:16 link_to_run_marker -> /run/active-udisks-takeownership-root
-rw-rw-r-- 1 root root   17 May 16 21:16 payload.txt
-rwsr-xr-x 1 root root  206 May 16 21:16 runme.sh
/media/selfauth/TAKEOWN/attacker_dir/runme.sh: 2: cannot create /root/active-udisks-takeownership-root: Permission denied
/media/selfauth/TAKEOWN/attacker_dir/runme.sh: 3: cannot create /run/active-udisks-takeownership-root: Permission denied
ls: cannot access '/root/active-udisks-takeownership-root': Permission denied
ls: cannot access '/run/active-udisks-takeownership-root': No such file or directory
-rw-rw-r-- 1 selfauth selfauth 60 May 16 21:16 /tmp/active-udisks-takeownership-user
Unmounted /dev/loop0.

## loop cleanup as active user

## root-side postcheck
-rw------- 600 root:root /root/active-udisks-takeownership-decoy -> '/root/active-udisks-takeownership-decoy'
root-owned decoy before TakeOwnership
stat: cannot statx '/root/active-udisks-takeownership-root': No such file or directory
stat: cannot statx '/run/active-udisks-takeownership-root': No such file or directory
-rw-rw-r-- 664 selfauth:selfauth /tmp/active-udisks-takeownership-user -> '/tmp/active-udisks-takeownership-user'
uid=1002(selfauth) gid=1002(selfauth) groups=1002(selfauth)
ROOT_PROOF=no
May 16 21:16:06 508d797cbad0 udisksd[251674]: Deleted loop device /dev/loop0 (was backed by /home/selfauth/active-udisks-takeownership/active-udisks-takeownership.img)
May 16 21:16:06 508d797cbad0 udisksd[251674]: Set up loop device /dev/loop0 (backed by /home/selfauth/active-udisks-takeownership/active-udisks-takeownership.img)
May 16 21:15:30 508d797cbad0 udisksd[251674]: Deleted loop device /dev/loop0 (was backed by /home/selfauth/active-udisks-takeownership/active-udisks-takeownership.img)
May 16 21:15:30 508d797cbad0 udisksd[251674]: Set up loop device /dev/loop0 (backed by /home/selfauth/active-udisks-takeownership/active-udisks-takeownership.img)
