=== identity/session ===
$ id
rc=0
uid=1002(selfauth) gid=1002(selfauth) groups=1002(selfauth)
$ tty
rc=0
/dev/tty1
XDG_SESSION_ID='11'
$ loginctl show-session 11 -p Id -p Name -p User -p Path -p Seat -p TTY -p Active -p State -p Type -p Class -p Remote -p Leader
rc=0
Id=11
User=1002
Name=selfauth
Seat=seat0
TTY=tty1
Remote=no
Leader=6277
Type=tty
Class=user
Active=yes
State=active
=== device node modes ===
crw-rw-rw- 0:5 5:0 /dev/tty
crw--w---- 0:5 4:0 /dev/tty0
crw------- 1002:5 4:1 /dev/tty1
crw--w---- 0:5 4:10 /dev/tty10
crw--w---- 0:5 4:11 /dev/tty11
crw--w---- 0:5 4:12 /dev/tty12
crw--w---- 0:5 4:13 /dev/tty13
crw--w---- 0:5 4:14 /dev/tty14
crw--w---- 0:5 4:15 /dev/tty15
crw--w---- 0:5 4:16 /dev/tty16
crw--w---- 0:5 4:17 /dev/tty17
crw--w---- 0:5 4:18 /dev/tty18
crw--w---- 0:5 4:19 /dev/tty19
crw--w---- 0:5 4:2 /dev/tty2
crw--w---- 0:5 4:20 /dev/tty20
crw--w---- 0:5 4:21 /dev/tty21
crw--w---- 0:5 4:22 /dev/tty22
crw--w---- 0:5 4:23 /dev/tty23
crw--w---- 0:5 4:24 /dev/tty24
crw--w---- 0:5 4:25 /dev/tty25
crw--w---- 0:5 4:26 /dev/tty26
crw--w---- 0:5 4:27 /dev/tty27
crw--w---- 0:5 4:28 /dev/tty28
crw--w---- 0:5 4:29 /dev/tty29
crw--w---- 0:5 4:3 /dev/tty3
crw--w---- 0:5 4:30 /dev/tty30
crw--w---- 0:5 4:31 /dev/tty31
crw--w---- 0:5 4:32 /dev/tty32
crw--w---- 0:5 4:33 /dev/tty33
crw--w---- 0:5 4:34 /dev/tty34
crw--w---- 0:5 4:35 /dev/tty35
crw--w---- 0:5 4:36 /dev/tty36
crw--w---- 0:5 4:37 /dev/tty37
crw--w---- 0:5 4:38 /dev/tty38
crw--w---- 0:5 4:39 /dev/tty39
crw--w---- 0:5 4:4 /dev/tty4
crw--w---- 0:5 4:40 /dev/tty40
crw--w---- 0:5 4:41 /dev/tty41
crw--w---- 0:5 4:42 /dev/tty42
crw--w---- 0:5 4:43 /dev/tty43
crw--w---- 0:5 4:44 /dev/tty44
crw--w---- 0:5 4:45 /dev/tty45
crw--w---- 0:5 4:46 /dev/tty46
crw--w---- 0:5 4:47 /dev/tty47
crw--w---- 0:5 4:48 /dev/tty48
crw--w---- 0:5 4:49 /dev/tty49
crw--w---- 0:5 4:5 /dev/tty5
crw--w---- 0:5 4:50 /dev/tty50
crw--w---- 0:5 4:51 /dev/tty51
crw--w---- 0:5 4:52 /dev/tty52
crw--w---- 0:5 4:53 /dev/tty53
crw--w---- 0:5 4:54 /dev/tty54
crw--w---- 0:5 4:55 /dev/tty55
crw--w---- 0:5 4:56 /dev/tty56
crw--w---- 0:5 4:57 /dev/tty57
crw--w---- 0:5 4:58 /dev/tty58
crw--w---- 0:5 4:59 /dev/tty59
crw--w---- 0:5 4:6 /dev/tty6
crw--w---- 0:5 4:60 /dev/tty60
crw--w---- 0:5 4:61 /dev/tty61
crw--w---- 0:5 4:62 /dev/tty62
crw--w---- 0:5 4:63 /dev/tty63
crw--w---- 0:5 4:7 /dev/tty7
crw--w---- 0:5 4:8 /dev/tty8
crw--w---- 0:5 4:9 /dev/tty9
crw-rw---- 0:20 4:64 /dev/ttyS0
crw-rw---- 0:20 4:65 /dev/ttyS1
crw-rw---- 0:20 4:66 /dev/ttyS2
crw-rw---- 0:20 4:67 /dev/ttyS3
crw-rw---- 0:5 7:0 /dev/vcs
crw-rw---- 0:5 7:1 /dev/vcs1
crw-rw---- 0:5 7:128 /dev/vcsa
crw-rw---- 0:5 7:129 /dev/vcsa1
crw-rw---- 0:5 7:64 /dev/vcsu
crw-rw---- 0:5 7:65 /dev/vcsu1
crw-rw---- 0:995 13:63 /dev/input/mice
=== direct open checks before logind fd brokering ===
open /dev/tty1 O_RDWR OK fd=4
open /dev/tty0 O_RDWR FAIL PermissionError:[Errno 13] Permission denied: '/dev/tty0'
open /dev/vcs1 O_RDWR FAIL PermissionError:[Errno 13] Permission denied: '/dev/vcs1'
open /dev/vcsa1 O_RDWR FAIL PermissionError:[Errno 13] Permission denied: '/dev/vcsa1'
open /dev/input/mice O_RDWR FAIL PermissionError:[Errno 13] Permission denied: '/dev/input/mice'
session_path=/org/freedesktop/login1/session/_311
=== session control ===
TakeControl(False) OK
=== TakeDevice probes ===
TAKE /dev/tty1 maj=4 min=1
  FAIL DBusException: System.Error.ENODEV: No such device
TAKE /dev/tty0 maj=4 min=0
  FAIL DBusException: System.Error.ENODEV: No such device
TAKE /dev/vcs1 maj=7 min=1
  FAIL DBusException: System.Error.ENODEV: No such device
TAKE /dev/vcsa1 maj=7 min=129
  FAIL DBusException: System.Error.ENODEV: No such device
TAKE /dev/vcsu1 maj=7 min=65
  FAIL DBusException: System.Error.ENODEV: No such device
TAKE /dev/input/mice maj=13 min=63
  FAIL DBusException: System.Error.ENODEV: No such device
=== session mutators ===
SetIdleHint FAIL DBusException:org.freedesktop.DBus.Error.NotSupported: Idle hint control is not supported on non-graphical sessions.
SetLockedHint OK
SetType OK
SetClass FAIL DBusException:org.freedesktop.DBus.Error.AccessDenied: Rejected send message, 2 matched rules; type="method_call", sender=":1.285" (uid=1002 pid=6351 comm="/usr/bin/python3 /home/selfauth/active-login1-devi") interface="org.freedesktop.login1.Session" member="SetClass" error name="(unset)" requested_reply="0" destination=":1.3" (uid=0 pid=263 comm="/usr/lib/systemd/systemd-logind")
Activate OK
Lock OK
=== tty ioctl checks ===
$ sh -c sysctl dev.tty.legacy_tiocsti 2>/dev/null || true
rc=0
dev.tty.legacy_tiocsti = 1
TIOCSTI stdin OK
=== marker/root-proof check ===
/tmp/active-login1-root exists=False
/root/active-login1-root exists=False
ReleaseControl OK
