== identity ==
uid=1002(selfauth) gid=1002(selfauth) groups=1002(selfauth)
/dev/tty1
XDG_SESSION_ID=148
Id=148
User=1002
Name=selfauth
Seat=seat0
TTY=tty1
Remote=no
Type=tty
Class=user
Active=yes
State=active
== pkcheck ==
org.freedesktop.login1.set-reboot-parameter rc=0 out=
org.freedesktop.login1.set-reboot-to-boot-loader-entry rc=0 out=
org.freedesktop.login1.set-reboot-to-boot-loader-menu rc=0 out=
org.freedesktop.login1.set-reboot-to-firmware-setup rc=0 out=
org.freedesktop.login1.reboot rc=0 out=
org.freedesktop.login1.power-off rc=0 out=
org.freedesktop.login1.set-wall-message rc=0 out=polkit\56retains_authorization_after_challenge=1|
org.freedesktop.login1.inhibit-block-shutdown rc=0 out=
== can methods ==
CanReboot: s "yes"
rc:0
CanPowerOff: s "yes"
rc:0
CanHalt: s "challenge"
rc:0
CanSuspend: Call failed: No such file or directory
rc:1
CanHibernate: Call failed: No such file or directory
rc:1
CanRebootParameter: s "na"
rc:0
CanRebootToFirmwareSetup: s "na"
rc:0
CanRebootToBootLoaderMenu: s "na"
rc:0
CanRebootToBootLoaderEntry: s "na"
rc:0
== initial properties ==
RebootParameter: s ""
rc:0
RebootToBootLoaderEntry: s ""
rc:0
RebootToBootLoaderMenu: t 18446744073709551615
rc:0
RebootToFirmwareSetup: b false
rc:0
ScheduledShutdown: (st) "" 18446744073709551615
rc:0
WallMessage: s ""
rc:0
EnableWallMessages: b true
rc:0
NCurrentInhibitors: t 1
rc:0
== mutation attempts ==
CALL SetRebootParameter s ubulpe-param-1002
Call failed: Reboot parameter not supported in containers, refusing.
rc:1
CALL SetRebootToBootLoaderEntry s ubulpe-entry
Call failed: Boot loader entry 'ubulpe-entry' is not known.
rc:1
CALL SetRebootToBootLoaderMenu t 7
Call failed: Boot loader does not support boot into boot loader menu.
rc:1
CALL SetRebootToFirmwareSetup b true
Call failed: Firmware does not support boot into firmware.
rc:1
== properties after reboot setters ==
RebootParameter: s ""
rc:0
RebootToBootLoaderEntry: s ""
rc:0
RebootToBootLoaderMenu: t 18446744073709551615
rc:0
RebootToFirmwareSetup: b false
rc:0
== wall direct should fail ==
rc:0
Failed to set property WallMessage on interface org.freedesktop.login1.Manager: Access denied
rc:1
== inhibitors ==
Inhibit shutdown block
h 4
rc:0
Inhibit sleep block
h 4
rc:0
Inhibit idle block
h 4
rc:0
Inhibit handle-power-key block
h 4
rc:0
Inhibit handle-reboot-key block
h 4
rc:0
== schedule shutdown then cancel ==
when=1778951424
rc:0
ScheduledShutdown: (st) "reboot" 1778951424
rc:0
b true
rc:0
ScheduledShutdownAfterCancel: (st) "" 18446744073709551615
rc:0
== done ==
