## user active loop setup
uid=1002(selfauth) gid=1002(selfauth) groups=1002(selfauth)
/dev/tty1
XDG_SESSION_ID=17
Id=17
Seat=seat0
TTY=tty1
Remote=no
Type=tty
Class=user
Active=yes
State=active
Mapped file /home/selfauth/active-udisks-e2scrub/ext.img as /dev/loop0.
loop_setup_rc=0
Mapped file /home/selfauth/active-udisks-e2scrub/ext.img as /dev/loop1.
NAME="loop0" FSTYPE="ext4" LABEL="E2SCRUB_IN" UUID="f7b4441d-8873-4df5-8b49-aebcc7801a6e" MOUNTPOINT="" TYPE="loop" PATH="/dev/loop0"
NAME="loop1" FSTYPE="ext4" LABEL="E2SCRUB_IN" UUID="f7b4441d-8873-4df5-8b49-aebcc7801a6e" MOUNTPOINT="" TYPE="loop" PATH="/dev/loop1"
NAME="nbd0" FSTYPE="" LABEL="" UUID="" MOUNTPOINT="" TYPE="disk" PATH="/dev/nbd0"
NAME="nbd1" FSTYPE="" LABEL="" UUID="" MOUNTPOINT="" TYPE="disk" PATH="/dev/nbd1"
NAME="nbd2" FSTYPE="" LABEL="" UUID="" MOUNTPOINT="" TYPE="disk" PATH="/dev/nbd2"
NAME="nbd3" FSTYPE="" LABEL="" UUID="" MOUNTPOINT="" TYPE="disk" PATH="/dev/nbd3"
NAME="nbd4" FSTYPE="" LABEL="" UUID="" MOUNTPOINT="" TYPE="disk" PATH="/dev/nbd4"
NAME="nbd5" FSTYPE="" LABEL="" UUID="" MOUNTPOINT="" TYPE="disk" PATH="/dev/nbd5"
NAME="nbd6" FSTYPE="" LABEL="" UUID="" MOUNTPOINT="" TYPE="disk" PATH="/dev/nbd6"
NAME="nbd7" FSTYPE="" LABEL="" UUID="" MOUNTPOINT="" TYPE="disk" PATH="/dev/nbd7"
NAME="vda" FSTYPE="" LABEL="" UUID="" MOUNTPOINT="" TYPE="disk" PATH="/dev/vda"
NAME="vda1" FSTYPE="ext4" LABEL="" UUID="55897b87-5d1f-4f12-8931-37b6e249877b" MOUNTPOINT="/etc/hosts" TYPE="part" PATH="/dev/vda1"
NAME="vdb" FSTYPE="erofs" LABEL="" UUID="27685418-1790-40c3-bbc1-ea2342957362" MOUNTPOINT="" TYPE="disk" PATH="/dev/vdb"
NAME="nbd8" FSTYPE="" LABEL="" UUID="" MOUNTPOINT="" TYPE="disk" PATH="/dev/nbd8"
NAME="nbd9" FSTYPE="" LABEL="" UUID="" MOUNTPOINT="" TYPE="disk" PATH="/dev/nbd9"
NAME="nbd10" FSTYPE="" LABEL="" UUID="" MOUNTPOINT="" TYPE="disk" PATH="/dev/nbd10"
NAME="nbd11" FSTYPE="" LABEL="" UUID="" MOUNTPOINT="" TYPE="disk" PATH="/dev/nbd11"
NAME="nbd12" FSTYPE="" LABEL="" UUID="" MOUNTPOINT="" TYPE="disk" PATH="/dev/nbd12"
NAME="nbd13" FSTYPE="" LABEL="" UUID="" MOUNTPOINT="" TYPE="disk" PATH="/dev/nbd13"
NAME="nbd14" FSTYPE="" LABEL="" UUID="" MOUNTPOINT="" TYPE="disk" PATH="/dev/nbd14"
NAME="nbd15" FSTYPE="" LABEL="" UUID="" MOUNTPOINT="" TYPE="disk" PATH="/dev/nbd15"
## e2scrub config
-rw-r--r-- root:root /etc/e2scrub.conf
/etc/e2scrub.conf:5:# periodic_e2scrub=1
/sbin/e2scrub_all:28:periodic_e2scrub=0
/sbin/e2scrub_all:78:if [ -n "${SERVICE_MODE}" -a "${periodic_e2scrub}" -ne 1 ]; then
## root lsblk with user loop
NAME="loop0" FSTYPE="ext4" LABEL="E2SCRUB_IN" UUID="f7b4441d-8873-4df5-8b49-aebcc7801a6e" MOUNTPOINT="" TYPE="loop" PATH="/dev/loop0"
NAME="loop1" FSTYPE="ext4" LABEL="E2SCRUB_IN" UUID="f7b4441d-8873-4df5-8b49-aebcc7801a6e" MOUNTPOINT="" TYPE="loop" PATH="/dev/loop1"
NAME="nbd0" FSTYPE="" LABEL="" UUID="" MOUNTPOINT="" TYPE="disk" PATH="/dev/nbd0"
NAME="nbd1" FSTYPE="" LABEL="" UUID="" MOUNTPOINT="" TYPE="disk" PATH="/dev/nbd1"
NAME="nbd2" FSTYPE="" LABEL="" UUID="" MOUNTPOINT="" TYPE="disk" PATH="/dev/nbd2"
NAME="nbd3" FSTYPE="" LABEL="" UUID="" MOUNTPOINT="" TYPE="disk" PATH="/dev/nbd3"
NAME="nbd4" FSTYPE="" LABEL="" UUID="" MOUNTPOINT="" TYPE="disk" PATH="/dev/nbd4"
NAME="nbd5" FSTYPE="" LABEL="" UUID="" MOUNTPOINT="" TYPE="disk" PATH="/dev/nbd5"
NAME="nbd6" FSTYPE="" LABEL="" UUID="" MOUNTPOINT="" TYPE="disk" PATH="/dev/nbd6"
NAME="nbd7" FSTYPE="" LABEL="" UUID="" MOUNTPOINT="" TYPE="disk" PATH="/dev/nbd7"
NAME="vda" FSTYPE="" LABEL="" UUID="" MOUNTPOINT="" TYPE="disk" PATH="/dev/vda"
NAME="vda1" FSTYPE="ext4" LABEL="" UUID="55897b87-5d1f-4f12-8931-37b6e249877b" MOUNTPOINT="/etc/hosts" TYPE="part" PATH="/dev/vda1"
NAME="vdb" FSTYPE="erofs" LABEL="" UUID="27685418-1790-40c3-bbc1-ea2342957362" MOUNTPOINT="" TYPE="disk" PATH="/dev/vdb"
NAME="nbd8" FSTYPE="" LABEL="" UUID="" MOUNTPOINT="" TYPE="disk" PATH="/dev/nbd8"
NAME="nbd9" FSTYPE="" LABEL="" UUID="" MOUNTPOINT="" TYPE="disk" PATH="/dev/nbd9"
NAME="nbd10" FSTYPE="" LABEL="" UUID="" MOUNTPOINT="" TYPE="disk" PATH="/dev/nbd10"
NAME="nbd11" FSTYPE="" LABEL="" UUID="" MOUNTPOINT="" TYPE="disk" PATH="/dev/nbd11"
NAME="nbd12" FSTYPE="" LABEL="" UUID="" MOUNTPOINT="" TYPE="disk" PATH="/dev/nbd12"
NAME="nbd13" FSTYPE="" LABEL="" UUID="" MOUNTPOINT="" TYPE="disk" PATH="/dev/nbd13"
NAME="nbd14" FSTYPE="" LABEL="" UUID="" MOUNTPOINT="" TYPE="disk" PATH="/dev/nbd14"
NAME="nbd15" FSTYPE="" LABEL="" UUID="" MOUNTPOINT="" TYPE="disk" PATH="/dev/nbd15"
## lvs source list
## root e2scrub_all default service mode
+ PATH=/usr/local/sbin:/usr/local/bin:/sbin:/bin:/usr/sbin:/usr/bin
+ ((  0 != 0  ))
+ periodic_e2scrub=0
+ scrub_all=0
+ snap_size_mb=256
+ reap=0
+ conffile=/etc/e2scrub.conf
+ test -f /etc/e2scrub.conf
+ . /etc/e2scrub.conf
+ scrub_args=
+ getopts nrAV opt
+ case "${opt}" in
+ DBG='echo Would execute: '
+ getopts nrAV opt
+ shift 1
+ '[' -n 1 -a 0 -ne 1 ']'
+ '[' 0 -eq 0 ']'
+ exitcode 0
+ ret=0
+ '[' -n 1 -a 0 -ne 0 ']'
+ exit 0
## root e2scrub_all all mode
+ PATH=/usr/local/sbin:/usr/local/bin:/sbin:/bin:/usr/sbin:/usr/bin
+ ((  0 != 0  ))
+ periodic_e2scrub=0
+ scrub_all=0
+ snap_size_mb=256
+ reap=0
+ conffile=/etc/e2scrub.conf
+ test -f /etc/e2scrub.conf
+ . /etc/e2scrub.conf
+ scrub_args=
+ getopts nrAV opt
+ case "${opt}" in
+ DBG='echo Would execute: '
+ getopts nrAV opt
+ case "${opt}" in
+ scrub_all=1
+ getopts nrAV opt
+ shift 2
+ '[' -n '' -a 0 -ne 1 ']'
+ exec
+ type mapfile
+ type lsblk
+ type lvcreate
+ mapfile -t targets
++ ls_targets
++ '[' 0 -eq 1 ']'
++ ls_scan_targets
+++ lvs -o lv_path --noheadings -S 'lv_active=active,lv_role=public,lv_role!=snapshot,vg_free>=256'
++ local devices=
++ '[' -z '' ']'
++ return 0
+ exitcode 0
+ ret=0
+ '[' -n '' -a 0 -ne 0 ']'
+ exit 0
## systemd service start
May 16 15:54:47 4f5b414436ae systemd[1]: Starting e2scrub_all.service - Online ext4 Metadata Check for All Filesystems...
May 16 15:54:47 4f5b414436ae systemd[1]: e2scrub_all.service: Deactivated successfully.
May 16 15:54:47 4f5b414436ae systemd[1]: Finished e2scrub_all.service - Online ext4 Metadata Check for All Filesystems.
May 16 15:55:53 4f5b414436ae systemd[1]: Starting e2scrub_all.service - Online ext4 Metadata Check for All Filesystems...
May 16 15:55:53 4f5b414436ae systemd[1]: e2scrub_all.service: Deactivated successfully.
May 16 15:55:53 4f5b414436ae systemd[1]: Finished e2scrub_all.service - Online ext4 Metadata Check for All Filesystems.
## root proof
ls: cannot access '/tmp/active-udisks-e2scrub-root': No such file or directory
ls: cannot access '/root/active-udisks-e2scrub-root': No such file or directory
