== identity ==
uid=1002(selfauth) gid=1002(selfauth) groups=1002(selfauth)
/dev/tty1
XDG_SESSION_ID=2
Id=2
User=1002
Name=selfauth
Seat=seat0
TTY=tty1
Remote=no
Type=tty
Class=user
Active=yes
State=active
== package versions ==
dbus	1.14.10-4ubuntu4.1
libpam-systemd:arm64	255.4-1ubuntu8.15
pkexec	
polkitd	124-2ubuntu1.24.04.3
systemd	255.4-1ubuntu8.15
systemd-sysv	255.4-1ubuntu8.15
== active pkcheck selected ==
org.freedesktop.login1.set-reboot-parameter rc=0 out=
org.freedesktop.login1.set-reboot-to-boot-loader-entry rc=0 out=
org.freedesktop.login1.set-reboot-to-boot-loader-menu rc=0 out=
org.freedesktop.login1.set-reboot-to-firmware-setup rc=0 out=
org.freedesktop.login1.reboot rc=0 out=
org.freedesktop.login1.power-off rc=0 out=
org.freedesktop.login1.set-wall-message rc=0 out=polkit\56retains_authorization_after_challenge=1|
org.freedesktop.login1.inhibit-block-shutdown rc=0 out=
== non-destructive getters ==
CanReboot: s "yes"
rc:0
CanPowerOff: s "yes"
rc:0
CanHalt: s "challenge"
rc:0
CanRebootParameter: s "na"
rc:0
CanRebootToFirmwareSetup: s "na"
rc:0
CanRebootToBootLoaderMenu: s "na"
rc:0
CanRebootToBootLoaderEntry: s "na"
rc:0
== boot target setter attempts ==
CALL SetRebootParameter s ubulpe-param-1002
Call failed: Reboot parameter not supported in containers, refusing.
rc:1
CALL SetRebootToBootLoaderEntry s ubulpe-entry
Call failed: Boot loader entry 'ubulpe-entry' is not known.
rc:1
CALL SetRebootToBootLoaderMenu t 7
Call failed: Boot loader does not support boot into boot loader menu.
rc:1
CALL SetRebootToFirmwareSetup b true
Call failed: Firmware does not support boot into firmware.
rc:1
== wall mutation ==
call_rc:0
Failed to set property WallMessage on interface org.freedesktop.login1.Manager: Access denied
setprop_rc:1
== future schedule/cancel microseconds ==
when_us=1779031258000000
schedule_rc:0
ScheduledShutdown: (st) "reboot" 1779031258000000
get_rc:0
b true
cancel_rc:0
ScheduledShutdownAfterCancel: (st) "" 18446744073709551615
get_rc:0
== root-impact files ==
      149      0 drwxr-xr-x   2 root     root           40 May 16 15:20 /run/systemd/shutdown
== done ==
