active UDisks NTFS mount option trust-boundary probe
2026-05-16T21:08:01+00:00

## target/default proof
PRETTY_NAME="Ubuntu 24.04.4 LTS"
NAME="Ubuntu"
VERSION_ID="24.04"
VERSION="24.04.4 LTS (Noble Numbat)"
VERSION_CODENAME=noble
ID=ubuntu
ID_LIKE=debian
HOME_URL="https://www.ubuntu.com/"
Linux 508d797cbad0 6.10.14-linuxkit #1 SMP Sat May 17 08:28:57 UTC 2025 aarch64 aarch64 aarch64 GNU/Linux
uid=1001(attacker) gid=1001(attacker) groups=1001(attacker)
uid=1002(selfauth) gid=1002(selfauth) groups=1002(selfauth)
fuse3	3.14.0-5build1	ii 
libudisks2-0:arm64	2.10.1-6ubuntu1.3	ii 
ntfs-3g	1:2022.10.3-1.2ubuntu3.1	ii 
polkitd	124-2ubuntu1.24.04.3	ii 
systemd	255.4-1ubuntu8.15	ii 
udev	255.4-1ubuntu8.15	ii 
udisks2	2.10.1-6ubuntu1.3	ii 

## service and policy proof
enabled
active
# /usr/lib/systemd/system/udisks2.service
[Unit]
Description=Disk Manager
Documentation=man:udisks(8)

[Service]
Type=dbus
BusName=org.freedesktop.UDisks2
ExecStart=/usr/libexec/udisks2/udisksd
KillSignal=SIGINT

[Install]
WantedBy=graphical.target
  <action id="org.freedesktop.udisks2.loop-setup">
    <description>Manage loop devices</description>
    <description xml:lang="zh_TW">管理迴圈裝置</description>
    <description xml:lang="zh_CN">管理回环设备</description>
    <description xml:lang="uk">Керування петльовими пристроями</description>
    <description xml:lang="tr">Döngü aygıtlarını yönet</description>
    <description xml:lang="sv">Hantera loop-enheter</description>
    <description xml:lang="sr">Управљајте уређајима петље</description>
    <description xml:lang="sl">Upravljaj z zančnimi napravami</description>
    <description xml:lang="sk">Spravovať zariadenia loop</description>
    <description xml:lang="ru">Управление петлевыми устройствами</description>
    <description xml:lang="pt_BR">Gerenciar dispositivos de loop</description>
    <description xml:lang="pl">Zarządzanie urządzeniami zwrotnymi</description>
    <description xml:lang="pa">ਲੂਪ ਜੰਤਰ ਪਰਬੰਧ</description>
    <description xml:lang="nn">Handsam loop-einingar</description>
    <description xml:lang="nl">Manage loop-devices</description>
    <description xml:lang="lv">Pārvaldīt cikla ierīces</description>
    <description xml:lang="lt">Tvarkyti ciklinius įrenginius</description>
    <description xml:lang="ko">루프 장치 관리</description>
    <description xml:lang="kk">Loop құрылғыларын басқару</description>
    <description xml:lang="ka">მარყუჟის მოწყობილობის მართვა</description>
    <description xml:lang="ja">ループデバイスを管理します。</description>
    <description xml:lang="it">Gestisce device di loop</description>
    <description xml:lang="id">Kelola perangkat loop</description>
    <description xml:lang="ia">Gerer dispositivos de bucla</description>
    <description xml:lang="hu">Hurokeszközök kezelése</description>
    <description xml:lang="hr">Upravljanje virtualnim uređajima</description>
    <description xml:lang="gl">Xestionar os dispositivos loop</description>
    <description xml:lang="fur">Gjestìs dispositîfs di loop</description>
    <description xml:lang="fr">Gérer les périphériques virtuels</description>
    <description xml:lang="es">Gestiona sus dispositivos de «loop»</description>
    <description xml:lang="en_GB">Manage loop devices</description>
    <description xml:lang="el">Διαχείριση συσκευών βρόχου</description>
    <description xml:lang="de">Schleifen-Geräte verwalten</description>
    <description xml:lang="da">Håndter loop-enheder</description>
    <description xml:lang="cs">Spravovat zařízení místních smyček</description>
    <description xml:lang="ca">Gestiona els dispositius de bucles</description>
    <description xml:lang="af">Bestuur lustoestelle</description>
    <message>Authentication is required to set up a loop device</message>
    <message xml:lang="zh_TW">要設置迴圈裝置需要先核對身分</message>
    <message xml:lang="zh_CN">设定回环设备需要身份验证</message>
    <message xml:lang="uk">Щоб отримати доступ до визначення петльового пристрою, слід пройти розпізнавання</message>
    <message xml:lang="tr">Döngü aygıtı kurmak için kimlik doğrulaması gerekli</message>
    <message xml:lang="sv">Autentisering krävs för att konfigurera en loop-enhet</message>
    <message xml:lang="sr">Потребно је потврђивање идентитета за подешавање уређаја петље</message>
    <message xml:lang="sl">Za vzpostavitev zančne naprave je zahtevana overitev.</message>
    <message xml:lang="sk">Nastavenie zariadenia loop vyžaduje overenie totožnosti</message>
    <message xml:lang="ru">Для настройки петлевого устройства требуется подтверждение подлинности пользователя</message>
    <message xml:lang="pt_BR">Autenticação é necessária para criar um dispositivo de loop</message>
    <message xml:lang="pl">Wymagane jest uwierzytelnienie, aby ustawić urządzenie zwrotne</message>
    <message xml:lang="nn">Treng autentisering for å setja opp ei loop-eining</message>
    <message xml:lang="nl">Authenticatie is vereist om een loop-device op te zetten</message>
    <message xml:lang="lv">Vajag autentificēties, lai iestatītu cikla ierīci</message>
    <message xml:lang="lt">Norint nustatyti ciklinį įrenginį, reikia patvirtinti tapatybę</message>
    <message xml:lang="ko">루프 장치를 설정하려면 인증이 필요합니다</message>
    <message xml:lang="kk">Loop құрылғысын жасау үшін аутентификация керек</message>
    <message xml:lang="ka">მარყუჟმოწყობილობის დაყენებას ავთენტიკაცია სჭირდება</message>
    <message xml:lang="ja">ループデバイスをセットアップするには、認証が必要です。</message>
    <message xml:lang="it">È richiesto autenticarsi per impostare il device di loop</message>
    <message xml:lang="id">Otentikasi diperlukan untuk menyiapkan suatu perangkat loop</message>
    <message xml:lang="ia">Authentication es necessari pro crear un dispositivo de bucla</message>
    <message xml:lang="hu">Hitelesítés szükséges egy hurokeszköz beállításához</message>
    <message xml:lang="hr">Potrebna je provjera za postavljanje virtualnog uređaja</message>
    <message xml:lang="gl">Debe autenticarse para configurar un dispositivo loop</message>
    <message xml:lang="fur">La autenticazion e je necessarie par configurâ un dispositîf di loop</message>
    <message xml:lang="fr">Une authentification est nécessaire pour configurer un périphérique virtuel</message>
    <message xml:lang="es">Se requiere autenticación para configurar un dispositivo de «loop»</message>
    <message xml:lang="en_GB">Authentication is required to set up a loop device</message>
    <message xml:lang="el">Απαιτείται πιστοποίηση για ρύθμιση μιας συσκευής βρόχου</message>
    <message xml:lang="de">Legitimierung ist zum Einrichten eines Schleifengeräts notwendig</message>
    <message xml:lang="da">Der kræves godkendelse for at opsætte en loop-enhed</message>
    <message xml:lang="cs">Pro nastavení zařízení místní smyčky je vyžadována autentizace</message>
    <message xml:lang="ca">Es requereix autenticació per gestionar els dispositius de bucles</message>
    <message xml:lang="af">Verifiëring is nodig om ’n lustoestel op te stel</message>
    <defaults>
      <allow_any>auth_admin</allow_any>
      <allow_inactive>auth_admin</allow_inactive>
      <!-- NOTE: this is not a DoS because we are using /dev/loop-control -->
      <allow_active>yes</allow_active>
    </defaults>
  </action>
  <action id="org.freedesktop.udisks2.filesystem-mount">
    <description>Mount a filesystem</description>
    <description xml:lang="zh_TW">掛載檔案系統</description>
    <description xml:lang="zh_CN">挂载文件系统</description>
    <description xml:lang="uk">Змонтувати файлову систему</description>
    <description xml:lang="tr">Bir dosya sistemi bağla</description>
    <description xml:lang="sv">Montera ett filsystem</description>
    <description xml:lang="sr">Прикачите систем датотека</description>
    <description xml:lang="sl">Priklopi datotečni sistem</description>
    <description xml:lang="sk">Pripojiť súborový systém</description>
    <description xml:lang="ru">Монтировать файловую систему</description>
    <description xml:lang="pt_BR">Montar um sistema de arquivos</description>
    <description xml:lang="pt">Montar um sistema de ficheiros</description>
    <description xml:lang="pl">Zamontowanie systemu plików</description>
    <description xml:lang="pa">ਫਾਇਲ ਸਿਸਟਮ ਮਾਊਂਟ ਕਰੋ</description>
    <description xml:lang="nn">Monter eit filsystem</description>
    <description xml:lang="nl">Koppel een bestandssysteem aan</description>
    <description xml:lang="lv">Montēt datņu sistēmu</description>
    <description xml:lang="lt">Prijungti failų sistemą</description>
    <description xml:lang="ko">파일 시스템 마운트</description>
    <description xml:lang="kk">Файлдық жүйені тіркеу</description>
    <description xml:lang="ka">ფაილური სისტემის მიმაგრება</description>
    <description xml:lang="ja">ファイルシステムをマウントします。</description>
    <description xml:lang="it">Monta un file system</description>
    <description xml:lang="id">Kaitkan suatu sistem berkas</description>
    <description xml:lang="ia">Montar un systema de files</description>
    <description xml:lang="hu">Fájlrendszer csatolása</description>
    <description xml:lang="hr">Montiraj datotečni sustav</description>
    <description xml:lang="gl">Modificar un sistema de ficheiros</description>
    <description xml:lang="fur">Monte un filesystem</description>
    <description xml:lang="fr">Monter un système de fichiers</description>
    <description xml:lang="fi">Liitä tiedostojärjestelmä</description>
    <description xml:lang="eu">Muntatu fitxategi-sistema bat</description>
    <description xml:lang="es">Montar un sistema de archivos</description>
    <description xml:lang="en_GB">Mount a filesystem</description>
    <description xml:lang="el">Προσάρτηση συστήματος αρχείων</description>
    <description xml:lang="de">Ein Dateisystem einhängen</description>
    <description xml:lang="da">Monter et filsystem</description>
    <description xml:lang="cs">Připojit souborový systém</description>
    <description xml:lang="ca">Munta un sistema de fitxers</description>
    <description xml:lang="af">Heg ’n lêerstelsel</description>
    <message>Authentication is required to mount the filesystem</message>
    <message xml:lang="zh_TW">要掛載檔案系統需要先核對身分</message>
    <message xml:lang="zh_CN">挂载文件系统需要身份验证</message>
    <message xml:lang="uk">Щоб змонтувати файлову систему, слід пройти розпізнавання</message>
    <message xml:lang="tr">Dosya sistemini bağlamak için kimlik doğrulaması gerekli</message>
    <message xml:lang="sv">Autentisering krävs för att montera filsystemet</message>
    <message xml:lang="sr">Потребно је потврђивање идентитета за прикачињање система датотека</message>
    <message xml:lang="sl">Za priklop datotečnega sistema je zahtevana overitev.</message>
    <message xml:lang="sk">Pripojenie súborového systému vyžaduje overenie totožnosti</message>
    <message xml:lang="ru">Для монтирования файловой системы требуется подтверждение подлинности пользователя</message>
    <message xml:lang="pt_BR">Autenticação é necessária para montar um sistema de arquivos</message>
    <message xml:lang="pt">É necessária autenticação para montar o sistema de ficheiros</message>
    <message xml:lang="pl">Wymagane jest uwierzytelnienie, aby zamontować system plików</message>
    <message xml:lang="pa">ਫਾਇਲ ਸਿਸਟਮ ਮਾਊਂਟ ਕਰਨ ਲਈ ਪਰਮਾਣਕਿਤਾ ਦੀ ਲੋੜ ਹੈ</message>
    <message xml:lang="nn">Treng autentisering for å montera filsystemet</message>
    <message xml:lang="nl">Authenticatie is vereist om het bestandssysteem aan te koppelen</message>
    <message xml:lang="lv">Vajag autentificēties, lai montētu datņu sistēmas</message>
    <message xml:lang="lt">Norint prijungti failų sistemą, reikia patvirtinti tapatybę</message>
    <message xml:lang="ko">파일 시스템을 마운트 하려면 인증이 필요합니다</message>
    <message xml:lang="kk">Файлдық жүйені тіркеу үшін аутентификация керек</message>
    <message xml:lang="ka">ფაილური სისტემის მისამაგრებლად საჭიროა ავტორიზაცია</message>
    <message xml:lang="ja">ファイルシステムをマウントするには、認証が必要です。</message>
    <message xml:lang="it">È richiesto autenticarsi per montare il file system</message>
    <message xml:lang="id">Otentikasi diperlukan untuk mengait sistem berkas</message>
    <message xml:lang="ia">Authentication es necessari pro montar le systema de files</message>
    <message xml:lang="hu">Hitelesítés szükséges a fájlrendszer csatolásához</message>
    <message xml:lang="hr">Potrebna je provjera za montiranje datotečnog sustava</message>
    <message xml:lang="gl">Debe autenticarse para montar o sistema de ficheiros</message>
    <message xml:lang="fur">La autenticazion e je necesarie par montâ il filesystem</message>
    <message xml:lang="fr">Une authentification est requise pour monter le système de fichiers</message>
    <message xml:lang="fi">Tunnistautuminen vaaditaan tiedostojärjestelmän liittämistä varten</message>
    <message xml:lang="eu">Autentifikazioa behar da fitxategi-sistema muntatzeko</message>
    <message xml:lang="es">Se requiere autenticación para montar el sistema de archivos</message>
    <message xml:lang="en_GB">Authentication is required to mount the filesystem</message>
    <message xml:lang="el">Απαιτείται πιστοποίηση για προσάρτηση συστήματος αρχείων</message>
    <message xml:lang="de">Legitimierung ist erforderlich, um ein Dateisystem einzuhängen</message>
    <message xml:lang="da">Der kræves godkendelse for at montere filsystemet</message>
    <message xml:lang="cs">Pro připojení souborového systému je vyžadována autentizace</message>
    <message xml:lang="ca">Es requereix autenticació per muntar el sistema de fitxers</message>
    <message xml:lang="af">Verifiëring is nodig om die lêerstelsel te heg</message>
    <defaults>
      <allow_any>auth_admin</allow_any>
      <allow_inactive>auth_admin</allow_inactive>
      <allow_active>yes</allow_active>
    </defaults>
  </action>

## NTFS mount option defaults
    33	# [defaults]
    34	# allow=exec,noexec,nodev,nosuid,atime,noatime,nodiratime,relatime,strictatime,lazytime,ro,rw,sync,dirsync,noload,acl,nosymfollow
    35	# 
    36	# vfat_defaults=uid=$UID,gid=$GID,shortname=mixed,utf8=1,showexec,flush
    37	# vfat_allow=uid=$UID,gid=$GID,flush,utf8,shortname,umask,dmask,fmask,codepage,iocharset,usefree,showexec
    38	# 
    39	# # common options for both the native kernel driver and exfat-fuse
    40	# exfat_defaults=uid=$UID,gid=$GID,iocharset=utf8,errors=remount-ro
    41	# exfat_allow=uid=$UID,gid=$GID,dmask,errors,fmask,iocharset,namecase,umask
    42	# 
    43	# # 'ntfs' signature, definitions for the legacy ntfs kernel driver and the ntfs-3g fuse driver
    44	# ntfs:ntfs_defaults=uid=$UID,gid=$GID,windows_names
    45	# ntfs:ntfs_allow=uid=$UID,gid=$GID,umask,dmask,fmask,locale,norecover,ignore_case,windows_names,compression,nocompression,big_writes
    46	# 
    47	# # 'ntfs' signature, the new 'ntfs3' kernel driver
    48	# ntfs:ntfs3_defaults=uid=$UID,gid=$GID
    49	# ntfs:ntfs3_allow=uid=$UID,gid=$GID,umask,dmask,fmask,iocharset,discard,nodiscard,sparse,nosparse,hidden,nohidden,sys_immutable,nosys_immutable,showmeta,noshowmeta,prealloc,noprealloc,hide_dot_files,nohide_dot_files,windows_names,nocase,case
    50	# 
    51	# # define order of filesystem driver priorities for the actual mount call,
    52	# # required definition for non-matching driver names
    53	# ntfs_drivers=ntfs3,ntfs
    54	# 
    55	# iso9660_defaults=uid=$UID,gid=$GID,iocharset=utf8,mode=0400,dmode=0500
    56	# iso9660_allow=uid=$UID,gid=$GID,norock,nojoliet,iocharset,mode,dmode
-rwxr-xr-x 755 root:root regular file /bin/ntfs-3g -> '/bin/ntfs-3g'
-rwxr-xr-x 755 root:root regular file /usr/bin/ntfs-3g -> '/usr/bin/ntfs-3g'
-rwxr-xr-x 755 root:root regular file /sbin/mount.ntfs-3g -> '/sbin/mount.ntfs-3g'
-rwxr-xr-x 755 root:root regular file /usr/sbin/mkfs.ntfs -> '/usr/sbin/mkfs.ntfs'
drwxr-xr-x 755 root:root directory /etc/udisks2 -> '/etc/udisks2'
MISSING /etc/udisks2/mount_options.conf
-rw-r--r-- 644 root:root regular file /etc/udisks2/mount_options.conf.example -> '/etc/udisks2/mount_options.conf.example'
drwxr-xr-x 755 root:root directory /media -> '/media'
MISSING /media/selfauth

## attacker writable checks
drwxr-xr-x root:root /etc/udisks2
attacker_not_writable:/etc/udisks2
drwxr-xr-x root:root /usr/bin
attacker_not_writable:/usr/bin
drwxr-xr-x root:root /bin
attacker_not_writable:/bin
drwxr-xr-x root:root /sbin
attacker_not_writable:/sbin
drwxr-xr-x root:root /usr/sbin
attacker_not_writable:/usr/sbin
drwxr-xr-x root:root /media
attacker_not_writable:/media
drwxr-xr-x root:root /run/systemd
attacker_not_writable:/run/systemd
drwxr-xr-x root:root /usr/local/bin
attacker_not_writable:/usr/local/bin
drwxr-xr-x root:root /usr/local/sbin
attacker_not_writable:/usr/local/sbin
drwxrwxrwt root:root /tmp
attacker_writable:/tmp
drwxrwxrwt root:root /var/tmp
attacker_writable:/var/tmp

## active selfauth session
uid=1002(selfauth) gid=1002(selfauth) groups=1002(selfauth)
/dev/tty1
XDG_SESSION_ID=70
Id=70
User=1002
Name=selfauth
Seat=seat0
TTY=tty1
Remote=no
Type=tty
Class=user
Active=yes
State=active

## create attacker NTFS image
/home/selfauth/active-udisks-ntfs-options/ntfs-SYSTEMD_WANTS=ntfs-options-pwn.service.img is not a block device.
mkntfs forced anyway.
The sector size was not specified for /home/selfauth/active-udisks-ntfs-options/ntfs-SYSTEMD_WANTS=ntfs-options-pwn.service.img and it could not be obtained automatically.  It has been set to 512 bytes.
The partition start sector was not specified for /home/selfauth/active-udisks-ntfs-options/ntfs-SYSTEMD_WANTS=ntfs-options-pwn.service.img and it could not be obtained automatically.  It has been set to 0.
The number of sectors per track was not specified for /home/selfauth/active-udisks-ntfs-options/ntfs-SYSTEMD_WANTS=ntfs-options-pwn.service.img and it could not be obtained automatically.  It has been set to 0.
The number of heads was not specified for /home/selfauth/active-udisks-ntfs-options/ntfs-SYSTEMD_WANTS=ntfs-options-pwn.service.img and it could not be obtained automatically.  It has been set to 0.
Cluster size has been automatically set to 4096 bytes.
To boot from a device, Windows needs the 'partition start sector', the 'sectors per track' and the 'number of heads' to be set.
Windows will not be able to boot from this device.
Creating NTFS volume structures.
mkntfs completed successfully. Have a nice day.
-rw-rw-r-- 1 selfauth selfauth 100663296 May 16 21:08 /home/selfauth/active-udisks-ntfs-options/ntfs-SYSTEMD_WANTS=ntfs-options-pwn.service.img
DEVNAME=/home/selfauth/active-udisks-ntfs-options/ntfs-SYSTEMD_WANTS=ntfs-options-pwn.service.img
LABEL=NTFS_PWN
FSBLOCKSIZE=4096
BLOCK_SIZE=512
FSSIZE=100662784
UUID=741D39DA3B001C32
TYPE=ntfs
USAGE=filesystem

## active loop setup
Mapped file /home/selfauth/active-udisks-ntfs-options/ntfs-SYSTEMD_WANTS=ntfs-options-pwn.service.img as /dev/loop0.
dev=/dev/loop0
DEVLINKS=/dev/disk/by-uuid/741D39DA3B001C32 /dev/disk/by-diskseq/53 /dev/disk/by-loop-inode/0:60-5425963 /dev/disk/by-label/NTFS_PWN
ID_FS_BLOCKSIZE=4096
ID_FS_LABEL=NTFS_PWN
ID_FS_LABEL_ENC=NTFS_PWN
ID_FS_SIZE=100662784
ID_FS_TYPE=ntfs
ID_FS_USAGE=filesystem
ID_FS_UUID=741D39DA3B001C32
ID_FS_UUID_ENC=741D39DA3B001C32
ID_LOOP_BACKING_DEVICE=0:60
ID_LOOP_BACKING_INODE=5425963
ls: cannot access '/dev/disk/by-loop-ref': No such file or directory
/dev/disk/by-label:
total 0
lrwxrwxrwx 1 root root 11 May 16 21:08 NTFS_PWN -> ../../loop0

/dev/disk/by-uuid:
total 0
lrwxrwxrwx 1 root root  9 May 16 20:04 27685418-1790-40c3-bbc1-ea2342957362 -> ../../vdb
lrwxrwxrwx 1 root root 10 May 16 20:04 55897b87-5d1f-4f12-8931-37b6e249877b -> ../../vda1
lrwxrwxrwx 1 root root 11 May 16 21:08 741D39DA3B001C32 -> ../../loop0

## Filesystem interface
  interface org.freedesktop.UDisks2.Filesystem {
    methods:
      SetLabel(in  s label,
               in  a{sv} options);
      SetUUID(in  s uuid,
              in  a{sv} options);
      Mount(in  a{sv} options,
            out s mount_path);
      Unmount(in  a{sv} options);
      Resize(in  t size,
             in  a{sv} options);
      Check(in  a{sv} options,
            out b consistent);
      Repair(in  a{sv} options,
             out b repaired);
      TakeOwnership(in  a{sv} options);
    signals:
    properties:
      readonly aay MountPoints = [];
      readonly t Size = 0;
  };

## udisksctl option-filter matrix
### mount case: default opts=[]
Mounted /dev/loop0 at /media/selfauth/NTFS_PWN
mount_rc=0
mountpoint=/media/selfauth/NTFS_PWN
/media/selfauth/NTFS_PWN /dev/loop0 ntfs3  rw,nosuid,nodev,relatime,uid=1002,gid=1002,iocharset=iso8859-1
drwxr-xr-x 755 root:root /media
drwxr-x--- 750 root:root /media/selfauth
drwxrwxrwx 777 selfauth:selfauth /media/selfauth/NTFS_PWN
-rwsr-xr-x 4755 selfauth:selfauth /media/selfauth/NTFS_PWN/ntfs_probe_exec.sh
uid=1002(selfauth) gid=1002(selfauth) groups=1002(selfauth)
/media/selfauth/NTFS_PWN/ntfs_probe_exec.sh: 3: cannot create /root/active-udisks-ntfs-options-root: Permission denied
/media/selfauth/NTFS_PWN/ntfs_probe_exec.sh: 4: cannot create /run/active-udisks-ntfs-options-root: Permission denied
ls: cannot access '/root/active-udisks-ntfs-options-root': Permission denied
ls: cannot access '/run/active-udisks-ntfs-options-root': No such file or directory
-rw-rw-r-- 1 selfauth selfauth 60 May 16 21:08 /tmp/active-udisks-ntfs-nosuid-user
Unmounted /dev/loop0.

### mount case: allowed_umask opts=[umask=000,fmask=000,dmask=000,big_writes]
Error mounting /dev/loop0: GDBus.Error:org.freedesktop.UDisks2.Error.OptionNotPermitted: Mount option `big_writes' is not allowed
mount_rc=1

### mount case: rejected_uid0 opts=[uid=0,gid=0,umask=000]
Error mounting /dev/loop0: GDBus.Error:org.freedesktop.UDisks2.Error.OptionNotPermitted: Mount option `uid=0' is not allowed
mount_rc=1

### mount case: rejected_suid opts=[suid,exec]
Error mounting /dev/loop0: GDBus.Error:org.freedesktop.UDisks2.Error.OptionNotPermitted: Mount option `suid' is not allowed
mount_rc=1

### mount case: rejected_dev opts=[dev]
Error mounting /dev/loop0: GDBus.Error:org.freedesktop.UDisks2.Error.OptionNotPermitted: Mount option `dev' is not allowed
mount_rc=1

### mount case: rejected_permissions opts=[permissions]
Error mounting /dev/loop0: GDBus.Error:org.freedesktop.UDisks2.Error.OptionNotPermitted: Mount option `permissions' is not allowed
mount_rc=1

### mount case: comma_in_locale opts=[locale=en_US.UTF-8,permissions]
Error mounting /dev/loop0: GDBus.Error:org.freedesktop.UDisks2.Error.OptionNotPermitted: Mount option `locale=en_US.UTF-8' is not allowed
mount_rc=1

### mount case: allow_other opts=[allow_other]
Error mounting /dev/loop0: GDBus.Error:org.freedesktop.UDisks2.Error.OptionNotPermitted: Mount option `allow_other' is not allowed
mount_rc=1

## direct D-Bus Mount option bypass attempts
### gdbus Mount options=[uid=0,gid=0,suid,dev,exec,permissions]
Error: GDBus.Error:org.freedesktop.UDisks2.Error.OptionNotPermitted: Mount option `uid=0' is not allowed
gdbus_mount_rc=1

### gdbus Mount options=[locale=en_US.UTF-8,permissions]
Error: GDBus.Error:org.freedesktop.UDisks2.Error.OptionNotPermitted: Mount option `locale=en_US.UTF-8' is not allowed
gdbus_mount_rc=1

### gdbus Mount options=[umask=000,fmask=000,dmask=000,big_writes]
Error: GDBus.Error:org.freedesktop.UDisks2.Error.OptionNotPermitted: Mount option `big_writes' is not allowed
gdbus_mount_rc=1

## Check and Repair methods against attacker NTFS image
### Check
(true,)
Check_rc=0
### Repair
(true,)
Repair_rc=0
## user-side root proof
ls: cannot access '/root/active-udisks-ntfs-options-root': Permission denied
ls: cannot access '/run/active-udisks-ntfs-options-root': No such file or directory
-rw-rw-r-- 1 selfauth selfauth 60 May 16 21:08 /tmp/active-udisks-ntfs-nosuid-user

## root-side postcheck
ls: cannot access '/root/active-udisks-ntfs-options-root': No such file or directory
ls: cannot access '/run/active-udisks-ntfs-options-root': No such file or directory
-rw-rw-r-- 1 selfauth selfauth 60 May 16 21:08 /tmp/active-udisks-ntfs-nosuid-user
ROOT_PROOF=no
May 16 21:08:02 508d797cbad0 udisksd[251674]: Set up loop device /dev/loop0 (backed by /home/selfauth/active-udisks-ntfs-options/ntfs-SYSTEMD_WANTS=ntfs-options-pwn.service.img)
active
running
0
