active UDisks ext4 setuid-image mount-option probe
2026-05-17T19:53:42+00:00

== default proof ==
PRETTY_NAME="Ubuntu 24.04.4 LTS"
NAME="Ubuntu"
VERSION_ID="24.04"
VERSION="24.04.4 LTS (Noble Numbat)"
VERSION_CODENAME=noble
ID=ubuntu
ID_LIKE=debian
HOME_URL="https://www.ubuntu.com/"
Linux bf51bb670420 6.10.14-linuxkit #1 SMP Sat May 17 08:28:57 UTC 2025 aarch64 aarch64 aarch64 GNU/Linux
uid=1001(attacker) gid=1001(attacker) groups=1001(attacker)
e2fsprogs	1.47.0-2.4~exp1ubuntu4.1	ii 
libudisks2-0:arm64	2.10.1-6ubuntu1.3	ii 
polkitd	124-2ubuntu1.24.04.3	ii 
systemd	255.4-1ubuntu8.15	ii 
udisks2	2.10.1-6ubuntu1.3	ii 
active
# /usr/lib/systemd/system/udisks2.service
[Unit]
Description=Disk Manager
Documentation=man:udisks(8)

[Service]
Type=dbus
BusName=org.freedesktop.UDisks2
ExecStart=/usr/libexec/udisks2/udisksd
KillSignal=SIGINT

[Install]
WantedBy=graphical.target
  <action id="org.freedesktop.udisks2.loop-setup">
    <description>Manage loop devices</description>
    <description xml:lang="zh_TW">管理迴圈裝置</description>
    <description xml:lang="zh_CN">管理回环设备</description>
    <description xml:lang="uk">Керування петльовими пристроями</description>
    <description xml:lang="tr">Döngü aygıtlarını yönet</description>
    <description xml:lang="sv">Hantera loop-enheter</description>
    <description xml:lang="sr">Управљајте уређајима петље</description>
    <description xml:lang="sl">Upravljaj z zančnimi napravami</description>
    <description xml:lang="sk">Spravovať zariadenia loop</description>
    <description xml:lang="ru">Управление петлевыми устройствами</description>
    <description xml:lang="pt_BR">Gerenciar dispositivos de loop</description>
    <description xml:lang="pl">Zarządzanie urządzeniami zwrotnymi</description>
    <description xml:lang="pa">ਲੂਪ ਜੰਤਰ ਪਰਬੰਧ</description>
    <description xml:lang="nn">Handsam loop-einingar</description>
    <description xml:lang="nl">Manage loop-devices</description>
    <description xml:lang="lv">Pārvaldīt cikla ierīces</description>
    <description xml:lang="lt">Tvarkyti ciklinius įrenginius</description>
    <description xml:lang="ko">루프 장치 관리</description>
    <description xml:lang="kk">Loop құрылғыларын басқару</description>
    <description xml:lang="ka">მარყუჟის მოწყობილობის მართვა</description>
    <description xml:lang="ja">ループデバイスを管理します。</description>
    <description xml:lang="it">Gestisce device di loop</description>
    <description xml:lang="id">Kelola perangkat loop</description>
    <description xml:lang="ia">Gerer dispositivos de bucla</description>
    <description xml:lang="hu">Hurokeszközök kezelése</description>
    <description xml:lang="hr">Upravljanje virtualnim uređajima</description>
    <description xml:lang="gl">Xestionar os dispositivos loop</description>
    <description xml:lang="fur">Gjestìs dispositîfs di loop</description>
    <description xml:lang="fr">Gérer les périphériques virtuels</description>
    <description xml:lang="es">Gestiona sus dispositivos de «loop»</description>
    <description xml:lang="en_GB">Manage loop devices</description>
    <description xml:lang="el">Διαχείριση συσκευών βρόχου</description>
    <description xml:lang="de">Schleifen-Geräte verwalten</description>
    <description xml:lang="da">Håndter loop-enheder</description>
    <description xml:lang="cs">Spravovat zařízení místních smyček</description>
    <description xml:lang="ca">Gestiona els dispositius de bucles</description>
    <description xml:lang="af">Bestuur lustoestelle</description>
    <message>Authentication is required to set up a loop device</message>
    <message xml:lang="zh_TW">要設置迴圈裝置需要先核對身分</message>
    <message xml:lang="zh_CN">设定回环设备需要身份验证</message>
    <message xml:lang="uk">Щоб отримати доступ до визначення петльового пристрою, слід пройти розпізнавання</message>
    <message xml:lang="tr">Döngü aygıtı kurmak için kimlik doğrulaması gerekli</message>
    <message xml:lang="sv">Autentisering krävs för att konfigurera en loop-enhet</message>
    <message xml:lang="sr">Потребно је потврђивање идентитета за подешавање уређаја петље</message>
    <message xml:lang="sl">Za vzpostavitev zančne naprave je zahtevana overitev.</message>
    <message xml:lang="sk">Nastavenie zariadenia loop vyžaduje overenie totožnosti</message>
    <message xml:lang="ru">Для настройки петлевого устройства требуется подтверждение подлинности пользователя</message>
    <message xml:lang="pt_BR">Autenticação é necessária para criar um dispositivo de loop</message>
    <message xml:lang="pl">Wymagane jest uwierzytelnienie, aby ustawić urządzenie zwrotne</message>
    <message xml:lang="nn">Treng autentisering for å setja opp ei loop-eining</message>
    <message xml:lang="nl">Authenticatie is vereist om een loop-device op te zetten</message>
    <message xml:lang="lv">Vajag autentificēties, lai iestatītu cikla ierīci</message>
    <message xml:lang="lt">Norint nustatyti ciklinį įrenginį, reikia patvirtinti tapatybę</message>
    <message xml:lang="ko">루프 장치를 설정하려면 인증이 필요합니다</message>
    <message xml:lang="kk">Loop құрылғысын жасау үшін аутентификация керек</message>
    <message xml:lang="ka">მარყუჟმოწყობილობის დაყენებას ავთენტიკაცია სჭირდება</message>
    <message xml:lang="ja">ループデバイスをセットアップするには、認証が必要です。</message>
    <message xml:lang="it">È richiesto autenticarsi per impostare il device di loop</message>
    <message xml:lang="id">Otentikasi diperlukan untuk menyiapkan suatu perangkat loop</message>
    <message xml:lang="ia">Authentication es necessari pro crear un dispositivo de bucla</message>
    <message xml:lang="hu">Hitelesítés szükséges egy hurokeszköz beállításához</message>
    <message xml:lang="hr">Potrebna je provjera za postavljanje virtualnog uređaja</message>
    <message xml:lang="gl">Debe autenticarse para configurar un dispositivo loop</message>
    <message xml:lang="fur">La autenticazion e je necessarie par configurâ un dispositîf di loop</message>
    <message xml:lang="fr">Une authentification est nécessaire pour configurer un périphérique virtuel</message>
    <message xml:lang="es">Se requiere autenticación para configurar un dispositivo de «loop»</message>
    <message xml:lang="en_GB">Authentication is required to set up a loop device</message>
    <message xml:lang="el">Απαιτείται πιστοποίηση για ρύθμιση μιας συσκευής βρόχου</message>
    <message xml:lang="de">Legitimierung ist zum Einrichten eines Schleifengeräts notwendig</message>
    <message xml:lang="da">Der kræves godkendelse for at opsætte en loop-enhed</message>
    <message xml:lang="cs">Pro nastavení zařízení místní smyčky je vyžadována autentizace</message>
    <message xml:lang="ca">Es requereix autenticació per gestionar els dispositius de bucles</message>
    <message xml:lang="af">Verifiëring is nodig om ’n lustoestel op te stel</message>
    <defaults>
      <allow_any>auth_admin</allow_any>
      <allow_inactive>auth_admin</allow_inactive>
      <!-- NOTE: this is not a DoS because we are using /dev/loop-control -->
      <allow_active>yes</allow_active>
    </defaults>
  </action>
  <action id="org.freedesktop.udisks2.filesystem-mount">
    <description>Mount a filesystem</description>
    <description xml:lang="zh_TW">掛載檔案系統</description>
    <description xml:lang="zh_CN">挂载文件系统</description>
    <description xml:lang="uk">Змонтувати файлову систему</description>
    <description xml:lang="tr">Bir dosya sistemi bağla</description>
    <description xml:lang="sv">Montera ett filsystem</description>
    <description xml:lang="sr">Прикачите систем датотека</description>
    <description xml:lang="sl">Priklopi datotečni sistem</description>
    <description xml:lang="sk">Pripojiť súborový systém</description>
    <description xml:lang="ru">Монтировать файловую систему</description>
    <description xml:lang="pt_BR">Montar um sistema de arquivos</description>
    <description xml:lang="pt">Montar um sistema de ficheiros</description>
    <description xml:lang="pl">Zamontowanie systemu plików</description>
    <description xml:lang="pa">ਫਾਇਲ ਸਿਸਟਮ ਮਾਊਂਟ ਕਰੋ</description>
    <description xml:lang="nn">Monter eit filsystem</description>
    <description xml:lang="nl">Koppel een bestandssysteem aan</description>
    <description xml:lang="lv">Montēt datņu sistēmu</description>
    <description xml:lang="lt">Prijungti failų sistemą</description>
    <description xml:lang="ko">파일 시스템 마운트</description>
    <description xml:lang="kk">Файлдық жүйені тіркеу</description>
    <description xml:lang="ka">ფაილური სისტემის მიმაგრება</description>
    <description xml:lang="ja">ファイルシステムをマウントします。</description>
    <description xml:lang="it">Monta un file system</description>
    <description xml:lang="id">Kaitkan suatu sistem berkas</description>
    <description xml:lang="ia">Montar un systema de files</description>
    <description xml:lang="hu">Fájlrendszer csatolása</description>
    <description xml:lang="hr">Montiraj datotečni sustav</description>
    <description xml:lang="gl">Modificar un sistema de ficheiros</description>
    <description xml:lang="fur">Monte un filesystem</description>
    <description xml:lang="fr">Monter un système de fichiers</description>
    <description xml:lang="fi">Liitä tiedostojärjestelmä</description>
    <description xml:lang="eu">Muntatu fitxategi-sistema bat</description>
    <description xml:lang="es">Montar un sistema de archivos</description>
    <description xml:lang="en_GB">Mount a filesystem</description>
    <description xml:lang="el">Προσάρτηση συστήματος αρχείων</description>
    <description xml:lang="de">Ein Dateisystem einhängen</description>
    <description xml:lang="da">Monter et filsystem</description>
    <description xml:lang="cs">Připojit souborový systém</description>
    <description xml:lang="ca">Munta un sistema de fitxers</description>
    <description xml:lang="af">Heg ’n lêerstelsel</description>
    <message>Authentication is required to mount the filesystem</message>
    <message xml:lang="zh_TW">要掛載檔案系統需要先核對身分</message>
    <message xml:lang="zh_CN">挂载文件系统需要身份验证</message>
    <message xml:lang="uk">Щоб змонтувати файлову систему, слід пройти розпізнавання</message>
    <message xml:lang="tr">Dosya sistemini bağlamak için kimlik doğrulaması gerekli</message>
    <message xml:lang="sv">Autentisering krävs för att montera filsystemet</message>
    <message xml:lang="sr">Потребно је потврђивање идентитета за прикачињање система датотека</message>
    <message xml:lang="sl">Za priklop datotečnega sistema je zahtevana overitev.</message>
    <message xml:lang="sk">Pripojenie súborového systému vyžaduje overenie totožnosti</message>
    <message xml:lang="ru">Для монтирования файловой системы требуется подтверждение подлинности пользователя</message>
    <message xml:lang="pt_BR">Autenticação é necessária para montar um sistema de arquivos</message>
    <message xml:lang="pt">É necessária autenticação para montar o sistema de ficheiros</message>
    <message xml:lang="pl">Wymagane jest uwierzytelnienie, aby zamontować system plików</message>
    <message xml:lang="pa">ਫਾਇਲ ਸਿਸਟਮ ਮਾਊਂਟ ਕਰਨ ਲਈ ਪਰਮਾਣਕਿਤਾ ਦੀ ਲੋੜ ਹੈ</message>
    <message xml:lang="nn">Treng autentisering for å montera filsystemet</message>
    <message xml:lang="nl">Authenticatie is vereist om het bestandssysteem aan te koppelen</message>
    <message xml:lang="lv">Vajag autentificēties, lai montētu datņu sistēmas</message>
    <message xml:lang="lt">Norint prijungti failų sistemą, reikia patvirtinti tapatybę</message>
    <message xml:lang="ko">파일 시스템을 마운트 하려면 인증이 필요합니다</message>
    <message xml:lang="kk">Файлдық жүйені тіркеу үшін аутентификация керек</message>
    <message xml:lang="ka">ფაილური სისტემის მისამაგრებლად საჭიროა ავტორიზაცია</message>
    <message xml:lang="ja">ファイルシステムをマウントするには、認証が必要です。</message>
    <message xml:lang="it">È richiesto autenticarsi per montare il file system</message>
    <message xml:lang="id">Otentikasi diperlukan untuk mengait sistem berkas</message>
    <message xml:lang="ia">Authentication es necessari pro montar le systema de files</message>
    <message xml:lang="hu">Hitelesítés szükséges a fájlrendszer csatolásához</message>
    <message xml:lang="hr">Potrebna je provjera za montiranje datotečnog sustava</message>
    <message xml:lang="gl">Debe autenticarse para montar o sistema de ficheiros</message>
    <message xml:lang="fur">La autenticazion e je necesarie par montâ il filesystem</message>
    <message xml:lang="fr">Une authentification est requise pour monter le système de fichiers</message>
    <message xml:lang="fi">Tunnistautuminen vaaditaan tiedostojärjestelmän liittämistä varten</message>
    <message xml:lang="eu">Autentifikazioa behar da fitxategi-sistema muntatzeko</message>
    <message xml:lang="es">Se requiere autenticación para montar el sistema de archivos</message>
    <message xml:lang="en_GB">Authentication is required to mount the filesystem</message>
    <message xml:lang="el">Απαιτείται πιστοποίηση για προσάρτηση συστήματος αρχείων</message>
    <message xml:lang="de">Legitimierung ist erforderlich, um ein Dateisystem einzuhängen</message>
    <message xml:lang="da">Der kræves godkendelse for at montere filsystemet</message>
    <message xml:lang="cs">Pro připojení souborového systému je vyžadována autentizace</message>
    <message xml:lang="ca">Es requereix autenticació per muntar el sistema de fitxers</message>
    <message xml:lang="af">Verifiëring is nodig om die lêerstelsel te heg</message>
    <defaults>
      <allow_any>auth_admin</allow_any>
      <allow_inactive>auth_admin</allow_inactive>
      <allow_active>yes</allow_active>
    </defaults>
  </action>

== active session proof ==
uid=1001(attacker) gid=1001(attacker) groups=1001(attacker)
/dev/tty8
XDG_SESSION_ID=118
User=1001
Name=attacker
Seat=seat0
TTY=tty8
Active=yes
State=active
org.freedesktop.udisks2.loop-setup rc=0
org.freedesktop.udisks2.filesystem-mount rc=0
org.freedesktop.udisks2.modify-device rc=0

== image preparation ==
debugfs 1.47.0 (5-Feb-2023)
Allocated inode: 12
debugfs 1.47.0 (5-Feb-2023)
debugfs 1.47.0 (5-Feb-2023)
debugfs 1.47.0 (5-Feb-2023)
-rw-rw-r-- 1 attacker attacker 100663296 May 17 19:53 /home/attacker/active-udisks-ext4-suid-20260517/ext4suid.img

== mount case: default ==
Mapped file /home/attacker/active-udisks-ext4-suid-20260517/ext4suid.img as /dev/loop0.
dev=/dev/loop0
Mounted /dev/loop0 at /media/attacker/EXT4SUID
mount_rc=0
/media/attacker/EXT4SUID /dev/loop0 ext4   rw,nosuid,nodev,relatime,errors=remount-ro
-rwsr-xr-x 4755 0:0 root:root /media/attacker/EXT4SUID/rootsuidbash
uid=1001(attacker) gid=1001(attacker) groups=1001(attacker)
/media/attacker/EXT4SUID/rootsuidbash: line 1: /root/active-udisks-ext4-suid-20260517-root: Permission denied
ls: cannot access '/root/active-udisks-ext4-suid-20260517-root': Permission denied
-rw-rw-r-- 1 attacker attacker 60 May 17 19:53 /tmp/active-udisks-ext4-suid-20260517-user
Unmounted /dev/loop0.

== mount case: exec ==
Mapped file /home/attacker/active-udisks-ext4-suid-20260517/ext4suid.img as /dev/loop0.
dev=/dev/loop0
Mounted /dev/loop0 at /media/attacker/EXT4SUID
mount_rc=0
/media/attacker/EXT4SUID /dev/loop0 ext4   rw,nosuid,nodev,relatime,errors=remount-ro
-rwsr-xr-x 4755 0:0 root:root /media/attacker/EXT4SUID/rootsuidbash
uid=1001(attacker) gid=1001(attacker) groups=1001(attacker)
/media/attacker/EXT4SUID/rootsuidbash: line 1: /root/active-udisks-ext4-suid-20260517-root: Permission denied
ls: cannot access '/root/active-udisks-ext4-suid-20260517-root': Permission denied
-rw-rw-r-- 1 attacker attacker 60 May 17 19:53 /tmp/active-udisks-ext4-suid-20260517-user
Unmounted /dev/loop0.

== mount case: suid ==
Mapped file /home/attacker/active-udisks-ext4-suid-20260517/ext4suid.img as /dev/loop0.
dev=/dev/loop0
Error mounting /dev/loop0: GDBus.Error:org.freedesktop.UDisks2.Error.OptionNotPermitted: Mount option `suid' is not allowed
mount_rc=1

== mount case: suid,exec ==
Mapped file /home/attacker/active-udisks-ext4-suid-20260517/ext4suid.img as /dev/loop0.
dev=/dev/loop0
Error mounting /dev/loop0: GDBus.Error:org.freedesktop.UDisks2.Error.OptionNotPermitted: Mount option `suid' is not allowed
mount_rc=1

== mount case: dev,suid,exec ==
Mapped file /home/attacker/active-udisks-ext4-suid-20260517/ext4suid.img as /dev/loop0.
dev=/dev/loop0
Error mounting /dev/loop0: GDBus.Error:org.freedesktop.UDisks2.Error.OptionNotPermitted: Mount option `dev' is not allowed
mount_rc=1

== mount case: nosuid ==
Mapped file /home/attacker/active-udisks-ext4-suid-20260517/ext4suid.img as /dev/loop0.
dev=/dev/loop0
Mounted /dev/loop0 at /media/attacker/EXT4SUID
mount_rc=0
/media/attacker/EXT4SUID /dev/loop0 ext4   rw,nosuid,nodev,relatime,errors=remount-ro
-rwsr-xr-x 4755 0:0 root:root /media/attacker/EXT4SUID/rootsuidbash
uid=1001(attacker) gid=1001(attacker) groups=1001(attacker)
/media/attacker/EXT4SUID/rootsuidbash: line 1: /root/active-udisks-ext4-suid-20260517-root: Permission denied
ls: cannot access '/root/active-udisks-ext4-suid-20260517-root': Permission denied
-rw-rw-r-- 1 attacker attacker 60 May 17 19:53 /tmp/active-udisks-ext4-suid-20260517-user
Unmounted /dev/loop0.


== root proof and cleanup precheck ==
ls: cannot access '/root/active-udisks-ext4-suid-20260517-root': No such file or directory
-rw-rw-r-- 1 attacker attacker 60 May 17 19:53 /tmp/active-udisks-ext4-suid-20260517-user
ROOT_PROOF=no
running
  UNIT LOAD ACTIVE SUB DESCRIPTION

0 loaded units listed.
