## target/default reachability
PRETTY_NAME="Ubuntu 24.04.4 LTS"
NAME="Ubuntu"
VERSION_ID="24.04"
VERSION="24.04.4 LTS (Noble Numbat)"
VERSION_CODENAME=noble
ID=ubuntu
Linux 4f5b414436ae 6.10.14-linuxkit #1 SMP Sat May 17 08:28:57 UTC 2025 aarch64 aarch64 aarch64 GNU/Linux
uid=1001(attacker) gid=1001(attacker) groups=1001(attacker)
uid=1002(selfauth) gid=1002(selfauth) groups=1002(selfauth)

## package versions
mdadm	4.3-1ubuntu2.1	ii 
policykit-1		un 
polkitd	124-2ubuntu1.24.04.3	ii 
systemd	255.4-1ubuntu8.15	ii 
udev	255.4-1ubuntu8.15	ii 
udisks2	2.10.1-6ubuntu1.3	ii 

## default mdadm/udisks units
UNIT FILE                  STATE   PRESET
mdadm-last-resort@.service static  -
mdmon@.service             static  -
mdmonitor-oneshot.service  static  -
mdmonitor.service          static  -
udisks2.service            enabled enabled
mdadm-last-resort@.timer   static  -

6 unit files listed.
  UNIT            LOAD   ACTIVE SUB     DESCRIPTION
  udisks2.service loaded active running Disk Manager

Legend: LOAD   → Reflects whether the unit definition was properly loaded.
        ACTIVE → The high-level unit activation state, i.e. generalization of SUB.
        SUB    → The low-level unit activation state, values depend on unit type.

1 loaded units listed.
To show all installed unit files use 'systemctl list-unit-files'.

## md kernel support in this docker target
md_mod sysfs absent

## active-user UDisks loop setup policy
  <action id="org.freedesktop.udisks2.loop-setup">
    <description>Manage loop devices</description>
    <description xml:lang="zh_TW">管理迴圈裝置</description>
    <description xml:lang="zh_CN">管理回环设备</description>
    <description xml:lang="uk">Керування петльовими пристроями</description>
    <description xml:lang="tr">Döngü aygıtlarını yönet</description>
    <description xml:lang="sv">Hantera loop-enheter</description>
    <description xml:lang="sr">Управљајте уређајима петље</description>
    <description xml:lang="sl">Upravljaj z zančnimi napravami</description>
    <description xml:lang="sk">Spravovať zariadenia loop</description>
    <description xml:lang="ru">Управление петлевыми устройствами</description>
    <description xml:lang="pt_BR">Gerenciar dispositivos de loop</description>
    <description xml:lang="pl">Zarządzanie urządzeniami zwrotnymi</description>
    <description xml:lang="pa">ਲੂਪ ਜੰਤਰ ਪਰਬੰਧ</description>
    <description xml:lang="nn">Handsam loop-einingar</description>
    <description xml:lang="nl">Manage loop-devices</description>
    <description xml:lang="lv">Pārvaldīt cikla ierīces</description>
    <description xml:lang="lt">Tvarkyti ciklinius įrenginius</description>
    <description xml:lang="ko">루프 장치 관리</description>
    <description xml:lang="kk">Loop құрылғыларын басқару</description>
    <description xml:lang="ka">მარყუჟის მოწყობილობის მართვა</description>
    <description xml:lang="ja">ループデバイスを管理します。</description>
    <description xml:lang="it">Gestisce device di loop</description>
    <description xml:lang="id">Kelola perangkat loop</description>
    <description xml:lang="ia">Gerer dispositivos de bucla</description>
    <description xml:lang="hu">Hurokeszközök kezelése</description>
    <description xml:lang="hr">Upravljanje virtualnim uređajima</description>
    <description xml:lang="gl">Xestionar os dispositivos loop</description>
    <description xml:lang="fur">Gjestìs dispositîfs di loop</description>
    <description xml:lang="fr">Gérer les périphériques virtuels</description>
    <description xml:lang="es">Gestiona sus dispositivos de «loop»</description>
    <description xml:lang="en_GB">Manage loop devices</description>
    <description xml:lang="el">Διαχείριση συσκευών βρόχου</description>
    <description xml:lang="de">Schleifen-Geräte verwalten</description>
    <description xml:lang="da">Håndter loop-enheder</description>
    <description xml:lang="cs">Spravovat zařízení místních smyček</description>
    <description xml:lang="ca">Gestiona els dispositius de bucles</description>
    <description xml:lang="af">Bestuur lustoestelle</description>
    <message>Authentication is required to set up a loop device</message>
    <message xml:lang="zh_TW">要設置迴圈裝置需要先核對身分</message>
    <message xml:lang="zh_CN">设定回环设备需要身份验证</message>
    <message xml:lang="uk">Щоб отримати доступ до визначення петльового пристрою, слід пройти розпізнавання</message>
    <message xml:lang="tr">Döngü aygıtı kurmak için kimlik doğrulaması gerekli</message>
    <message xml:lang="sv">Autentisering krävs för att konfigurera en loop-enhet</message>
    <message xml:lang="sr">Потребно је потврђивање идентитета за подешавање уређаја петље</message>
    <message xml:lang="sl">Za vzpostavitev zančne naprave je zahtevana overitev.</message>
    <message xml:lang="sk">Nastavenie zariadenia loop vyžaduje overenie totožnosti</message>
    <message xml:lang="ru">Для настройки петлевого устройства требуется подтверждение подлинности пользователя</message>
    <message xml:lang="pt_BR">Autenticação é necessária para criar um dispositivo de loop</message>
    <message xml:lang="pl">Wymagane jest uwierzytelnienie, aby ustawić urządzenie zwrotne</message>
    <message xml:lang="nn">Treng autentisering for å setja opp ei loop-eining</message>
    <message xml:lang="nl">Authenticatie is vereist om een loop-device op te zetten</message>
    <message xml:lang="lv">Vajag autentificēties, lai iestatītu cikla ierīci</message>
    <message xml:lang="lt">Norint nustatyti ciklinį įrenginį, reikia patvirtinti tapatybę</message>
    <message xml:lang="ko">루프 장치를 설정하려면 인증이 필요합니다</message>
    <message xml:lang="kk">Loop құрылғысын жасау үшін аутентификация керек</message>
    <message xml:lang="ka">მარყუჟმოწყობილობის დაყენებას ავთენტიკაცია სჭირდება</message>
    <message xml:lang="ja">ループデバイスをセットアップするには、認証が必要です。</message>
    <message xml:lang="it">È richiesto autenticarsi per impostare il device di loop</message>
    <message xml:lang="id">Otentikasi diperlukan untuk menyiapkan suatu perangkat loop</message>
    <message xml:lang="ia">Authentication es necessari pro crear un dispositivo de bucla</message>
    <message xml:lang="hu">Hitelesítés szükséges egy hurokeszköz beállításához</message>
    <message xml:lang="hr">Potrebna je provjera za postavljanje virtualnog uređaja</message>
    <message xml:lang="gl">Debe autenticarse para configurar un dispositivo loop</message>
    <message xml:lang="fur">La autenticazion e je necessarie par configurâ un dispositîf di loop</message>
    <message xml:lang="fr">Une authentification est nécessaire pour configurer un périphérique virtuel</message>
    <message xml:lang="es">Se requiere autenticación para configurar un dispositivo de «loop»</message>
    <message xml:lang="en_GB">Authentication is required to set up a loop device</message>
    <message xml:lang="el">Απαιτείται πιστοποίηση για ρύθμιση μιας συσκευής βρόχου</message>
    <message xml:lang="de">Legitimierung ist zum Einrichten eines Schleifengeräts notwendig</message>
    <message xml:lang="da">Der kræves godkendelse for at opsætte en loop-enhed</message>
    <message xml:lang="cs">Pro nastavení zařízení místní smyčky je vyžadována autentizace</message>
    <message xml:lang="ca">Es requereix autenticació per gestionar els dispositius de bucles</message>
    <message xml:lang="af">Verifiëring is nodig om ’n lustoestel op te stel</message>
    <defaults>
      <allow_any>auth_admin</allow_any>
      <allow_inactive>auth_admin</allow_inactive>
      <!-- NOTE: this is not a DoS because we are using /dev/loop-control -->
      <allow_active>yes</allow_active>
    </defaults>
  </action>

## default root rules/units under test
    34	LABEL="md_inc"
    35	
    36	# Bare disks are ready when add event happens, the raid can be assembled.
    37	ACTION=="change", KERNEL!="dm-*|md*", GOTO="md_inc_end"
    38	
    39	# remember you can limit what gets auto/incrementally assembled by
    40	# mdadm.conf(5)'s 'AUTO' and selectively whitelist using 'ARRAY'
    41	ACTION!="remove", IMPORT{program}="/sbin/mdadm --incremental --export $devnode --offroot $env{DEVLINKS}"
    42	ACTION!="remove", ENV{MD_STARTED}=="*unsafe*", ENV{MD_FOREIGN}=="no", ENV{SYSTEMD_WANTS}+="mdadm-last-resort@$env{MD_DEVICE}.timer"
    43	
    44	ACTION=="remove", ENV{ID_PATH}=="?*", RUN+="/sbin/mdadm -If $name --path $env{ID_PATH}"
    45	ACTION=="remove", ENV{ID_PATH}!="?*", RUN+="/sbin/mdadm -If $name"
    21	IMPORT{program}="/sbin/mdadm --detail --no-devices --export $devnode"
    22	ENV{DEVTYPE}=="disk", ENV{MD_NAME}=="?*", SYMLINK+="disk/by-id/md-name-$env{MD_NAME}", OPTIONS+="string_escape=replace"
    23	ENV{DEVTYPE}=="disk", ENV{MD_UUID}=="?*", SYMLINK+="disk/by-id/md-uuid-$env{MD_UUID}"
    24	ENV{DEVTYPE}=="disk", ENV{MD_DEVNAME}=="?*", SYMLINK+="md/$env{MD_DEVNAME}"
    25	ENV{DEVTYPE}=="partition", ENV{MD_NAME}=="?*", SYMLINK+="disk/by-id/md-name-$env{MD_NAME}-part%n", OPTIONS+="string_escape=replace"
    26	ENV{DEVTYPE}=="partition", ENV{MD_UUID}=="?*", SYMLINK+="disk/by-id/md-uuid-$env{MD_UUID}-part%n"
    27	ENV{DEVTYPE}=="partition", ENV{MD_DEVNAME}=="*[^0-9]", SYMLINK+="md/$env{MD_DEVNAME}%n"
    28	ENV{DEVTYPE}=="partition", ENV{MD_DEVNAME}=="*[0-9]", SYMLINK+="md/$env{MD_DEVNAME}p%n"
    29	
    30	IMPORT{builtin}="blkid"
    31	OPTIONS+="link_priority=100"
    32	OPTIONS+="watch"
    33	ENV{ID_FS_USAGE}=="filesystem|other|crypto", ENV{ID_FS_UUID_ENC}=="?*", SYMLINK+="disk/by-uuid/$env{ID_FS_UUID_ENC}"
    34	ENV{ID_FS_USAGE}=="filesystem|other", ENV{ID_PART_ENTRY_UUID}=="?*", SYMLINK+="disk/by-partuuid/$env{ID_PART_ENTRY_UUID}"
    35	ENV{ID_FS_USAGE}=="filesystem|other", ENV{ID_FS_LABEL_ENC}=="?*", SYMLINK+="disk/by-label/$env{ID_FS_LABEL_ENC}"
    36	
    37	ENV{MD_LEVEL}=="raid[1-9]*", ENV{SYSTEMD_WANTS}+="mdmonitor.service"
    38	
    39	# Tell systemd to run mdmon for our container, if we need it.
    40	ENV{MD_LEVEL}=="raid[1-9]*", ENV{MD_CONTAINER}=="?*", PROGRAM="/bin/readlink $env{MD_CONTAINER}", ENV{MD_MON_THIS}="%c"
    41	ENV{MD_MON_THIS}=="?*", TEST=="/etc/initrd-release", PROGRAM="/bin/basename $env{MD_MON_THIS}", ENV{SYSTEMD_WANTS}+="mdmon@initrd-%c.service"
    42	ENV{MD_MON_THIS}=="?*", TEST!="/etc/initrd-release", PROGRAM="/bin/basename $env{MD_MON_THIS}", ENV{SYSTEMD_WANTS}+="mdmon@%c.service"
    43	ENV{RESHAPE_ACTIVE}=="yes", PROGRAM="/bin/basename $env{MD_MON_THIS}", ENV{SYSTEMD_WANTS}+="mdadm-grow-continue@%c.service"
    18	# TODO: file bug against mdadm(8) to have --export-prefix option that can be used with e.g. UDISKS_MD_MEMBER
    19	#
    20	SUBSYSTEM=="block", ENV{ID_FS_USAGE}=="raid", ENV{ID_FS_TYPE}=="linux_raid_member", ENV{UDISKS_MD_MEMBER_LEVEL}=="", IMPORT{program}="/bin/sh -c '/sbin/mdadm --examine --export $tempnode | /bin/sed s/^MD_/UDISKS_MD_MEMBER_/g'"
    21	
    22	SUBSYSTEM=="block", KERNEL=="md*", ENV{DEVTYPE}!="partition", IMPORT{program}="/bin/sh -c '/sbin/mdadm --detail --export $tempnode | /bin/sed s/^MD_/UDISKS_MD_/g'"
    23	
### /usr/lib/systemd/system/mdadm-last-resort@.service
     1	[Unit]
     2	Description=Activate md array %I even though degraded
     3	DefaultDependencies=no
     4	ConditionPathExists=!/sys/devices/virtual/block/%i/md/sync_action
     5	Documentation=man:mdadm(8)
     6	
     7	[Service]
     8	Type=oneshot
     9	ExecStart=/sbin/mdadm --run /dev/%i
### /usr/lib/systemd/system/mdadm-last-resort@.timer
     1	[Unit]
     2	Description=Timer to wait for more drives before activating degraded array %I.
     3	DefaultDependencies=no
     4	Conflicts=sys-devices-virtual-block-%i.device
     5	
     6	[Timer]
     7	OnActiveSec=30
### /usr/lib/systemd/system/mdmonitor.service
     1	#  This file is part of mdadm.
     2	#
     3	#  mdadm is free software; you can redistribute it and/or modify it
     4	#  under the terms of the GNU General Public License as published by
     5	#  the Free Software Foundation; either version 2 of the License, or
     6	#  (at your option) any later version.
     7	
     8	[Unit]
     9	Description=MD array monitor
    10	DefaultDependencies=no
    11	Documentation=man:mdadm(8)
    12	
    13	[Service]
    14	ExecStart=/sbin/mdadm --monitor --scan
### /usr/lib/systemd/system/mdmon@.service
     1	#  This file is part of mdadm.
     2	#
     3	#  mdadm is free software; you can redistribute it and/or modify it
     4	#  under the terms of the GNU General Public License as published by
     5	#  the Free Software Foundation; either version 2 of the License, or
     6	#  (at your option) any later version.
     7	
     8	[Unit]
     9	Description=MD Metadata Monitor on %I
    10	DefaultDependencies=no
    11	Before=initrd-switch-root.target
    12	Documentation=man:mdmon(8)
    13	# Allow mdmon to keep running after switchroot, until a new
    14	# instance is started.
    15	IgnoreOnIsolate=true
    16	
    17	[Service]
    18	# The mdmon starting in the initramfs (with dracut at least)
    19	# cannot see sysfs after root is mounted, so we will have to
    20	# 'takeover'.  As the '--offroot --takeover' don't hurt when
    21	# not necessary, are are useful with root-on-md in dracut,
    22	# have them always present.
    23	ExecStart=/sbin/mdmon --foreground --offroot --takeover %I
    24	# Don't set the PIDFile.  It isn't necessary (systemd can work
    25	# it out) and systemd will remove it when transitioning from
    26	# initramfs to rootfs.
    27	#PIDFile=/run/mdadm/%I.pid
    28	# The default slice is system-mdmon.slice which Conflicts
    29	# with shutdown, causing mdmon to exit early.  So use system.slice.
    30	Slice=system.slice

## crafted member metadata as supplied bytes
/home/selfauth/active-udisks-mdadm-assembly/mdprobe.service/a.img 67108864 bytes
/home/selfauth/active-udisks-mdadm-assembly/mdprobe.service/b.img 67108864 bytes
/home/selfauth/active-udisks-mdadm-assembly/mdprobe_ok/a.img 67108864 bytes
/home/selfauth/active-udisks-mdadm-assembly/mdprobe_ok/b.img 67108864 bytes
/home/selfauth/active-udisks-mdadm-assembly/newline_wants/a.img 67108864 bytes
/home/selfauth/active-udisks-mdadm-assembly/newline_wants/b.img 67108864 bytes
### mdadm --examine --export /home/selfauth/active-udisks-mdadm-assembly/mdprobe.service/a.img
MD_LEVEL=raid1
MD_DEVICES=2
MD_NAME=mdprobe.service
MD_ARRAY_SIZE=61.44MB
MD_UUID=223f84a9:05879742:78ff3ff1:6c366dc4
MD_UPDATE_TIME=1778949747
MD_DEV_UUID=56672596:213652a7:a25fcd7d:d51937a2
MD_EVENTS=1
### mdadm --examine name /home/selfauth/active-udisks-mdadm-assembly/mdprobe.service/a.img
           Name : mdprobe.service
  Creation Time : Sat May 16 16:42:27 2026
     Raid Level : raid1
   Raid Devices : 2

 Avail Dev Size : 120000 sectors (58.59 MiB 61.44 MB)
     Array Size : 60000 KiB (58.59 MiB 61.44 MB)
    Data Offset : 2048 sectors
### mdadm --examine --export /home/selfauth/active-udisks-mdadm-assembly/mdprobe_ok/a.img
MD_LEVEL=raid1
MD_DEVICES=2
MD_NAME=mdprobe_ok
MD_ARRAY_SIZE=61.44MB
MD_UUID=456a8200:3a8c09ef:8da3d627:3dae6993
MD_UPDATE_TIME=1778949747
MD_DEV_UUID=6d5ab639:82b8d4fe:3f8e3c11:a27ae723
MD_EVENTS=1
### mdadm --examine name /home/selfauth/active-udisks-mdadm-assembly/mdprobe_ok/a.img
           Name : mdprobe_ok
  Creation Time : Sat May 16 16:42:27 2026
     Raid Level : raid1
   Raid Devices : 2

 Avail Dev Size : 120000 sectors (58.59 MiB 61.44 MB)
     Array Size : 60000 KiB (58.59 MiB 61.44 MB)
    Data Offset : 2048 sectors
### mdadm --examine --export /home/selfauth/active-udisks-mdadm-assembly/newline_wants/a.img
MD_LEVEL=raid1
MD_DEVICES=2
MD_NAME=mdprobe
MD_ARRAY_SIZE=61.44MB
MD_UUID=445dc334:341d3198:0e1efe13:91156815
MD_UPDATE_TIME=1778949747
MD_DEV_UUID=342b9c22:ddec1dc4:b6cbd64d:be045aeb
MD_EVENTS=1
### mdadm --examine name /home/selfauth/active-udisks-mdadm-assembly/newline_wants/a.img
           Name : mdprobe
SYSTEMD_WANTS=active-udi
  Creation Time : Sat May 16 16:42:27 2026
     Raid Level : raid1
   Raid Devices : 2

 Avail Dev Size : 120000 sectors (58.59 MiB 61.44 MB)
     Array Size : 60000 KiB (58.59 MiB 61.44 MB)

## active selfauth UDisks trigger
uid=1002(selfauth) gid=1002(selfauth) groups=1002(selfauth)
/dev/tty1
XDG_SESSION_ID=42
Id=42
User=1002
Name=selfauth
Seat=seat0
TTY=tty1
Remote=no
Type=tty
Class=user
Active=yes
State=active
## udisks loop setup /home/selfauth/active-udisks-mdadm-assembly/mdprobe.service/a.img
Mapped file /home/selfauth/active-udisks-mdadm-assembly/mdprobe.service/a.img as /dev/loop0.
## udisks loop setup /home/selfauth/active-udisks-mdadm-assembly/mdprobe.service/b.img
Mapped file /home/selfauth/active-udisks-mdadm-assembly/mdprobe.service/b.img as /dev/loop1.
## udisks loop setup /home/selfauth/active-udisks-mdadm-assembly/mdprobe_ok/a.img
Mapped file /home/selfauth/active-udisks-mdadm-assembly/mdprobe_ok/a.img as /dev/loop2.
## udisks loop setup /home/selfauth/active-udisks-mdadm-assembly/mdprobe_ok/b.img
Mapped file /home/selfauth/active-udisks-mdadm-assembly/mdprobe_ok/b.img as /dev/loop3.
## udisks loop setup /home/selfauth/active-udisks-mdadm-assembly/newline_wants/a.img
Mapped file /home/selfauth/active-udisks-mdadm-assembly/newline_wants/a.img as /dev/loop4.
## udisks loop setup /home/selfauth/active-udisks-mdadm-assembly/newline_wants/b.img
Mapped file /home/selfauth/active-udisks-mdadm-assembly/newline_wants/b.img as /dev/loop5.
## selfauth-visible block state
NAME="loop0" TYPE="loop" FSTYPE="linux_raid_member" LABEL="mdprobe.service" UUID="223f84a9-0587-9742-78ff-3ff16c366dc4" MOUNTPOINT="" PATH="/dev/loop0"
NAME="loop1" TYPE="loop" FSTYPE="linux_raid_member" LABEL="mdprobe.service" UUID="223f84a9-0587-9742-78ff-3ff16c366dc4" MOUNTPOINT="" PATH="/dev/loop1"
NAME="loop2" TYPE="loop" FSTYPE="linux_raid_member" LABEL="mdprobe_ok" UUID="456a8200-3a8c-09ef-8da3-d6273dae6993" MOUNTPOINT="" PATH="/dev/loop2"
NAME="loop3" TYPE="loop" FSTYPE="linux_raid_member" LABEL="mdprobe_ok" UUID="456a8200-3a8c-09ef-8da3-d6273dae6993" MOUNTPOINT="" PATH="/dev/loop3"
NAME="loop4" TYPE="loop" FSTYPE="linux_raid_member" LABEL="mdprobe\x0aSYSTEMD_WANTS=active-udi" UUID="445dc334-341d-3198-0e1e-fe1391156815" MOUNTPOINT="" PATH="/dev/loop4"
NAME="loop5" TYPE="loop" FSTYPE="linux_raid_member" LABEL="mdprobe\x0aSYSTEMD_WANTS=active-udi" UUID="445dc334-341d-3198-0e1e-fe1391156815" MOUNTPOINT="" PATH="/dev/loop5"
NAME="nbd0" TYPE="disk" FSTYPE="" LABEL="" UUID="" MOUNTPOINT="" PATH="/dev/nbd0"
NAME="nbd1" TYPE="disk" FSTYPE="" LABEL="" UUID="" MOUNTPOINT="" PATH="/dev/nbd1"
NAME="nbd2" TYPE="disk" FSTYPE="" LABEL="" UUID="" MOUNTPOINT="" PATH="/dev/nbd2"
NAME="nbd3" TYPE="disk" FSTYPE="" LABEL="" UUID="" MOUNTPOINT="" PATH="/dev/nbd3"
NAME="nbd4" TYPE="disk" FSTYPE="" LABEL="" UUID="" MOUNTPOINT="" PATH="/dev/nbd4"
NAME="nbd5" TYPE="disk" FSTYPE="" LABEL="" UUID="" MOUNTPOINT="" PATH="/dev/nbd5"
NAME="nbd6" TYPE="disk" FSTYPE="" LABEL="" UUID="" MOUNTPOINT="" PATH="/dev/nbd6"
NAME="nbd7" TYPE="disk" FSTYPE="" LABEL="" UUID="" MOUNTPOINT="" PATH="/dev/nbd7"
NAME="vda" TYPE="disk" FSTYPE="" LABEL="" UUID="" MOUNTPOINT="" PATH="/dev/vda"
NAME="vda1" TYPE="part" FSTYPE="ext4" LABEL="" UUID="55897b87-5d1f-4f12-8931-37b6e249877b" MOUNTPOINT="/etc/hosts" PATH="/dev/vda1"
NAME="vdb" TYPE="disk" FSTYPE="erofs" LABEL="" UUID="27685418-1790-40c3-bbc1-ea2342957362" MOUNTPOINT="" PATH="/dev/vdb"
NAME="nbd8" TYPE="disk" FSTYPE="" LABEL="" UUID="" MOUNTPOINT="" PATH="/dev/nbd8"
NAME="nbd9" TYPE="disk" FSTYPE="" LABEL="" UUID="" MOUNTPOINT="" PATH="/dev/nbd9"
NAME="nbd10" TYPE="disk" FSTYPE="" LABEL="" UUID="" MOUNTPOINT="" PATH="/dev/nbd10"
NAME="nbd11" TYPE="disk" FSTYPE="" LABEL="" UUID="" MOUNTPOINT="" PATH="/dev/nbd11"
NAME="nbd12" TYPE="disk" FSTYPE="" LABEL="" UUID="" MOUNTPOINT="" PATH="/dev/nbd12"
NAME="nbd13" TYPE="disk" FSTYPE="" LABEL="" UUID="" MOUNTPOINT="" PATH="/dev/nbd13"
NAME="nbd14" TYPE="disk" FSTYPE="" LABEL="" UUID="" MOUNTPOINT="" PATH="/dev/nbd14"
NAME="nbd15" TYPE="disk" FSTYPE="" LABEL="" UUID="" MOUNTPOINT="" PATH="/dev/nbd15"
## loop properties
### /dev/loop0
DEVLINKS=/dev/disk/by-loop-inode/0:60-5425831 /dev/disk/by-diskseq/148
DEVNAME=/dev/loop0
ID_FS_LABEL=mdprobe.service
ID_FS_LABEL_ENC=mdprobe.service
ID_FS_TYPE=linux_raid_member
ID_FS_USAGE=raid
ID_FS_UUID=223f84a9-0587-9742-78ff-3ff16c366dc4
ID_FS_UUID_ENC=223f84a9-0587-9742-78ff-3ff16c366dc4
ID_FS_UUID_SUB=56672596-2136-52a7-a25f-cd7dd51937a2
ID_FS_UUID_SUB_ENC=56672596-2136-52a7-a25f-cd7dd51937a2
ID_FS_VERSION=1.2
UDISKS_MD_MEMBER_ARRAY_SIZE=61.44MB
UDISKS_MD_MEMBER_DEVICES=2
UDISKS_MD_MEMBER_DEV_UUID=56672596:213652a7:a25fcd7d:d51937a2
UDISKS_MD_MEMBER_EVENTS=1
UDISKS_MD_MEMBER_LEVEL=raid1
UDISKS_MD_MEMBER_NAME=mdprobe.service
UDISKS_MD_MEMBER_UPDATE_TIME=1778949747
UDISKS_MD_MEMBER_UUID=223f84a9:05879742:78ff3ff1:6c366dc4
### /dev/loop1
DEVLINKS=/dev/disk/by-loop-inode/0:60-5425832 /dev/disk/by-diskseq/149
DEVNAME=/dev/loop1
ID_FS_LABEL=mdprobe.service
ID_FS_LABEL_ENC=mdprobe.service
ID_FS_TYPE=linux_raid_member
ID_FS_USAGE=raid
ID_FS_UUID=223f84a9-0587-9742-78ff-3ff16c366dc4
ID_FS_UUID_ENC=223f84a9-0587-9742-78ff-3ff16c366dc4
ID_FS_UUID_SUB=c3287459-44e6-11c2-ee3f-34e93d962c43
ID_FS_UUID_SUB_ENC=c3287459-44e6-11c2-ee3f-34e93d962c43
ID_FS_VERSION=1.2
UDISKS_MD_MEMBER_ARRAY_SIZE=61.44MB
UDISKS_MD_MEMBER_DEVICES=2
UDISKS_MD_MEMBER_DEV_UUID=c3287459:44e611c2:ee3f34e9:3d962c43
UDISKS_MD_MEMBER_EVENTS=1
UDISKS_MD_MEMBER_LEVEL=raid1
UDISKS_MD_MEMBER_NAME=mdprobe.service
UDISKS_MD_MEMBER_UPDATE_TIME=1778949747
UDISKS_MD_MEMBER_UUID=223f84a9:05879742:78ff3ff1:6c366dc4
### /dev/loop2
DEVLINKS=/dev/disk/by-diskseq/150 /dev/disk/by-loop-inode/0:60-5425828
DEVNAME=/dev/loop2
ID_FS_LABEL=mdprobe_ok
ID_FS_LABEL_ENC=mdprobe_ok
ID_FS_TYPE=linux_raid_member
ID_FS_USAGE=raid
ID_FS_UUID=456a8200-3a8c-09ef-8da3-d6273dae6993
ID_FS_UUID_ENC=456a8200-3a8c-09ef-8da3-d6273dae6993
ID_FS_UUID_SUB=6d5ab639-82b8-d4fe-3f8e-3c11a27ae723
ID_FS_UUID_SUB_ENC=6d5ab639-82b8-d4fe-3f8e-3c11a27ae723
ID_FS_VERSION=1.2
UDISKS_MD_MEMBER_ARRAY_SIZE=61.44MB
UDISKS_MD_MEMBER_DEVICES=2
UDISKS_MD_MEMBER_DEV_UUID=6d5ab639:82b8d4fe:3f8e3c11:a27ae723
UDISKS_MD_MEMBER_EVENTS=1
UDISKS_MD_MEMBER_LEVEL=raid1
UDISKS_MD_MEMBER_NAME=mdprobe_ok
UDISKS_MD_MEMBER_UPDATE_TIME=1778949747
UDISKS_MD_MEMBER_UUID=456a8200:3a8c09ef:8da3d627:3dae6993
### /dev/loop3
DEVLINKS=/dev/disk/by-loop-inode/0:60-5425829 /dev/disk/by-diskseq/151
DEVNAME=/dev/loop3
ID_FS_LABEL=mdprobe_ok
ID_FS_LABEL_ENC=mdprobe_ok
ID_FS_TYPE=linux_raid_member
ID_FS_USAGE=raid
ID_FS_UUID=456a8200-3a8c-09ef-8da3-d6273dae6993
ID_FS_UUID_ENC=456a8200-3a8c-09ef-8da3-d6273dae6993
ID_FS_UUID_SUB=000047ef-67f2-0bc7-8fe6-4ec352cf43d8
ID_FS_UUID_SUB_ENC=000047ef-67f2-0bc7-8fe6-4ec352cf43d8
ID_FS_VERSION=1.2
UDISKS_MD_MEMBER_ARRAY_SIZE=61.44MB
UDISKS_MD_MEMBER_DEVICES=2
UDISKS_MD_MEMBER_DEV_UUID=000047ef:67f20bc7:8fe64ec3:52cf43d8
UDISKS_MD_MEMBER_EVENTS=1
UDISKS_MD_MEMBER_LEVEL=raid1
UDISKS_MD_MEMBER_NAME=mdprobe_ok
UDISKS_MD_MEMBER_UPDATE_TIME=1778949747
UDISKS_MD_MEMBER_UUID=456a8200:3a8c09ef:8da3d627:3dae6993
### /dev/loop4
DEVLINKS=/dev/disk/by-diskseq/152 /dev/disk/by-loop-inode/0:60-5425834
DEVNAME=/dev/loop4
ID_FS_LABEL=mdprobe_SYSTEMD_WANTS=active-udi
ID_FS_LABEL_ENC=mdprobe\x0aSYSTEMD_WANTS=active-udi
ID_FS_TYPE=linux_raid_member
ID_FS_USAGE=raid
ID_FS_UUID=445dc334-341d-3198-0e1e-fe1391156815
ID_FS_UUID_ENC=445dc334-341d-3198-0e1e-fe1391156815
ID_FS_UUID_SUB=342b9c22-ddec-1dc4-b6cb-d64dbe045aeb
ID_FS_UUID_SUB_ENC=342b9c22-ddec-1dc4-b6cb-d64dbe045aeb
ID_FS_VERSION=1.2
UDISKS_MD_MEMBER_ARRAY_SIZE=61.44MB
UDISKS_MD_MEMBER_DEVICES=2
UDISKS_MD_MEMBER_DEV_UUID=342b9c22:ddec1dc4:b6cbd64d:be045aeb
UDISKS_MD_MEMBER_EVENTS=1
UDISKS_MD_MEMBER_LEVEL=raid1
UDISKS_MD_MEMBER_NAME=mdprobe
UDISKS_MD_MEMBER_UPDATE_TIME=1778949747
UDISKS_MD_MEMBER_UUID=445dc334:341d3198:0e1efe13:91156815
### /dev/loop5
DEVLINKS=/dev/disk/by-diskseq/153 /dev/disk/by-loop-inode/0:60-5425835
DEVNAME=/dev/loop5
ID_FS_LABEL=mdprobe_SYSTEMD_WANTS=active-udi
ID_FS_LABEL_ENC=mdprobe\x0aSYSTEMD_WANTS=active-udi
ID_FS_TYPE=linux_raid_member
ID_FS_USAGE=raid
ID_FS_UUID=445dc334-341d-3198-0e1e-fe1391156815
ID_FS_UUID_ENC=445dc334-341d-3198-0e1e-fe1391156815
ID_FS_UUID_SUB=11d50114-ab53-af1e-e494-be72f4c2d303
ID_FS_UUID_SUB_ENC=11d50114-ab53-af1e-e494-be72f4c2d303
ID_FS_VERSION=1.2
UDISKS_MD_MEMBER_ARRAY_SIZE=61.44MB
UDISKS_MD_MEMBER_DEVICES=2
UDISKS_MD_MEMBER_DEV_UUID=11d50114:ab53af1e:e494be72:f4c2d303
UDISKS_MD_MEMBER_EVENTS=1
UDISKS_MD_MEMBER_LEVEL=raid1
UDISKS_MD_MEMBER_NAME=mdprobe
UDISKS_MD_MEMBER_UPDATE_TIME=1778949747
UDISKS_MD_MEMBER_UUID=445dc334:341d3198:0e1efe13:91156815

## root-observed mdadm/systemd state after trigger
cat: /proc/mdstat: No such file or directory
ls: cannot access '/dev/md': No such file or directory
ls: cannot access '/dev/md*': No such file or directory
ls: cannot access '/dev/disk/by-id/md-*': No such file or directory
  UNIT LOAD ACTIVE SUB DESCRIPTION

0 loaded units listed.
To show all installed unit files use 'systemctl list-unit-files'.
○ mdmonitor.service - MD array monitor
     Loaded: loaded (/usr/lib/systemd/system/mdmonitor.service; static)
     Active: inactive (dead)
       Docs: man:mdadm(8)

○ active-udisks-mdadm-pwn.service - active udisks mdadm metadata injection marker
     Loaded: loaded (/etc/systemd/system/active-udisks-mdadm-pwn.service; static)
     Active: inactive (dead)

## root direct incremental export replay on mapped members
### /dev/loop0
DEVLINKS=/dev/disk/by-loop-inode/0:60-5425831 /dev/disk/by-diskseq/148
DEVNAME=/dev/loop0
ID_FS_LABEL=mdprobe.service
ID_FS_LABEL_ENC=mdprobe.service
ID_FS_TYPE=linux_raid_member
ID_FS_USAGE=raid
ID_FS_UUID=223f84a9-0587-9742-78ff-3ff16c366dc4
ID_FS_UUID_ENC=223f84a9-0587-9742-78ff-3ff16c366dc4
ID_FS_UUID_SUB=56672596-2136-52a7-a25f-cd7dd51937a2
ID_FS_UUID_SUB_ENC=56672596-2136-52a7-a25f-cd7dd51937a2
ID_FS_VERSION=1.2
UDISKS_MD_MEMBER_ARRAY_SIZE=61.44MB
UDISKS_MD_MEMBER_DEVICES=2
UDISKS_MD_MEMBER_DEV_UUID=56672596:213652a7:a25fcd7d:d51937a2
UDISKS_MD_MEMBER_EVENTS=1
UDISKS_MD_MEMBER_LEVEL=raid1
UDISKS_MD_MEMBER_NAME=mdprobe.service
UDISKS_MD_MEMBER_UPDATE_TIME=1778949747
UDISKS_MD_MEMBER_UUID=223f84a9:05879742:78ff3ff1:6c366dc4
modprobe: FATAL: Module md_mod not found in directory /lib/modules/6.10.14-linuxkit
mdadm: Fail to create md127 when using /sys/module/md_mod/parameters/new_array, fallback to creation via node
mdadm: unexpected failure opening /dev/md127
mdadm_incremental_rc=1
### /dev/loop1
DEVLINKS=/dev/disk/by-loop-inode/0:60-5425832 /dev/disk/by-diskseq/149
DEVNAME=/dev/loop1
ID_FS_LABEL=mdprobe.service
ID_FS_LABEL_ENC=mdprobe.service
ID_FS_TYPE=linux_raid_member
ID_FS_USAGE=raid
ID_FS_UUID=223f84a9-0587-9742-78ff-3ff16c366dc4
ID_FS_UUID_ENC=223f84a9-0587-9742-78ff-3ff16c366dc4
ID_FS_UUID_SUB=c3287459-44e6-11c2-ee3f-34e93d962c43
ID_FS_UUID_SUB_ENC=c3287459-44e6-11c2-ee3f-34e93d962c43
ID_FS_VERSION=1.2
UDISKS_MD_MEMBER_ARRAY_SIZE=61.44MB
UDISKS_MD_MEMBER_DEVICES=2
UDISKS_MD_MEMBER_DEV_UUID=c3287459:44e611c2:ee3f34e9:3d962c43
UDISKS_MD_MEMBER_EVENTS=1
UDISKS_MD_MEMBER_LEVEL=raid1
UDISKS_MD_MEMBER_NAME=mdprobe.service
UDISKS_MD_MEMBER_UPDATE_TIME=1778949747
UDISKS_MD_MEMBER_UUID=223f84a9:05879742:78ff3ff1:6c366dc4
modprobe: FATAL: Module md_mod not found in directory /lib/modules/6.10.14-linuxkit
mdadm: Fail to create md127 when using /sys/module/md_mod/parameters/new_array, fallback to creation via node
mdadm: unexpected failure opening /dev/md127
mdadm_incremental_rc=1
### /dev/loop2
DEVLINKS=/dev/disk/by-loop-inode/0:60-5425828 /dev/disk/by-diskseq/150
DEVNAME=/dev/loop2
ID_FS_LABEL=mdprobe_ok
ID_FS_LABEL_ENC=mdprobe_ok
ID_FS_TYPE=linux_raid_member
ID_FS_USAGE=raid
ID_FS_UUID=456a8200-3a8c-09ef-8da3-d6273dae6993
ID_FS_UUID_ENC=456a8200-3a8c-09ef-8da3-d6273dae6993
ID_FS_UUID_SUB=6d5ab639-82b8-d4fe-3f8e-3c11a27ae723
ID_FS_UUID_SUB_ENC=6d5ab639-82b8-d4fe-3f8e-3c11a27ae723
ID_FS_VERSION=1.2
UDISKS_MD_MEMBER_ARRAY_SIZE=61.44MB
UDISKS_MD_MEMBER_DEVICES=2
UDISKS_MD_MEMBER_DEV_UUID=6d5ab639:82b8d4fe:3f8e3c11:a27ae723
UDISKS_MD_MEMBER_EVENTS=1
UDISKS_MD_MEMBER_LEVEL=raid1
UDISKS_MD_MEMBER_NAME=mdprobe_ok
UDISKS_MD_MEMBER_UPDATE_TIME=1778949747
UDISKS_MD_MEMBER_UUID=456a8200:3a8c09ef:8da3d627:3dae6993
modprobe: FATAL: Module md_mod not found in directory /lib/modules/6.10.14-linuxkit
mdadm: Fail to create md127 when using /sys/module/md_mod/parameters/new_array, fallback to creation via node
mdadm: unexpected failure opening /dev/md127
mdadm_incremental_rc=1
### /dev/loop3
DEVLINKS=/dev/disk/by-diskseq/151 /dev/disk/by-loop-inode/0:60-5425829
DEVNAME=/dev/loop3
ID_FS_LABEL=mdprobe_ok
ID_FS_LABEL_ENC=mdprobe_ok
ID_FS_TYPE=linux_raid_member
ID_FS_USAGE=raid
ID_FS_UUID=456a8200-3a8c-09ef-8da3-d6273dae6993
ID_FS_UUID_ENC=456a8200-3a8c-09ef-8da3-d6273dae6993
ID_FS_UUID_SUB=000047ef-67f2-0bc7-8fe6-4ec352cf43d8
ID_FS_UUID_SUB_ENC=000047ef-67f2-0bc7-8fe6-4ec352cf43d8
ID_FS_VERSION=1.2
UDISKS_MD_MEMBER_ARRAY_SIZE=61.44MB
UDISKS_MD_MEMBER_DEVICES=2
UDISKS_MD_MEMBER_DEV_UUID=000047ef:67f20bc7:8fe64ec3:52cf43d8
UDISKS_MD_MEMBER_EVENTS=1
UDISKS_MD_MEMBER_LEVEL=raid1
UDISKS_MD_MEMBER_NAME=mdprobe_ok
UDISKS_MD_MEMBER_UPDATE_TIME=1778949747
UDISKS_MD_MEMBER_UUID=456a8200:3a8c09ef:8da3d627:3dae6993
modprobe: FATAL: Module md_mod not found in directory /lib/modules/6.10.14-linuxkit
mdadm: Fail to create md127 when using /sys/module/md_mod/parameters/new_array, fallback to creation via node
mdadm: unexpected failure opening /dev/md127
mdadm_incremental_rc=1
### /dev/loop4
DEVLINKS=/dev/disk/by-diskseq/152 /dev/disk/by-loop-inode/0:60-5425834
DEVNAME=/dev/loop4
ID_FS_LABEL=mdprobe_SYSTEMD_WANTS=active-udi
ID_FS_LABEL_ENC=mdprobe\x0aSYSTEMD_WANTS=active-udi
ID_FS_TYPE=linux_raid_member
ID_FS_USAGE=raid
ID_FS_UUID=445dc334-341d-3198-0e1e-fe1391156815
ID_FS_UUID_ENC=445dc334-341d-3198-0e1e-fe1391156815
ID_FS_UUID_SUB=342b9c22-ddec-1dc4-b6cb-d64dbe045aeb
ID_FS_UUID_SUB_ENC=342b9c22-ddec-1dc4-b6cb-d64dbe045aeb
ID_FS_VERSION=1.2
UDISKS_MD_MEMBER_ARRAY_SIZE=61.44MB
UDISKS_MD_MEMBER_DEVICES=2
UDISKS_MD_MEMBER_DEV_UUID=342b9c22:ddec1dc4:b6cbd64d:be045aeb
UDISKS_MD_MEMBER_EVENTS=1
UDISKS_MD_MEMBER_LEVEL=raid1
UDISKS_MD_MEMBER_NAME=mdprobe
UDISKS_MD_MEMBER_UPDATE_TIME=1778949747
UDISKS_MD_MEMBER_UUID=445dc334:341d3198:0e1efe13:91156815
modprobe: FATAL: Module md_mod not found in directory /lib/modules/6.10.14-linuxkit
mdadm: Fail to create md127 when using /sys/module/md_mod/parameters/new_array, fallback to creation via node
mdadm: unexpected failure opening /dev/md127
mdadm_incremental_rc=1
### /dev/loop5
DEVLINKS=/dev/disk/by-loop-inode/0:60-5425835 /dev/disk/by-diskseq/153
DEVNAME=/dev/loop5
ID_FS_LABEL=mdprobe_SYSTEMD_WANTS=active-udi
ID_FS_LABEL_ENC=mdprobe\x0aSYSTEMD_WANTS=active-udi
ID_FS_TYPE=linux_raid_member
ID_FS_USAGE=raid
ID_FS_UUID=445dc334-341d-3198-0e1e-fe1391156815
ID_FS_UUID_ENC=445dc334-341d-3198-0e1e-fe1391156815
ID_FS_UUID_SUB=11d50114-ab53-af1e-e494-be72f4c2d303
ID_FS_UUID_SUB_ENC=11d50114-ab53-af1e-e494-be72f4c2d303
ID_FS_VERSION=1.2
UDISKS_MD_MEMBER_ARRAY_SIZE=61.44MB
UDISKS_MD_MEMBER_DEVICES=2
UDISKS_MD_MEMBER_DEV_UUID=11d50114:ab53af1e:e494be72:f4c2d303
UDISKS_MD_MEMBER_EVENTS=1
UDISKS_MD_MEMBER_LEVEL=raid1
UDISKS_MD_MEMBER_NAME=mdprobe
UDISKS_MD_MEMBER_UPDATE_TIME=1778949747
UDISKS_MD_MEMBER_UUID=445dc334:341d3198:0e1efe13:91156815
modprobe: FATAL: Module md_mod not found in directory /lib/modules/6.10.14-linuxkit
mdadm: Fail to create md127 when using /sys/module/md_mod/parameters/new_array, fallback to creation via node
mdadm: unexpected failure opening /dev/md127
mdadm_incremental_rc=1

## recent mdadm/udev/systemd journal
May 16 16:42:27 4f5b414436ae udisksd[728016]: Set up loop device /dev/loop5 (backed by /home/selfauth/active-udisks-mdadm-assembly/newline_wants/b.img)
May 16 16:42:27 4f5b414436ae udisksd[728016]: Set up loop device /dev/loop4 (backed by /home/selfauth/active-udisks-mdadm-assembly/newline_wants/a.img)
May 16 16:42:27 4f5b414436ae udisksd[728016]: Set up loop device /dev/loop3 (backed by /home/selfauth/active-udisks-mdadm-assembly/mdprobe_ok/b.img)
May 16 16:42:27 4f5b414436ae udisksd[728016]: Set up loop device /dev/loop2 (backed by /home/selfauth/active-udisks-mdadm-assembly/mdprobe_ok/a.img)
May 16 16:42:27 4f5b414436ae udisksd[728016]: Set up loop device /dev/loop1 (backed by /home/selfauth/active-udisks-mdadm-assembly/mdprobe.service/b.img)
May 16 16:42:27 4f5b414436ae udisksd[728016]: Set up loop device /dev/loop0 (backed by /home/selfauth/active-udisks-mdadm-assembly/mdprobe.service/a.img)

## root proof checks
ROOT_PROOF_ABSENT /root/active_udisks_mdadm_assembly_root
ROOT_PROOF_ABSENT /run/active_udisks_mdadm_assembly_root
ROOT_PROOF_ABSENT /tmp/active_udisks_mdadm_assembly_root
uid=1002(selfauth) gid=1002(selfauth) groups=1002(selfauth)
sudo:x:27:ubuntu
adm:x:4:ubuntu,syslog
disk:x:6:
systemd-journal:x:999:

## cleanup health before cleanup
running

## cleanup verification
cat: /proc/mdstat: No such file or directory
running
