
== cleanup and identity ==
uid=1001(attacker) gid=1001(attacker) groups=1001(attacker)
directory drwxrwsrwt 3777 root root 4096 '/var/crash'
directory drwxr-xr-x 755 root root 4096 '/var/lib/apport/coredump'
socket srw------- 600 root root 0 '/run/apport.socket'

== ordinary uid1001 crash follows default core_pattern=core, not apport ==
/bin/bash: /root/.bash_profile: Permission denied
/bin/bash: line 1: 20353 Segmentation fault      /usr/bin/python3 -c 'import os, signal; os.kill(os.getpid(), signal.SIGSEGV)'
MISSING /var/crash/_usr_bin_python3.12.1001.crash
MISSING /var/crash/_usr_bin_python3.1001.crash

== uid1001 namespace and chroot capability checks ==
uid=0(root) gid=0(root) groups=0(root)
mnt:[4026532705]
inner_pid=1
pid:[4026532706]
/bin/bash: /root/.bash_profile: Permission denied
mkdir: cannot create directory '/tmp/apport-core-ns-20260517/emptyroot': Permission denied
chroot: cannot change root directory to '/tmp/apport-core-ns-20260517/emptyroot': No such file or directory
chroot: cannot change root directory to '/tmp/apport-core-ns-20260517/emptyroot': No such file or directory

== root handler: malicious comm/env/cwd does not become root execution ==
py_outer_pid=20372
Name:	Uid:	0\nGid:	0
Umask:	0022
State:	S (sleeping)
Tgid:	20372
Ngid:	0
Pid:	20372
PPid:	20325
TracerPid:	0
Uid:	1001	1001	1001	1001
Gid:	1001	1001	1001	1001
FDSize:	64
Groups:	 
py_report=/var/crash/_usr_bin_python3.12.1001.crash
apport_call pid=20372 uid=1001 gid=1001 sig=11 limit=0 dump=1 proc_exe=/usr/bin/python3.12 arg=!usr!bin!python3.12
apport_rc=0
-- apport.log delta --
INFO: apport (pid 20389) 2026-05-17 19:21:05,132: called for global pid 20372, signal 11, core limit 0, dump mode 1
ERROR: apport (pid 20389) 2026-05-17 19:21:05,133: is_closing_session(): no DBUS_SESSION_BUS_ADDRESS in environment
INFO: apport (pid 20389) 2026-05-17 19:21:05,133: script: /tmp/apport-core-ns-20260517/py/mal.py, interpreted by /usr/bin/python3.12 (command line "/usr/bin/python3.12 /tmp/apport-core-ns-20260517/py/mal.py")
ERROR: apport (pid 20389) 2026-05-17 19:21:05,134: executable does not belong to a package, ignoring
MISSING /var/crash/_usr_bin_python3.12.1001.crash
MISSING /root/apport_core_ns_env_marker
MISSING /root/apport_core_ns_hook_marker

== root handler report precreation: symlink, FIFO, regular replacement ==
sleep_outer_pid=20392 sleep_exe=/usr/bin/sleep sleep_report=/var/crash/_usr_bin_sleep.1001.crash
symbolic link lrwxrwxrwx 777 attacker root 35 '/var/crash/_usr_bin_sleep.1001.crash' -> '/root/apport_core_ns_symlink_target'
apport_call pid=20392 uid=1001 gid=1001 sig=11 limit=0 dump=1 proc_exe=/usr/bin/sleep arg=!usr!bin!sleep
apport_rc=1
-- apport.log delta --
INFO: apport (pid 20406) 2026-05-17 19:21:06,343: called for global pid 20392, signal 11, core limit 0, dump mode 1
ERROR: apport (pid 20406) 2026-05-17 19:21:06,343: is_closing_session(): no DBUS_SESSION_BUS_ADDRESS in environment
INFO: apport (pid 20406) 2026-05-17 19:21:06,344: executable: /usr/bin/sleep (command line "/usr/bin/sleep 120")
ERROR: apport (pid 20406) 2026-05-17 19:21:06,344: Could not create report file: [Errno 17] File exists: '/var/crash/_usr_bin_sleep.1001.crash'
symbolic link lrwxrwxrwx 777 attacker root 35 '/var/crash/_usr_bin_sleep.1001.crash' -> '/root/apport_core_ns_symlink_target'
MISSING /root/apport_core_ns_symlink_target
fifo prw-r--r-- 644 attacker root 0 '/var/crash/_usr_bin_sleep.1001.crash'
apport_call pid=20392 uid=1001 gid=1001 sig=11 limit=0 dump=1 proc_exe=/usr/bin/sleep arg=!usr!bin!sleep
apport_rc=0
-- apport.log delta --
INFO: apport (pid 20419) 2026-05-17 19:21:06,628: called for global pid 20392, signal 11, core limit 0, dump mode 1
ERROR: apport (pid 20419) 2026-05-17 19:21:06,628: is_closing_session(): no DBUS_SESSION_BUS_ADDRESS in environment
INFO: apport (pid 20419) 2026-05-17 19:21:06,630: executable: /usr/bin/sleep (command line "/usr/bin/sleep 120")
dpkg: warning: failed to open configuration file '/root/.dpkg.cfg' for reading: Permission denied
INFO: apport (pid 20419) 2026-05-17 19:21:12,594: wrote report /var/crash/_usr_bin_sleep.1001.crash
regular file -rw-r----- 640 attacker root 3636 '/var/crash/_usr_bin_sleep.1001.crash'
ProblemType: 'Crash'
ExecutablePath: '/usr/bin/sleep'
InterpreterPath: '<missing>'
Package: 'coreutils 9.4-3ubuntu6.2'
SourcePackage: 'coreutils'
Signal: '11'
ProcCmdline: '/usr/bin/sleep 120'
ProcCwd: '/'
ProcEnviron: 'PATH=(custom, no user)'
UserGroups: 'N/A'
CoreDump: '<CoreDump len=20>'
_HooksRun: 'no'
/bin/bash: /root/.bash_profile: Permission denied
regular file -rw-rw-rw- 666 attacker root 50 '/var/crash/_usr_bin_sleep.1001.crash'
regular empty file -rw-r--r-- 644 attacker root 0 '/var/crash/_usr_bin_sleep.1001.upload'
apport_call pid=20392 uid=1001 gid=1001 sig=11 limit=0 dump=1 proc_exe=/usr/bin/sleep arg=!usr!bin!sleep
apport_rc=0
-- apport.log delta --
INFO: apport (pid 20453) 2026-05-17 19:21:13,548: called for global pid 20392, signal 11, core limit 0, dump mode 1
ERROR: apport (pid 20453) 2026-05-17 19:21:13,550: is_closing_session(): no DBUS_SESSION_BUS_ADDRESS in environment
INFO: apport (pid 20453) 2026-05-17 19:21:13,551: executable: /usr/bin/sleep (command line "/usr/bin/sleep 120")
ERROR: apport (pid 20453) 2026-05-17 19:21:13,553: report /var/crash/_usr_bin_sleep.1001.crash already exists and unseen, skipping to avoid disk usage DoS
regular file -rw-rw-rw- 666 attacker root 50 '/var/crash/_usr_bin_sleep.1001.crash'
ProblemType: 'Crash'
ExecutablePath: '<missing>'
InterpreterPath: '<missing>'
Package: '<missing>'
SourcePackage: '<missing>'
Signal: '<missing>'
ProcCmdline: '<missing>'
ProcCwd: '<missing>'
ProcEnviron: '<missing>'
UserGroups: '<missing>'
CoreDump: '<missing>'
_HooksRun: '<missing>'

== root handler core file path: absolute root-owned coredump dir, owner follows dump mode ==
apport_call pid=20392 uid=1001 gid=1001 sig=11 limit=-1 dump=1 proc_exe=/usr/bin/sleep arg=!usr!bin!sleep
apport_rc=0
-- apport.log delta --
INFO: apport (pid 20465) 2026-05-17 19:21:14,259: called for global pid 20392, signal 11, core limit -1, dump mode 1
ERROR: apport (pid 20465) 2026-05-17 19:21:14,260: is_closing_session(): no DBUS_SESSION_BUS_ADDRESS in environment
INFO: apport (pid 20465) 2026-05-17 19:21:14,262: executable: /usr/bin/sleep (command line "/usr/bin/sleep 120")
dpkg: warning: failed to open configuration file '/root/.dpkg.cfg' for reading: Permission denied
INFO: apport (pid 20465) 2026-05-17 19:21:20,253: wrote report /var/crash/_usr_bin_sleep.1001.crash
INFO: apport (pid 20465) 2026-05-17 19:21:20,274: writing core dump to /var/lib/apport/coredump/core._usr_bin_sleep.1001.96caf462-2a63-4ac0-80c0-ac1044cba492.20392.363407 (limit: -1)
INFO: apport (pid 20465) 2026-05-17 19:21:20,274: writing core dump /var/lib/apport/coredump/core._usr_bin_sleep.1001.96caf462-2a63-4ac0-80c0-ac1044cba492.20392.363407 of size 20
ERROR: apport (pid 20465) 2026-05-17 19:21:20,275: Unhandled exception:
Traceback (most recent call last):
  File "/usr/share/apport/apport", line 820, in main
    return process_crash_from_kernel(options)
           ^^^^^^^^^^^^^^^^^^^^^^^^^^^^^^^^^^
  File "/usr/share/apport/apport", line 974, in process_crash_from_kernel
    return process_crash_from_kernel_with_proc_pid(options, proc_pid)
           ^^^^^^^^^^^^^^^^^^^^^^^^^^^^^^^^^^^^^^^^^^^^^^^^^^^^^^^^^^
  File "/usr/share/apport/apport", line 1091, in process_crash_from_kernel_with_proc_pid
    result = process_crash(info, real_user, report_owner, _write_coredump_callback)
             ^^^^^^^^^^^^^^^^^^^^^^^^^^^^^^^^^^^^^^^^^^^^^^^^^^^^^^^^^^^^^^^^^^^^^^
  File "/usr/share/apport/apport", line 1229, in process_crash
    write_coredump_callback(reportfile)
  File "/usr/share/apport/apport", line 1087, in _write_coredump_callback
    write_user_coredump(
  File "/usr/share/apport/apport", line 328, in write_user_coredump
    os.write(core_file, r["CoreDump"])
TypeError: a bytes-like object is required, not 'str'
ERROR: apport (pid 20465) 2026-05-17 19:21:20,281: pid: 20465, uid: 0, gid: 0, euid: 0, egid: 0
ERROR: apport (pid 20465) 2026-05-17 19:21:20,281: environment: environ({'HOSTNAME': 'bf51bb670420', 'PWD': '/', 'HOME': '/root', 'SHLVL': '1', 'PATH': '/usr/local/sbin:/usr/local/bin:/usr/sbin:/usr/bin:/sbin:/bin', 'DEBIAN_FRONTEND': 'noninteractive', '_': '/usr/share/apport/apport', 'LC_CTYPE': 'C.UTF-8'})
regular file -rw-r----- 640 attacker root 3636 '/var/crash/_usr_bin_sleep.1001.crash'
ProblemType: 'Crash'
ExecutablePath: '/usr/bin/sleep'
InterpreterPath: '<missing>'
Package: 'coreutils 9.4-3ubuntu6.2'
SourcePackage: 'coreutils'
Signal: '11'
ProcCmdline: '/usr/bin/sleep 120'
ProcCwd: '/'
ProcEnviron: 'PATH=(custom, no user)'
UserGroups: 'N/A'
CoreDump: '<CoreDump len=20>'
_HooksRun: 'no'
-- matching core files after dump_mode=1 --
-r-------- root root 0 /var/lib/apport/coredump/core._usr_bin_sleep.1001.96caf462-2a63-4ac0-80c0-ac1044cba492.20392.363407
apport_call pid=20392 uid=1001 gid=1001 sig=11 limit=-1 dump=2 proc_exe=/usr/bin/sleep arg=!usr!bin!sleep
apport_rc=0
-- apport.log delta --
INFO: apport (pid 20522) 2026-05-17 19:21:20,948: called for global pid 20392, signal 11, core limit -1, dump mode 2
ERROR: apport (pid 20522) 2026-05-17 19:21:20,949: is_closing_session(): no DBUS_SESSION_BUS_ADDRESS in environment
INFO: apport (pid 20522) 2026-05-17 19:21:20,949: executable: /usr/bin/sleep (command line "/usr/bin/sleep 120")
dpkg: warning: failed to open configuration file '/root/.dpkg.cfg' for reading: Permission denied
INFO: apport (pid 20522) 2026-05-17 19:21:24,443: wrote report /var/crash/_usr_bin_sleep.1001.crash
INFO: apport (pid 20522) 2026-05-17 19:21:24,443: writing core dump to /var/lib/apport/coredump/core._usr_bin_sleep.1001.96caf462-2a63-4ac0-80c0-ac1044cba492.20392.363407 (limit: -1)
INFO: apport (pid 20522) 2026-05-17 19:21:24,444: writing core dump /var/lib/apport/coredump/core._usr_bin_sleep.1001.96caf462-2a63-4ac0-80c0-ac1044cba492.20392.363407 of size 20
ERROR: apport (pid 20522) 2026-05-17 19:21:24,444: Unhandled exception:
Traceback (most recent call last):
  File "/usr/share/apport/apport", line 820, in main
    return process_crash_from_kernel(options)
           ^^^^^^^^^^^^^^^^^^^^^^^^^^^^^^^^^^
  File "/usr/share/apport/apport", line 974, in process_crash_from_kernel
    return process_crash_from_kernel_with_proc_pid(options, proc_pid)
           ^^^^^^^^^^^^^^^^^^^^^^^^^^^^^^^^^^^^^^^^^^^^^^^^^^^^^^^^^^
  File "/usr/share/apport/apport", line 1091, in process_crash_from_kernel_with_proc_pid
    result = process_crash(info, real_user, report_owner, _write_coredump_callback)
             ^^^^^^^^^^^^^^^^^^^^^^^^^^^^^^^^^^^^^^^^^^^^^^^^^^^^^^^^^^^^^^^^^^^^^^
  File "/usr/share/apport/apport", line 1229, in process_crash
    write_coredump_callback(reportfile)
  File "/usr/share/apport/apport", line 1087, in _write_coredump_callback
    write_user_coredump(
  File "/usr/share/apport/apport", line 328, in write_user_coredump
    os.write(core_file, r["CoreDump"])
TypeError: a bytes-like object is required, not 'str'
ERROR: apport (pid 20522) 2026-05-17 19:21:24,445: pid: 20522, uid: 0, gid: 0, euid: 0, egid: 0
ERROR: apport (pid 20522) 2026-05-17 19:21:24,445: environment: environ({'HOSTNAME': 'bf51bb670420', 'PWD': '/', 'HOME': '/root', 'SHLVL': '1', 'PATH': '/usr/local/sbin:/usr/local/bin:/usr/sbin:/usr/bin:/sbin:/bin', 'DEBIAN_FRONTEND': 'noninteractive', '_': '/usr/share/apport/apport', 'LC_CTYPE': 'C.UTF-8'})
-- report/core after dump_mode=2 --
regular file -rw-r----- 640 root root 3636 '/var/crash/_usr_bin_sleep.1001.crash'
ProblemType: 'Crash'
ExecutablePath: '/usr/bin/sleep'
InterpreterPath: '<missing>'
Package: 'coreutils 9.4-3ubuntu6.2'
SourcePackage: 'coreutils'
Signal: '11'
ProcCmdline: '/usr/bin/sleep 120'
ProcCwd: '/'
ProcEnviron: 'PATH=(custom, no user)'
UserGroups: 'N/A'
CoreDump: '<CoreDump len=20>'
_HooksRun: 'no'
-r-------- root root 0 /var/lib/apport/coredump/core._usr_bin_sleep.1001.96caf462-2a63-4ac0-80c0-ac1044cba492.20392.363407

== executable path argument traversal/chroot ambiguity ==
apport_call pid=20544 uid=1001 gid=1001 sig=11 limit=-1 dump=1 proc_exe=/usr/bin/sleep arg=..!root!apport_core_ns_escape
apport_rc=0
-- apport.log delta --
INFO: apport (pid 20553) 2026-05-17 19:21:25,883: called for global pid 20544, signal 11, core limit -1, dump mode 1
ERROR: apport (pid 20553) 2026-05-17 19:21:25,884: is_closing_session(): no DBUS_SESSION_BUS_ADDRESS in environment
INFO: apport (pid 20553) 2026-05-17 19:21:25,885: executable: /usr/bin/sleep (command line "/usr/bin/sleep 120")
dpkg: warning: failed to open configuration file '/root/.dpkg.cfg' for reading: Permission denied
INFO: apport (pid 20553) 2026-05-17 19:21:31,258: wrote report /var/crash/_usr_bin_sleep.1001.crash
INFO: apport (pid 20553) 2026-05-17 19:21:31,260: writing core dump to /var/lib/apport/coredump/core._usr_bin_sleep.1001.96caf462-2a63-4ac0-80c0-ac1044cba492.20544.365351 (limit: -1)
INFO: apport (pid 20553) 2026-05-17 19:21:31,261: writing core dump /var/lib/apport/coredump/core._usr_bin_sleep.1001.96caf462-2a63-4ac0-80c0-ac1044cba492.20544.365351 of size 20
ERROR: apport (pid 20553) 2026-05-17 19:21:31,261: Unhandled exception:
Traceback (most recent call last):
  File "/usr/share/apport/apport", line 820, in main
    return process_crash_from_kernel(options)
           ^^^^^^^^^^^^^^^^^^^^^^^^^^^^^^^^^^
  File "/usr/share/apport/apport", line 974, in process_crash_from_kernel
    return process_crash_from_kernel_with_proc_pid(options, proc_pid)
           ^^^^^^^^^^^^^^^^^^^^^^^^^^^^^^^^^^^^^^^^^^^^^^^^^^^^^^^^^^
  File "/usr/share/apport/apport", line 1091, in process_crash_from_kernel_with_proc_pid
    result = process_crash(info, real_user, report_owner, _write_coredump_callback)
             ^^^^^^^^^^^^^^^^^^^^^^^^^^^^^^^^^^^^^^^^^^^^^^^^^^^^^^^^^^^^^^^^^^^^^^
  File "/usr/share/apport/apport", line 1229, in process_crash
    write_coredump_callback(reportfile)
  File "/usr/share/apport/apport", line 1087, in _write_coredump_callback
    write_user_coredump(
  File "/usr/share/apport/apport", line 328, in write_user_coredump
    os.write(core_file, r["CoreDump"])
TypeError: a bytes-like object is required, not 'str'
ERROR: apport (pid 20553) 2026-05-17 19:21:31,263: pid: 20553, uid: 0, gid: 0, euid: 0, egid: 0
ERROR: apport (pid 20553) 2026-05-17 19:21:31,263: environment: environ({'HOSTNAME': 'bf51bb670420', 'PWD': '/', 'HOME': '/root', 'SHLVL': '1', 'PATH': '/usr/local/sbin:/usr/local/bin:/usr/sbin:/usr/bin:/sbin:/bin', 'DEBIAN_FRONTEND': 'noninteractive', '_': '/usr/share/apport/apport', 'LC_CTYPE': 'C.UTF-8'})
MISSING /root/apport_core_ns_escape
-r-------- root root 0 core._usr_bin_sleep.1001.96caf462-2a63-4ac0-80c0-ac1044cba492.20544.365351
cp: warning: behavior of -n is non-portable and may change in future; use --update=none instead
cp: warning: behavior of -n is non-portable and may change in future; use --update=none instead
chroot_launcher=20606 chroot_global_pid=missing

== package hook/import path boundary ==
/bin/bash: /root/.bash_profile: Permission denied
tmp_pythonpath_hook_result False
marker_exists False
slash_package_hook_result False
slash_unreportable invalid Package: ../../tmp/apport_core_ns
MISSING /root/apport_core_ns_hook_marker

== namespace forwarding to attacker-owned /run/apport.socket is not root code execution ==
Traceback (most recent call last):
  File "<stdin>", line 12, in <module>
FileNotFoundError: [Errno 2] No such file or directory: '/tmp/apport-core-ns-20260517/out/forward.out.ready'
ns_launcher=20714 ns_global_pid=missing ns_inner_pid=missing
