## host container proof
name=/ubuntu24-server-lpe-target image=ubuntu24-server-default-lpe:20260516-standard status=running started=2026-05-16T15:18:50.351426213Z

## target and uid1001 proof
PRETTY_NAME="Ubuntu 24.04.4 LTS"
NAME="Ubuntu"
VERSION_ID="24.04"
VERSION="24.04.4 LTS (Noble Numbat)"
VERSION_CODENAME=noble
ID=ubuntu
ID_LIKE=debian
HOME_URL="https://www.ubuntu.com/"
Linux 4f5b414436ae 6.10.14-linuxkit #1 SMP Sat May 17 08:28:57 UTC 2025 aarch64 aarch64 aarch64 GNU/Linux
root     systemd         /sbin/init
systemd is-system-running: running
systemd-detect-virt -v: vm-other
systemd-detect-virt -c: docker
uid=1001(attacker) gid=1001(attacker) groups=1001(attacker)
attacker : attacker

## cloud and growpart package versions
cloud-guest-utils	0.33-1	ii 
cloud-init		un 
cloud-initramfs-copymods	0.49~24.04.1	ii 
cloud-initramfs-dyn-netconf	0.49~24.04.1	ii 
cloud-initramfs-growroot	(not installed)	un
cloud-initramfs-rescuevol	(not installed)	un
cloud-initramfs-tools	(not installed)	un
cloud-utils	(not installed)	un
e2fsprogs	1.47.0-2.4~exp1ubuntu4.1	ii 
fdisk	2.39.3-9ubuntu6.5	ii 
gdisk	1.0.10-1build1	ii 
growpart	(not installed)	un
initramfs-tools	0.142ubuntu25.8	ii 
initramfs-tools-core	0.142ubuntu25.8	ii 
parted	3.6-4build1	ii 
systemd	255.4-1ubuntu8.15	ii 
udev	255.4-1ubuntu8.15	ii 
util-linux	2.39.3-9ubuntu6.5	ii 
xfsprogs	6.6.0-1ubuntu2.1	ii 

[owners of installed helper commands]
cloud-init -> cloud-id -> cloud-init-per -> ds-identify -> growpart -> /usr/bin/growpart
mount-image-callback -> sfdisk -> /usr/sbin/sfdisk
partx -> /usr/bin/partx
udevadm -> /usr/bin/udevadm

[dpkg file ownership]
cloud-guest-utils: /usr/bin/growpart

## cloud-init status and default units
bash: line 104: cloud-init: command not found
mdadm-grow-continue@.service           static -
plymouth-switch-root-initramfs.service static -
systemd-growfs-root.service            static -
systemd-growfs@.service                static -

[matching timers]
NEXT                            LEFT LAST                              PASSED UNIT                           ACTIVATES

### cloud-init-local.service
Result=success
Environment=
User=
Group=
Requires=
Wants=
Before=
After=open-vm-tools.service
Triggers=
TriggeredBy=
LoadState=not-found
ActiveState=inactive
SubState=dead
FragmentPath=
UnitFileState=
ConditionResult=no

### cloud-init.service
Result=success
Environment=
User=
Group=
Requires=
Wants=
Before=
After=
Triggers=
TriggeredBy=
LoadState=not-found
ActiveState=inactive
SubState=dead
FragmentPath=
UnitFileState=
ConditionResult=no

### cloud-config.service
Result=success
Environment=
User=
Group=
Requires=
Wants=
Before=
After=
Triggers=
TriggeredBy=
LoadState=not-found
ActiveState=inactive
SubState=dead
FragmentPath=
UnitFileState=
ConditionResult=no

### cloud-final.service
Result=success
Environment=
User=
Group=
Requires=
Wants=
Before=
After=
Triggers=
TriggeredBy=
LoadState=not-found
ActiveState=inactive
SubState=dead
FragmentPath=
UnitFileState=
ConditionResult=no

### cloud-init.target
Requires=
Wants=
Before=
After=
Triggers=
TriggeredBy=
LoadState=not-found
ActiveState=inactive
SubState=dead
FragmentPath=
UnitFileState=
ConditionResult=no

### cloud-init-hotplugd.socket
Result=success
Environment=
User=
Group=
Requires=
Wants=
Before=
After=
Triggers=
TriggeredBy=
LoadState=not-found
ActiveState=inactive
SubState=dead
FragmentPath=
UnitFileState=
ConditionResult=no

### cloud-init-hotplugd.service
Result=success
Environment=
User=
Group=
Requires=
Wants=
Before=
After=
Triggers=
TriggeredBy=
LoadState=not-found
ActiveState=inactive
SubState=dead
FragmentPath=
UnitFileState=
ConditionResult=no

### cloud-init-main.service
Result=success
Environment=
User=
Group=
Requires=
Wants=
Before=
After=
Triggers=
TriggeredBy=
LoadState=not-found
ActiveState=inactive
SubState=dead
FragmentPath=
UnitFileState=
ConditionResult=no

### cloud-init-network.service
Result=success
Environment=
User=
Group=
Requires=
Wants=
Before=
After=
Triggers=
TriggeredBy=
LoadState=not-found
ActiveState=inactive
SubState=dead
FragmentPath=
UnitFileState=
ConditionResult=no

### growpart.service
Result=success
Environment=
User=
Group=
Requires=
Wants=
Before=
After=
Triggers=
TriggeredBy=
LoadState=not-found
ActiveState=inactive
SubState=dead
FragmentPath=
UnitFileState=
ConditionResult=no

### cloud-initramfs-growroot.service
Result=success
Environment=
User=
Group=
Requires=
Wants=
Before=
After=
Triggers=
TriggeredBy=
LoadState=not-found
ActiveState=inactive
SubState=dead
FragmentPath=
UnitFileState=
ConditionResult=no

### systemd-growfs-root.service
Result=success
ExecStart={ path=/usr/lib/systemd/systemd-growfs ; argv[]=/usr/lib/systemd/systemd-growfs / ; ignore_errors=no ; start_time=[n/a] ; stop_time=[n/a] ; pid=0 ; code=(null) ; status=0/0 }
Environment=
User=
Group=
Requires=system.slice
Wants=
Before=shutdown.target
After=system.slice systemd-repart.service systemd-remount-fs.service systemd-journald.socket
Triggers=
TriggeredBy=
LoadState=loaded
ActiveState=inactive
SubState=dead
FragmentPath=/usr/lib/systemd/system/systemd-growfs-root.service
UnitFileState=static
ConditionResult=no

### systemd-growfs@.service
Failed to get properties: Unit name systemd-growfs@.service is neither a valid invocation ID nor unit name.

### mdadm-grow-continue@.service
Failed to get properties: Unit name mdadm-grow-continue@.service is neither a valid invocation ID nor unit name.

### plymouth-switch-root-initramfs.service
Result=success
ExecStart={ path=/usr/bin/plymouth ; argv[]=/usr/bin/plymouth message --text= ; ignore_errors=yes ; start_time=[n/a] ; stop_time=[n/a] ; pid=0 ; code=(null) ; status=0/0 }
ExecStart={ path=/usr/bin/plymouth ; argv[]=/usr/bin/plymouth update-root-fs --new-root-dir=/run/initramfs ; ignore_errors=yes ; start_time=[n/a] ; stop_time=[n/a] ; pid=0 ; code=(null) ; status=0/0 }
Environment=
User=
Group=
Requires=system.slice
Wants=
Before=
After=dracut-shutdown.service plymouth-reboot.service systemd-journald.socket plymouth-kexec.service plymouth-poweroff.service plymouth-halt.service system.slice mkinitcpio-generate-shutdown-ramfs.service
Triggers=
TriggeredBy=
LoadState=loaded
ActiveState=inactive
SubState=dead
FragmentPath=/usr/lib/systemd/system/plymouth-switch-root-initramfs.service
UnitFileState=static
ConditionResult=no

## cloud config, seed, state, and helper path permissions
drwxr-xr-x 755 root:root directory /etc/cloud
MISSING /etc/cloud/cloud.cfg
MISSING /etc/cloud/cloud.cfg.d
MISSING /etc/cloud/templates
MISSING /etc/cloud/ds-identify.cfg
MISSING /etc/cloud/cloud.cfg.d/99-installer.cfg
MISSING /var/lib/cloud
MISSING /var/lib/cloud/data
MISSING /var/lib/cloud/seed
MISSING /var/lib/cloud/seed/nocloud
MISSING /var/lib/cloud/seed/nocloud-net
MISSING /var/lib/cloud/instances
MISSING /var/lib/cloud/instance
MISSING /var/lib/cloud/scripts
MISSING /var/lib/cloud/scripts/per-boot
MISSING /var/lib/cloud/scripts/per-instance
MISSING /var/lib/cloud/scripts/per-once
MISSING /var/lib/cloud/sem
MISSING /run/cloud-init
MISSING /run/cloud-init/status.json
MISSING /run/cloud-init/result.json
MISSING /run/cloud-init/instance-data.json
MISSING /run/cloud-init/instance-data-sensitive.json
MISSING /run/cloud-init/cloud-id
MISSING /run/cloud-init/ds-identify.log
MISSING /usr/bin/cloud-init
MISSING /usr/bin/cloud-id
MISSING /usr/bin/cloud-init-per
MISSING /usr/bin/ds-identify
MISSING /usr/lib/cloud-init
MISSING /usr/share/cloud-init
MISSING /usr/lib/python3/dist-packages/cloudinit
MISSING /usr/lib/systemd/system-generators/cloud-init-generator
MISSING /lib/systemd/system-generators/cloud-init-generator
-rwxr-xr-x 755 root:root regular file /usr/bin/growpart
MISSING /etc/growroot-disabled
drwxr-xr-x 755 root:root directory /etc/initramfs-tools
drwxr-xr-x 755 root:root directory /etc/initramfs-tools/conf.d
drwxr-xr-x 755 root:root directory /etc/initramfs-tools/hooks
drwxr-xr-x 755 root:root directory /etc/initramfs-tools/scripts
drwxr-xr-x 755 root:root directory /usr/share/initramfs-tools/hooks
drwxr-xr-x 755 root:root directory /usr/share/initramfs-tools/scripts
-rwxr-xr-x 755 root:root regular file /usr/share/initramfs-tools/hooks/cloud-initramfs-dyn-netconf
-rwxr-xr-x 755 root:root regular file /usr/share/initramfs-tools/hooks/copymods
-rwxr-xr-x 755 root:root regular file /usr/share/initramfs-tools/scripts/init-premount/cloud-initramfs-dyn-netconf
-rwxr-xr-x 755 root:root regular file /usr/share/initramfs-tools/scripts/init-bottom/cloud-initramfs-dyn-netconf
-rwxr-xr-x 755 root:root regular file /usr/share/initramfs-tools/scripts/init-bottom/copymods
MISSING /var/lib/initramfs-tools
drwxr-xr-x 755 root:root directory /boot
drwxr-xr-x 755 root:root directory /run
drwxr-xr-x 755 root:root directory /var/lib

## installed cloud/growpart file inventory

### dpkg -L cloud-init
Use dpkg --contents (= dpkg-deb --contents) to list archive files contents.
dpkg-query: package 'cloud-init' is not installed

### dpkg -L cloud-guest-utils
/.
/usr
/usr/bin
/usr/bin/ec2metadata
/usr/bin/growpart
/usr/bin/vcs-run
/usr/share
/usr/share/doc
/usr/share/doc/cloud-guest-utils
/usr/share/doc/cloud-guest-utils/NEWS.Debian.gz
/usr/share/doc/cloud-guest-utils/changelog.Debian.gz
/usr/share/doc/cloud-guest-utils/copyright
/usr/share/man
/usr/share/man/man1
/usr/share/man/man1/growpart.1.gz

### dpkg -L cloud-initramfs-copymods
/.
/lib
/lib/modules
/usr
/usr/share
/usr/share/doc
/usr/share/doc/cloud-initramfs-copymods
/usr/share/doc/cloud-initramfs-copymods/changelog.gz
/usr/share/doc/cloud-initramfs-copymods/copyright
/usr/share/initramfs-tools
/usr/share/initramfs-tools/hooks
/usr/share/initramfs-tools/hooks/copymods
/usr/share/initramfs-tools/scripts
/usr/share/initramfs-tools/scripts/init-bottom
/usr/share/initramfs-tools/scripts/init-bottom/copymods
/usr/share/lintian
/usr/share/lintian/overrides
/usr/share/lintian/overrides/cloud-initramfs-copymods
diverted by base-files to: /lib.usr-is-merged

### dpkg -L cloud-initramfs-dyn-netconf
/.
/usr
/usr/share
/usr/share/doc
/usr/share/doc/cloud-initramfs-dyn-netconf
/usr/share/doc/cloud-initramfs-dyn-netconf/changelog.gz
/usr/share/doc/cloud-initramfs-dyn-netconf/copyright
/usr/share/initramfs-tools
/usr/share/initramfs-tools/hooks
/usr/share/initramfs-tools/hooks/cloud-initramfs-dyn-netconf
/usr/share/initramfs-tools/scripts
/usr/share/initramfs-tools/scripts/init-bottom
/usr/share/initramfs-tools/scripts/init-bottom/cloud-initramfs-dyn-netconf
/usr/share/initramfs-tools/scripts/init-premount
/usr/share/initramfs-tools/scripts/init-premount/cloud-initramfs-dyn-netconf

### dpkg -L cloud-initramfs-growroot
Use dpkg --contents (= dpkg-deb --contents) to list archive files contents.
dpkg-query: package 'cloud-initramfs-growroot' is not installed

## root-run references to cloud-init, seeds, scripts, and growpart
Before=cloud-init-local.service
# cloud-init installs this package.
ConditionPathExists=|/run/cloud-init/cloud-id-gce
ConditionPathExists=|/run/cloud-init/cloud-id-azure
ConditionPathExists=|/run/cloud-init/cloud-id-lxd
Before=multi-user.target cloud-init.target cloud-init.service cloud-init-local.service
Before=cloud-init-local.service
# cloud-init installs this package.
ConditionPathExists=|/run/cloud-init/cloud-id-gce
ConditionPathExists=|/run/cloud-init/cloud-id-azure
ConditionPathExists=|/run/cloud-init/cloud-id-lxd
Before=multi-user.target cloud-init.target cloud-init.service cloud-init-local.service
	echo "## This file is generated by cloud-initramfs-dyn-netconf"
# openssl if wanted? maybe like cloud-initramfs wants it?

## root helper source snippets

### /usr/bin/growpart
     1	#!/bin/sh
     2	#    Copyright (C) 2011 Canonical Ltd.
     3	#    Copyright (C) 2013 Hewlett-Packard Development Company, L.P.
     4	#
     5	#    Authors: Scott Moser <smoser@canonical.com>
     6	#             Juerg Haefliger <juerg.haefliger@hp.com>
     7	#
     8	#    This program is free software: you can redistribute it and/or modify
     9	#    it under the terms of the GNU General Public License as published by
    10	#    the Free Software Foundation, version 3 of the License.
    11	#
    12	#    This program is distributed in the hope that it will be useful,
    13	#    but WITHOUT ANY WARRANTY; without even the implied warranty of
    14	#    MERCHANTABILITY or FITNESS FOR A PARTICULAR PURPOSE.  See the
    15	#    GNU General Public License for more details.
    16	#
    17	#    You should have received a copy of the GNU General Public License
    18	#    along with this program.  If not, see <http://www.gnu.org/licenses/>.
    19	
    20	# the fudge factor. if within this many bytes dont bother
    21	FUDGE=${GROWPART_FUDGE:-$((1024*1024))}
    22	TEMP_D=""
    23	RESTORE_FUNC=""
    24	RESTORE_HUMAN=""
    25	VERBOSITY=0
    26	DISK=""
    27	PART=""
    28	PT_UPDATE=false
    29	DRY_RUN=0
    30	FLOCK_DISK_FD=""
    31	RESIZE_RESULT=""
    32	
    33	SFDISK_VERSION=""
    34	SFDISK_2_26="22600"
    35	SFDISK_V_WORKING_GPT="22603"
    36	MBR_BACKUP=""
    37	GPT_BACKUP=""
    38	_capture=""
    39	
    40	error() {
    41		echo "$@" 1>&2
    42	}
    43	
    44	fail() {
    45		[ $# -eq 0 ] || echo "FAILED:" "$@"
    46		exit 2
    47	}
    48	
    49	nochange() {
    50		RESIZE_RESULT="NOCHANGE"
    51		echo "NOCHANGE:" "$@"
    52		return 1
    53	}
    54	
    55	changed() {
    56		RESIZE_RESULT="CHANGED"
    57		echo "CHANGED:" "$@"
    58		return 0
    59	}
    60	
    61	change() {
    62		RESIZE_RESULT="CHANGE"
    63		echo "CHANGE:" "$@"
    64		return 0
    65	}
    66	
    67	cleanup() {
    68		if [ -n "${RESTORE_FUNC}" ]; then
    69			error "***** WARNING: Resize failed, attempting to revert ******"
    70			if ${RESTORE_FUNC} ; then
    71				error "***** Restore appears to have gone OK ****"
    72			else
    73				error "***** Restore FAILED! ******"
    74				if [ -n "${RESTORE_HUMAN}" -a -f "${RESTORE_HUMAN}" ]; then
    75					error "**** original table looked like: ****"
    76					cat "${RESTORE_HUMAN}" 1>&2
    77				else
    78					error "We seem to have not saved the partition table!"
    79				fi
    80			fi
    81			unlock_disk_and_settle $DISK
    82		fi
    83		[ -z "${TEMP_D}" -o ! -d "${TEMP_D}" ] || rm -Rf "${TEMP_D}"
    84	}
    85	
    86	debug() {
    87		local level=${1}
    88		shift
    89		[ "${level}" -gt "${VERBOSITY}" ] && return
    90		if [ "${DEBUG_LOG}" ]; then
    91			echo "$@" >>"${DEBUG_LOG}"
    92		else
    93			error "$@"
    94		fi
    95	}
    96	
    97	debugcat() {
    98		local level="$1"
    99		shift;
   100		[ "${level}" -gt "$VERBOSITY" ] && return
   101		if [ "${DEBUG_LOG}" ]; then
   102			cat "$@" >>"${DEBUG_LOG}"
   103		else
   104			cat "$@" 1>&2
   105		fi
   106	}
   107	
   108	mktemp_d() {
   109		# just a mktemp -d that doens't need mktemp if its not there.
   110		_RET=$(mktemp -d "${TMPDIR:-/tmp}/${0##*/}.XXXXXX" 2>/dev/null) &&
   111			return
   112		_RET=$(umask 077 && t="${TMPDIR:-/tmp}/${0##*/}.$$" &&
   113			mkdir "${t}" &&	echo "${t}")
   114		return
   115	}
   116	
   117	Usage() {
   118		cat <<EOF
   119	${0##*/} disk partition
   120	   rewrite partition table so that partition takes up all the space it can
   121	   options:
   122	    -h | --help            print Usage and exit
   123	         --free-percent F  resize so that specified percentage F of the disk is
   124	                           not used in total (not just by this partition). This
   125	                           is useful for consumer SSD or SD cards where a small
   126	                           percentage unallocated can improve device lifetime.
   127	         --fudge F         if part could be resized, but change would be less
   128	                           than 'F' bytes, do not resize (default: ${FUDGE})
   129	    -N | --dry-run         only report what would be done, show new 'sfdisk -d'
   130	    -v | --verbose         increase verbosity / debug
   131	    -u | --update  R       update the the kernel partition table info after
   132	                           growing this requires kernel support and
   133	                           'partx --update'
   134	                           R is one of:
   135	                            - 'auto'  : [default] update partition if possible
   136	                            - 'force' : try despite sanity checks (fail on
   137	                                        failure)
   138	                            - 'off'   : do not attempt
   139	                            - 'on'    : fail if sanity checks indicate no
   140	                                        support
   141	
   142	   Example:
   143	    - ${0##*/} /dev/sda 1
   144	      Resize partition 1 on /dev/sda
   145	
   146	    - ${0##*/} --free-percent=10 /dev/sda 1
   147	      Resize partition 1 on /dev/sda so that 10% of the disk is unallocated
   148	EOF
   149	}
   150	
   151	bad_Usage() {
   152		Usage 1>&2
   153		error "$@"
   154		exit 2
   155	}
   156	
   157	lock_disk() {
   158		local disk="$1"
   159		# flock the target disk to protect against udev actions while modifying.
   160		# https://systemd.io/BLOCK_DEVICE_LOCKING/
   161		[ "${DRY_RUN}" = 0 ] || return
   162	
   163		# only lock block devices, files do not need a lock
   164		[ -b "${disk}" ] || return
   165	
   166		# The FD values are hard-coded per /bin/sh requirement for using exec
   167		# to open paths with specific fd values; man (1) sh on "Redirections"
   168		FLOCK_DISK_FD=9
   169		debug 1 "FLOCK: try exec open fd 9, on failure exec exits this program"
   170		exec 9<>$disk
   171	
   172		# Do not use --nonblock or --timeout as udev may be already processing
   173		# the disk and we must wait until it has released the disk to
   174		# proceed.  Failure to obtain exclusive lock is fatal to growpart.
   175		rq flock flock -x $FLOCK_DISK_FD ||
   176			fail "Error while obtaining exclusive lock on $DISK"
   177		debug 1 "FLOCK: $disk: obtained exclusive lock"
   178	}
   179	
   180	unlock_disk_and_settle() {
   181		# unlock_disk(disk, settle)
   182		local disk="$1"
   183		local settle=${2-"1"}
   184		# release the lock on a disk if locked.  When a disk is locked,
   185		# FLOCK_DISK_FD is set to the hard-coded value of 9.
   186		# After unlocking run udevadm settle (if installed) as the disk has
   187		# likely been changed.
   188		[ "${DRY_RUN}" = 0 ] || return
   189		[ -n "${FLOCK_DISK_FD}" ] || return
   190	
   191		debug 1 "FLOCK: ${disk}: releasing exclusive lock"
   192		exec 9>&-
   193		[ "${settle}" = 1 ] && has_cmd udevadm && udevadm settle
   194		FLOCK_DISK_FD=""
   195	}
   196	
   197	sfdisk_restore_legacy() {
   198		sfdisk --no-reread "${DISK}" -I "${MBR_BACKUP}"
   199	}
   200	
   201	sfdisk_restore() {
   202		# files are named: sfdisk-<device>-<offset>.bak
   203		local f="" offset="" fails=0
   204		for f in "${MBR_BACKUP}"*.bak; do
   205			[ -f "$f" ] || continue
   206			offset=${f##*-}
   207			offset=${offset%.bak}
   208			[ "$offset" = "$f" ] && {
   209				error "WARN: confused by file $f";
   210				continue;
   211			}
   212			dd "if=$f" "of=${DISK}" seek=$(($offset)) bs=1 conv=notrunc ||
   213				{ error "WARN: failed restore from $f"; fails=$(($fails+1)); }
   214		done
   215		return $fails
   216	}
   217	
   218	sfdisk_worked_but_blkrrpart_failed() {
   219		local ret="$1" output="$2"
   220		# exit code found was just 1, but dont insist on that
   221		#[ $ret -eq 1 ] || return 1
   222		# Successfully wrote the new partition table
   223		if grep -qi "Success.* wrote.* new.* partition" "$output"; then
   224			grep -qi "BLKRRPART: Device or resource busy" "$output"
   225			return
   226		# The partition table has been altered.
   227		elif grep -qi "The.* part.* table.* has.* been.* altered" "$output"; then
   228			# Re-reading the partition table failed
   229			grep -qi "Re-reading.* partition.* table.* failed" "$output"
   230			return
   231		fi
   232		return $ret
   233	}
   234	
   235	get_sfdisk_version() {
   236		# set SFDISK_VERSION to MAJOR*10000+MINOR*100+MICRO
   237		local out oifs="$IFS" ver=""
   238		[ -n "$SFDISK_VERSION" ] && return 0
   239		[ -n "$SFDISK" ] || {
   240			SFDISK_VERSION=0

### /usr/share/initramfs-tools/hooks/cloud-initramfs-dyn-netconf
     1	#!/bin/sh
     2	set -e
     3	
     4	PREREQS=""
     5	case $1 in
     6	    prereqs) echo "${PREREQS}"; exit 0;;
     7	esac
     8	
     9	exit 0
    10	
    11	# vi: ts=4 noexpandtab

### /usr/share/initramfs-tools/hooks/copymods
     1	#!/bin/sh
     2	set -e
     3	
     4	prereqs() {
     5		local o="/scripts/init-bottom/overlayroot"  p=""
     6		for p in "$DESTDIR/" ""; do
     7			[ -e "$p$o" ] && echo "overlayroot" && return 0
     8		done
     9	}
    10	
    11	[ "$1" = "prereqs" ] && { prereqs; exit; }
    12	
    13	. /usr/share/initramfs-tools/hook-functions
    14	
    15	# vi: ts=4 noexpandtab

### /usr/share/initramfs-tools/scripts/init-premount/cloud-initramfs-dyn-netconf
     1	#!/bin/sh
     2	set -e
     3	set -f
     4	
     5	PREREQS="udev"
     6	case $1 in
     7		prereqs) echo "${PREREQS}"; exit 0;;
     8	esac
     9	
    10	. /scripts/functions
    11	
    12	PATH=/usr/sbin:/usr/bin:/sbin:/bin
    13	
    14	error() { echo "${0##*/}:" "$@" 1>&2; }
    15	fail() { [ $# -eq 0 ] || error "$@"; exit 0; }
    16	## this function ins taken and cleaned from configure_networking
    17	find_nic_by_mac() {
    18			# look for devices with matching mac address, and set RET if found.
    19			local mac="$1" curmac="" device="" found=""
    20			case "$mac" in
    21				*[A-Z]*) mac=$(echo "$mac" | awk '{print(tolower($0))}')
    22			esac
    23			set +f
    24			for device in /sys/class/net/* ; do
    25				[ -f "$device/address" ] || continue
    26				read curmac < "$device/address" || continue
    27				[ "$curmac" = "$mac" ] && found="${device##*/}" && break
    28			done
    29			set -f
    30			[ -n "$found" ] && _RET=$found && return 0
    31			return 1
    32	}
    33	
    34	bootif2macaddr() {
    35		# bootif is specified as BOOTIF=01-${mac_address} with '-' rather than ':'
    36		local input="$1" tok oifs="$IFS"
    37		input=${input#??-}
    38		IFS="-"
    39		_RET=""
    40		for tok in $input; do
    41			_RET="${_RET}:${tok}"
    42		done
    43		IFS="$oifs"
    44		_RET=${_RET#:}
    45	}
    46	
    47	nic2bootif() {
    48		local nic="$1" macaddr="" tok="" oifs="$IFS"
    49		[ -f "/sys/class/net/$nic/address" ] || return 1
    50		read macaddr < "/sys/class/net/$nic/address"
    51		IFS=":"
    52		_RET="01"
    53		for tok in $macaddr; do
    54			_RET="${_RET}-${tok}"
    55		done
    56		IFS="$oifs"
    57	}
    58	
    59	read CMDLINE < /proc/cmdline
    60	
    61	# if BOOTIF_DEFAULT was present on the kernel cmdline, but no BOOTIF was
    62	# provided then we set BOOTIF based on the network device *name* in
    63	# BOOTIF_DEFAULT (BOOTIF_DEFAULT=eth0).  This allows a pxe boot implementation
    64	# without the ability or knowledge to specify IPAPPEND to function.
    65	bootif_new=""
    66	if [ -z "$BOOTIF" ]; then
    67		for tok in $CMDLINE; do
    68			case "$tok" in
    69				BOOTIF_DEFAULT=*)
    70					wait_for_udev 10
    71					nic2bootif "${tok#BOOTIF_DEFAULT=}" || {
    72						echo "WARNING: ${0##*/}: no device $tok"
    73						continue
    74					}
    75					BOOTIF=${_RET}
    76					bootif_new=${BOOTIF}
    77					;;
    78			esac
    79		done
    80	fi
    81	
    82	# if hostname= is on the cmdline and IP=="dhcp", then change IP to
    83	#    ::::$hostname:BOOTIF:dhcp
    84	# This allows old code that specified 'ip=dhcp' to still convince ipconfig to
    85	# use a given hostname in dhcp request without requiring '::::$hostname:'.
    86	# The '::::$hostname:' without a device name means "wait for all network
    87	# devices".  If some are not plugged in, then it will hang for quite some time.
    88	#
    89	# This is really a specific kludge to deal with newer maas needing to operating
    90	# with existing original images from 12.04.  Those images were not able to
    91	# accept 'ip::::$hostname:BOOTIF' as they did not have this package installed.
    92	if [ -n "$BOOTIF" -a "$IP" = "dhcp" ]; then
    93		for tok in $CMDLINE; do
    94			case "$tok" in
    95				hostname=*) IP="::::${tok#hostname=}:BOOTIF:dhcp"
    96			esac
    97		done
    98	fi
    99	
   100	# no IP or IP not containing BOOTIF means nothing to do
   101	case $IP in
   102		*BOOTIF*) :;;
   103		*) exit 0
   104	esac
   105	
   106	[ -n "$BOOTIF" ] || fail "WARNING: IP='$IP' but no BOOTIF set!"
   107	
   108	## we need to "fix" an IP= string that contains 'BOOTIF'
   109	## to instead reference the actual interface.
   110	wait_for_udev 10
   111	
   112	bootif2macaddr "$BOOTIF" && [ -n "$_RET" ] ||
   113		fail "failed to convert BOOTIF='$BOOTIF'";
   114	macaddr=${_RET}
   115	
   116	find_nic_by_mac "$macaddr" && [ -n "$_RET" ] ||
   117		fail "did no find a nic with $macaddr"
   118	devname=${_RET}
   119	
   120	# now replace occurences of BOOTIF in $IP with $devname
   121	cur="$IP"
   122	while [ "${cur#*BOOTIF}" != "$cur" ]; do
   123	   cur="${cur%%BOOTIF*}$devname${cur#*BOOTIF}"
   124	done
   125	new=$cur
   126	
   127	# get the global variables IP and BOOTIF reset with updated values
   128	{
   129		echo "IP='$new'"
   130		[ -z "$bootif_new" ] || echo "BOOTIF='${bootif_new}'"
   131	} > /conf/param.conf
   132	
   133	# vi: ts=4 noexpandtab

### /usr/share/initramfs-tools/scripts/init-bottom/cloud-initramfs-dyn-netconf
     1	#!/bin/sh
     2	set -e
     3	
     4	PREREQS=""
     5	case $1 in
     6		prereqs) echo "${PREREQS}"; exit 0;;
     7	esac
     8	
     9	. /scripts/functions
    10	
    11	PATH=/usr/sbin:/usr/bin:/sbin:/bin
    12	
    13	# doc in klibc-utils /usr/share/doc/libklibc/README.ipconfig.gz
    14	# example below:
    15	#DEVICE='eth0'
    16	#PROTO='dhcp'                    ## none, off, static. not present in precise
    17	#IPV4ADDR='192.168.122.89'
    18	#IPV4BROADCAST='192.168.122.255'
    19	#IPV4NETMASK='255.255.255.0'
    20	#IPV4GATEWAY='192.168.122.1'
    21	#IPV4DNS0='192.168.122.1'        ## only come from dhcp
    22	#IPV4DNS1='0.0.0.0'
    23	#HOSTNAME=''
    24	#DNSDOMAIN=''
    25	#NISDOMAIN=''
    26	#ROOTSERVER='192.168.122.1'
    27	#ROOTPATH=''
    28	#filename=''
    29	#UPTIME='21'
    30	#DHCPLEASETIME='3600'
    31	#DOMAINSEARCH=''
    32	
    33	# superseded by isc-dhcp and such writing the file and supporting IPv6:
    34	#DEVICE=eno1
    35	#HOSTNAME=
    36	#DNSDOMAIN=
    37	#reason='PREINIT'
    38	#interface='eno1'
    39	#DEVICE=eno1
    40	#HOSTNAME=
    41	#DNSDOMAIN=
    42	#reason='FAIL'
    43	#interface='eno1'
    44	#DEVICE=eno1
    45	#HOSTNAME=
    46	#DNSDOMAIN=
    47	#reason='PREINIT6'
    48	#interface='eno1'
    49	#DEVICE=eno1
    50	#IPV6PROTO=dhcp6
    51	#IPV6ADDR=2001:67c:1562:8010:1::4324
    52	#IPV6NETMASK=64
    53	#IPV6DNS0=2001:67c:1562:8010::2:1
    54	#IPV6DOMAINSEARCH=
    55	#HOSTNAME=
    56	#DNSDOMAIN=
    57	#reason='BOUND6'
    58	#interface='eno1'
    59	#new_ip6_address='2001:67c:1562:8010:1::4324'
    60	#new_ip6_prefixlen='64'
    61	#new_dhcp6_name_servers='2001:67c:1562:8010::2:1'
    62	
    63	
    64	error() { echo "${0##*/}:" "$@" 1>&2; }
    65	configure_net_if_needed() {
    66		# we want to call configure_networking if and only if ip= was seen
    67		# on the command line (LP: #1463846)
    68		local ip="$1"
    69		# empty 'ip' or ip=none or ip=off specifically mean do not bring up
    70		if [ -z "$ip" ]; then
    71			return 0
    72		fi
    73		case "$ip" in
    74			none|off) return 0;;
    75		esac
    76		# configure_networking does not set any flags indicating it tried
    77		# to run and failed, so we can only look for indication
    78		# that ipconfig ran, which creates files in /run/net-<device>.conf
    79		#
    80		# configure_networking does a check like this.  however, its check is
    81		# broken in the event that BOOTIF is not found on the command line.
    82		for f in /run/net-*.conf /tmp/net-*.conf; do
    83			if [ -f "$f" ]; then
    84				return 0
    85			fi
    86		done
    87	
    88		configure_networking
    89	}
    90	
    91	ni_header() {
    92		echo "## This file is generated by cloud-initramfs-dyn-netconf"
    93		echo "auto lo"
    94		echo "iface lo inet loopback"
    95	}
    96	
    97	
    98	configure_net_if_needed "$IP" ||
    99	   echo "WARN: ${0##*/}: configure_networking failed" 1>&2
   100	
   101	tmpf="/tmp/${0##*/}.ni"
   102	
   103	ni_header > "$tmpf"
   104	seen=","
   105	for f in /run/net-*.conf /tmp/net-*.conf /run/net6-*.conf; do
   106		[ -f "$f" ] || continue
   107		dev=${f#*/net-}; dev=${dev%.conf};
   108		# perhaps we saw this device from /run and now we're in /tmp
   109		[ "${seen#*,${dev},}" = "${seen}" ] || continue
   110	
   111		seen="${seen}${dev},"
   112	
   113		DEVICE=""; PROTO=""; IPV4ADDR=""; IPV4NETMASK=""; IPV4GATEWAY="";
   114		IPV4DNS0=""; IPV4DNS1=""; DNSDOMAIN=""; DOMAINSEARCH=""; filename="";
   115		DEVICE6=""; IPV4PROTO=""; IPV6PROTO=""; IPV6ADDR=""; IPV6NETMASK="";
   116		IPV6GATEWAY=""; IPV6DNS0=""; IPV6DNS1=""; IPV6DOMAINSEARCH="";
   117		. "$f"
   118	
   119		if [ -z "$DEVICE" ]; then
   120			if [ -z "$DEVICE6" ]; then
   121			    error "WARNING: $f had no 'DEVICE' or 'DEVICE6' set"
   122			    continue
   123			else
   124			    DEVICE="$DEVICE6"
   125			fi
   126		fi
   127		# If IPv6 is supported, we get both of these, and at least one of them
   128		# is set.  If we get both, use IPv4.
   129		# Prior to that, PROTO was used, so we know it's IPv4 we want.
   130		if [ -z "$IPV4PROTO" -a -z "$IPV6PROTO" ]; then
   131			IPV4PROTO="$PROTO"
   132		fi
   133		# ipconfig on precise does not write PROTO.
   134		if [ -z "$IPV4PROTO" -a -z "$IPV6PROTO" ]; then
   135			if [ -n "$filename" ]; then
   136				IPV4PROTO="dhcp"
   137			else
   138				IPV4PROTO="static"
   139			fi
   140		fi
   141	
   142		# We need to use care, since the script is running set -e.
   143		echo "manual $DEVICE"
   144		if [ "$IPV4PROTO" = "dhcp" ]; then
   145			echo "iface $DEVICE inet dhcp"
   146		elif [ "$IPV4PROTO" = "static" ]; then
   147			echo "iface $DEVICE inet static"
   148			if [ -n "$IPV4ADDR" ]; then
   149				printf "\t%s\n" "address $IPV4ADDR"
   150			else
   151				error "WARNING: $f static with no address"
   152			fi
   153			if [ -n "$IPV4NETMASK" ]; then
   154				printf "\t%s\n" "netmask $IPV4NETMASK"
   155			else
   156				error "WARNING: $f static with no netmask"
   157			fi
   158			if [ -n "$IPV4GATEWAY" ]; then
   159				printf "\t%s\n" "gateway $IPV4GATEWAY"
   160			fi
   161		elif [ "$IPV6PROTO" = "dhcp6" ]; then
   162			echo "iface $DEVICE inet6 dhcp"
   163		elif [ "$IPV6PROTO" = "static" ]; then
   164			echo "iface $DEVICE inet6 static"
   165			if [ -n "$IPV6ADDR" ]; then
   166				printf "\t%s\n" "address $IPV6ADDR"
   167			else
   168				error "WARNING: $f static with no address"
   169			fi
   170			if [ -n "$IPV6NETMASK" ]; then
   171				printf "\t%s\n" "netmask $IPV6NETMASK"
   172			else
   173				error "WARNING: $f static with no netmask"
   174			fi
   175			if [ -n "$IPV6GATEWAY" ]; then
   176				printf "\t%s\n" "gateway $IPV6GATEWAY"
   177			fi
   178		fi
   179	
   180		nsline=""
   181		if [ -n "$IPV4DNS0" -a "$IPV4DNS0" != "0.0.0.0" ]; then
   182			nsline="${IPV4DNS0}"
   183			if [ -n "$IPV4DNS1" -a "$IPV4DNS1" = "0.0.0.0" ]; then
   184				nsline="${nsline} ${IPV4DNS1}"
   185			fi
   186		elif [ -n "$IPV6DNS0" ]; then
   187			nsline="${nsline} ${IPV6DNS0}"
   188			[ -z "$IPV6DNS1" ] || nsline="${nsline} ${IPV6DNS1}"
   189		fi
   190		[ -z "$nsline" ] || printf "\tdns-nameservers %s\n" "$nsline"
   191		if [ -n "${DNSDOMAIN}${DOMAINSEARCH}${IPV6DOMAINSEARCH}" ]; then
   192			SEARCH=" ${DNSDOMAIN} ${DOMAINSEARCH} ${IPV6DOMAINSEARCH}"
   193			printf "\tdns-search %s\n" "${SEARCH}"
   194		fi
   195	done >> "$tmpf"
   196	
   197	[ -d /run/network ] || mkdir /run/network
   198	mv "$tmpf" /run/network/dynamic-interfaces
   199	
   200	# vi: ts=4 noexpandtab

### /usr/share/initramfs-tools/scripts/init-bottom/copymods
     1	#!/bin/sh
     2	#  Copyright, 2014 Scott Moser <smoser@ubuntu.com>
     3	#
     4	#  This program is free software: you can redistribute it and/or modify
     5	#  it under the terms of the GNU General Public License as published by
     6	#  the Free Software Foundation, either version 3 of the License, or
     7	#  (at your option) any later version.
     8	#
     9	#  This program is distributed in the hope that it will be useful,
    10	#  but WITHOUT ANY WARRANTY; without even the implied warranty of
    11	#  MERCHANTABILITY or FITNESS FOR A PARTICULAR PURPOSE.  See the
    12	#  GNU General Public License for more details.
    13	#
    14	#    You should have received a copy of the GNU General Public License
    15	#    along with this program.  If not, see
    16	#    <http://www.gnu.org/licenses/>.
    17	
    18	prereqs() {
    19		local o="/scripts/init-bottom/overlayroot"  p=""
    20		# basically we run after overlayroot but do not depend on it
    21		for p in "$DESTDIR/" ""; do
    22			[ -e "$p$o" ] && echo "overlayroot" && return 0
    23		done
    24	}
    25	
    26	[ "$1" != "prereqs" ] || { prereqs; exit; }
    27	
    28	. /scripts/functions
    29	
    30	set -f
    31	PATH=/usr/sbin:/usr/bin:/sbin:/bin
    32	
    33	cmdline=""
    34	myopts=""
    35	if [ -f /proc/cmdline ]; then
    36		read cmdline < /proc/cmdline
    37		for tok in $cmdline; do
    38			[ "${tok#copymods=}" != "$tok" ] || continue
    39			myopts="${tok#copymods=}"
    40		done
    41	fi
    42	myver=$(uname -r)
    43	
    44	if [ ! -d "/lib/modules/$myver" ]; then
    45		log_warning_msg "Something odd, no /lib/modules/$myver in initramfs."
    46		exit 0
    47	fi
    48	
    49	[ -d "$rootmnt/lib/modules" ] || mkdir -p "$rootmnt/lib/modules" ||
    50		{ log_warning_msg "No /lib/modules in target. cannot help."; exit 0; }
    51	
    52	if [ -d "$rootmnt/lib/modules/$myver" ]; then
    53		if [ "${myopts#*force}" = "$myopts" ]; then
    54			exit 0
    55		else
    56			log_warning_msg "copying over existing modules! due to copymods=force"
    57		fi
    58	fi
    59	
    60	mount -t tmpfs copymods "$rootmnt/lib/modules" ||
    61		{ log_failure_msg "failed mount of tmpfs"; exit 0; }
    62	
    63	mv "/lib/modules/$myver" "$rootmnt/lib/modules" ||
    64		{ log_failure_msg "failed to copy modules to target root"; exit 0; }
    65	
    66	ln -s "$rootmnt/lib/modules/$myver" "/lib/modules/$myver" ||
    67		{ log_failure_msg "failed to link to modules"; exit 0; }
    68	
    69	# vi: ts=4 noexpandtab

### growpart command/path-sensitive lines
	if [ "${DEBUG_LOG}" ]; then
		echo "$@" >>"${DEBUG_LOG}"
	if [ "${DEBUG_LOG}" ]; then
		cat "$@" >>"${DEBUG_LOG}"
mktemp_d() {
	# just a mktemp -d that doens't need mktemp if its not there.
	_RET=$(mktemp -d "${TMPDIR:-/tmp}/${0##*/}.XXXXXX" 2>/dev/null) &&
	_RET=$(umask 077 && t="${TMPDIR:-/tmp}/${0##*/}.$$" &&
    -N | --dry-run         only report what would be done, show new 'sfdisk -d'
                           'partx --update'
	# flock the target disk to protect against udev actions while modifying.
	# The FD values are hard-coded per /bin/sh requirement for using exec
	debug 1 "FLOCK: try exec open fd 9, on failure exec exits this program"
	exec 9<>$disk
	rq flock flock -x $FLOCK_DISK_FD ||
	# After unlocking run udevadm settle (if installed) as the disk has
	exec 9>&-
	[ "${settle}" = 1 ] && has_cmd udevadm && udevadm settle
sfdisk_restore_legacy() {
	sfdisk --no-reread "${DISK}" -I "${MBR_BACKUP}"
sfdisk_restore() {
	# files are named: sfdisk-<device>-<offset>.bak
		dd "if=$f" "of=${DISK}" seek=$(($offset)) bs=1 conv=notrunc ||
			{ error "WARN: failed restore from $f"; fails=$(($fails+1)); }
sfdisk_worked_but_blkrrpart_failed() {
get_sfdisk_version() {
	# expected output: sfdisk from util-linux 2.25.2
	out=$(LANG=C sfdisk --version) ||
		{ error "failed to get sfdisk version"; return 1; }
		*) error "unexpected output in sfdisk --version [$out]"
			# for /dev/loop devices, sfdisk output will be <name>p<number>
			# sfdisk for files ending in digit to <disk>p<num>.
resize_sfdisk() {
	local restore_func=""
	LANG=C rqe sfd_list sfdisk --list --unit=S "$DISK" >"$tmp" ||
		fail "failed: sfdisk --list $DISK"
		# exected output contains: Units: sectors of 512 bytes, ...
			fail "failed to read sfdisk output"
			error "WARN: sector size not found in sfdisk output, assuming 512"
		t=$(sfdisk --show-size "${DISK}") ||
			fail "failed: sfdisk --show-size $DISK"
		restore_func=sfdisk_restore_legacy
		restore_func=sfdisk_restore
	rqe sfd_dump sfdisk --unit=S --dump "${DISK}" >"${dump_out}" ||
		fail "failed to dump sfdisk info for ${DISK}"
		echo "## sfdisk --unit=S --dump ${DISK}"
	[ $? -eq 0 ] || fail "failed to save sfdisk -d output"
		# sfdisk respects 'last-lba' in input, and complains about
			echo "# === old sfdisk -d ==="
			echo "# === new sfdisk -d ==="
	LANG=C sfdisk --no-reread "${DISK}" --force \
	[ $ret -eq 0 ] || RESTORE_FUNC="${restore_func}"
		sfdisk_worked_but_blkrrpart_failed "$ret" "${change_out}"; then
		debug 1 "sfdisk failed, but likely only because of blkrrpart"
		error "attempt to resize ${DISK} failed. sfdisk output below:"
gpt_restore() {
		RESTORE_FUNC=gpt_restore
	if command -v partx >/dev/null 2>&1; then
		out=$(partx --help 2>&1)
				reason="partx has no '--update' flag in usage."
			reason="'partx --help' returned $ret. assuming it is old."
		reason="no 'partx' command"
	# partx only works on block devices (do not run on file)
	partx --update --nr "$part" "$dev"
resize_sfdisk_gpt() {
	resize_sfdisk gpt
resize_sfdisk_dos() {
	resize_sfdisk dos
		out=$(sfdisk --id --force "$disk" 1 2>/dev/null); then
	elif out=$(LANG=C sfdisk --list "$disk"); then
		sfdisk) _RET="resize_sfdisk_$format"; return;;
			error "sfdisk is required for resizing dos/MBR partition table."
		_RET="resize_sfdisk_dos"
		# sfdisk 2.26.2 works for resize but loses type (LP: #1474090)
		_RET="resize_sfdisk_gpt"
	debug 2 "executing: $*"
		*) error "failed to execute [$ret] '$*'"
has_cmd sfdisk && SFDISK=sfdisk || SFDISK=""
	fail "Did not have sfdisk or sgdisk in PATH."
get_sfdisk_version || fail
mktemp_d && TEMP_D="${_RET}" || fail "failed to make temp dir"
trap cleanup 0 # EXIT - some shells may not like 'EXIT' but are ok with 0

## uid1001 read/write checks for cloud trust boundaries

### attacker: read cloud instance data
read /run/cloud-init/instance-data.json -> not readable or missing
read /run/cloud-init/instance-data-sensitive.json -> not readable or missing
read /run/cloud-init/status.json -> not readable or missing
read /run/cloud-init/result.json -> not readable or missing
read /var/lib/cloud/instance/user-data.txt -> not readable or missing
read /var/lib/cloud/instance/vendor-data.txt -> not readable or missing
rc=0

### attacker: write cloud config, datasource, seed, state, script, and run paths
touch /etc/cloud/cloud.cfg -> touch: cannot touch '/etc/cloud/cloud.cfg': Permission denied 
touch /etc/cloud/cloud.cfg.d/99-cloud-init-default.cfg -> touch: cannot touch '/etc/cloud/cloud.cfg.d/99-cloud-init-default.cfg': No such file or directory 
touch /etc/cloud/templates/cloud-init-default.tmpl -> touch: cannot touch '/etc/cloud/templates/cloud-init-default.tmpl': No such file or directory 
touch /etc/cloud/ds-identify.cfg -> touch: cannot touch '/etc/cloud/ds-identify.cfg': Permission denied 
touch /var/lib/cloud/seed/nocloud/user-data -> touch: cannot touch '/var/lib/cloud/seed/nocloud/user-data': No such file or directory 
touch /var/lib/cloud/seed/nocloud/meta-data -> touch: cannot touch '/var/lib/cloud/seed/nocloud/meta-data': No such file or directory 
touch /var/lib/cloud/seed/nocloud-net/user-data -> touch: cannot touch '/var/lib/cloud/seed/nocloud-net/user-data': No such file or directory 
touch /var/lib/cloud/seed/nocloud-net/meta-data -> touch: cannot touch '/var/lib/cloud/seed/nocloud-net/meta-data': No such file or directory 
touch /var/lib/cloud/instances/iid-local01/user-data.txt -> touch: cannot touch '/var/lib/cloud/instances/iid-local01/user-data.txt': No such file or directory 
touch /var/lib/cloud/instances/iid-local01/scripts/per-boot/00-cloud-init-default -> touch: cannot touch '/var/lib/cloud/instances/iid-local01/scripts/per-boot/00-cloud-init-default': No such file or directory 
touch /var/lib/cloud/scripts/per-boot/00-cloud-init-default -> touch: cannot touch '/var/lib/cloud/scripts/per-boot/00-cloud-init-default': No such file or directory 
touch /var/lib/cloud/scripts/per-instance/00-cloud-init-default -> touch: cannot touch '/var/lib/cloud/scripts/per-instance/00-cloud-init-default': No such file or directory 
touch /var/lib/cloud/scripts/per-once/00-cloud-init-default -> touch: cannot touch '/var/lib/cloud/scripts/per-once/00-cloud-init-default': No such file or directory 
touch /var/lib/cloud/sem/cloud-init-default -> touch: cannot touch '/var/lib/cloud/sem/cloud-init-default': No such file or directory 
touch /run/cloud-init/status.json -> touch: cannot touch '/run/cloud-init/status.json': No such file or directory 
touch /run/cloud-init/result.json -> touch: cannot touch '/run/cloud-init/result.json': No such file or directory 
touch /run/cloud-init/instance-data.json -> touch: cannot touch '/run/cloud-init/instance-data.json': No such file or directory 
touch /run/cloud-init/instance-data-sensitive.json -> touch: cannot touch '/run/cloud-init/instance-data-sensitive.json': No such file or directory 
touch /run/cloud-init/ds-identify.log -> touch: cannot touch '/run/cloud-init/ds-identify.log': No such file or directory 
touch /run/cloud-init/cloud-init-generator.log -> touch: cannot touch '/run/cloud-init/cloud-init-generator.log': No such file or directory 
touch /run/cloud-init/sem/cloud-init-default -> touch: cannot touch '/run/cloud-init/sem/cloud-init-default': No such file or directory 
touch /etc/growroot-disabled -> touch: cannot touch '/etc/growroot-disabled': Permission denied 
touch /etc/initramfs-tools/conf.d/cloud-init-default -> touch: cannot touch '/etc/initramfs-tools/conf.d/cloud-init-default': Permission denied 
touch /etc/initramfs-tools/hooks/cloud-init-default -> touch: cannot touch '/etc/initramfs-tools/hooks/cloud-init-default': Permission denied 
touch /etc/initramfs-tools/scripts/init-bottom/cloud-init-default -> touch: cannot touch '/etc/initramfs-tools/scripts/init-bottom/cloud-init-default': Permission denied 
touch /usr/share/initramfs-tools/scripts/init-bottom/cloud-init-default -> touch: cannot touch '/usr/share/initramfs-tools/scripts/init-bottom/cloud-init-default': Permission denied 
touch /boot/cloud-init-default -> touch: cannot touch '/boot/cloud-init-default': Permission denied 
mkdir /etc/cloud/cloud.cfg.d/cloud-init-default-dir -> mkdir: cannot create directory '/etc/cloud/cloud.cfg.d': Permission denied 
mkdir /var/lib/cloud/cloud-init-default-dir -> mkdir: cannot create directory '/var/lib/cloud': Permission denied 
mkdir /var/lib/cloud/seed/nocloud/cloud-init-default-dir -> mkdir: cannot create directory '/var/lib/cloud': Permission denied 
mkdir /var/lib/cloud/scripts/per-boot/cloud-init-default-dir -> mkdir: cannot create directory '/var/lib/cloud': Permission denied 
mkdir /run/cloud-init/cloud-init-default-dir -> mkdir: cannot create directory '/run/cloud-init': Permission denied 
mkdir /run/cloud-init/sem/cloud-init-default-dir -> mkdir: cannot create directory '/run/cloud-init': Permission denied 
mkdir /etc/initramfs-tools/hooks/cloud-init-default-dir -> mkdir: cannot create directory '/etc/initramfs-tools/hooks/cloud-init-default-dir': Permission denied 
rc=0

### attacker: symlink and hardlink planting attempts
symlink /var/lib/cloud/scripts/per-boot/00-cloud-init-default -> ln: failed to create symbolic link '/var/lib/cloud/scripts/per-boot/00-cloud-init-default': No such file or directory 
symlink /var/lib/cloud/seed/nocloud/user-data -> ln: failed to create symbolic link '/var/lib/cloud/seed/nocloud/user-data': No such file or directory 
symlink /run/cloud-init/instance-data.json -> ln: failed to create symbolic link '/run/cloud-init/instance-data.json': No such file or directory 
symlink /etc/cloud/cloud.cfg.d/99-cloud-init-default.cfg -> ln: failed to create symbolic link '/etc/cloud/cloud.cfg.d/99-cloud-init-default.cfg': No such file or directory 
hardlink /var/lib/cloud/scripts/per-instance/00-cloud-init-default -> ln: failed to create hard link '/var/lib/cloud/scripts/per-instance/00-cloud-init-default' => '/etc/passwd': No such file or directory 
hardlink /run/cloud-init/status.json -> ln: failed to create hard link '/run/cloud-init/status.json' => '/etc/passwd': No such file or directory 
hardlink /etc/initramfs-tools/hooks/cloud-init-default-hardlink -> ln: failed to create hard link '/etc/initramfs-tools/hooks/cloud-init-default-hardlink' => '/etc/passwd': Operation not permitted 
rc=0

## uid1001 trigger attempts

### attacker: systemd starts for cloud/grow root units
### systemctl start cloud-init-local.service
Failed to start cloud-init-local.service: Interactive authentication required.
See system logs and 'systemctl status cloud-init-local.service' for details.
### systemctl start cloud-init.service
Failed to start cloud-init.service: Interactive authentication required.
See system logs and 'systemctl status cloud-init.service' for details.
### systemctl start cloud-config.service
Failed to start cloud-config.service: Interactive authentication required.
See system logs and 'systemctl status cloud-config.service' for details.
### systemctl start cloud-final.service
Failed to start cloud-final.service: Interactive authentication required.
See system logs and 'systemctl status cloud-final.service' for details.
### systemctl start cloud-init.target
Failed to start cloud-init.target: Interactive authentication required.
See system logs and 'systemctl status cloud-init.target' for details.
### systemctl start cloud-init-hotplugd.socket
Failed to start cloud-init-hotplugd.socket: Interactive authentication required.
See system logs and 'systemctl status cloud-init-hotplugd.socket' for details.
### systemctl start cloud-init-hotplugd.service
Failed to start cloud-init-hotplugd.service: Interactive authentication required.
See system logs and 'systemctl status cloud-init-hotplugd.service' for details.
### systemctl start growpart.service
Failed to start growpart.service: Interactive authentication required.
See system logs and 'systemctl status growpart.service' for details.
### systemctl start cloud-initramfs-growroot.service
Failed to start cloud-initramfs-growroot.service: Interactive authentication required.
See system logs and 'systemctl status cloud-initramfs-growroot.service' for details.
### systemctl start systemd-growfs-root.service
Failed to start systemd-growfs-root.service: Interactive authentication required.
See system logs and 'systemctl status systemd-growfs-root.service' for details.
### systemctl start plymouth-switch-root-initramfs.service
Failed to start plymouth-switch-root-initramfs.service: Interactive authentication required.
See system logs and 'systemctl status plymouth-switch-root-initramfs.service' for details.
rc=0

### attacker: direct cloud-init and initramfs helper commands
### cloud-init status --long
bash: line 1: cloud-init: command not found
### cloud-init init --local
bash: line 1: cloud-init: command not found
### cloud-init modules --mode final
bash: line 1: cloud-init: command not found
### cloud-init single --name scripts-per-boot --frequency always
bash: line 1: cloud-init: command not found
### cloud-id
bash: line 1: cloud-id: command not found
### cloud-init-per once cloud-init-default /bin/sh -c id
bash: line 1: cloud-init-per: command not found
### update-initramfs -u -v
Available versions: 
Nothing to do, exiting.
rc=0

### attacker: direct growpart with attacker PATH helpers
growpart_rc=2
[fake helper log]
FAKE_sfdisk_UID=1001
[stdout]
[stderr]
failed to get sfdisk version
[debug]
rc=2

## world-writable cloud/grow/initramfs-adjacent paths
lrwxrwxrwx root:root /run/systemd/units/invocation:snapd.seeded.service -> a878562228e74f2f9f76f8d7150fab6e
drwxrwxrwx root:root /tmp/cloud_init_default -> 
-rw-rw-rw- root:root /tmp/cloud_init_default/created-sensitive-paths -> 
lrwxrwxrwx attacker:attacker /tmp/cloud_init_default/root-marker-link -> /root/cloud_init_default_root_marker

## unexpected sensitive path writes recorded
none

## root proof sweep before cleanup
NO_ROOT_MARKER
drwxrwxrwx root:root /tmp/cloud_init_default -> 

## cleanup
cleanup_complete
