condition-gated/default services probe
target=ubuntu24-server-lpe-target
utc=2026-05-17T20:07:57Z
container=/ubuntu24-server-lpe-target image=ubuntu24-server-default-lpe:20260516-standard status=running started=2026-05-17T18:21:15.619759422Z


## target, users, and default package proof
PRETTY_NAME="Ubuntu 24.04.4 LTS"
NAME="Ubuntu"
VERSION_ID="24.04"
VERSION="24.04.4 LTS (Noble Numbat)"
VERSION_CODENAME=noble
ID=ubuntu
ID_LIKE=debian
HOME_URL="https://www.ubuntu.com/"
SUPPORT_URL="https://help.ubuntu.com/"
BUG_REPORT_URL="https://bugs.launchpad.net/ubuntu/"
PRIVACY_POLICY_URL="https://www.ubuntu.com/legal/terms-and-policies/privacy-policy"
UBUNTU_CODENAME=noble
Linux bf51bb670420 6.10.14-linuxkit #1 SMP Sat May 17 08:28:57 UTC 2025 aarch64 aarch64 aarch64 GNU/Linux
root     systemd         /sbin/init
systemd-detect-virt -v: vm-other
systemd-detect-virt -c: docker
systemd-detect-virt --vm: vm-other
systemd 255 (255.4-1ubuntu8.15)
systemctl is-system-running: running
uid=1001(attacker) gid=1001(attacker) groups=1001(attacker)
attacker : attacker
sudo:x:27:ubuntu
adm:x:4:ubuntu,syslog
lxd:x:101:
syslog:x:104:
systemd-journal:x:999:

[manual package seeds]
apt
base-files
base-passwd
bash
bsdutils
coreutils
dash
debconf
debianutils
diffutils
dpkg
dpkg-dev
e2fsprogs
findutils
gcc-14-base
gdb
gpgv
grep
gzip
hostname
init-system-helpers
libacl1
libapt-pkg6.0t64
libassuan0
libattr1
libaudit-common
libaudit1
libblkid1
libbz2-1.0
libc-bin
libc6
libcap-ng0
libcap2
libcom-err2
libcrypt1
libdebconfclient0
libext2fs2t64
libffi8
libgcc-s1
libgcrypt20
libgmp10
libgnutls30t64
libgpg-error0
libhogweed6t64
libidn2-0
liblz4-1
liblzma5
libmd0
libmount1
libncursesw6
libnettle8t64
libnpth0t64
libp11-kit0
libpam-modules
libpam-modules-bin
libpam-runtime
libpam0g
libpcre2-8-0
libproc2-0
libseccomp2
libselinux1
libsemanage-common
libsemanage2
libsepol2
libsmartcols1
libss2
libssl3t64
libstdc++6
libsystemd0
libtasn1-6
libtinfo6
libudev1
libunistring5
libuuid1
libxxhash0
libzstd1
login
logsave
mawk
mount
ncurses-base
ncurses-bin
passwd
perl-base
procps
sed
sensible-utils
sysvinit-utils
tar
ubuntu-keyring
ubuntu-minimal
ubuntu-server
ubuntu-standard
unminimize
util-linux
zlib1g

## package versions
dbus	1.14.10-4ubuntu4.1	arm64	ii 
initscripts			un 
open-vm-tools	2:13.0.0-2~ubuntu0.24.04.1	arm64	ii 
open-vm-tools-containerinfo			un 
open-vm-tools-desktop			un 
open-vm-tools-sdmp			un 
policykit-1			un 
polkitd	124-2ubuntu1.24.04.3	arm64	ii 
rsync	3.2.7-1ubuntu1.2	arm64	ii 
systemd	255.4-1ubuntu8.15	arm64	ii 
systemd-sysv	255.4-1ubuntu8.15	arm64	ii 
ubuntu-minimal	1.539.2	arm64	ii 
ubuntu-server	1.539.2	arm64	ii 
ubuntu-standard	1.539.2	arm64	ii 

## default unit state before attacker triggers
open-vm-tools.service         enabled  enabled
rc-local.service              static   -
rsync.service                 disabled enabled
system-update-cleanup.service static   -
vgauth.service                enabled  enabled
vmtoolsd.service              alias    -
system-update.target          static   -

### vgauth.service
Result=success
ExecStart={ path=/usr/bin/VGAuthService ; argv[]=/usr/bin/VGAuthService ; ignore_errors=no ; start_time=[n/a] ; stop_time=[n/a] ; pid=0 ; code=(null) ; status=0/0 }
User=
Group=
Id=vgauth.service
Triggers=
TriggeredBy=
LoadState=loaded
ActiveState=inactive
SubState=dead
FragmentPath=/usr/lib/systemd/system/vgauth.service
UnitFileState=enabled
ConditionResult=no
AssertResult=no

### open-vm-tools.service
Result=success
ExecStart={ path=/usr/bin/vmtoolsd ; argv[]=/usr/bin/vmtoolsd ; ignore_errors=no ; start_time=[n/a] ; stop_time=[n/a] ; pid=0 ; code=(null) ; status=0/0 }
User=
Group=
Id=open-vm-tools.service
Triggers=
TriggeredBy=
LoadState=loaded
ActiveState=inactive
SubState=dead
FragmentPath=/usr/lib/systemd/system/open-vm-tools.service
UnitFileState=enabled
ConditionResult=no
AssertResult=no

### vmtoolsd.service
Result=success
ExecStart={ path=/usr/bin/vmtoolsd ; argv[]=/usr/bin/vmtoolsd ; ignore_errors=no ; start_time=[n/a] ; stop_time=[n/a] ; pid=0 ; code=(null) ; status=0/0 }
User=
Group=
Id=open-vm-tools.service
Triggers=
TriggeredBy=
LoadState=loaded
ActiveState=inactive
SubState=dead
FragmentPath=/usr/lib/systemd/system/open-vm-tools.service
UnitFileState=enabled
ConditionResult=no
AssertResult=no

### rsync.service
Result=success
ExecStart={ path=/usr/bin/rsync ; argv[]=/usr/bin/rsync --daemon --no-detach ; ignore_errors=no ; start_time=[n/a] ; stop_time=[n/a] ; pid=0 ; code=(null) ; status=0/0 }
User=
Group=
Id=rsync.service
Triggers=
TriggeredBy=
LoadState=loaded
ActiveState=inactive
SubState=dead
FragmentPath=/usr/lib/systemd/system/rsync.service
UnitFileState=disabled
ConditionResult=no
AssertResult=no

### rc-local.service
Result=success
ExecStart={ path=/etc/rc.local ; argv[]=/etc/rc.local start ; ignore_errors=no ; start_time=[n/a] ; stop_time=[n/a] ; pid=0 ; code=(null) ; status=0/0 }
User=
Group=
Id=rc-local.service
Triggers=
TriggeredBy=
LoadState=loaded
ActiveState=inactive
SubState=dead
FragmentPath=/usr/lib/systemd/system/rc-local.service
UnitFileState=static
ConditionResult=no
AssertResult=no

### system-update-cleanup.service
Result=success
ExecStart={ path=rm ; argv[]=rm -fv /system-update /etc/system-update ; ignore_errors=no ; start_time=[n/a] ; stop_time=[n/a] ; pid=0 ; code=(null) ; status=0/0 }
User=
Group=
Id=system-update-cleanup.service
Triggers=
TriggeredBy=
LoadState=loaded
ActiveState=inactive
SubState=dead
FragmentPath=/usr/lib/systemd/system/system-update-cleanup.service
UnitFileState=static
ConditionResult=no
AssertResult=no

### system-update.target
Id=system-update.target
Triggers=
TriggeredBy=
LoadState=loaded
ActiveState=inactive
SubState=dead
FragmentPath=/usr/lib/systemd/system/system-update.target
UnitFileState=static
ConditionResult=no
AssertResult=no

## unit files and condition gates

### /usr/lib/systemd/system/vgauth.service
-rw-r--r-- 644 root:root regular file /usr/lib/systemd/system/vgauth.service
     1	[Unit]
     2	Description=Authentication service for virtual machines hosted on VMware
     3	Documentation=http://github.com/vmware/open-vm-tools
     4	ConditionVirtualization=vmware
     5	DefaultDependencies=no
     6	After=systemd-remount-fs.service systemd-tmpfiles-setup.service
     7	After=apparmor.service
     8	PartOf=open-vm-tools.service
     9	
    10	[Service]
    11	ExecStart=/usr/bin/VGAuthService
    12	TimeoutStopSec=5
    13	
    14	[Install]
    15	RequiredBy=open-vm-tools.service

### /usr/lib/systemd/system/open-vm-tools.service
-rw-r--r-- 644 root:root regular file /usr/lib/systemd/system/open-vm-tools.service
     1	[Unit]
     2	Description=Service for virtual machines hosted on VMware
     3	Documentation=http://open-vm-tools.sourceforge.net/about.php
     4	ConditionVirtualization=vmware
     5	DefaultDependencies=no
     6	Before=cloud-init-local.service
     7	After=vgauth.service
     8	After=apparmor.service
     9	RequiresMountsFor=/tmp
    10	After=systemd-remount-fs.service systemd-tmpfiles-setup.service systemd-modules-load.service
    11	
    12	[Service]
    13	ExecStart=/usr/bin/vmtoolsd
    14	TimeoutStopSec=5
    15	
    16	[Install]
    17	WantedBy=multi-user.target
    18	Alias=vmtoolsd.service

### /usr/lib/systemd/system/rsync.service
-rw-r--r-- 644 root:root regular file /usr/lib/systemd/system/rsync.service
     1	[Unit]
     2	Description=fast remote file copy program daemon
     3	ConditionPathExists=/etc/rsyncd.conf
     4	After=network.target
     5	Documentation=man:rsync(1) man:rsyncd.conf(5)
     6	
     7	[Service]
     8	ExecStart=/usr/bin/rsync --daemon --no-detach
     9	RestartSec=1
    10	Restart=on-failure
    11	
    12	# Citing README.md:
    13	#
    14	#   [...] Using ssh is recommended for its security features.
    15	#
    16	#   Alternatively, rsync can run in `daemon' mode, listening on a socket.
    17	#   This is generally used for public file distribution, [...]
    18	#
    19	# So let's assume some extra security is more than welcome here. We do full
    20	# system protection (which makes /usr, /boot, & /etc read-only) and hide
    21	# devices. To override these defaults, it's best to do so in the drop-in
    22	# directory, often done via `systemctl edit rsync.service`. The file needs
    23	# just the bare minimum of the right [heading] and override values.
    24	# See systemd.unit(5) and search for "drop-in" for full details.
    25	
    26	ProtectSystem=full
    27	#ProtectHome=on|off|read-only
    28	PrivateDevices=on
    29	NoNewPrivileges=on
    30	
    31	[Install]
    32	WantedBy=multi-user.target

### /usr/lib/systemd/system/rc-local.service
-rw-r--r-- 644 root:root regular file /usr/lib/systemd/system/rc-local.service
     1	#  SPDX-License-Identifier: LGPL-2.1-or-later
     2	#
     3	#  This file is part of systemd.
     4	#
     5	#  systemd is free software; you can redistribute it and/or modify it
     6	#  under the terms of the GNU Lesser General Public License as published by
     7	#  the Free Software Foundation; either version 2.1 of the License, or
     8	#  (at your option) any later version.
     9	
    10	# This unit gets pulled automatically into multi-user.target by
    11	# systemd-rc-local-generator if /etc/rc.local is executable.
    12	[Unit]
    13	Description=/etc/rc.local Compatibility
    14	Documentation=man:systemd-rc-local-generator(8)
    15	ConditionFileIsExecutable=/etc/rc.local
    16	After=network.target
    17	
    18	[Service]
    19	Type=forking
    20	ExecStart=/etc/rc.local start
    21	TimeoutSec=infinity
    22	RemainAfterExit=yes
    23	GuessMainPID=no

### /usr/lib/systemd/system/system-update-cleanup.service
-rw-r--r-- 644 root:root regular file /usr/lib/systemd/system/system-update-cleanup.service
     1	#  SPDX-License-Identifier: LGPL-2.1-or-later
     2	#
     3	#  This file is part of systemd.
     4	#
     5	#  systemd is free software; you can redistribute it and/or modify it
     6	#  under the terms of the GNU Lesser General Public License as published by
     7	#  the Free Software Foundation; either version 2.1 of the License, or
     8	#  (at your option) any later version.
     9	
    10	[Unit]
    11	Description=Remove the Offline System Updates Symlink
    12	Documentation=man:systemd.special(7) man:systemd.offline-updates(7)
    13	After=system-update.target
    14	DefaultDependencies=no
    15	Conflicts=shutdown.target
    16	Before=shutdown.target
    17	SuccessAction=reboot
    18	
    19	# system-update-generator uses laccess("/system-update"), while a plain
    20	# ConditionPathExists=/system-update uses access("/system-update"), so
    21	# we need an alternate condition to cover the case of a dangling symlink.
    22	#
    23	# This service is only invoked if /system-update exists, i.e. if the
    24	# condition tested by system-update-generator remains true and the system
    25	# would be diverted into system-update.target again after reboot. This way
    26	# we guard against being diverted into system-update.target again, which
    27	# works as a safety measure, but we will not step on the toes of the
    28	# update script if it successfully removed the symlink and scheduled a
    29	# reboot or some other action on its own.
    30	ConditionPathExists=|/system-update
    31	ConditionPathIsSymbolicLink=|/system-update
    32	ConditionPathExists=|/etc/system-update
    33	ConditionPathIsSymbolicLink=|/etc/system-update
    34	
    35	[Service]
    36	Type=oneshot
    37	ExecStart=rm -fv /system-update /etc/system-update

### /usr/lib/systemd/system/system-update.target
-rw-r--r-- 644 root:root regular file /usr/lib/systemd/system/system-update.target
     1	#  SPDX-License-Identifier: LGPL-2.1-or-later
     2	#
     3	#  This file is part of systemd.
     4	#
     5	#  systemd is free software; you can redistribute it and/or modify it
     6	#  under the terms of the GNU Lesser General Public License as published by
     7	#  the Free Software Foundation; either version 2.1 of the License, or
     8	#  (at your option) any later version.
     9	
    10	[Unit]
    11	Description=Offline System Update
    12	Documentation=man:systemd.offline-updates(7)
    13	Documentation=man:systemd.special(7) man:systemd-system-update-generator(8)
    14	Requires=sysinit.target
    15	After=sysinit.target system-update-pre.target
    16	AllowIsolate=yes
    17	Wants=system-update-cleanup.service

[condition evaluation]
### ConditionVirtualization=vmware
test.service: ConditionVirtualization=vmware failed.
Conditions failed.
### ConditionPathExists=/etc/rsyncd.conf
test.service: ConditionPathExists=/etc/rsyncd.conf failed.
Conditions failed.
### ConditionFileIsExecutable=/etc/rc.local
test.service: ConditionFileIsExecutable=/etc/rc.local failed.
Conditions failed.
### ConditionPathExists=|/system-update
test.service: ConditionPathExists=|/system-update failed.
Conditions failed.
### ConditionPathIsSymbolicLink=|/system-update
test.service: ConditionPathIsSymbolicLink=|/system-update failed.
Conditions failed.
### ConditionPathExists=|/etc/system-update
test.service: ConditionPathExists=|/etc/system-update failed.
Conditions failed.
### ConditionPathIsSymbolicLink=|/etc/system-update
test.service: ConditionPathIsSymbolicLink=|/etc/system-update failed.
Conditions failed.

## default files, helpers, sockets, and writable boundaries
drwxr-xr-x 755 root:root directory /
drwxr-xr-x 755 root:root directory /etc
drwxr-xr-x 755 root:root directory /run
drwxr-xr-x 755 root:root directory /var/run
drwxr-xr-x 755 root:root directory /var/lib
drwxrwxr-x 775 root:syslog directory /var/log
drwxrwxrwt 1777 root:root directory /tmp
-rwxr-xr-x 755 root:root regular file /usr/bin/VGAuthService
-rwxr-xr-x 755 root:root regular file /usr/bin/vmtoolsd
-rwxr-xr-x 755 root:root regular file /usr/bin/vmware-toolbox-cmd
-rwxr-xr-x 755 root:root regular file /usr/bin/vmware-checkvm
-rwxr-xr-x 755 root:root regular file /usr/bin/rsync
MISSING /etc/rsyncd.conf parent=drwxr-xr-x 755 root:root directory /etc
MISSING /etc/rc.local parent=drwxr-xr-x 755 root:root directory /etc
MISSING /system-update parent=drwxr-xr-x 755 root:root directory /
MISSING /etc/system-update parent=drwxr-xr-x 755 root:root directory /etc
MISSING /system-update-preparing parent=drwxr-xr-x 755 root:root directory /
drwxr-xr-x 755 root:root directory /etc/vmware-tools
-rw-r--r-- 644 root:root regular file /etc/vmware-tools/tools.conf
-rw-r--r-- 644 root:root regular file /etc/vmware-tools/vgauth.conf
drwxr-xr-x 755 root:root directory /etc/vmware-tools/scripts
drwxr-xr-x 755 root:root directory /etc/vmware-tools/scripts/vmware
-rwxr-xr-x 755 root:root regular file /etc/vmware-tools/scripts/vmware/network
MISSING /run/vmware parent=drwxr-xr-x 755 root:root directory /run
MISSING /var/run/vmware parent=drwxr-xr-x 755 root:root directory /var/run
MISSING /var/lib/vmware parent=drwxr-xr-x 755 root:root directory /var/lib
MISSING /var/log/vmware parent=drwxrwxr-x 775 root:syslog directory /var/log
crw-rw-rw- 666 root:root character special file /dev/vsock
MISSING /proc/net/vsock parent=dr-xr-xr-x 555 root:root directory /proc/net

[matching sockets]

[matching processes]
USER                 UID     PID    PPID COMMAND         COMMAND

[world-writable matching paths]

## uid1001 default reachability and write attempts

### attacker: identity and privilege baseline
uid=1001(attacker) gid=1001(attacker) groups=1001(attacker)
attacker
CapEff:	0000000000000000
sudo: a password is required
sudo_rc=1
rc=0

### attacker: writability of root-gated service inputs
test -w /etc/rsyncd.conf -> no
test -w /etc/rc.local -> no
test -w /system-update -> no
test -w /etc/system-update -> no
test -w /etc/vmware-tools/tools.conf -> no
test -w /etc/vmware-tools/vgauth.conf -> no
test -w /etc/vmware-tools/scripts/vmware/network -> no
test -w /etc/vmware-tools/scripts/vmware -> no
test -w /etc/vmware-tools -> no
test -w /run/vmware -> no
test -w /var/run/vmware -> no
test -w /var/lib/vmware -> no
test -w /var/log/vmware -> no
rc=0

### attacker: attempt to plant root-executed candidates only as uid1001
write /etc/rsyncd.conf -> bash: line 16: /etc/rsyncd.conf: Permission denied
write /etc/rc.local -> bash: line 16: /etc/rc.local: Permission denied
write /etc/vmware-tools/scripts/vmware/condition_gated_services_probe -> bash: line 16: /etc/vmware-tools/scripts/vmware/condition_gated_services_probe: Permission denied
write /etc/vmware-tools/condition_gated_services_probe.conf -> bash: line 16: /etc/vmware-tools/condition_gated_services_probe.conf: Permission denied
write /run/vmware/condition_gated_services_probe -> bash: line 16: /run/vmware/condition_gated_services_probe: No such file or directory
write /var/run/vmware/condition_gated_services_probe -> bash: line 16: /var/run/vmware/condition_gated_services_probe: No such file or directory
write /var/lib/vmware/condition_gated_services_probe -> bash: line 16: /var/lib/vmware/condition_gated_services_probe: No such file or directory
write /var/log/vmware/condition_gated_services_probe -> bash: line 16: /var/log/vmware/condition_gated_services_probe: No such file or directory
symlink /system-update -> ln: failed to create symbolic link '/system-update': Permission denied
symlink /etc/system-update -> ln: failed to create symbolic link '/etc/system-update': Permission denied
rc=0

## uid1001 service manager trigger attempts

### attacker: systemctl start units
### systemctl start vgauth.service
Failed to start vgauth.service: Interactive authentication required.
See system logs and 'systemctl status vgauth.service' for details.
rc=1
### systemctl start open-vm-tools.service
Failed to start open-vm-tools.service: Interactive authentication required.
See system logs and 'systemctl status open-vm-tools.service' for details.
rc=1
### systemctl start vmtoolsd.service
Failed to start vmtoolsd.service: Interactive authentication required.
See system logs and 'systemctl status vmtoolsd.service' for details.
rc=1
### systemctl start rsync.service
Failed to start rsync.service: Interactive authentication required.
See system logs and 'systemctl status rsync.service' for details.
rc=1
### systemctl start rc-local.service
Failed to start rc-local.service: Interactive authentication required.
See system logs and 'systemctl status rc-local.service' for details.
rc=1
### systemctl start system-update-cleanup.service
Failed to start system-update-cleanup.service: Interactive authentication required.
See system logs and 'systemctl status system-update-cleanup.service' for details.
rc=1
### systemctl start system-update.target
Failed to start system-update.target: Interactive authentication required.
See system logs and 'systemctl status system-update.target' for details.
rc=1
rc=0

### attacker: systemd dbus StartUnit
### busctl StartUnit vgauth.service
Call failed: Interactive authentication required.
rc=1
### busctl StartUnit open-vm-tools.service
Call failed: Interactive authentication required.
rc=1
### busctl StartUnit rsync.service
Call failed: Interactive authentication required.
rc=1
### busctl StartUnit rc-local.service
Call failed: Interactive authentication required.
rc=1
### busctl StartUnit system-update-cleanup.service
Call failed: Interactive authentication required.
rc=1
### busctl StartUnit system-update.target
Call failed: Interactive authentication required.
rc=1
rc=0

## uid1001 direct helper and daemon trigger attempts

### attacker: open-vm-tools and vgauth direct helper boundary
uid=1001(attacker) gid=1001(attacker) groups=1001(attacker)
Error: vmware-checkvm must be run inside a virtual machine on a VMware hypervisor product.
vmware_checkvm_rc=1
vmtoolsd_cmd_rc=1
vmware-toolbox-cmd must be run inside a virtual machine.
toolbox_rc=1
** Message: 20:08:03.678: Pref_Init: Using '/etc/vmware-tools/vgauth.conf' as preferences filepath

** Message: 20:08:03.678: Core dump limit set to -1
** Message: 20:08:03.678: Cannot load message catalog for domain 'VGAuthService', language 'C', catalog dir '/usr/share/open-vm-tools'.

** Message: 20:08:03.678: INIT SERVICE


** (process:74345): WARNING **: 20:08:03.678: VMXRPC_Init: Failed to set up VMX logging


** (process:74345): WARNING **: 20:08:03.678: VMXRPC_Init: Failed to set up VMX logging


** (process:74345): WARNING **: 20:08:03.678: VMXRPC_SendRpc: couldn't get VMCI address family


** (process:74345): WARNING **: 20:08:03.678: SendLogString: failed to send RPC packet

** Message: 20:08:03.678: Using '/var/lib/vmware/VGAuth/aliasStore' for alias store root directory


** (process:74345): WARNING **: 20:08:03.678: ServiceFileMakeDirTree: g_mkdir_with_parents(/var/lib/vmware/VGAuth/aliasStore, 0755) failed (13)


** (process:74345): WARNING **: 20:08:03.678: ServiceAliasInitAliasStore: failed to set up Alias store directory tree


** (process:74345): WARNING **: 20:08:03.679: ServiceStartAndRun: failed to init alias store; exiting

vgauth_direct_rc=255
rc=0

### attacker: rsync direct daemon/client boundary
uid=1001(attacker) gid=1001(attacker) groups=1001(attacker)
Failed to parse config file: /etc/rsyncd.conf
rsync_daemon_default_rc=1
attacker  1001   74358 timeout         timeout 3s rsync --daemon --no-detach --config=/tmp/condition_gated_services_20260517_rsyncd.conf --port=1873
attacker       	
rc=0

### attacker: rc-local and offline-update path boundary
uid=1001(attacker) gid=1001(attacker) groups=1001(attacker)
bash: line 4: /etc/rc.local: No such file or directory
rc_local_exec_rc=127
attacker_rm_offline_update_rc=0
system-update.target
* |-fwupd-offline-update.service
* |-packagekit-offline-update.service
* |-system-update-cleanup.service
* `-sysinit.target
*   |-apparmor.service
*   |-blk-availability.service
*   |-dev-hugepages.mount
*   |-dev-mqueue.mount
*   |-finalrd.service
*   |-keyboard-setup.service
*   |-kmod-static-nodes.service
*   |-ldconfig.service
*   |-lvm2-lvmpolld.socket
*   |-lvm2-monitor.service
*   |-multipathd.service
*   |-open-iscsi.service
*   |-plymouth-read-write.service
*   |-plymouth-start.service
*   |-proc-sys-fs-binfmt_misc.automount
*   |-setvtrgb.service
*   |-sys-fs-fuse-connections.mount
*   |-sys-kernel-config.mount
*   |-sys-kernel-debug.mount
*   |-sys-kernel-tracing.mount
*   |-systemd-ask-password-console.path
*   |-systemd-binfmt.service
*   |-systemd-firstboot.service
*   |-systemd-hwdb-update.service
*   |-systemd-journal-catalog-update.service
*   |-systemd-journal-flush.service
*   |-systemd-journald.service
*   |-systemd-machine-id-commit.service
*   |-systemd-modules-load.service
*   |-systemd-pcrmachine.service
*   |-systemd-pcrphase-sysinit.service
*   |-systemd-pcrphase.service
*   |-systemd-pstore.service
*   |-systemd-random-seed.service
*   |-systemd-repart.service
*   |-systemd-resolved.service
*   |-systemd-sysctl.service
*   |-systemd-sysusers.service
*   |-systemd-timesyncd.service
*   |-systemd-tmpfiles-setup-dev-early.service
*   |-systemd-tmpfiles-setup-dev.service
*   |-systemd-tmpfiles-setup.service
*   |-systemd-tpm2-setup-early.service
*   |-systemd-tpm2-setup.service
*   |-systemd-udev-trigger.service
*   |-systemd-udevd.service
*   |-systemd-update-done.service
*   |-systemd-update-utmp.service
*   |-cryptsetup.target
*   |-integritysetup.target
*   |-local-fs.target
*   | `-systemd-remount-fs.service
*   |-swap.target
*   `-veritysetup.target
list_deps_rc=0
rc=0

## post-trigger state and root proof

### vgauth.service
Result=success
ExecStart={ path=/usr/bin/VGAuthService ; argv[]=/usr/bin/VGAuthService ; ignore_errors=no ; start_time=[n/a] ; stop_time=[n/a] ; pid=0 ; code=(null) ; status=0/0 }
User=
Group=
Id=vgauth.service
Triggers=
TriggeredBy=
LoadState=loaded
ActiveState=inactive
SubState=dead
FragmentPath=/usr/lib/systemd/system/vgauth.service
UnitFileState=enabled
ConditionResult=no
AssertResult=no

### open-vm-tools.service
Result=success
ExecStart={ path=/usr/bin/vmtoolsd ; argv[]=/usr/bin/vmtoolsd ; ignore_errors=no ; start_time=[n/a] ; stop_time=[n/a] ; pid=0 ; code=(null) ; status=0/0 }
User=
Group=
Id=open-vm-tools.service
Triggers=
TriggeredBy=
LoadState=loaded
ActiveState=inactive
SubState=dead
FragmentPath=/usr/lib/systemd/system/open-vm-tools.service
UnitFileState=enabled
ConditionResult=no
AssertResult=no

### vmtoolsd.service
Result=success
ExecStart={ path=/usr/bin/vmtoolsd ; argv[]=/usr/bin/vmtoolsd ; ignore_errors=no ; start_time=[n/a] ; stop_time=[n/a] ; pid=0 ; code=(null) ; status=0/0 }
User=
Group=
Id=open-vm-tools.service
Triggers=
TriggeredBy=
LoadState=loaded
ActiveState=inactive
SubState=dead
FragmentPath=/usr/lib/systemd/system/open-vm-tools.service
UnitFileState=enabled
ConditionResult=no
AssertResult=no

### rsync.service
Result=success
ExecStart={ path=/usr/bin/rsync ; argv[]=/usr/bin/rsync --daemon --no-detach ; ignore_errors=no ; start_time=[n/a] ; stop_time=[n/a] ; pid=0 ; code=(null) ; status=0/0 }
User=
Group=
Id=rsync.service
Triggers=
TriggeredBy=
LoadState=loaded
ActiveState=inactive
SubState=dead
FragmentPath=/usr/lib/systemd/system/rsync.service
UnitFileState=disabled
ConditionResult=no
AssertResult=no

### rc-local.service
Result=success
ExecStart={ path=/etc/rc.local ; argv[]=/etc/rc.local start ; ignore_errors=no ; start_time=[n/a] ; stop_time=[n/a] ; pid=0 ; code=(null) ; status=0/0 }
User=
Group=
Id=rc-local.service
Triggers=
TriggeredBy=
LoadState=loaded
ActiveState=inactive
SubState=dead
FragmentPath=/usr/lib/systemd/system/rc-local.service
UnitFileState=static
ConditionResult=no
AssertResult=no

### system-update-cleanup.service
Result=success
ExecStart={ path=rm ; argv[]=rm -fv /system-update /etc/system-update ; ignore_errors=no ; start_time=[n/a] ; stop_time=[n/a] ; pid=0 ; code=(null) ; status=0/0 }
User=
Group=
Id=system-update-cleanup.service
Triggers=
TriggeredBy=
LoadState=loaded
ActiveState=inactive
SubState=dead
FragmentPath=/usr/lib/systemd/system/system-update-cleanup.service
UnitFileState=static
ConditionResult=no
AssertResult=no

### system-update.target
Id=system-update.target
Triggers=
TriggeredBy=
LoadState=loaded
ActiveState=inactive
SubState=dead
FragmentPath=/usr/lib/systemd/system/system-update.target
UnitFileState=static
ConditionResult=no
AssertResult=no

[matching sockets after triggers]

[matching processes after triggers]
USER                 UID     PID    PPID COMMAND         COMMAND
ROOT_PROOF_ABSENT /root/condition_gated_services_20260517_root_proof
drwxrwxrwt root:root /tmp/condition_gated_services_20260517 -> 

## cleanup
systemctl is-system-running: running
cleanup complete
