cron user crontab semantics trust-boundary probe
target=ubuntu24-server-lpe-target
tag=CRONUCT_20260516205334_29360
utc_start=2026-05-16T20:53:34Z
had_attacker_crontab=0
no crontab for attacker
had_root_crontab=0
no crontab for root

## default package and service state before tests
PRETTY_NAME="Ubuntu 24.04.4 LTS"
NAME="Ubuntu"
VERSION_ID="24.04"
VERSION="24.04.4 LTS (Noble Numbat)"
VERSION_CODENAME=noble
ID=ubuntu
ID_LIKE=debian
HOME_URL="https://www.ubuntu.com/"
SUPPORT_URL="https://help.ubuntu.com/"
BUG_REPORT_URL="https://bugs.launchpad.net/ubuntu/"
PRIVACY_POLICY_URL="https://www.ubuntu.com/legal/terms-and-policies/privacy-policy"
UBUNTU_CODENAME=noble
Linux 508d797cbad0 6.10.14-linuxkit #1 SMP Sat May 17 08:28:57 UTC 2025 aarch64 aarch64 aarch64 GNU/Linux
attacker:x:1001:1001::/home/attacker:/bin/bash
uid=1001(attacker) gid=1001(attacker) groups=1001(attacker)
attacker
crontab:x:997:
mail:x:8:
anacron		un 
at	NOT_INSTALLED
bsd-mailx		un 
cron	3.0pl1-184ubuntu2	ii 
cron-daemon-common	3.0pl1-184ubuntu2	ii 
exim4-daemon-light	NOT_INSTALLED
libpam-modules:arm64	1.5.3-5ubuntu5.5	ii 
login	1:4.13+dfsg1-4ubuntu3.2	ii 
mailutils	NOT_INSTALLED
msmtp-mta	NOT_INSTALLED
nullmailer	NOT_INSTALLED
passwd	1:4.13+dfsg1-4ubuntu3.2	ii 
postfix	NOT_INSTALLED
systemd	255.4-1ubuntu8.15	ii 
cron_enabled=enabled
cron_active=active
* cron.service - Regular background program processing daemon
     Loaded: loaded (/usr/lib/systemd/system/cron.service; enabled; preset: enabled)
     Active: active (running) since Sat 2026-05-16 20:04:41 UTC; 48min ago
       Docs: man:cron(8)
   Main PID: 262 (cron)
      Tasks: 1 (limit: 9517)
     Memory: 724.0K (peak: 8.3M)
        CPU: 96ms
     CGroup: /docker/508d797cbad09303136451b05788f2bf2f4994db28f983d783dfd7f7e10a399b/system.slice/cron.service
             `-262 /usr/sbin/cron -f -P

May 16 20:52:01 508d797cbad0 CRON[254268]: (CRON) info (No MTA installed, discarding output)
May 16 20:52:01 508d797cbad0 CRON[254268]: pam_unix(cron:session): session closed for user attacker
May 16 20:52:01 508d797cbad0 CRON[254280]: (attacker) CMD (root id > /tmp/CRONUCT_20260516205136_28538_user_field_stdout 2>/tmp/CRONUCT_20260516205136_28538_user_field_stderr)
# /usr/lib/systemd/system/cron.service
[Unit]
Description=Regular background program processing daemon
Documentation=man:cron(8)
After=remote-fs.target nss-user-lookup.target

[Service]
EnvironmentFile=-/etc/default/cron
ExecStart=/usr/sbin/cron -f -P $EXTRA_OPTS
IgnoreSIGPIPE=false
KillMode=process
Restart=on-failure
SyslogFacility=cron

[Install]
WantedBy=multi-user.target
root         262       1  0 20:04 ?        00:00:00 /usr/sbin/cron -f -P
system_state=running

## default helper, spool, mail, and parser policy state
follow /usr/sbin/cron regular file mode=755 owner=root group=root uid=0 gid=0 nlink=1 size=68008
nofollow /usr/sbin/cron regular file mode=755 owner=root group=root uid=0 gid=0 nlink=1 size=68008 -> '/usr/sbin/cron'
follow /usr/bin/crontab regular file mode=2755 owner=root group=crontab uid=0 gid=997 nlink=1 size=68072
nofollow /usr/bin/crontab regular file mode=2755 owner=root group=crontab uid=0 gid=997 nlink=1 size=68072 -> '/usr/bin/crontab'
follow /etc/crontab regular file mode=644 owner=root group=root uid=0 gid=0 nlink=1 size=1136
nofollow /etc/crontab regular file mode=644 owner=root group=root uid=0 gid=0 nlink=1 size=1136 -> '/etc/crontab'
content /etc/crontab: # /etc/crontab: system-wide crontab
content /etc/crontab: # Unlike any other crontab you don't have to run the `crontab'
content /etc/crontab: # command to install the new version when you edit this file
content /etc/crontab: # and files in /etc/cron.d. These files also have username fields,
content /etc/crontab: # that none of the other crontabs do.
content /etc/crontab: 
content /etc/crontab: SHELL=/bin/sh
content /etc/crontab: # You can also override PATH, but by default, newer versions inherit it from the environment
content /etc/crontab: #PATH=/usr/local/sbin:/usr/local/bin:/usr/sbin:/usr/bin:/sbin:/bin
content /etc/crontab: 
content /etc/crontab: # Example of job definition:
content /etc/crontab: # .---------------- minute (0 - 59)
content /etc/crontab: # |  .------------- hour (0 - 23)
content /etc/crontab: # |  |  .---------- day of month (1 - 31)
content /etc/crontab: # |  |  |  .------- month (1 - 12) OR jan,feb,mar,apr ...
content /etc/crontab: # |  |  |  |  .---- day of week (0 - 6) (Sunday=0 or 7) OR sun,mon,tue,wed,thu,fri,sat
content /etc/crontab: # |  |  |  |  |
content /etc/crontab: # *  *  *  *  * user-name command to be executed
content /etc/crontab: 17 *	* * *	root	cd / && run-parts --report /etc/cron.hourly
content /etc/crontab: 25 6	* * *	root	test -x /usr/sbin/anacron || { cd / && run-parts --report /etc/cron.daily; }
follow /etc/default/cron regular file mode=644 owner=root group=root uid=0 gid=0 nlink=1 size=150
nofollow /etc/default/cron regular file mode=644 owner=root group=root uid=0 gid=0 nlink=1 size=150 -> '/etc/default/cron'
content /etc/default/cron: # This file has been deprecated. Please add custom options for cron using
content /etc/default/cron: # $ systemctl edit cron.service
content /etc/default/cron: # or
content /etc/default/cron: # $ systemctl edit --full cron.service
follow /etc/pam.d/cron regular file mode=644 owner=root group=root uid=0 gid=0 nlink=1 size=606
nofollow /etc/pam.d/cron regular file mode=644 owner=root group=root uid=0 gid=0 nlink=1 size=606 -> '/etc/pam.d/cron'
content /etc/pam.d/cron: # The PAM configuration file for the cron daemon
content /etc/pam.d/cron: 
content /etc/pam.d/cron: @include common-auth
content /etc/pam.d/cron: 
content /etc/pam.d/cron: # Sets the loginuid process attribute
content /etc/pam.d/cron: session    required     pam_loginuid.so
content /etc/pam.d/cron: 
content /etc/pam.d/cron: # Read environment variables from pam_env's default files, /etc/environment
content /etc/pam.d/cron: # and /etc/security/pam_env.conf.
content /etc/pam.d/cron: session       required   pam_env.so
content /etc/pam.d/cron: 
content /etc/pam.d/cron: # In addition, read system locale information
content /etc/pam.d/cron: session       required   pam_env.so envfile=/etc/default/locale
content /etc/pam.d/cron: 
content /etc/pam.d/cron: @include common-account
content /etc/pam.d/cron: @include common-session-noninteractive 
content /etc/pam.d/cron: 
content /etc/pam.d/cron: # Sets up user limits, please define limits for cron tasks
content /etc/pam.d/cron: # through /etc/security/limits.conf
content /etc/pam.d/cron: session    required   pam_limits.so
follow /var/spool/cron directory mode=755 owner=root group=root uid=0 gid=0 nlink=1 size=4096
nofollow /var/spool/cron directory mode=755 owner=root group=root uid=0 gid=0 nlink=1 size=4096 -> '/var/spool/cron'
follow /var/spool/cron/crontabs directory mode=1730 owner=root group=crontab uid=0 gid=997 nlink=1 size=4096
nofollow /var/spool/cron/crontabs directory mode=1730 owner=root group=crontab uid=0 gid=997 nlink=1 size=4096 -> '/var/spool/cron/crontabs'
missing /usr/sbin/sendmail
missing /usr/lib/sendmail
missing /usr/bin/mail
missing /usr/bin/mailx
follow /var/mail directory mode=2775 owner=root group=mail uid=0 gid=8 nlink=2 size=4096
nofollow /var/mail directory mode=2775 owner=root group=mail uid=0 gid=8 nlink=2 size=4096 -> '/var/mail'
follow /var/spool/mail directory mode=2775 owner=root group=mail uid=0 gid=8 nlink=2 size=4096
nofollow /var/spool/mail symbolic link mode=777 owner=root group=root uid=0 gid=0 nlink=1 size=7 -> '/var/spool/mail' -> '../mail'
# /etc/crontab: system-wide crontab
# Unlike any other crontab you don't have to run the `crontab'
# command to install the new version when you edit this file
# and files in /etc/cron.d. These files also have username fields,
# that none of the other crontabs do.

SHELL=/bin/sh
# You can also override PATH, but by default, newer versions inherit it from the environment
#PATH=/usr/local/sbin:/usr/local/bin:/usr/sbin:/usr/bin:/sbin:/bin

# Example of job definition:
# .---------------- minute (0 - 59)
# |  .------------- hour (0 - 23)
# |  |  .---------- day of month (1 - 31)
# |  |  |  .------- month (1 - 12) OR jan,feb,mar,apr ...
# |  |  |  |  .---- day of week (0 - 6) (Sunday=0 or 7) OR sun,mon,tue,wed,thu,fri,sat
# |  |  |  |  |
# *  *  *  *  * user-name command to be executed
17 *	* * *	root	cd / && run-parts --report /etc/cron.hourly
25 6	* * *	root	test -x /usr/sbin/anacron || { cd / && run-parts --report /etc/cron.daily; }
47 6	* * 7	root	test -x /usr/sbin/anacron || { cd / && run-parts --report /etc/cron.weekly; }
52 6	1 * *	root	test -x /usr/sbin/anacron || { cd / && run-parts --report /etc/cron.monthly; }
#
# This file has been deprecated. Please add custom options for cron using
# $ systemctl edit cron.service
# or
# $ systemctl edit --full cron.service
# The PAM configuration file for the cron daemon

@include common-auth

# Sets the loginuid process attribute
session    required     pam_loginuid.so

# Read environment variables from pam_env's default files, /etc/environment
# and /etc/security/pam_env.conf.
session       required   pam_env.so

# In addition, read system locale information
session       required   pam_env.so envfile=/etc/default/locale

@include common-account
@include common-session-noninteractive 

# Sets up user limits, please define limits for cron tasks
# through /etc/security/limits.conf
session    required   pam_limits.so

fs.protected_symlinks = 1
fs.protected_hardlinks = 1
fs.protected_regular = 2
fs.protected_fifos = 1

## uid1001 direct spool traversal and setgid editor boundary
attacker_id=uid=1001(attacker) gid=1001(attacker) groups=1001(attacker)
attacker_groups=attacker
$ ls -la /var/spool/cron/crontabs
ls: cannot open directory '/var/spool/cron/crontabs': Permission denied
rc=2
$ cat /var/spool/cron/crontabs/attacker
cat: /var/spool/cron/crontabs/attacker: Permission denied
rc=1
$ touch /var/spool/cron/crontabs/root
touch: cannot touch '/var/spool/cron/crontabs/root': Permission denied
rc=1
$ ln -s /etc/passwd /var/spool/cron/crontabs/CRONUCT_20260516205334_29360_link
ln: failed to create symbolic link '/var/spool/cron/crontabs/CRONUCT_20260516205334_29360_link': Permission denied
rc=1
$ ln /etc/passwd /var/spool/cron/crontabs/CRONUCT_20260516205334_29360_hard
ln: failed to create hard link '/var/spool/cron/crontabs/CRONUCT_20260516205334_29360_hard' => '/etc/passwd': Permission denied
rc=1
follow /tmp/CRONUCT_20260516205334_29360_editor_id.stdout regular empty file mode=644 owner=root group=root uid=0 gid=0 nlink=1 size=0
nofollow /tmp/CRONUCT_20260516205334_29360_editor_id.stdout regular empty file mode=644 owner=root group=root uid=0 gid=0 nlink=1 size=0 -> '/tmp/CRONUCT_20260516205334_29360_editor_id.stdout'
follow /tmp/CRONUCT_20260516205334_29360_editor_id.stderr regular file mode=644 owner=root group=root uid=0 gid=0 nlink=1 size=134
nofollow /tmp/CRONUCT_20260516205334_29360_editor_id.stderr regular file mode=644 owner=root group=root uid=0 gid=0 nlink=1 size=134 -> '/tmp/CRONUCT_20260516205334_29360_editor_id.stderr'
content /tmp/CRONUCT_20260516205334_29360_editor_id.stderr: no crontab for attacker - using an empty one
content /tmp/CRONUCT_20260516205334_29360_editor_id.stderr: crontab: "/home/attacker/CRONUCT_20260516205334_29360/editor_id.sh" exited with status 1
follow /tmp/CRONUCT_20260516205334_29360_editor_id.out regular file mode=644 owner=attacker group=attacker uid=1001 gid=1001 nlink=1 size=263
nofollow /tmp/CRONUCT_20260516205334_29360_editor_id.out regular file mode=644 owner=attacker group=attacker uid=1001 gid=1001 nlink=1 size=263 -> '/tmp/CRONUCT_20260516205334_29360_editor_id.out'
content /tmp/CRONUCT_20260516205334_29360_editor_id.out: uid=1001(attacker) gid=1001(attacker) groups=1001(attacker)
content /tmp/CRONUCT_20260516205334_29360_editor_id.out: Uid:	1001	1001	1001	1001
content /tmp/CRONUCT_20260516205334_29360_editor_id.out: Gid:	1001	1001	1001	1001
content /tmp/CRONUCT_20260516205334_29360_editor_id.out: Groups:	1001 
content /tmp/CRONUCT_20260516205334_29360_editor_id.out: NoNewPrivs:	0
content /tmp/CRONUCT_20260516205334_29360_editor_id.out: editor-temp /tmp/crontab.QLQRDL/crontab regular file mode=600 owner=attacker group=crontab uid=1001 gid=997 nlink=1 size=889

## setgid helper temp symlink and hardlink replacement checks
follow /tmp/CRONUCT_20260516205334_29360_editor_symlink.stdout regular empty file mode=644 owner=root group=root uid=0 gid=0 nlink=1 size=0
nofollow /tmp/CRONUCT_20260516205334_29360_editor_symlink.stdout regular empty file mode=644 owner=root group=root uid=0 gid=0 nlink=1 size=0 -> '/tmp/CRONUCT_20260516205334_29360_editor_symlink.stdout'
follow /tmp/CRONUCT_20260516205334_29360_editor_symlink.stderr regular file mode=644 owner=root group=root uid=0 gid=0 nlink=1 size=131
nofollow /tmp/CRONUCT_20260516205334_29360_editor_symlink.stderr regular file mode=644 owner=root group=root uid=0 gid=0 nlink=1 size=131 -> '/tmp/CRONUCT_20260516205334_29360_editor_symlink.stderr'
content /tmp/CRONUCT_20260516205334_29360_editor_symlink.stderr: no crontab for attacker - using an empty one
content /tmp/CRONUCT_20260516205334_29360_editor_symlink.stderr: Can't open tempfile after edit: No such file or directory
content /tmp/CRONUCT_20260516205334_29360_editor_symlink.stderr: Error while editing crontab
follow /tmp/CRONUCT_20260516205334_29360_editor_symlink_root.out regular file mode=644 owner=attacker group=attacker uid=1001 gid=1001 nlink=1 size=356
nofollow /tmp/CRONUCT_20260516205334_29360_editor_symlink_root.out regular file mode=644 owner=attacker group=attacker uid=1001 gid=1001 nlink=1 size=356 -> '/tmp/CRONUCT_20260516205334_29360_editor_symlink_root.out'
content /tmp/CRONUCT_20260516205334_29360_editor_symlink_root.out: uid=1001(attacker) gid=1001(attacker) groups=1001(attacker)
content /tmp/CRONUCT_20260516205334_29360_editor_symlink_root.out: before /tmp/crontab.QiMZSN/crontab regular file mode=600 owner=attacker group=crontab uid=1001 gid=997 nlink=1 size=889
content /tmp/CRONUCT_20260516205334_29360_editor_symlink_root.out: lrwxrwxrwx 1 attacker attacker 29 May 16 20:53 /tmp/crontab.QiMZSN/crontab -> /var/spool/cron/crontabs/root
content /tmp/CRONUCT_20260516205334_29360_editor_symlink_root.out: stat: cannot statx '/tmp/crontab.QiMZSN/crontab': Permission denied
missing /var/spool/cron/crontabs/root
follow /tmp/CRONUCT_20260516205334_29360_editor_hardlink.stdout regular empty file mode=644 owner=root group=root uid=0 gid=0 nlink=1 size=0
nofollow /tmp/CRONUCT_20260516205334_29360_editor_hardlink.stdout regular empty file mode=644 owner=root group=root uid=0 gid=0 nlink=1 size=0 -> '/tmp/CRONUCT_20260516205334_29360_editor_hardlink.stdout'
follow /tmp/CRONUCT_20260516205334_29360_editor_hardlink.stderr regular file mode=644 owner=root group=root uid=0 gid=0 nlink=1 size=66
nofollow /tmp/CRONUCT_20260516205334_29360_editor_hardlink.stderr regular file mode=644 owner=root group=root uid=0 gid=0 nlink=1 size=66 -> '/tmp/CRONUCT_20260516205334_29360_editor_hardlink.stderr'
content /tmp/CRONUCT_20260516205334_29360_editor_hardlink.stderr: no crontab for attacker - using an empty one
content /tmp/CRONUCT_20260516205334_29360_editor_hardlink.stderr: No modification made
follow /tmp/CRONUCT_20260516205334_29360_editor_hardlink.out regular file mode=644 owner=attacker group=attacker uid=1001 gid=1001 nlink=1 size=479
nofollow /tmp/CRONUCT_20260516205334_29360_editor_hardlink.out regular file mode=644 owner=attacker group=attacker uid=1001 gid=1001 nlink=1 size=479 -> '/tmp/CRONUCT_20260516205334_29360_editor_hardlink.out'
content /tmp/CRONUCT_20260516205334_29360_editor_hardlink.out: uid=1001(attacker) gid=1001(attacker) groups=1001(attacker)
content /tmp/CRONUCT_20260516205334_29360_editor_hardlink.out: before /tmp/crontab.Qvu9ht/crontab regular file mode=600 owner=attacker group=crontab uid=1001 gid=997 nlink=1 size=889
content /tmp/CRONUCT_20260516205334_29360_editor_hardlink.out: after-link-temp /tmp/crontab.Qvu9ht/crontab regular file mode=600 owner=attacker group=crontab uid=1001 gid=997 nlink=2 size=889
content /tmp/CRONUCT_20260516205334_29360_editor_hardlink.out: after-link-copy /home/attacker/CRONUCT_20260516205334_29360/temp_hardlink_to_crontab regular file mode=600 owner=attacker group=crontab uid=1001 gid=997 nlink=2 size=889
follow /home/attacker/CRONUCT_20260516205334_29360/temp_hardlink_to_crontab regular file mode=600 owner=attacker group=crontab uid=1001 gid=997 nlink=1 size=65
nofollow /home/attacker/CRONUCT_20260516205334_29360/temp_hardlink_to_crontab regular file mode=600 owner=attacker group=crontab uid=1001 gid=997 nlink=1 size=65 -> '/home/attacker/CRONUCT_20260516205334_29360/temp_hardlink_to_crontab'
content /home/attacker/CRONUCT_20260516205334_29360/temp_hardlink_to_crontab: * * * * * id > /tmp/CRONUCT_20260516205334_29360_hardlink_job_id
missing /var/spool/cron/crontabs/attacker

## install attacker parser semantics crontab and controlled root canary
SHELL=/bin/sh
PATH=/home/attacker/CRONUCT_20260516205334_29360/bin:/usr/bin:/bin
ATTACKER_SENTINEL=CRONUCT_20260516205334_29360
USER=root
LOGNAME=root
MAILTO=root
* * * * * id > /tmp/CRONUCT_20260516205334_29360_user_id; env | sort > /tmp/CRONUCT_20260516205334_29360_user_env; echo tick >> /tmp/CRONUCT_20260516205334_29360_reload_counter
* * * * * root id > /tmp/CRONUCT_20260516205334_29360_user_field_stdout 2>/tmp/CRONUCT_20260516205334_29360_user_field_stderr
* * * * * /bin/sh -c 'id > /tmp/CRONUCT_20260516205334_29360_percent_id; cat > /tmp/CRONUCT_20260516205334_29360_percent_stdin' %root /bin/id > /root/CRONUCT_20260516205334_29360_percent_fake_root
* * * * * /bin/sh -c 'id; echo attacker-write > /root/CRONUCT_20260516205334_29360_attacker_rootproof' > /tmp/CRONUCT_20260516205334_29360_rootwrite_stdout 2>/tmp/CRONUCT_20260516205334_29360_rootwrite_stderr
MAILTO=root;touch /tmp/CRONUCT_20260516205334_29360_mailto_shell
* * * * * echo CRONUCT_20260516205334_29360_MAIL_OUTPUT; id > /tmp/CRONUCT_20260516205334_29360_unsafe_mail_job_id
* * * * * root /bin/sh -c 'id > /tmp/CRONUCT_20260516205334_29360_newline_fake_root' 2>/tmp/CRONUCT_20260516205334_29360_newline_fake_root_err
SHELL=/bin/sh
* * * * * id > /tmp/CRONUCT_20260516205334_29360_root_id; env | sort > /tmp/CRONUCT_20260516205334_29360_root_env; command -v user_in_path_marker > /tmp/CRONUCT_20260516205334_29360_root_path_lookup 2>&1 || true
waiting_for_cron_tick_seconds=41

## parser, percent, user-field, mail, and root-canary results after first tick
follow /tmp/CRONUCT_20260516205334_29360_user_id regular file mode=664 owner=attacker group=attacker uid=1001 gid=1001 nlink=1 size=60
nofollow /tmp/CRONUCT_20260516205334_29360_user_id regular file mode=664 owner=attacker group=attacker uid=1001 gid=1001 nlink=1 size=60 -> '/tmp/CRONUCT_20260516205334_29360_user_id'
content /tmp/CRONUCT_20260516205334_29360_user_id: uid=1001(attacker) gid=1001(attacker) groups=1001(attacker)
follow /tmp/CRONUCT_20260516205334_29360_user_env regular file mode=664 owner=attacker group=attacker uid=1001 gid=1001 nlink=1 size=219
nofollow /tmp/CRONUCT_20260516205334_29360_user_env regular file mode=664 owner=attacker group=attacker uid=1001 gid=1001 nlink=1 size=219 -> '/tmp/CRONUCT_20260516205334_29360_user_env'
content /tmp/CRONUCT_20260516205334_29360_user_env: ATTACKER_SENTINEL=CRONUCT_20260516205334_29360
content /tmp/CRONUCT_20260516205334_29360_user_env: HOME=/home/attacker
content /tmp/CRONUCT_20260516205334_29360_user_env: LANG=C.UTF-8
content /tmp/CRONUCT_20260516205334_29360_user_env: LOGNAME=attacker
content /tmp/CRONUCT_20260516205334_29360_user_env: MAILTO=root
content /tmp/CRONUCT_20260516205334_29360_user_env: PATH=/home/attacker/CRONUCT_20260516205334_29360/bin:/usr/bin:/bin
content /tmp/CRONUCT_20260516205334_29360_user_env: PWD=/home/attacker
content /tmp/CRONUCT_20260516205334_29360_user_env: SHELL=/bin/sh
content /tmp/CRONUCT_20260516205334_29360_user_env: USER=root
follow /tmp/CRONUCT_20260516205334_29360_reload_counter regular file mode=664 owner=attacker group=attacker uid=1001 gid=1001 nlink=1 size=5
nofollow /tmp/CRONUCT_20260516205334_29360_reload_counter regular file mode=664 owner=attacker group=attacker uid=1001 gid=1001 nlink=1 size=5 -> '/tmp/CRONUCT_20260516205334_29360_reload_counter'
content /tmp/CRONUCT_20260516205334_29360_reload_counter: tick
follow /tmp/CRONUCT_20260516205334_29360_user_field_stdout regular empty file mode=664 owner=attacker group=attacker uid=1001 gid=1001 nlink=1 size=0
nofollow /tmp/CRONUCT_20260516205334_29360_user_field_stdout regular empty file mode=664 owner=attacker group=attacker uid=1001 gid=1001 nlink=1 size=0 -> '/tmp/CRONUCT_20260516205334_29360_user_field_stdout'
follow /tmp/CRONUCT_20260516205334_29360_user_field_stderr regular file mode=664 owner=attacker group=attacker uid=1001 gid=1001 nlink=1 size=28
nofollow /tmp/CRONUCT_20260516205334_29360_user_field_stderr regular file mode=664 owner=attacker group=attacker uid=1001 gid=1001 nlink=1 size=28 -> '/tmp/CRONUCT_20260516205334_29360_user_field_stderr'
content /tmp/CRONUCT_20260516205334_29360_user_field_stderr: /bin/sh: 1: root: not found
follow /tmp/CRONUCT_20260516205334_29360_percent_id regular file mode=664 owner=attacker group=attacker uid=1001 gid=1001 nlink=1 size=60
nofollow /tmp/CRONUCT_20260516205334_29360_percent_id regular file mode=664 owner=attacker group=attacker uid=1001 gid=1001 nlink=1 size=60 -> '/tmp/CRONUCT_20260516205334_29360_percent_id'
content /tmp/CRONUCT_20260516205334_29360_percent_id: uid=1001(attacker) gid=1001(attacker) groups=1001(attacker)
follow /tmp/CRONUCT_20260516205334_29360_percent_stdin regular file mode=664 owner=attacker group=attacker uid=1001 gid=1001 nlink=1 size=68
nofollow /tmp/CRONUCT_20260516205334_29360_percent_stdin regular file mode=664 owner=attacker group=attacker uid=1001 gid=1001 nlink=1 size=68 -> '/tmp/CRONUCT_20260516205334_29360_percent_stdin'
content /tmp/CRONUCT_20260516205334_29360_percent_stdin: root /bin/id > /root/CRONUCT_20260516205334_29360_percent_fake_root
follow /tmp/CRONUCT_20260516205334_29360_rootwrite_stdout regular file mode=664 owner=attacker group=attacker uid=1001 gid=1001 nlink=1 size=60
nofollow /tmp/CRONUCT_20260516205334_29360_rootwrite_stdout regular file mode=664 owner=attacker group=attacker uid=1001 gid=1001 nlink=1 size=60 -> '/tmp/CRONUCT_20260516205334_29360_rootwrite_stdout'
content /tmp/CRONUCT_20260516205334_29360_rootwrite_stdout: uid=1001(attacker) gid=1001(attacker) groups=1001(attacker)
follow /tmp/CRONUCT_20260516205334_29360_rootwrite_stderr regular file mode=664 owner=attacker group=attacker uid=1001 gid=1001 nlink=1 size=99
nofollow /tmp/CRONUCT_20260516205334_29360_rootwrite_stderr regular file mode=664 owner=attacker group=attacker uid=1001 gid=1001 nlink=1 size=99 -> '/tmp/CRONUCT_20260516205334_29360_rootwrite_stderr'
content /tmp/CRONUCT_20260516205334_29360_rootwrite_stderr: /bin/sh: 1: cannot create /root/CRONUCT_20260516205334_29360_attacker_rootproof: Permission denied
follow /tmp/CRONUCT_20260516205334_29360_unsafe_mail_job_id regular file mode=664 owner=attacker group=attacker uid=1001 gid=1001 nlink=1 size=60
nofollow /tmp/CRONUCT_20260516205334_29360_unsafe_mail_job_id regular file mode=664 owner=attacker group=attacker uid=1001 gid=1001 nlink=1 size=60 -> '/tmp/CRONUCT_20260516205334_29360_unsafe_mail_job_id'
content /tmp/CRONUCT_20260516205334_29360_unsafe_mail_job_id: uid=1001(attacker) gid=1001(attacker) groups=1001(attacker)
missing /tmp/CRONUCT_20260516205334_29360_mailto_shell
missing /tmp/CRONUCT_20260516205334_29360_newline_fake_root
follow /tmp/CRONUCT_20260516205334_29360_newline_fake_root_err regular file mode=664 owner=attacker group=attacker uid=1001 gid=1001 nlink=1 size=28
nofollow /tmp/CRONUCT_20260516205334_29360_newline_fake_root_err regular file mode=664 owner=attacker group=attacker uid=1001 gid=1001 nlink=1 size=28 -> '/tmp/CRONUCT_20260516205334_29360_newline_fake_root_err'
content /tmp/CRONUCT_20260516205334_29360_newline_fake_root_err: /bin/sh: 1: root: not found
follow /tmp/CRONUCT_20260516205334_29360_root_id regular file mode=644 owner=root group=root uid=0 gid=0 nlink=1 size=39
nofollow /tmp/CRONUCT_20260516205334_29360_root_id regular file mode=644 owner=root group=root uid=0 gid=0 nlink=1 size=39 -> '/tmp/CRONUCT_20260516205334_29360_root_id'
content /tmp/CRONUCT_20260516205334_29360_root_id: uid=0(root) gid=0(root) groups=0(root)
follow /tmp/CRONUCT_20260516205334_29360_root_env regular file mode=644 owner=root group=root uid=0 gid=0 nlink=1 size=165
nofollow /tmp/CRONUCT_20260516205334_29360_root_env regular file mode=644 owner=root group=root uid=0 gid=0 nlink=1 size=165 -> '/tmp/CRONUCT_20260516205334_29360_root_env'
content /tmp/CRONUCT_20260516205334_29360_root_env: HOME=/root
content /tmp/CRONUCT_20260516205334_29360_root_env: LANG=C.UTF-8
content /tmp/CRONUCT_20260516205334_29360_root_env: LOGNAME=root
content /tmp/CRONUCT_20260516205334_29360_root_env: PATH=/usr/local/sbin:/usr/local/bin:/usr/sbin:/usr/bin:/sbin:/bin:/usr/games:/usr/local/games:/snap/bin
content /tmp/CRONUCT_20260516205334_29360_root_env: PWD=/root
content /tmp/CRONUCT_20260516205334_29360_root_env: SHELL=/bin/sh
follow /tmp/CRONUCT_20260516205334_29360_root_path_lookup regular empty file mode=644 owner=root group=root uid=0 gid=0 nlink=1 size=0
nofollow /tmp/CRONUCT_20260516205334_29360_root_path_lookup regular empty file mode=644 owner=root group=root uid=0 gid=0 nlink=1 size=0 -> '/tmp/CRONUCT_20260516205334_29360_root_path_lookup'
missing /root/CRONUCT_20260516205334_29360_attacker_rootproof

-- root canary env leakage grep --
HOME=/root
LOGNAME=root
PATH=/usr/local/sbin:/usr/local/bin:/usr/sbin:/usr/bin:/sbin:/bin:/usr/games:/usr/local/games:/snap/bin
SHELL=/bin/sh

-- attacker env grep --
ATTACKER_SENTINEL=CRONUCT_20260516205334_29360
HOME=/home/attacker
LOGNAME=attacker
MAILTO=root
PATH=/home/attacker/CRONUCT_20260516205334_29360/bin:/usr/bin:/bin
SHELL=/bin/sh
USER=root

-- cron journal since probe start --
2026-05-16T20:54:01+00:00 508d797cbad0 CRON[255408]: (root) CMD (id > /tmp/CRONUCT_20260516205334_29360_root_id; env | sort > /tmp/CRONUCT_20260516205334_29360_root_env; command -v user_in_path_marker > /tmp/CRONUCT_20260516205334_29360_root_path_lookup 2>&1 || true)
2026-05-16T20:54:01+00:00 508d797cbad0 CRON[255410]: (attacker) CMD (/bin/sh -c 'id; echo attacker-write > /root/CRONUCT_20260516205334_29360_attacker_rootproof' > /tmp/CRONUCT_20260516205334_29360_rootwrite_stdout 2>/tmp/CRONUCT_20260516205334_29360_rootwrite_stderr)
2026-05-16T20:54:01+00:00 508d797cbad0 CRON[255409]: (attacker) CMD (/bin/sh -c 'id > /tmp/CRONUCT_20260516205334_29360_percent_id; cat > /tmp/CRONUCT_20260516205334_29360_percent_stdin' )
2026-05-16T20:54:01+00:00 508d797cbad0 CRON[255412]: (attacker) CMD (echo CRONUCT_20260516205334_29360_MAIL_OUTPUT; id > /tmp/CRONUCT_20260516205334_29360_unsafe_mail_job_id)
2026-05-16T20:54:01+00:00 508d797cbad0 CRON[255413]: (attacker) CMD (root id > /tmp/CRONUCT_20260516205334_29360_user_field_stdout 2>/tmp/CRONUCT_20260516205334_29360_user_field_stderr)
2026-05-16T20:54:01+00:00 508d797cbad0 CRON[255415]: (attacker) CMD (root /bin/sh -c 'id > /tmp/CRONUCT_20260516205334_29360_newline_fake_root' 2>/tmp/CRONUCT_20260516205334_29360_newline_fake_root_err)
2026-05-16T20:54:01+00:00 508d797cbad0 CRON[255416]: (attacker) CMD (id > /tmp/CRONUCT_20260516205334_29360_user_id; env | sort > /tmp/CRONUCT_20260516205334_29360_user_env; echo tick >> /tmp/CRONUCT_20260516205334_29360_reload_counter)
2026-05-16T20:54:01+00:00 508d797cbad0 CRON[255402]: (attacker) UNSAFE MAIL (root;touch /tmp/CRONUCT_20260516205334_29360_mailto_shell)

## daemon reload removal behavior
reload_counter_before_remove=1
waiting_for_cron_tick_seconds=60
reload_counter_after_remove=1
reload_remove_result=stopped_after_crontab_r
2026-05-16T20:54:01+00:00 508d797cbad0 CRON[255408]: (root) CMD (id > /tmp/CRONUCT_20260516205334_29360_root_id; env | sort > /tmp/CRONUCT_20260516205334_29360_root_env; command -v user_in_path_marker > /tmp/CRONUCT_20260516205334_29360_root_path_lookup 2>&1 || true)
2026-05-16T20:54:01+00:00 508d797cbad0 CRON[255410]: (attacker) CMD (/bin/sh -c 'id; echo attacker-write > /root/CRONUCT_20260516205334_29360_attacker_rootproof' > /tmp/CRONUCT_20260516205334_29360_rootwrite_stdout 2>/tmp/CRONUCT_20260516205334_29360_rootwrite_stderr)
2026-05-16T20:54:01+00:00 508d797cbad0 CRON[255409]: (attacker) CMD (/bin/sh -c 'id > /tmp/CRONUCT_20260516205334_29360_percent_id; cat > /tmp/CRONUCT_20260516205334_29360_percent_stdin' )
2026-05-16T20:54:01+00:00 508d797cbad0 CRON[255412]: (attacker) CMD (echo CRONUCT_20260516205334_29360_MAIL_OUTPUT; id > /tmp/CRONUCT_20260516205334_29360_unsafe_mail_job_id)
2026-05-16T20:54:01+00:00 508d797cbad0 CRON[255413]: (attacker) CMD (root id > /tmp/CRONUCT_20260516205334_29360_user_field_stdout 2>/tmp/CRONUCT_20260516205334_29360_user_field_stderr)
2026-05-16T20:54:01+00:00 508d797cbad0 CRON[255415]: (attacker) CMD (root /bin/sh -c 'id > /tmp/CRONUCT_20260516205334_29360_newline_fake_root' 2>/tmp/CRONUCT_20260516205334_29360_newline_fake_root_err)
2026-05-16T20:54:01+00:00 508d797cbad0 CRON[255416]: (attacker) CMD (id > /tmp/CRONUCT_20260516205334_29360_user_id; env | sort > /tmp/CRONUCT_20260516205334_29360_user_env; echo tick >> /tmp/CRONUCT_20260516205334_29360_reload_counter)
2026-05-16T20:54:01+00:00 508d797cbad0 CRON[255402]: (attacker) UNSAFE MAIL (root;touch /tmp/CRONUCT_20260516205334_29360_mailto_shell)
2026-05-16T20:55:01+00:00 508d797cbad0 CRON[255757]: (root) CMD (command -v debian-sa1 > /dev/null && debian-sa1 1 1)

## root proof and health
ROOT_PROOF=NO
active
running
