
== target, package, and default enabled proof ==
PRETTY_NAME="Ubuntu 24.04.4 LTS"
VERSION_ID="24.04"
VERSION_CODENAME=noble
Linux 4f5b414436ae 6.10.14-linuxkit #1 SMP Sat May 17 08:28:57 UTC 2025 aarch64 aarch64 aarch64 GNU/Linux
uid=1001(attacker) gid=1001(attacker) groups=1001(attacker)
attacker_groups=attacker
crontab:x:997:
mail:x:8:
cron	3.0pl1-184ubuntu2	ii 
cron-daemon-common	3.0pl1-184ubuntu2	ii 
debianutils	5.17build1	ii 
systemd	255.4-1ubuntu8.15	ii 
apport	2.28.1-0ubuntu3.8	ii 
apt	2.8.3	ii 
dpkg	1.22.6ubuntu6.6	ii 
logrotate	3.21.0-2build1	ii 
man-db	2.12.0-4build2	ii 
sysstat	12.6.1-2	ii 
e2fsprogs	1.47.0-2.4~exp1ubuntu4.1	ii 
anacron		un 
at	NOT_INSTALLED
bsd-mailx		un 
mailutils	NOT_INSTALLED
postfix	NOT_INSTALLED
exim4-daemon-light	NOT_INSTALLED
nullmailer	NOT_INSTALLED
msmtp-mta	NOT_INSTALLED
run-parts_version=Debian run-parts program, version 5.17
cron_enabled=enabled
cron_active=active
* cron.service - Regular background program processing daemon
     Loaded: loaded (/usr/lib/systemd/system/cron.service; enabled; preset: enabled)
     Active: active (running) since Sat 2026-05-16 15:18:51 UTC; 4h 3min ago
       Docs: man:cron(8)
   Main PID: 254 (cron)
      Tasks: 1 (limit: 9517)
     Memory: 448.0K (peak: 3.7M)
        CPU: 265ms
     CGroup: /docker/4f5b414436aefb655c3e4b9b25b80c8483306cde6cc3186d655231e3631e5f6a/system.slice/cron.service
             `-254 /usr/sbin/cron -f -P

May 16 19:17:01 4f5b414436ae CRON[808684]: pam_unix(cron:session): session closed for user root
system_state=running
apt-daily-upgrade.service                    static          -
apt-daily.service                            static          -
cron.service                                 enabled         enabled
logrotate.service                            static          -
man-db.service                               static          -
sysstat-collect.service                      static          -
sysstat-summary.service                      static          -
sysstat.service                              enabled         enabled
apt-daily-upgrade.timer                      enabled         enabled
apt-daily.timer                              enabled         enabled
logrotate.timer                              enabled         enabled
man-db.timer                                 enabled         enabled
sysstat-collect.timer                        enabled         enabled
sysstat-summary.timer                        enabled         enabled
Sat 2026-05-16 19:30:00 UTC     7min Sat 2026-05-16 19:20:21 UTC 2min 16s ago sysstat-collect.timer          sysstat-collect.service
Sun 2026-05-17 00:00:00 UTC 4h 37min -                                      - logrotate.timer                logrotate.service
Sun 2026-05-17 00:07:00 UTC 4h 44min -                                      - sysstat-summary.timer          sysstat-summary.service
Sun 2026-05-17 02:19:47 UTC       6h -                                      - man-db.timer                   man-db.service
Sun 2026-05-17 06:17:54 UTC      10h -                                      - apt-daily-upgrade.timer        apt-daily-upgrade.service
Sun 2026-05-17 17:39:07 UTC      22h Sat 2026-05-16 18:10:13 UTC 1h 12min ago apt-daily.timer                apt-daily.service

== helper locations, modes, groups, and absence proof ==
cron -> /usr/sbin/cron
crontab -> /usr/bin/crontab
run-parts -> /usr/bin/run-parts
anacron -> at -> atd -> sendmail -> mail -> mailx -> follow /usr/sbin/cron regular file mode=755 owner=root group=root uid=0 gid=0 nlink=1 size=68008
nofollow /usr/sbin/cron regular file mode=755 owner=root group=root uid=0 gid=0 nlink=1 size=68008 -> '/usr/sbin/cron'
follow /usr/bin/crontab regular file mode=2755 owner=root group=crontab uid=0 gid=997 nlink=1 size=68072
nofollow /usr/bin/crontab regular file mode=2755 owner=root group=crontab uid=0 gid=997 nlink=1 size=68072 -> '/usr/bin/crontab'
follow /usr/bin/run-parts regular file mode=755 owner=root group=root uid=0 gid=0 nlink=1 size=68192
nofollow /usr/bin/run-parts regular file mode=755 owner=root group=root uid=0 gid=0 nlink=1 size=68192 -> '/usr/bin/run-parts'
missing /usr/sbin/anacron
missing /usr/bin/at
missing /usr/sbin/atd
missing /usr/sbin/sendmail
missing /usr/lib/sendmail
missing /usr/bin/mail
missing /usr/bin/mailx
follow /etc/crontab regular file mode=644 owner=root group=root uid=0 gid=0 nlink=1 size=1136
nofollow /etc/crontab regular file mode=644 owner=root group=root uid=0 gid=0 nlink=1 size=1136 -> '/etc/crontab'
content /etc/crontab: # /etc/crontab: system-wide crontab
# Unlike any other crontab you don't have to run the `crontab'
# command to install the new version when you edit this file
follow /etc/cron.d directory mode=755 owner=root group=root uid=0 gid=0 nlink=1 size=4096
nofollow /etc/cron.d directory mode=755 owner=root group=root uid=0 gid=0 nlink=1 size=4096 -> '/etc/cron.d'
follow /etc/cron.daily directory mode=755 owner=root group=root uid=0 gid=0 nlink=1 size=4096
nofollow /etc/cron.daily directory mode=755 owner=root group=root uid=0 gid=0 nlink=1 size=4096 -> '/etc/cron.daily'
follow /etc/cron.weekly directory mode=755 owner=root group=root uid=0 gid=0 nlink=2 size=4096
nofollow /etc/cron.weekly directory mode=755 owner=root group=root uid=0 gid=0 nlink=2 size=4096 -> '/etc/cron.weekly'
follow /var/spool/cron directory mode=755 owner=root group=root uid=0 gid=0 nlink=1 size=4096
nofollow /var/spool/cron directory mode=755 owner=root group=root uid=0 gid=0 nlink=1 size=4096 -> '/var/spool/cron'
follow /var/spool/cron/crontabs directory mode=1730 owner=root group=crontab uid=0 gid=997 nlink=1 size=4096
nofollow /var/spool/cron/crontabs directory mode=1730 owner=root group=crontab uid=0 gid=997 nlink=1 size=4096 -> '/var/spool/cron/crontabs'
follow /var/mail directory mode=2775 owner=root group=mail uid=0 gid=8 nlink=2 size=4096
nofollow /var/mail directory mode=2775 owner=root group=mail uid=0 gid=8 nlink=2 size=4096 -> '/var/mail'
follow /var/spool/mail directory mode=2775 owner=root group=mail uid=0 gid=8 nlink=2 size=4096
nofollow /var/spool/mail symbolic link mode=777 owner=root group=root uid=0 gid=0 nlink=1 size=7 -> '/var/spool/mail' -> '../mail'
# /etc/crontab: system-wide crontab
# Unlike any other crontab you don't have to run the `crontab'
# command to install the new version when you edit this file
# and files in /etc/cron.d. These files also have username fields,
# that none of the other crontabs do.

SHELL=/bin/sh
# You can also override PATH, but by default, newer versions inherit it from the environment
#PATH=/usr/local/sbin:/usr/local/bin:/usr/sbin:/usr/bin:/sbin:/bin

# Example of job definition:
# .---------------- minute (0 - 59)
# |  .------------- hour (0 - 23)
# |  |  .---------- day of month (1 - 31)
# |  |  |  .------- month (1 - 12) OR jan,feb,mar,apr ...
# |  |  |  |  .---- day of week (0 - 6) (Sunday=0 or 7) OR sun,mon,tue,wed,thu,fri,sat
# |  |  |  |  |
# *  *  *  *  * user-name command to be executed
17 *	* * *	root	cd / && run-parts --report /etc/cron.hourly
25 6	* * *	root	test -x /usr/sbin/anacron || { cd / && run-parts --report /etc/cron.daily; }
47 6	* * 7	root	test -x /usr/sbin/anacron || { cd / && run-parts --report /etc/cron.weekly; }
52 6	1 * *	root	test -x /usr/sbin/anacron || { cd / && run-parts --report /etc/cron.monthly; }
#
# /usr/lib/systemd/system/cron.service
[Unit]
Description=Regular background program processing daemon
Documentation=man:cron(8)
After=remote-fs.target nss-user-lookup.target

[Service]
EnvironmentFile=-/etc/default/cron
ExecStart=/usr/sbin/cron -f -P $EXTRA_OPTS
IgnoreSIGPIPE=false
KillMode=process
Restart=on-failure
SyslogFacility=cron

[Install]
WantedBy=multi-user.target
PATH=/usr/local/sbin:/usr/local/bin:/usr/sbin:/usr/bin:/sbin:/bin
fs.protected_symlinks = 1
fs.protected_hardlinks = 1
fs.protected_regular = 2
fs.protected_fifos = 1

== setgid crontab and spool traversal residual checks ==
attacker_id: uid=1001(attacker) gid=1001(attacker) groups=1001(attacker)
direct_spool_ls: ls: cannot open directory '/var/spool/cron/crontabs': Permission denied
rc=2
crontab_l:
* * * * * id > /tmp/CRONMAIL_20260516192238_77806_attacker_cron_id
direct_cat_own_spool: cat: /var/spool/cron/crontabs/attacker: Permission denied
rc=1
crontab_e_rc=1
crontab: "/home/attacker/CRONMAIL_20260516192238_77806/editor.sh" exited with status 1
uid=1001(attacker) gid=1001(attacker) groups=1001(attacker)
Uid:	1001	1001	1001	1001
Gid:	1001	1001	1001	1001
Groups:	1001 
NoNewPrivs:	0
follow /var/spool/cron/crontabs/attacker regular file mode=600 owner=attacker group=crontab uid=1001 gid=997 nlink=1 size=290
nofollow /var/spool/cron/crontabs/attacker regular file mode=600 owner=attacker group=crontab uid=1001 gid=997 nlink=1 size=290 -> '/var/spool/cron/crontabs/attacker'
content /var/spool/cron/crontabs/attacker: # DO NOT EDIT THIS FILE - edit the master and reinstall.
# (/home/attacker/CRONMAIL_20260516192238_77806/ctab installed on Sat May 16 19:22:38 2026)
# (Cron version -- $Id: crontab.c,v 2.13 1994/01/17 03:20:37 vixie Exp $)
follow /tmp/CRONMAIL_20260516192238_77806_editor_id regular file mode=644 owner=attacker group=attacker uid=1001 gid=1001 nlink=1 size=138
nofollow /tmp/CRONMAIL_20260516192238_77806_editor_id regular file mode=644 owner=attacker group=attacker uid=1001 gid=1001 nlink=1 size=138 -> '/tmp/CRONMAIL_20260516192238_77806_editor_id'
content /tmp/CRONMAIL_20260516192238_77806_editor_id: uid=1001(attacker) gid=1001(attacker) groups=1001(attacker)
Uid:	1001	1001	1001	1001
Gid:	1001	1001	1001	1001

== run-parts default filename and path parsing ==
--dash mode=755 owner=attacker:attacker
--report mode=755 owner=attacker:attacker
.hidden mode=755 owner=attacker:attacker
00ok mode=755 owner=attacker:attacker
README mode=755 owner=attacker:attacker
alpha-beta mode=755 owner=attacker:attacker
alpha_beta mode=755 owner=attacker:attacker
break mode=755 owner=attacker:attacker
colon:name mode=755 owner=attacker:attacker
evil space mode=755 owner=attacker:attacker
evil.sh mode=755 owner=attacker:attacker
line
plus+name mode=755 owner=attacker:attacker
tilde~ mode=755 owner=attacker:attacker
-- run-parts --test
/home/attacker/CRONMAIL_20260516192238_77806/runparts/--dash
/home/attacker/CRONMAIL_20260516192238_77806/runparts/--report
/home/attacker/CRONMAIL_20260516192238_77806/runparts/00ok
/home/attacker/CRONMAIL_20260516192238_77806/runparts/README
/home/attacker/CRONMAIL_20260516192238_77806/runparts/alpha-beta
/home/attacker/CRONMAIL_20260516192238_77806/runparts/alpha_beta
-- run-parts --list
/home/attacker/CRONMAIL_20260516192238_77806/runparts/--dash
/home/attacker/CRONMAIL_20260516192238_77806/runparts/--report
/home/attacker/CRONMAIL_20260516192238_77806/runparts/00ok
/home/attacker/CRONMAIL_20260516192238_77806/runparts/README
/home/attacker/CRONMAIL_20260516192238_77806/runparts/alpha-beta
/home/attacker/CRONMAIL_20260516192238_77806/runparts/alpha_beta
-- run-parts --debug
"alpha_beta": classicalre pass
"..": classicalre fail
"line
break": classicalre fail
"tilde~": classicalre fail
"--dash": classicalre pass
".": classicalre fail
"colon:name": classicalre fail
"evil space": classicalre fail
"00ok": classicalre pass
"evil.sh": classicalre fail
"plus+name": classicalre fail
"alpha-beta": classicalre pass
"--report": classicalre pass
".hidden": classicalre fail
"README": classicalre pass
ran:--dash uid=0 gid=0 args=$* pwd=/
ran:--report uid=0 gid=0 args=$* pwd=/
ran:00ok uid=0 gid=0 args=$* pwd=/
ran:README uid=0 gid=0 args=$* pwd=/
ran:alpha-beta uid=0 gid=0 args=$* pwd=/
ran:alpha_beta uid=0 gid=0 args=$* pwd=/
-- run-parts --report execution
/home/attacker/CRONMAIL_20260516192238_77806/runparts/--dash:
ran:--dash uid=0 gid=0 args=$* pwd=/
/home/attacker/CRONMAIL_20260516192238_77806/runparts/--report:
ran:--report uid=0 gid=0 args=$* pwd=/
/home/attacker/CRONMAIL_20260516192238_77806/runparts/00ok:
ran:00ok uid=0 gid=0 args=$* pwd=/
/home/attacker/CRONMAIL_20260516192238_77806/runparts/README:
ran:README uid=0 gid=0 args=$* pwd=/
/home/attacker/CRONMAIL_20260516192238_77806/runparts/alpha-beta:
ran:alpha-beta uid=0 gid=0 args=$* pwd=/
/home/attacker/CRONMAIL_20260516192238_77806/runparts/alpha_beta:
ran:alpha_beta uid=0 gid=0 args=$* pwd=/
-- default cron run-parts targets
-rw-r--r-- root:root /etc/cron.d/.placeholder -> 
-rw-r--r-- root:root /etc/cron.d/e2scrub_all -> 
-rw-r--r-- root:root /etc/cron.d/sysstat -> 
-rw-r--r-- root:root /etc/cron.daily/.placeholder -> 
-rw-r--r-- root:root /etc/cron.hourly/.placeholder -> 
-rw-r--r-- root:root /etc/cron.monthly/.placeholder -> 
-rw-r--r-- root:root /etc/cron.weekly/.placeholder -> 
-rw-r--r-- root:root /etc/cron.yearly/.placeholder -> 
-rwxr-xr-x root:root /etc/cron.daily/apport -> 
-rwxr-xr-x root:root /etc/cron.daily/apt-compat -> 
-rwxr-xr-x root:root /etc/cron.daily/dpkg -> 
-rwxr-xr-x root:root /etc/cron.daily/logrotate -> 
-rwxr-xr-x root:root /etc/cron.daily/man-db -> 
-rwxr-xr-x root:root /etc/cron.daily/sysstat -> 
-rwxr-xr-x root:root /etc/cron.weekly/man-db -> 
write_test /etc/cron.d: touch: cannot touch '/etc/cron.d/CRONMAIL_20260516192238_77806_write_test': Permission denied
NO
write_test /etc/cron.hourly: touch: cannot touch '/etc/cron.hourly/CRONMAIL_20260516192238_77806_write_test': Permission denied
NO
write_test /etc/cron.daily: touch: cannot touch '/etc/cron.daily/CRONMAIL_20260516192238_77806_write_test': Permission denied
NO
write_test /etc/cron.weekly: touch: cannot touch '/etc/cron.weekly/CRONMAIL_20260516192238_77806_write_test': Permission denied
NO
write_test /etc/cron.monthly: touch: cannot touch '/etc/cron.monthly/CRONMAIL_20260516192238_77806_write_test': Permission denied
NO
write_test /etc/cron.yearly: touch: cannot touch '/etc/cron.yearly/CRONMAIL_20260516192238_77806_write_test': Permission denied
NO
write_test /usr/local/sbin: touch: cannot touch '/usr/local/sbin/CRONMAIL_20260516192238_77806_write_test': Permission denied
NO
write_test /usr/local/bin: touch: cannot touch '/usr/local/bin/CRONMAIL_20260516192238_77806_write_test': Permission denied
NO
write_test /usr/sbin: touch: cannot touch '/usr/sbin/CRONMAIL_20260516192238_77806_write_test': Permission denied
NO
write_test /usr/bin: touch: cannot touch '/usr/bin/CRONMAIL_20260516192238_77806_write_test': Permission denied
NO
write_test /sbin: touch: cannot touch '/sbin/CRONMAIL_20260516192238_77806_write_test': Permission denied
NO
write_test /bin: touch: cannot touch '/bin/CRONMAIL_20260516192238_77806_write_test': Permission denied
NO

== cron.d and cron.daily scripts with user-owned input review ==

-- /etc/cron.d/e2scrub_all --
-rw-r--r-- root:root /etc/cron.d/e2scrub_all
30 3 * * 0 root test -e /run/systemd/system || SERVICE_MODE=1 /usr/lib/aarch64-linux-gnu/e2fsprogs/e2scrub_all_cron
10 3 * * * root test -e /run/systemd/system || SERVICE_MODE=1 /sbin/e2scrub_all -A -r

-- /etc/cron.d/sysstat --
-rw-r--r-- root:root /etc/cron.d/sysstat
# The first element of the path is a directory where the debian-sa1
# script is located
PATH=/usr/lib/sysstat:/usr/sbin:/usr/sbin:/usr/bin:/sbin:/bin

# Activity reports every 10 minutes everyday
5-55/10 * * * * root command -v debian-sa1 > /dev/null && debian-sa1 1 1

# Additional run at 23:59 to rotate the statistics file
59 23 * * * root command -v debian-sa1 > /dev/null && debian-sa1 60 2

-- /etc/cron.daily/apport --
-rwxr-xr-x root:root /etc/cron.daily/apport
#!/bin/sh -e
# clean all crash reports which are older than a week.
[ -d /var/crash ] || exit 0
find /var/crash/. ! -name . -prune -type f \( \( -size 0 -a \! -name '*.upload*' -a \! -name '*.drkonqi*' \) -o -mtime +7 \) -exec rm -f -- '{}' \;
find /var/crash/. ! -name . -prune -type d -regextype posix-extended -regex '.*/[0-9]{12}$' \( -mtime +7 \) -exec rm -Rf -- '{}' \;

-- /etc/cron.daily/apt-compat --
-rwxr-xr-x root:root /etc/cron.daily/apt-compat
#!/bin/sh

set -e

# Systemd systems use a systemd timer unit which is preferable to
# run. We want to randomize the apt update and unattended-upgrade
# runs as much as possible to avoid hitting the mirrors all at the
# same time. The systemd time is better at this than the fixed
# cron.daily time
if [ -d /run/systemd/system ]; then
    exit 0
fi

check_power()
{
    # laptop check, on_ac_power returns:
    #       0 (true)    System is on main power
    #       1 (false)   System is not on main power
    #       255 (false) Power status could not be determined
    # Desktop systems always return 255 it seems
    if command -v on_ac_power >/dev/null; then
        if on_ac_power; then
            :
        elif [ $? -eq 1 ]; then
            return 1
        fi
    fi
    return 0
}

# sleep for a random interval of time (default 30min)
# (some code taken from cron-apt, thanks)
random_sleep()
{
    RandomSleep=1800
    eval $(apt-config shell RandomSleep APT::Periodic::RandomSleep)
    if [ $RandomSleep -eq 0 ]; then
	return
    fi
    if [ -z "$RANDOM" ] ; then
        # A fix for shells that do not have this bash feature.
	RANDOM=$(( $(dd if=/dev/urandom bs=2 count=1 2> /dev/null | cksum | cut -d' ' -f1) % 32767 ))
    fi
    TIME=$(($RANDOM % $RandomSleep))
    sleep $TIME
}

# delay the job execution by a random amount of time
random_sleep

# ensure we don't do this on battery
check_power || exit 0

# run daily job
exec /usr/lib/apt/apt.systemd.daily

-- /etc/cron.daily/dpkg --
-rwxr-xr-x root:root /etc/cron.daily/dpkg
#!/bin/sh

# Skip if systemd is running.
if [ -d /run/systemd/system ]; then
  exit 0
fi

/usr/libexec/dpkg/dpkg-db-backup

-- /etc/cron.daily/logrotate --
-rwxr-xr-x root:root /etc/cron.daily/logrotate
#!/bin/sh

# skip in favour of systemd timer
if [ -d /run/systemd/system ]; then
    exit 0
fi

# this cronjob persists removals (but not purges)
if [ ! -x /usr/sbin/logrotate ]; then
    exit 0
fi

/usr/sbin/logrotate /etc/logrotate.conf
EXITVALUE=$?
if [ $EXITVALUE != 0 ]; then
    /usr/bin/logger -t logrotate "ALERT exited abnormally with [$EXITVALUE]"
fi
exit $EXITVALUE

-- /etc/cron.daily/man-db --
-rwxr-xr-x root:root /etc/cron.daily/man-db
#!/bin/sh
#
# man-db cron daily

set -e

if [ -d /run/systemd/system ]; then
    # Skip in favour of systemd timer.
    exit 0
fi

# This should be set by cron, but apparently isn't always; see
# https://bugs.debian.org/209185.  Add fallbacks so that start-stop-daemon
# can be found.
export PATH="$PATH:/usr/local/sbin:/usr/sbin:/sbin"

iosched_idle=
# Don't try to change I/O priority in a vserver or OpenVZ.
if ! grep -Eq '(envID|VxID):.*[1-9]' /proc/self/status && \
   { [ ! -d /proc/vz ] || [ -d /proc/bc ]; }; then
    iosched_idle='--iosched idle'
fi

if ! [ -d /var/cache/man ]; then
    # Recover from deletion, per FHS.
    install -d -o man -g man -m 0755 /var/cache/man
fi

# expunge old catman pages which have not been read in a week
if [ -d /var/cache/man ]; then
  cd /
  # shellcheck disable=SC2086
  start-stop-daemon --start --pidfile /dev/null --startas /bin/sh \
	--oknodo --chuid man $iosched_idle -- -c \
	"find /var/cache/man -type f -name '*.gz' -atime +6 -print0 | \
	 xargs -r0 rm -f"
fi

# regenerate man database
if [ -x /usr/bin/mandb ]; then
    # --pidfile /dev/null so it always starts; mandb isn't really a daemon,
    # but we want to start it like one.
    # shellcheck disable=SC2086
    start-stop-daemon --start --pidfile /dev/null \
		      --startas /usr/bin/mandb --oknodo --chuid man \
		      $iosched_idle \
		      -- --no-purge --quiet
fi

exit 0

-- /etc/cron.daily/sysstat --
-rwxr-xr-x root:root /etc/cron.daily/sysstat
#!/bin/sh
# Generate a daily summary of process accounting.  Since this will probably
# get kicked off in the morning, it is run against the previous day data.

set -e

# Our configuration file
DEFAULT=/etc/default/sysstat
# Default settings, overridden in the above file
ENABLED=false

# Skip in favour of systemd timer
[ ! -d /run/systemd/system ] || exit 0

[ -x /usr/lib/sysstat/sa2 ] || exit 0

# Read our config
[ -r "$DEFAULT" ] && . "$DEFAULT"

[ "$ENABLED" = "true" ]  || exit 0

exec /usr/lib/sysstat/sa2 -A

-- /etc/cron.weekly/man-db --
-rwxr-xr-x root:root /etc/cron.weekly/man-db
#!/bin/sh
#
# man-db cron weekly

set -e

if [ -d /run/systemd/system ]; then
    # Skip in favour of systemd timer.
    exit 0
fi

# This should be set by cron, but apparently isn't always; see
# https://bugs.debian.org/209185.  Add fallbacks so that start-stop-daemon
# can be found.
export PATH="$PATH:/usr/local/sbin:/usr/sbin:/sbin"

iosched_idle=
# Don't try to change I/O priority in a vserver or OpenVZ.
if ! grep -Eq '(envID|VxID):.*[1-9]' /proc/self/status && \
   { [ ! -d /proc/vz ] || [ -d /proc/bc ]; }; then
    iosched_idle='--iosched idle'
fi

if ! [ -d /var/cache/man ]; then
    # Recover from deletion, per FHS.
    install -d -o man -g man -m 0755 /var/cache/man
fi

# regenerate man database
if [ -x /usr/bin/mandb ]; then
    # --pidfile /dev/null so it always starts; mandb isn't really a daemon,
    # but we want to start it like one.
    # shellcheck disable=SC2086
    start-stop-daemon --start --pidfile /dev/null \
		      --startas /usr/bin/mandb --oknodo --chuid man \
		      $iosched_idle \
		      -- --quiet
fi

exit 0

-- grep user-writable/input-looking paths --
/etc/cron.d/sysstat:3:PATH=/usr/lib/sysstat:/usr/sbin:/usr/sbin:/usr/bin:/sbin:/bin
/etc/cron.d/sysstat:6:5-55/10 * * * * root command -v debian-sa1 > /dev/null && debian-sa1 1 1
/etc/cron.d/sysstat:9:59 23 * * * root command -v debian-sa1 > /dev/null && debian-sa1 60 2
/etc/cron.daily/apt-compat:21:    if command -v on_ac_power >/dev/null; then
/etc/cron.daily/apport:3:[ -d /var/crash ] || exit 0
/etc/cron.daily/apport:4:find /var/crash/. ! -name . -prune -type f \( \( -size 0 -a \! -name '*.upload*' -a \! -name '*.drkonqi*' \) -o -mtime +7 \) -exec rm -f -- '{}' \;
/etc/cron.daily/apport:5:find /var/crash/. ! -name . -prune -type d -regextype posix-extended -regex '.*/[0-9]{12}$' \( -mtime +7 \) -exec rm -Rf -- '{}' \;
/etc/cron.daily/man-db:15:export PATH="$PATH:/usr/local/sbin:/usr/sbin:/sbin"
/etc/cron.daily/man-db:31:  cd /
/etc/cron.daily/man-db:35:	"find /var/cache/man -type f -name '*.gz' -atime +6 -print0 | \
/etc/cron.weekly/man-db:15:export PATH="$PATH:/usr/local/sbin:/usr/sbin:/sbin"
follow /var/crash directory mode=3777 owner=root group=root uid=0 gid=0 nlink=1 size=4096
nofollow /var/crash directory mode=3777 owner=root group=root uid=0 gid=0 nlink=1 size=4096 -> '/var/crash'
follow /var/cache/man directory mode=755 owner=man group=man uid=6 gid=12 nlink=1 size=4096
nofollow /var/cache/man directory mode=755 owner=man group=man uid=6 gid=12 nlink=1 size=4096 -> '/var/cache/man'
follow /var/log/sysstat directory mode=755 owner=root group=root uid=0 gid=0 nlink=1 size=4096
nofollow /var/log/sysstat directory mode=755 owner=root group=root uid=0 gid=0 nlink=1 size=4096 -> '/var/log/sysstat'
follow /var/log directory mode=775 owner=root group=syslog uid=0 gid=104 nlink=1 size=4096
nofollow /var/log directory mode=775 owner=root group=syslog uid=0 gid=104 nlink=1 size=4096 -> '/var/log'
follow /var/lib/dpkg directory mode=755 owner=root group=root uid=0 gid=0 nlink=1 size=4096
nofollow /var/lib/dpkg directory mode=755 owner=root group=root uid=0 gid=0 nlink=1 size=4096 -> '/var/lib/dpkg'
follow /var/cache/apt directory mode=755 owner=root group=root uid=0 gid=0 nlink=1 size=4096
nofollow /var/cache/apt directory mode=755 owner=root group=root uid=0 gid=0 nlink=1 size=4096 -> '/var/cache/apt'
follow /etc/default/sysstat regular file mode=644 owner=root group=root uid=0 gid=0 nlink=1 size=284
nofollow /etc/default/sysstat regular file mode=644 owner=root group=root uid=0 gid=0 nlink=1 size=284 -> '/etc/default/sysstat'
content /etc/default/sysstat: #
# Default settings for /etc/init.d/sysstat, /etc/cron.d/sysstat
# and /etc/cron.daily/sysstat files
follow /usr/lib/sysstat directory mode=755 owner=root group=root uid=0 gid=0 nlink=2 size=4096
nofollow /usr/lib/sysstat directory mode=755 owner=root group=root uid=0 gid=0 nlink=2 size=4096 -> '/usr/lib/sysstat'
follow /usr/lib/aarch64-linux-gnu/e2fsprogs directory mode=755 owner=root group=root uid=0 gid=0 nlink=2 size=4096
nofollow /usr/lib/aarch64-linux-gnu/e2fsprogs directory mode=755 owner=root group=root uid=0 gid=0 nlink=2 size=4096 -> '/usr/lib/aarch64-linux-gnu/e2fsprogs'

== apport cron.daily user-owned /var/crash cleanup symlink and directory probe ==
follow /etc/cron.daily/apport regular file mode=755 owner=root group=root uid=0 gid=0 nlink=1 size=376
nofollow /etc/cron.daily/apport regular file mode=755 owner=root group=root uid=0 gid=0 nlink=1 size=376 -> '/etc/cron.daily/apport'
content /etc/cron.daily/apport: #!/bin/sh -e
# clean all crash reports which are older than a week.
[ -d /var/crash ] || exit 0
follow /var/crash directory mode=3777 owner=root group=root uid=0 gid=0 nlink=1 size=4096
nofollow /var/crash directory mode=3777 owner=root group=root uid=0 gid=0 nlink=1 size=4096 -> '/var/crash'
follow /root/CRONMAIL_20260516192238_77806_root_decoy regular file mode=644 owner=root group=root uid=0 gid=0 nlink=1 size=16
nofollow /root/CRONMAIL_20260516192238_77806_root_decoy regular file mode=644 owner=root group=root uid=0 gid=0 nlink=1 size=16 -> '/root/CRONMAIL_20260516192238_77806_root_decoy'
content /root/CRONMAIL_20260516192238_77806_root_decoy: root-decoy-keep
-rw-r--r-- attacker:root /var/crash/CRONMAIL_20260516192238_77806_new_file -> 
-rw-r--r-- attacker:root /var/crash/CRONMAIL_20260516192238_77806_old_file -> 
drwxr-sr-x attacker:root /var/crash/123456789012 -> 
lrwxrwxrwx attacker:root /var/crash/CRONMAIL_20260516192238_77806_root_link -> /root/CRONMAIL_20260516192238_77806_root_decoy
-- running /etc/cron.daily/apport as the root cron job would
-rw-r--r-- attacker:root /var/crash/CRONMAIL_20260516192238_77806_new_file -> 
lrwxrwxrwx attacker:root /var/crash/CRONMAIL_20260516192238_77806_root_link -> /root/CRONMAIL_20260516192238_77806_root_decoy
follow /root/CRONMAIL_20260516192238_77806_root_decoy regular file mode=644 owner=root group=root uid=0 gid=0 nlink=1 size=16
nofollow /root/CRONMAIL_20260516192238_77806_root_decoy regular file mode=644 owner=root group=root uid=0 gid=0 nlink=1 size=16 -> '/root/CRONMAIL_20260516192238_77806_root_decoy'
content /root/CRONMAIL_20260516192238_77806_root_decoy: root-decoy-keep

== MAILTO, MTA absence, and mail spool behavior ==
missing /usr/sbin/sendmail
missing /usr/lib/sendmail
missing /usr/bin/mail
missing /usr/bin/mailx
follow /var/mail directory mode=2775 owner=root group=mail uid=0 gid=8 nlink=2 size=4096
nofollow /var/mail directory mode=2775 owner=root group=mail uid=0 gid=8 nlink=2 size=4096 -> '/var/mail'
follow /var/spool/mail directory mode=2775 owner=root group=mail uid=0 gid=8 nlink=2 size=4096
nofollow /var/spool/mail symbolic link mode=777 owner=root group=root uid=0 gid=0 nlink=1 size=7 -> '/var/spool/mail' -> '../mail'
drwxrwsr-x root:mail /var/mail -> 
lrwxrwxrwx root:root /var/spool/mail -> ../mail
$ touch /var/mail/CRONMAIL_20260516192238_77806_touch
touch: cannot touch '/var/mail/CRONMAIL_20260516192238_77806_touch': Permission denied
rc=1
$ touch /var/mail/root
touch: cannot touch '/var/mail/root': Permission denied
rc=1
$ ln -s /etc/shadow /var/mail/CRONMAIL_20260516192238_77806_shadow_link
ln: failed to create symbolic link '/var/mail/CRONMAIL_20260516192238_77806_shadow_link': Permission denied
rc=1
$ ln /etc/passwd /var/mail/CRONMAIL_20260516192238_77806_passwd_hard
ln: failed to create hard link '/var/mail/CRONMAIL_20260516192238_77806_passwd_hard' => '/etc/passwd': Operation not permitted
rc=1
$ touch /var/spool/mail/CRONMAIL_20260516192238_77806_touch
touch: cannot touch '/var/spool/mail/CRONMAIL_20260516192238_77806_touch': Permission denied
rc=1
$ ln -s /etc/shadow /var/spool/mail/CRONMAIL_20260516192238_77806_shadow_link
ln: failed to create symbolic link '/var/spool/mail/CRONMAIL_20260516192238_77806_shadow_link': Permission denied
rc=1
SHELL=/bin/sh
MAILTO=root
* * * * * echo CRONMAIL_20260516192238_77806_SAFE_MAIL_OUTPUT; id > /tmp/CRONMAIL_20260516192238_77806_safe_mail_job_id
MAILTO=root;touch /tmp/CRONMAIL_20260516192238_77806_mailto_shell
* * * * * echo CRONMAIL_20260516192238_77806_UNSAFE_MAIL_OUTPUT; id > /tmp/CRONMAIL_20260516192238_77806_unsafe_mail_job_id
sleep_for_cron_mail=32
-- mail listing before
drwxrwsr-x root:mail /var/mail -> 
lrwxrwxrwx root:root /var/spool/mail -> ../mail
-- mail listing after
drwxrwsr-x root:mail /var/mail -> 
lrwxrwxrwx root:root /var/spool/mail -> ../mail
missing /tmp/CRONMAIL_20260516192238_77806_mailto_shell
follow /tmp/CRONMAIL_20260516192238_77806_safe_mail_job_id regular file mode=664 owner=attacker group=attacker uid=1001 gid=1001 nlink=1 size=60
nofollow /tmp/CRONMAIL_20260516192238_77806_safe_mail_job_id regular file mode=664 owner=attacker group=attacker uid=1001 gid=1001 nlink=1 size=60 -> '/tmp/CRONMAIL_20260516192238_77806_safe_mail_job_id'
content /tmp/CRONMAIL_20260516192238_77806_safe_mail_job_id: uid=1001(attacker) gid=1001(attacker) groups=1001(attacker)
follow /tmp/CRONMAIL_20260516192238_77806_unsafe_mail_job_id regular file mode=664 owner=attacker group=attacker uid=1001 gid=1001 nlink=1 size=60
nofollow /tmp/CRONMAIL_20260516192238_77806_unsafe_mail_job_id regular file mode=664 owner=attacker group=attacker uid=1001 gid=1001 nlink=1 size=60 -> '/tmp/CRONMAIL_20260516192238_77806_unsafe_mail_job_id'
content /tmp/CRONMAIL_20260516192238_77806_unsafe_mail_job_id: uid=1001(attacker) gid=1001(attacker) groups=1001(attacker)
missing /root/CRONMAIL_20260516192238_77806_root_proof
2026-05-16T19:23:01+00:00 4f5b414436ae CRON[1193303]: pam_unix(cron:session): session opened for user attacker(uid=1001) by attacker(uid=0)
2026-05-16T19:23:01+00:00 4f5b414436ae CRON[1193301]: pam_unix(cron:session): session opened for user attacker(uid=1001) by attacker(uid=0)
2026-05-16T19:23:01+00:00 4f5b414436ae CRON[1193310]: (attacker) CMD (echo CRONMAIL_20260516192238_77806_UNSAFE_MAIL_OUTPUT; id > /tmp/CRONMAIL_20260516192238_77806_unsafe_mail_job_id)
2026-05-16T19:23:01+00:00 4f5b414436ae CRON[1193309]: (attacker) CMD (echo CRONMAIL_20260516192238_77806_SAFE_MAIL_OUTPUT; id > /tmp/CRONMAIL_20260516192238_77806_safe_mail_job_id)
2026-05-16T19:23:01+00:00 4f5b414436ae CRON[1193301]: (attacker) UNSAFE MAIL (root;touch /tmp/CRONMAIL_20260516192238_77806_mailto_shell)
2026-05-16T19:23:01+00:00 4f5b414436ae CRON[1193301]: pam_unix(cron:session): session closed for user attacker
2026-05-16T19:23:01+00:00 4f5b414436ae CRON[1193303]: (CRON) info (No MTA installed, discarding output)
2026-05-16T19:23:01+00:00 4f5b414436ae CRON[1193303]: pam_unix(cron:session): session closed for user attacker

== anacron and at absence/reachability proof ==
missing /usr/sbin/anacron
missing /usr/bin/at
missing /usr/bin/atq
missing /usr/bin/atrm
missing /usr/sbin/atd
missing /etc/anacrontab
missing /var/spool/cron/atjobs
missing /var/spool/cron/atspool
Unit anacron.service could not be found.
Unit atd.service could not be found.
bash: line 3: at: command not found
at_rc=127
missing /tmp/CRONMAIL_20260516192238_77806_at_job

== root proof and cleanup ==
ROOT_PROOF=NO
follow /root/CRONMAIL_20260516192238_77806_root_decoy regular file mode=644 owner=root group=root uid=0 gid=0 nlink=1 size=16
nofollow /root/CRONMAIL_20260516192238_77806_root_decoy regular file mode=644 owner=root group=root uid=0 gid=0 nlink=1 size=16 -> '/root/CRONMAIL_20260516192238_77806_root_decoy'
content /root/CRONMAIL_20260516192238_77806_root_decoy: root-decoy-keep
post_cleanup_leftovers=
attacker_crontab_after_cleanup=no crontab for attacker
system_state_after=running
  UNIT LOAD ACTIVE SUB DESCRIPTION

0 loaded units listed.
