residual D-Bus/polkit state-changing API probe
target=ubuntu24-server-lpe-target
2026-05-16T15:26:04-0400

## target identity
PRETTY_NAME="Ubuntu 24.04.4 LTS"
NAME="Ubuntu"
VERSION_ID="24.04"
VERSION="24.04.4 LTS (Noble Numbat)"
VERSION_CODENAME=noble
ID=ubuntu
ID_LIKE=debian
HOME_URL="https://www.ubuntu.com/"
SUPPORT_URL="https://help.ubuntu.com/"
BUG_REPORT_URL="https://bugs.launchpad.net/ubuntu/"
PRIVACY_POLICY_URL="https://www.ubuntu.com/legal/terms-and-policies/privacy-policy"
UBUNTU_CODENAME=noble
LOGO=ubuntu-logo
Linux 4f5b414436ae 6.10.14-linuxkit #1 SMP Sat May 17 08:28:57 UTC 2025 aarch64 aarch64 aarch64 GNU/Linux
systemd 255 (255.4-1ubuntu8.15)
uid=1001(attacker) gid=1001(attacker) groups=1001(attacker)
uid=1002(selfauth) gid=1002(selfauth) groups=1002(selfauth)
sudo:x:27:ubuntu
adm:x:4:ubuntu,syslog
lxd:x:101:
disk:x:6:
systemd-journal:x:999:
running

## package proof
dbus	1.14.10-4ubuntu4.1	ii 
dbus-daemon	1.14.10-4ubuntu4.1	ii 
dbus-user-session	1.14.10-4ubuntu4.1	ii 
dpkg-query: no packages found matching accountsservice
fwupd	1.9.34-0ubuntu1~24.04.1	ii 
modemmanager	1.23.4-0ubuntu2	ii 
netplan.io	1.1.2-8ubuntu1~24.04.2	ii 
packagekit	1.2.8-2ubuntu1.5	ii 
packagekit-tools	1.2.8-2ubuntu1.5	ii 
polkitd	124-2ubuntu1.24.04.3	ii 
software-properties-common	0.99.49.4	ii 
systemd	255.4-1ubuntu8.15	ii 
systemd-resolved	255.4-1ubuntu8.15	ii 
systemd-timesyncd	255.4-1ubuntu8.15	ii 
udisks2	2.10.1-6ubuntu1.3	ii 
update-notifier-common	3.192.68.2	ii 
pkexec absent
-rwxr-xr-x 1 root root 358 Apr  2  2025 /usr/lib/update-notifier/package-system-locked

## system bus names before activation
:1.58                            1528 netplan-dbus    root            :1.58         dbus.service                -       -
com.ubuntu.SoftwareProperties  808806 python3         root            :1.99053      dbus.service                -       -
io.netplan.Netplan               1528 netplan-dbus    root            :1.58         dbus.service                -       -
org.freedesktop.ModemManager1       - -               -               (activatable) -                           -       -
org.freedesktop.PackageKit          - -               -               (activatable) -                           -       -
org.freedesktop.PolicyKit1        258 polkitd         polkitd         :1.4          polkit.service              -       -
org.freedesktop.UDisks2        729973 udisksd         root            :1.97175      udisks2.service             -       -
org.freedesktop.bolt                - -               -               (activatable) -                           -       -
org.freedesktop.fwupd               - -               -               (activatable) -                           -       -
org.freedesktop.hostname1           - -               -               (activatable) -                           -       -
org.freedesktop.locale1             - -               -               (activatable) -                           -       -
org.freedesktop.login1            263 systemd-logind  root            :1.3          systemd-logind.service      -       -
org.freedesktop.network1            - -               -               (activatable) -                           -       -
org.freedesktop.resolve1       771164 systemd-resolve systemd-resolve :1.98609      systemd-resolved.service    -       -
org.freedesktop.systemd1            1 systemd         root            :1.0          init.scope                  -       -
org.freedesktop.timedate1           - -               -               (activatable) -                           -       -
org.freedesktop.timesync1           - -               -               (activatable) -                           -       -

## D-Bus activation files and directory permissions
drwxr-xr-x root:root /usr/share/dbus-1/system-services
drwxr-xr-x root:root /usr/share/dbus-1/system.d
drwxr-xr-x root:root /etc/dbus-1/system.d
/usr/share/dbus-1/system-services/com.ubuntu.SoftwareProperties.service	Name=com.ubuntu.SoftwareProperties	User=root	SystemdService=	Exec=/usr/lib/software-properties/software-properties-dbus
/usr/share/dbus-1/system-services/io.netplan.Netplan.service	Name=io.netplan.Netplan	User=root	SystemdService=	Exec=/usr/libexec/netplan/netplan-dbus
/usr/share/dbus-1/system-services/org.freedesktop.ModemManager1.service	Name=org.freedesktop.ModemManager1	User=root	SystemdService=dbus-org.freedesktop.ModemManager1.service	Exec=/usr/sbin/ModemManager
/usr/share/dbus-1/system-services/org.freedesktop.PackageKit.service	Name=org.freedesktop.PackageKit	User=root	SystemdService=packagekit.service	Exec=/usr/libexec/packagekitd
/usr/share/dbus-1/system-services/org.freedesktop.UDisks2.service	Name=org.freedesktop.UDisks2	User=root	SystemdService=udisks2.service	Exec=/usr/libexec/udisks2/udisksd
/usr/share/dbus-1/system-services/org.freedesktop.bolt.service	Name=org.freedesktop.bolt	User=root	SystemdService=bolt.service	Exec=/usr/libexec/boltd
/usr/share/dbus-1/system-services/org.freedesktop.fwupd.service	Name=org.freedesktop.fwupd	User=root	SystemdService=fwupd.service	Exec=/usr/libexec/fwupd/fwupd
/usr/share/dbus-1/system-services/org.freedesktop.hostname1.service	Name=org.freedesktop.hostname1	User=root	SystemdService=dbus-org.freedesktop.hostname1.service	Exec=/bin/false
/usr/share/dbus-1/system-services/org.freedesktop.locale1.service	Name=org.freedesktop.locale1	User=root	SystemdService=dbus-org.freedesktop.locale1.service	Exec=/bin/false
/usr/share/dbus-1/system-services/org.freedesktop.login1.service	Name=org.freedesktop.login1	User=root	SystemdService=dbus-org.freedesktop.login1.service	Exec=/bin/false
/usr/share/dbus-1/system-services/org.freedesktop.network1.service	Name=org.freedesktop.network1	User=root	SystemdService=dbus-org.freedesktop.network1.service	Exec=/bin/false
/usr/share/dbus-1/system-services/org.freedesktop.resolve1.service	Name=org.freedesktop.resolve1	User=root	SystemdService=dbus-org.freedesktop.resolve1.service	Exec=/bin/false
/usr/share/dbus-1/system-services/org.freedesktop.systemd1.service	Name=org.freedesktop.systemd1	User=root	SystemdService=	Exec=/bin/false
/usr/share/dbus-1/system-services/org.freedesktop.timedate1.service	Name=org.freedesktop.timedate1	User=root	SystemdService=dbus-org.freedesktop.timedate1.service	Exec=/bin/false
/usr/share/dbus-1/system-services/org.freedesktop.timesync1.service	Name=org.freedesktop.timesync1	User=root	SystemdService=dbus-org.freedesktop.timesync1.service	Exec=/bin/false
644 root:root /etc/dbus-1/system.d/com.ubuntu.SoftwareProperties.conf
644 root:root /usr/share/dbus-1/system-services/com.ubuntu.SoftwareProperties.service
644 root:root /usr/share/dbus-1/system-services/io.netplan.Netplan.service
644 root:root /usr/share/dbus-1/system-services/org.freedesktop.ModemManager1.service
644 root:root /usr/share/dbus-1/system-services/org.freedesktop.PackageKit.service
644 root:root /usr/share/dbus-1/system-services/org.freedesktop.PolicyKit1.service
644 root:root /usr/share/dbus-1/system-services/org.freedesktop.UDisks2.service
644 root:root /usr/share/dbus-1/system-services/org.freedesktop.bolt.service
644 root:root /usr/share/dbus-1/system-services/org.freedesktop.fwupd.service
644 root:root /usr/share/dbus-1/system-services/org.freedesktop.hostname1.service
644 root:root /usr/share/dbus-1/system-services/org.freedesktop.locale1.service
644 root:root /usr/share/dbus-1/system-services/org.freedesktop.login1.service
644 root:root /usr/share/dbus-1/system-services/org.freedesktop.network1.service
644 root:root /usr/share/dbus-1/system-services/org.freedesktop.resolve1.service
644 root:root /usr/share/dbus-1/system-services/org.freedesktop.systemd1.service
644 root:root /usr/share/dbus-1/system-services/org.freedesktop.timedate1.service
644 root:root /usr/share/dbus-1/system-services/org.freedesktop.timesync1.service
644 root:root /usr/share/dbus-1/system.d/io.netplan.Netplan.conf
644 root:root /usr/share/dbus-1/system.d/org.freedesktop.ModemManager1.conf
644 root:root /usr/share/dbus-1/system.d/org.freedesktop.PackageKit.conf
644 root:root /usr/share/dbus-1/system.d/org.freedesktop.PolicyKit1.conf
644 root:root /usr/share/dbus-1/system.d/org.freedesktop.UDisks2.conf
644 root:root /usr/share/dbus-1/system.d/org.freedesktop.bolt.conf
644 root:root /usr/share/dbus-1/system.d/org.freedesktop.fwupd.conf
644 root:root /usr/share/dbus-1/system.d/org.freedesktop.hostname1.conf
644 root:root /usr/share/dbus-1/system.d/org.freedesktop.locale1.conf
644 root:root /usr/share/dbus-1/system.d/org.freedesktop.login1.conf
644 root:root /usr/share/dbus-1/system.d/org.freedesktop.network1.conf
644 root:root /usr/share/dbus-1/system.d/org.freedesktop.resolve1.conf
644 root:root /usr/share/dbus-1/system.d/org.freedesktop.systemd1.conf
644 root:root /usr/share/dbus-1/system.d/org.freedesktop.timedate1.conf
644 root:root /usr/share/dbus-1/system.d/org.freedesktop.timesync1.conf
644 root:root /usr/share/dbus-1/system.d/snapd.system-services.conf

## default unit/service state
### accounts-daemon.service
MainPID=0
BusName=
User=
LoadState=not-found
ActiveState=inactive
SubState=dead
FragmentPath=
UnitFileState=
ConditionResult=no
### dbus.service
MainPID=255
BusName=
User=
LoadState=loaded
ActiveState=active
SubState=running
FragmentPath=/usr/lib/systemd/system/dbus.service
UnitFileState=static
ConditionResult=yes
### polkit.service
MainPID=258
BusName=org.freedesktop.PolicyKit1
User=polkitd
LoadState=loaded
ActiveState=active
SubState=running
FragmentPath=/usr/lib/systemd/system/polkit.service
UnitFileState=static
ConditionResult=yes
### systemd-logind.service
MainPID=263
BusName=org.freedesktop.login1
User=
LoadState=loaded
ActiveState=active
SubState=running
FragmentPath=/usr/lib/systemd/system/systemd-logind.service
UnitFileState=static
ConditionResult=yes
### systemd-hostnamed.service
MainPID=0
BusName=org.freedesktop.hostname1
User=
LoadState=loaded
ActiveState=inactive
SubState=dead
FragmentPath=/usr/lib/systemd/system/systemd-hostnamed.service
UnitFileState=static
ConditionResult=no
### systemd-localed.service
MainPID=0
BusName=org.freedesktop.locale1
User=
LoadState=loaded
ActiveState=inactive
SubState=dead
FragmentPath=/usr/lib/systemd/system/systemd-localed.service
UnitFileState=static
ConditionResult=no
### systemd-timedated.service
MainPID=0
BusName=org.freedesktop.timedate1
User=
LoadState=loaded
ActiveState=inactive
SubState=dead
FragmentPath=/usr/lib/systemd/system/systemd-timedated.service
UnitFileState=static
ConditionResult=no
### systemd-resolved.service
MainPID=771164
BusName=org.freedesktop.resolve1
User=systemd-resolve
LoadState=loaded
ActiveState=active
SubState=running
FragmentPath=/usr/lib/systemd/system/systemd-resolved.service
UnitFileState=enabled
ConditionResult=yes
### systemd-timesyncd.service
MainPID=0
BusName=org.freedesktop.timesync1
User=systemd-timesync
LoadState=loaded
ActiveState=inactive
SubState=dead
FragmentPath=/usr/lib/systemd/system/systemd-timesyncd.service
UnitFileState=enabled
ConditionResult=no
### systemd-networkd.service
MainPID=0
BusName=org.freedesktop.network1
User=systemd-network
LoadState=loaded
ActiveState=inactive
SubState=dead
FragmentPath=/usr/lib/systemd/system/systemd-networkd.service
UnitFileState=disabled
ConditionResult=no
### systemd-networkd.socket
User=
LoadState=loaded
ActiveState=inactive
SubState=dead
FragmentPath=/usr/lib/systemd/system/systemd-networkd.socket
UnitFileState=disabled
ConditionResult=no
### packagekit.service
MainPID=0
BusName=org.freedesktop.PackageKit
User=root
LoadState=loaded
ActiveState=inactive
SubState=dead
FragmentPath=/usr/lib/systemd/system/packagekit.service
UnitFileState=static
ConditionResult=no
### udisks2.service
MainPID=729973
BusName=org.freedesktop.UDisks2
User=
LoadState=loaded
ActiveState=active
SubState=running
FragmentPath=/usr/lib/systemd/system/udisks2.service
UnitFileState=enabled
ConditionResult=yes
### com.ubuntu.SoftwareProperties.service
MainPID=0
BusName=
User=
LoadState=not-found
ActiveState=inactive
SubState=dead
FragmentPath=
UnitFileState=
ConditionResult=no
### ModemManager.service
MainPID=0
BusName=org.freedesktop.ModemManager1
User=root
LoadState=loaded
ActiveState=inactive
SubState=dead
FragmentPath=/usr/lib/systemd/system/ModemManager.service
UnitFileState=enabled
ConditionResult=no
### bolt.service
MainPID=0
BusName=org.freedesktop.bolt
User=
LoadState=loaded
ActiveState=inactive
SubState=dead
FragmentPath=/usr/lib/systemd/system/bolt.service
UnitFileState=static
ConditionResult=no
### fwupd.service
MainPID=0
BusName=org.freedesktop.fwupd
User=
LoadState=loaded
ActiveState=inactive
SubState=dead
FragmentPath=/usr/lib/systemd/system/fwupd.service
UnitFileState=static
ConditionResult=no
### fwupd-refresh.timer
LoadState=loaded
ActiveState=inactive
SubState=dead
FragmentPath=/usr/lib/systemd/system/fwupd-refresh.timer
UnitFileState=enabled
ConditionResult=no

## polkit action inventory
[focus]
com.ubuntu.softwareproperties.applychanges	/usr/share/polkit-1/actions/com.ubuntu.softwareproperties.policy	any=auth_admin	inactive=auth_admin	active=auth_admin_keep
com.ubuntu.update-notifier.pkexec.cddistupgrader	/usr/share/polkit-1/actions/com.ubuntu.update-notifier.policy	any=auth_admin	inactive=auth_admin	active=auth_admin
com.ubuntu.update-notifier.pkexec.package-system-locked	/usr/share/polkit-1/actions/com.ubuntu.update-notifier.policy	any=no	inactive=yes	active=yes
org.freedesktop.ModemManager1.Contacts	/usr/share/polkit-1/actions/org.freedesktop.ModemManager1.policy	any=	inactive=no	active=yes
org.freedesktop.ModemManager1.Control	/usr/share/polkit-1/actions/org.freedesktop.ModemManager1.policy	any=	inactive=no	active=auth_admin
org.freedesktop.ModemManager1.Device.Control	/usr/share/polkit-1/actions/org.freedesktop.ModemManager1.policy	any=	inactive=no	active=yes
org.freedesktop.ModemManager1.Firmware	/usr/share/polkit-1/actions/org.freedesktop.ModemManager1.policy	any=	inactive=no	active=auth_admin
org.freedesktop.ModemManager1.Location	/usr/share/polkit-1/actions/org.freedesktop.ModemManager1.policy	any=	inactive=no	active=yes
org.freedesktop.ModemManager1.Messaging	/usr/share/polkit-1/actions/org.freedesktop.ModemManager1.policy	any=	inactive=no	active=yes
org.freedesktop.ModemManager1.Time	/usr/share/polkit-1/actions/org.freedesktop.ModemManager1.policy	any=	inactive=no	active=yes
org.freedesktop.ModemManager1.USSD	/usr/share/polkit-1/actions/org.freedesktop.ModemManager1.policy	any=	inactive=no	active=yes
org.freedesktop.ModemManager1.Voice	/usr/share/polkit-1/actions/org.freedesktop.ModemManager1.policy	any=	inactive=no	active=yes
org.freedesktop.bolt.authorize	/usr/share/polkit-1/actions/org.freedesktop.bolt.policy	any=auth_admin	inactive=auth_admin	active=auth_admin_keep
org.freedesktop.bolt.enroll	/usr/share/polkit-1/actions/org.freedesktop.bolt.policy	any=auth_admin	inactive=auth_admin	active=auth_admin_keep
org.freedesktop.bolt.manage	/usr/share/polkit-1/actions/org.freedesktop.bolt.policy	any=auth_admin	inactive=auth_admin	active=auth_admin_keep
org.freedesktop.fwupd.device-activate	/usr/share/polkit-1/actions/org.freedesktop.fwupd.policy	any=auth_admin	inactive=no	active=auth_admin_keep
org.freedesktop.fwupd.device-unlock	/usr/share/polkit-1/actions/org.freedesktop.fwupd.policy	any=auth_admin	inactive=no	active=auth_admin_keep
org.freedesktop.fwupd.downgrade-hotplug	/usr/share/polkit-1/actions/org.freedesktop.fwupd.policy	any=auth_admin	inactive=no	active=auth_admin_keep
org.freedesktop.fwupd.downgrade-hotplug-trusted	/usr/share/polkit-1/actions/org.freedesktop.fwupd.policy	any=auth_admin	inactive=no	active=auth_admin_keep
org.freedesktop.fwupd.downgrade-internal	/usr/share/polkit-1/actions/org.freedesktop.fwupd.policy	any=auth_admin	inactive=no	active=auth_admin_keep
org.freedesktop.fwupd.downgrade-internal-trusted	/usr/share/polkit-1/actions/org.freedesktop.fwupd.policy	any=auth_admin	inactive=no	active=auth_admin_keep
org.freedesktop.fwupd.fix-host-security-attr	/usr/share/polkit-1/actions/org.freedesktop.fwupd.policy	any=auth_admin	inactive=no	active=auth_admin
org.freedesktop.fwupd.get-bios-settings	/usr/share/polkit-1/actions/org.freedesktop.fwupd.policy	any=auth_admin	inactive=no	active=auth_admin_keep
org.freedesktop.fwupd.modify-config	/usr/share/polkit-1/actions/org.freedesktop.fwupd.policy	any=auth_admin	inactive=no	active=auth_admin_keep
org.freedesktop.fwupd.modify-remote	/usr/share/polkit-1/actions/org.freedesktop.fwupd.policy	any=auth_admin	inactive=no	active=auth_admin_keep
org.freedesktop.fwupd.self-sign	/usr/share/polkit-1/actions/org.freedesktop.fwupd.policy	any=auth_admin	inactive=no	active=auth_admin_keep
org.freedesktop.fwupd.set-approved-firmware	/usr/share/polkit-1/actions/org.freedesktop.fwupd.policy	any=auth_admin	inactive=no	active=auth_admin_keep
org.freedesktop.fwupd.set-bios-settings	/usr/share/polkit-1/actions/org.freedesktop.fwupd.policy	any=auth_admin	inactive=no	active=auth_admin
org.freedesktop.fwupd.undo-host-security-attr	/usr/share/polkit-1/actions/org.freedesktop.fwupd.policy	any=auth_admin	inactive=no	active=auth_admin
org.freedesktop.fwupd.update-hotplug	/usr/share/polkit-1/actions/org.freedesktop.fwupd.policy	any=auth_admin	inactive=no	active=auth_admin_keep
org.freedesktop.fwupd.update-hotplug-trusted	/usr/share/polkit-1/actions/org.freedesktop.fwupd.policy	any=auth_admin	inactive=no	active=yes
org.freedesktop.fwupd.update-internal	/usr/share/polkit-1/actions/org.freedesktop.fwupd.policy	any=auth_admin	inactive=no	active=auth_admin_keep
org.freedesktop.fwupd.update-internal-trusted	/usr/share/polkit-1/actions/org.freedesktop.fwupd.policy	any=auth_admin	inactive=no	active=yes
org.freedesktop.fwupd.verify-update	/usr/share/polkit-1/actions/org.freedesktop.fwupd.policy	any=auth_admin	inactive=no	active=auth_admin_keep
org.freedesktop.hostname1.get-description	/usr/share/polkit-1/actions/org.freedesktop.hostname1.policy	any=auth_admin_keep	inactive=auth_admin_keep	active=auth_admin_keep
org.freedesktop.hostname1.get-hardware-serial	/usr/share/polkit-1/actions/org.freedesktop.hostname1.policy	any=auth_admin_keep	inactive=auth_admin_keep	active=auth_admin_keep
org.freedesktop.hostname1.get-product-uuid	/usr/share/polkit-1/actions/org.freedesktop.hostname1.policy	any=auth_admin_keep	inactive=auth_admin_keep	active=auth_admin_keep
org.freedesktop.hostname1.set-hostname	/usr/share/polkit-1/actions/org.freedesktop.hostname1.policy	any=auth_admin_keep	inactive=auth_admin_keep	active=auth_admin_keep
org.freedesktop.hostname1.set-machine-info	/usr/share/polkit-1/actions/org.freedesktop.hostname1.policy	any=auth_admin_keep	inactive=auth_admin_keep	active=auth_admin_keep
org.freedesktop.hostname1.set-static-hostname	/usr/share/polkit-1/actions/org.freedesktop.hostname1.policy	any=auth_admin_keep	inactive=auth_admin_keep	active=auth_admin_keep
org.freedesktop.locale1.set-keyboard	/usr/share/polkit-1/actions/org.freedesktop.locale1.policy	any=auth_admin_keep	inactive=auth_admin_keep	active=auth_admin_keep
org.freedesktop.locale1.set-locale	/usr/share/polkit-1/actions/org.freedesktop.locale1.policy	any=auth_admin_keep	inactive=auth_admin_keep	active=auth_admin_keep
org.freedesktop.login1.attach-device	/usr/share/polkit-1/actions/org.freedesktop.login1.policy	any=auth_admin_keep	inactive=auth_admin_keep	active=auth_admin_keep
org.freedesktop.login1.chvt	/usr/share/polkit-1/actions/org.freedesktop.login1.policy	any=auth_admin_keep	inactive=yes	active=yes
org.freedesktop.login1.flush-devices	/usr/share/polkit-1/actions/org.freedesktop.login1.policy	any=auth_admin_keep	inactive=auth_admin_keep	active=auth_admin_keep
org.freedesktop.login1.halt	/usr/share/polkit-1/actions/org.freedesktop.login1.policy	any=auth_admin_keep	inactive=auth_admin_keep	active=auth_admin_keep
org.freedesktop.login1.halt-ignore-inhibit	/usr/share/polkit-1/actions/org.freedesktop.login1.policy	any=auth_admin_keep	inactive=auth_admin_keep	active=auth_admin_keep
org.freedesktop.login1.halt-multiple-sessions	/usr/share/polkit-1/actions/org.freedesktop.login1.policy	any=auth_admin_keep	inactive=auth_admin_keep	active=auth_admin_keep
org.freedesktop.login1.hibernate	/usr/share/polkit-1/actions/org.freedesktop.login1.policy	any=auth_admin_keep	inactive=auth_admin_keep	active=yes
org.freedesktop.login1.hibernate-ignore-inhibit	/usr/share/polkit-1/actions/org.freedesktop.login1.policy	any=auth_admin_keep	inactive=auth_admin_keep	active=auth_admin_keep
org.freedesktop.login1.hibernate-multiple-sessions	/usr/share/polkit-1/actions/org.freedesktop.login1.policy	any=auth_admin_keep	inactive=auth_admin_keep	active=yes
org.freedesktop.login1.inhibit-block-idle	/usr/share/polkit-1/actions/org.freedesktop.login1.policy	any=yes	inactive=yes	active=yes
org.freedesktop.login1.inhibit-block-shutdown	/usr/share/polkit-1/actions/org.freedesktop.login1.policy	any=no	inactive=yes	active=yes
org.freedesktop.login1.inhibit-block-sleep	/usr/share/polkit-1/actions/org.freedesktop.login1.policy	any=no	inactive=yes	active=yes
org.freedesktop.login1.inhibit-delay-shutdown	/usr/share/polkit-1/actions/org.freedesktop.login1.policy	any=yes	inactive=yes	active=yes
org.freedesktop.login1.inhibit-delay-sleep	/usr/share/polkit-1/actions/org.freedesktop.login1.policy	any=yes	inactive=yes	active=yes
org.freedesktop.login1.inhibit-handle-hibernate-key	/usr/share/polkit-1/actions/org.freedesktop.login1.policy	any=no	inactive=yes	active=yes
org.freedesktop.login1.inhibit-handle-lid-switch	/usr/share/polkit-1/actions/org.freedesktop.login1.policy	any=no	inactive=yes	active=yes
org.freedesktop.login1.inhibit-handle-power-key	/usr/share/polkit-1/actions/org.freedesktop.login1.policy	any=no	inactive=yes	active=yes
org.freedesktop.login1.inhibit-handle-reboot-key	/usr/share/polkit-1/actions/org.freedesktop.login1.policy	any=no	inactive=yes	active=yes
org.freedesktop.login1.inhibit-handle-suspend-key	/usr/share/polkit-1/actions/org.freedesktop.login1.policy	any=no	inactive=yes	active=yes
org.freedesktop.login1.lock-sessions	/usr/share/polkit-1/actions/org.freedesktop.login1.policy	any=auth_admin_keep	inactive=auth_admin_keep	active=auth_admin_keep
org.freedesktop.login1.manage	/usr/share/polkit-1/actions/org.freedesktop.login1.policy	any=auth_admin_keep	inactive=auth_admin_keep	active=auth_admin_keep
org.freedesktop.login1.power-off	/usr/share/polkit-1/actions/org.freedesktop.login1.policy	any=auth_admin_keep	inactive=auth_admin_keep	active=yes
org.freedesktop.login1.power-off-ignore-inhibit	/usr/share/polkit-1/actions/org.freedesktop.login1.policy	any=auth_admin_keep	inactive=auth_admin_keep	active=auth_admin_keep
org.freedesktop.login1.power-off-multiple-sessions	/usr/share/polkit-1/actions/org.freedesktop.login1.policy	any=auth_admin_keep	inactive=auth_admin_keep	active=yes
org.freedesktop.login1.reboot	/usr/share/polkit-1/actions/org.freedesktop.login1.policy	any=auth_admin_keep	inactive=auth_admin_keep	active=yes
org.freedesktop.login1.reboot-ignore-inhibit	/usr/share/polkit-1/actions/org.freedesktop.login1.policy	any=auth_admin_keep	inactive=auth_admin_keep	active=auth_admin_keep
org.freedesktop.login1.reboot-multiple-sessions	/usr/share/polkit-1/actions/org.freedesktop.login1.policy	any=auth_admin_keep	inactive=auth_admin_keep	active=yes
org.freedesktop.login1.set-reboot-parameter	/usr/share/polkit-1/actions/org.freedesktop.login1.policy	any=auth_admin_keep	inactive=auth_admin_keep	active=yes
org.freedesktop.login1.set-reboot-to-boot-loader-entry	/usr/share/polkit-1/actions/org.freedesktop.login1.policy	any=auth_admin_keep	inactive=auth_admin_keep	active=yes
org.freedesktop.login1.set-reboot-to-boot-loader-menu	/usr/share/polkit-1/actions/org.freedesktop.login1.policy	any=auth_admin_keep	inactive=auth_admin_keep	active=yes
org.freedesktop.login1.set-reboot-to-firmware-setup	/usr/share/polkit-1/actions/org.freedesktop.login1.policy	any=auth_admin_keep	inactive=auth_admin_keep	active=yes
org.freedesktop.login1.set-self-linger	/usr/share/polkit-1/actions/org.freedesktop.login1.policy	any=yes	inactive=yes	active=yes
org.freedesktop.login1.set-user-linger	/usr/share/polkit-1/actions/org.freedesktop.login1.policy	any=auth_admin_keep	inactive=auth_admin_keep	active=auth_admin_keep
org.freedesktop.login1.set-wall-message	/usr/share/polkit-1/actions/org.freedesktop.login1.policy	any=auth_admin_keep	inactive=auth_admin_keep	active=auth_admin_keep
org.freedesktop.login1.suspend	/usr/share/polkit-1/actions/org.freedesktop.login1.policy	any=auth_admin_keep	inactive=auth_admin_keep	active=yes
org.freedesktop.login1.suspend-ignore-inhibit	/usr/share/polkit-1/actions/org.freedesktop.login1.policy	any=auth_admin_keep	inactive=auth_admin_keep	active=auth_admin_keep
org.freedesktop.login1.suspend-multiple-sessions	/usr/share/polkit-1/actions/org.freedesktop.login1.policy	any=auth_admin_keep	inactive=auth_admin_keep	active=yes
org.freedesktop.network1.forcerenew	/usr/share/polkit-1/actions/org.freedesktop.network1.policy	any=auth_admin	inactive=auth_admin	active=auth_admin_keep
org.freedesktop.network1.reconfigure	/usr/share/polkit-1/actions/org.freedesktop.network1.policy	any=auth_admin	inactive=auth_admin	active=auth_admin_keep
org.freedesktop.network1.reload	/usr/share/polkit-1/actions/org.freedesktop.network1.policy	any=auth_admin	inactive=auth_admin	active=auth_admin_keep
org.freedesktop.network1.renew	/usr/share/polkit-1/actions/org.freedesktop.network1.policy	any=auth_admin	inactive=auth_admin	active=auth_admin_keep
org.freedesktop.network1.revert-dns	/usr/share/polkit-1/actions/org.freedesktop.network1.policy	any=auth_admin	inactive=auth_admin	active=auth_admin_keep
org.freedesktop.network1.revert-ntp	/usr/share/polkit-1/actions/org.freedesktop.network1.policy	any=auth_admin	inactive=auth_admin	active=auth_admin_keep
org.freedesktop.network1.set-default-route	/usr/share/polkit-1/actions/org.freedesktop.network1.policy	any=auth_admin	inactive=auth_admin	active=auth_admin_keep
org.freedesktop.network1.set-dns-over-tls	/usr/share/polkit-1/actions/org.freedesktop.network1.policy	any=auth_admin	inactive=auth_admin	active=auth_admin_keep
org.freedesktop.network1.set-dns-servers	/usr/share/polkit-1/actions/org.freedesktop.network1.policy	any=auth_admin	inactive=auth_admin	active=auth_admin_keep
org.freedesktop.network1.set-dnssec	/usr/share/polkit-1/actions/org.freedesktop.network1.policy	any=auth_admin	inactive=auth_admin	active=auth_admin_keep
org.freedesktop.network1.set-dnssec-negative-trust-anchors	/usr/share/polkit-1/actions/org.freedesktop.network1.policy	any=auth_admin	inactive=auth_admin	active=auth_admin_keep
org.freedesktop.network1.set-domains	/usr/share/polkit-1/actions/org.freedesktop.network1.policy	any=auth_admin	inactive=auth_admin	active=auth_admin_keep
org.freedesktop.network1.set-llmnr	/usr/share/polkit-1/actions/org.freedesktop.network1.policy	any=auth_admin	inactive=auth_admin	active=auth_admin_keep
org.freedesktop.network1.set-mdns	/usr/share/polkit-1/actions/org.freedesktop.network1.policy	any=auth_admin	inactive=auth_admin	active=auth_admin_keep
org.freedesktop.network1.set-ntp-servers	/usr/share/polkit-1/actions/org.freedesktop.network1.policy	any=auth_admin	inactive=auth_admin	active=auth_admin_keep
org.freedesktop.packagekit.cancel-foreign	/usr/share/polkit-1/actions/org.freedesktop.packagekit.policy	any=auth_admin	inactive=auth_admin	active=auth_admin_keep
org.freedesktop.packagekit.clear-offline-update	/usr/share/polkit-1/actions/org.freedesktop.packagekit.policy	any=auth_admin	inactive=auth_admin	active=yes
org.freedesktop.packagekit.package-downgrade	/usr/share/polkit-1/actions/org.freedesktop.packagekit.policy	any=auth_admin	inactive=auth_admin	active=auth_admin
org.freedesktop.packagekit.package-eula-accept	/usr/share/polkit-1/actions/org.freedesktop.packagekit.policy	any=auth_admin	inactive=auth_admin	active=auth_admin_keep
org.freedesktop.packagekit.package-install	/usr/share/polkit-1/actions/org.freedesktop.packagekit.policy	any=auth_admin	inactive=auth_admin	active=auth_admin_keep
org.freedesktop.packagekit.package-install-untrusted	/usr/share/polkit-1/actions/org.freedesktop.packagekit.policy	any=auth_admin	inactive=auth_admin	active=auth_admin
org.freedesktop.packagekit.package-reinstall	/usr/share/polkit-1/actions/org.freedesktop.packagekit.policy	any=auth_admin	inactive=auth_admin	active=auth_admin_keep
org.freedesktop.packagekit.package-remove	/usr/share/polkit-1/actions/org.freedesktop.packagekit.policy	any=auth_admin	inactive=auth_admin	active=auth_admin
org.freedesktop.packagekit.repair-system	/usr/share/polkit-1/actions/org.freedesktop.packagekit.policy	any=auth_admin	inactive=auth_admin	active=auth_admin
org.freedesktop.packagekit.system-network-proxy-configure	/usr/share/polkit-1/actions/org.freedesktop.packagekit.policy	any=auth_admin	inactive=auth_admin	active=yes
org.freedesktop.packagekit.system-sources-configure	/usr/share/polkit-1/actions/org.freedesktop.packagekit.policy	any=auth_admin	inactive=auth_admin	active=auth_admin_keep
org.freedesktop.packagekit.system-sources-refresh	/usr/share/polkit-1/actions/org.freedesktop.packagekit.policy	any=auth_admin	inactive=yes	active=yes
org.freedesktop.packagekit.system-trust-signing-key	/usr/share/polkit-1/actions/org.freedesktop.packagekit.policy	any=auth_admin	inactive=auth_admin	active=auth_admin
org.freedesktop.packagekit.system-update	/usr/share/polkit-1/actions/org.freedesktop.packagekit.policy	any=auth_admin	inactive=auth_admin	active=auth_admin_keep
org.freedesktop.packagekit.trigger-offline-update	/usr/share/polkit-1/actions/org.freedesktop.packagekit.policy	any=auth_admin	inactive=auth_admin	active=yes
org.freedesktop.packagekit.trigger-offline-upgrade	/usr/share/polkit-1/actions/org.freedesktop.packagekit.policy	any=auth_admin	inactive=auth_admin	active=auth_admin
org.freedesktop.packagekit.upgrade-system	/usr/share/polkit-1/actions/org.freedesktop.packagekit.policy	any=no	inactive=no	active=auth_admin
org.freedesktop.resolve1.register-service	/usr/share/polkit-1/actions/org.freedesktop.resolve1.policy	any=auth_admin	inactive=auth_admin	active=auth_admin_keep
org.freedesktop.resolve1.revert	/usr/share/polkit-1/actions/org.freedesktop.resolve1.policy	any=auth_admin	inactive=auth_admin	active=auth_admin_keep
org.freedesktop.resolve1.set-default-route	/usr/share/polkit-1/actions/org.freedesktop.resolve1.policy	any=auth_admin	inactive=auth_admin	active=auth_admin_keep
org.freedesktop.resolve1.set-dns-over-tls	/usr/share/polkit-1/actions/org.freedesktop.resolve1.policy	any=auth_admin	inactive=auth_admin	active=auth_admin_keep
org.freedesktop.resolve1.set-dns-servers	/usr/share/polkit-1/actions/org.freedesktop.resolve1.policy	any=auth_admin	inactive=auth_admin	active=auth_admin_keep
org.freedesktop.resolve1.set-dnssec	/usr/share/polkit-1/actions/org.freedesktop.resolve1.policy	any=auth_admin	inactive=auth_admin	active=auth_admin_keep
org.freedesktop.resolve1.set-dnssec-negative-trust-anchors	/usr/share/polkit-1/actions/org.freedesktop.resolve1.policy	any=auth_admin	inactive=auth_admin	active=auth_admin_keep
org.freedesktop.resolve1.set-domains	/usr/share/polkit-1/actions/org.freedesktop.resolve1.policy	any=auth_admin	inactive=auth_admin	active=auth_admin_keep
org.freedesktop.resolve1.set-llmnr	/usr/share/polkit-1/actions/org.freedesktop.resolve1.policy	any=auth_admin	inactive=auth_admin	active=auth_admin_keep
org.freedesktop.resolve1.set-mdns	/usr/share/polkit-1/actions/org.freedesktop.resolve1.policy	any=auth_admin	inactive=auth_admin	active=auth_admin_keep
org.freedesktop.resolve1.unregister-service	/usr/share/polkit-1/actions/org.freedesktop.resolve1.policy	any=auth_admin	inactive=auth_admin	active=auth_admin_keep
org.freedesktop.systemd1.bypass-dump-ratelimit	/usr/share/polkit-1/actions/org.freedesktop.systemd1.policy	any=auth_admin	inactive=auth_admin	active=auth_admin_keep
org.freedesktop.systemd1.manage-unit-files	/usr/share/polkit-1/actions/org.freedesktop.systemd1.policy	any=auth_admin	inactive=auth_admin	active=auth_admin_keep
org.freedesktop.systemd1.manage-units	/usr/share/polkit-1/actions/org.freedesktop.systemd1.policy	any=auth_admin	inactive=auth_admin	active=auth_admin_keep
org.freedesktop.systemd1.reload-daemon	/usr/share/polkit-1/actions/org.freedesktop.systemd1.policy	any=auth_admin	inactive=auth_admin	active=auth_admin_keep
org.freedesktop.systemd1.reply-password	/usr/share/polkit-1/actions/org.freedesktop.systemd1.policy	any=no	inactive=no	active=auth_admin_keep
org.freedesktop.systemd1.set-environment	/usr/share/polkit-1/actions/org.freedesktop.systemd1.policy	any=auth_admin	inactive=auth_admin	active=auth_admin_keep
org.freedesktop.timedate1.set-local-rtc	/usr/share/polkit-1/actions/org.freedesktop.timedate1.policy	any=auth_admin_keep	inactive=auth_admin_keep	active=auth_admin_keep
org.freedesktop.timedate1.set-ntp	/usr/share/polkit-1/actions/org.freedesktop.timedate1.policy	any=auth_admin_keep	inactive=auth_admin_keep	active=auth_admin_keep
org.freedesktop.timedate1.set-time	/usr/share/polkit-1/actions/org.freedesktop.timedate1.policy	any=auth_admin_keep	inactive=auth_admin_keep	active=auth_admin_keep
org.freedesktop.timedate1.set-timezone	/usr/share/polkit-1/actions/org.freedesktop.timedate1.policy	any=auth_admin_keep	inactive=auth_admin_keep	active=auth_admin_keep
org.freedesktop.timesync1.set-runtime-servers	/usr/share/polkit-1/actions/org.freedesktop.timesync1.policy	any=auth_admin	inactive=auth_admin	active=auth_admin_keep
[any_yes_active_yes_auth_self]
focus	com.ubuntu.update-notifier.pkexec.package-system-locked	/usr/share/polkit-1/actions/com.ubuntu.update-notifier.policy	any=no	inactive=yes	active=yes
focus	org.freedesktop.ModemManager1.Contacts	/usr/share/polkit-1/actions/org.freedesktop.ModemManager1.policy	any=	inactive=no	active=yes
focus	org.freedesktop.ModemManager1.Device.Control	/usr/share/polkit-1/actions/org.freedesktop.ModemManager1.policy	any=	inactive=no	active=yes
focus	org.freedesktop.ModemManager1.Location	/usr/share/polkit-1/actions/org.freedesktop.ModemManager1.policy	any=	inactive=no	active=yes
focus	org.freedesktop.ModemManager1.Messaging	/usr/share/polkit-1/actions/org.freedesktop.ModemManager1.policy	any=	inactive=no	active=yes
focus	org.freedesktop.ModemManager1.Time	/usr/share/polkit-1/actions/org.freedesktop.ModemManager1.policy	any=	inactive=no	active=yes
focus	org.freedesktop.ModemManager1.USSD	/usr/share/polkit-1/actions/org.freedesktop.ModemManager1.policy	any=	inactive=no	active=yes
focus	org.freedesktop.ModemManager1.Voice	/usr/share/polkit-1/actions/org.freedesktop.ModemManager1.policy	any=	inactive=no	active=yes
focus	org.freedesktop.fwupd.update-hotplug-trusted	/usr/share/polkit-1/actions/org.freedesktop.fwupd.policy	any=auth_admin	inactive=no	active=yes
focus	org.freedesktop.fwupd.update-internal-trusted	/usr/share/polkit-1/actions/org.freedesktop.fwupd.policy	any=auth_admin	inactive=no	active=yes
focus	org.freedesktop.login1.chvt	/usr/share/polkit-1/actions/org.freedesktop.login1.policy	any=auth_admin_keep	inactive=yes	active=yes
focus	org.freedesktop.login1.hibernate	/usr/share/polkit-1/actions/org.freedesktop.login1.policy	any=auth_admin_keep	inactive=auth_admin_keep	active=yes
focus	org.freedesktop.login1.hibernate-multiple-sessions	/usr/share/polkit-1/actions/org.freedesktop.login1.policy	any=auth_admin_keep	inactive=auth_admin_keep	active=yes
focus	org.freedesktop.login1.inhibit-block-idle	/usr/share/polkit-1/actions/org.freedesktop.login1.policy	any=yes	inactive=yes	active=yes
focus	org.freedesktop.login1.inhibit-block-shutdown	/usr/share/polkit-1/actions/org.freedesktop.login1.policy	any=no	inactive=yes	active=yes
focus	org.freedesktop.login1.inhibit-block-sleep	/usr/share/polkit-1/actions/org.freedesktop.login1.policy	any=no	inactive=yes	active=yes
focus	org.freedesktop.login1.inhibit-delay-shutdown	/usr/share/polkit-1/actions/org.freedesktop.login1.policy	any=yes	inactive=yes	active=yes
focus	org.freedesktop.login1.inhibit-delay-sleep	/usr/share/polkit-1/actions/org.freedesktop.login1.policy	any=yes	inactive=yes	active=yes
focus	org.freedesktop.login1.inhibit-handle-hibernate-key	/usr/share/polkit-1/actions/org.freedesktop.login1.policy	any=no	inactive=yes	active=yes
focus	org.freedesktop.login1.inhibit-handle-lid-switch	/usr/share/polkit-1/actions/org.freedesktop.login1.policy	any=no	inactive=yes	active=yes
focus	org.freedesktop.login1.inhibit-handle-power-key	/usr/share/polkit-1/actions/org.freedesktop.login1.policy	any=no	inactive=yes	active=yes
focus	org.freedesktop.login1.inhibit-handle-reboot-key	/usr/share/polkit-1/actions/org.freedesktop.login1.policy	any=no	inactive=yes	active=yes
focus	org.freedesktop.login1.inhibit-handle-suspend-key	/usr/share/polkit-1/actions/org.freedesktop.login1.policy	any=no	inactive=yes	active=yes
focus	org.freedesktop.login1.power-off	/usr/share/polkit-1/actions/org.freedesktop.login1.policy	any=auth_admin_keep	inactive=auth_admin_keep	active=yes
focus	org.freedesktop.login1.power-off-multiple-sessions	/usr/share/polkit-1/actions/org.freedesktop.login1.policy	any=auth_admin_keep	inactive=auth_admin_keep	active=yes
focus	org.freedesktop.login1.reboot	/usr/share/polkit-1/actions/org.freedesktop.login1.policy	any=auth_admin_keep	inactive=auth_admin_keep	active=yes
focus	org.freedesktop.login1.reboot-multiple-sessions	/usr/share/polkit-1/actions/org.freedesktop.login1.policy	any=auth_admin_keep	inactive=auth_admin_keep	active=yes
focus	org.freedesktop.login1.set-reboot-parameter	/usr/share/polkit-1/actions/org.freedesktop.login1.policy	any=auth_admin_keep	inactive=auth_admin_keep	active=yes
focus	org.freedesktop.login1.set-reboot-to-boot-loader-entry	/usr/share/polkit-1/actions/org.freedesktop.login1.policy	any=auth_admin_keep	inactive=auth_admin_keep	active=yes
focus	org.freedesktop.login1.set-reboot-to-boot-loader-menu	/usr/share/polkit-1/actions/org.freedesktop.login1.policy	any=auth_admin_keep	inactive=auth_admin_keep	active=yes
focus	org.freedesktop.login1.set-reboot-to-firmware-setup	/usr/share/polkit-1/actions/org.freedesktop.login1.policy	any=auth_admin_keep	inactive=auth_admin_keep	active=yes
focus	org.freedesktop.login1.set-self-linger	/usr/share/polkit-1/actions/org.freedesktop.login1.policy	any=yes	inactive=yes	active=yes
focus	org.freedesktop.login1.suspend	/usr/share/polkit-1/actions/org.freedesktop.login1.policy	any=auth_admin_keep	inactive=auth_admin_keep	active=yes
focus	org.freedesktop.login1.suspend-multiple-sessions	/usr/share/polkit-1/actions/org.freedesktop.login1.policy	any=auth_admin_keep	inactive=auth_admin_keep	active=yes
focus	org.freedesktop.packagekit.clear-offline-update	/usr/share/polkit-1/actions/org.freedesktop.packagekit.policy	any=auth_admin	inactive=auth_admin	active=yes
focus	org.freedesktop.packagekit.system-network-proxy-configure	/usr/share/polkit-1/actions/org.freedesktop.packagekit.policy	any=auth_admin	inactive=auth_admin	active=yes
focus	org.freedesktop.packagekit.system-sources-refresh	/usr/share/polkit-1/actions/org.freedesktop.packagekit.policy	any=auth_admin	inactive=yes	active=yes
focus	org.freedesktop.packagekit.trigger-offline-update	/usr/share/polkit-1/actions/org.freedesktop.packagekit.policy	any=auth_admin	inactive=auth_admin	active=yes
other	org.freedesktop.udisks2.ata-check-power	/usr/share/polkit-1/actions/org.freedesktop.UDisks2.policy	any=auth_admin	inactive=auth_admin	active=yes
other	org.freedesktop.udisks2.ata-smart-update	/usr/share/polkit-1/actions/org.freedesktop.UDisks2.policy	any=auth_admin	inactive=auth_admin	active=yes
other	org.freedesktop.udisks2.ata-standby	/usr/share/polkit-1/actions/org.freedesktop.UDisks2.policy	any=auth_admin	inactive=auth_admin	active=yes
other	org.freedesktop.udisks2.cancel-job	/usr/share/polkit-1/actions/org.freedesktop.UDisks2.policy	any=auth_admin	inactive=auth_admin	active=yes
other	org.freedesktop.udisks2.eject-media	/usr/share/polkit-1/actions/org.freedesktop.UDisks2.policy	any=auth_admin	inactive=auth_admin	active=yes
other	org.freedesktop.udisks2.encrypted-change-passphrase	/usr/share/polkit-1/actions/org.freedesktop.UDisks2.policy	any=auth_admin	inactive=auth_admin	active=yes
other	org.freedesktop.udisks2.encrypted-unlock	/usr/share/polkit-1/actions/org.freedesktop.UDisks2.policy	any=auth_admin	inactive=auth_admin	active=yes
other	org.freedesktop.udisks2.filesystem-mount	/usr/share/polkit-1/actions/org.freedesktop.UDisks2.policy	any=auth_admin	inactive=auth_admin	active=yes
other	org.freedesktop.udisks2.loop-setup	/usr/share/polkit-1/actions/org.freedesktop.UDisks2.policy	any=auth_admin	inactive=auth_admin	active=yes
other	org.freedesktop.udisks2.modify-device	/usr/share/polkit-1/actions/org.freedesktop.UDisks2.policy	any=auth_admin	inactive=auth_admin	active=yes
other	org.freedesktop.udisks2.nvme-smart-update	/usr/share/polkit-1/actions/org.freedesktop.UDisks2.policy	any=auth_admin	inactive=auth_admin	active=yes
other	org.freedesktop.udisks2.power-off-drive	/usr/share/polkit-1/actions/org.freedesktop.UDisks2.policy	any=auth_admin	inactive=auth_admin	active=yes
other	org.freedesktop.udisks2.rescan	/usr/share/polkit-1/actions/org.freedesktop.UDisks2.policy	any=auth_admin	inactive=auth_admin	active=yes
[auth_self] none

## root-owned state before
-rw-r--r-- root:root 13 1778944730 /etc/hostname -> '/etc/hostname'
daa99b0fc19375555ed5b390e6304cbe9ccd9ee752e60b20eb4b37dea36a69cd  /etc/hostname
MISSING /etc/machine-info
-rw-r--r-- root:root 13 1775787806 /etc/locale.conf -> '/etc/locale.conf'
89dd29db91ea608d72b5b4d3d3f5816cc2d3c1dd730741dc41b20ce12f1c2b3b  /etc/locale.conf
-rw-r--r-- root:root 13 1775787806 /etc/default/locale -> '/etc/default/locale'
89dd29db91ea608d72b5b4d3d3f5816cc2d3c1dd730741dc41b20ce12f1c2b3b  /etc/default/locale
-rw-r--r-- root:root 150 1778926956 /etc/default/keyboard -> '/etc/default/keyboard'
9d2d64b5b738ef55ecc80e236cd00caba19d3afe1921c74fa7d73c9477ebe6eb  /etc/default/keyboard
-rw-r--r-- root:root 114 1773847942 /etc/localtime -> '/etc/localtime'
8b85846791ab2c8a5463c83a5be3c043e2570d7448434d41398969ed47e3e6f2  /etc/localtime
-rw-r--r-- root:root 1551 1774359953 /etc/systemd/resolved.conf -> '/etc/systemd/resolved.conf'
bccfe8136332d623efa0745c5799c54d71868ba7fe392d4677b4587038c03ae7  /etc/systemd/resolved.conf
-rw-r--r-- root:root 1003 1774359953 /etc/systemd/timesyncd.conf -> '/etc/systemd/timesyncd.conf'
e6734751f8aaf19fddfff891ad246387f5f59bd9ff1a5f0cac2c34bc81941c62  /etc/systemd/timesyncd.conf
drwxr-xr-x root:root 4096 1772537853 /etc/netplan -> '/etc/netplan'
drwxr-xr-x root:root 4096 1775788374 /etc/apt/sources.list.d -> '/etc/apt/sources.list.d'
drwxr-xr-x root:root 4096 1778959524 /var/lib/systemd/linger -> '/var/lib/systemd/linger'
MISSING /system-update
MISSING /var/lib/PackageKit/offline-update-action
MISSING /var/lib/PackageKit/prepared-update
MISSING /root/dbus_polkit_residual_root
644 root:root /etc/apt/sources.list.d/ubuntu.sources -> 
755 root:root /etc/apt/sources.list.d -> 
755 root:root /etc/netplan -> 
755 root:root /var/lib/systemd/linger -> 

## normal uid1001 attacker tests for any=yes actions and admin-gated mutators

### as attacker: pkcheck any=yes login1 actions
$ 
for action in \
  org.freedesktop.login1.set-self-linger \
  org.freedesktop.login1.inhibit-delay-shutdown \
  org.freedesktop.login1.inhibit-delay-sleep \
  org.freedesktop.login1.inhibit-block-idle \
  org.freedesktop.systemd1.manage-units \
  org.freedesktop.hostname1.set-static-hostname \
  org.freedesktop.packagekit.system-sources-refresh \
  org.freedesktop.udisks2.loop-setup; do
  printf "ACTION %s\n" "$action"
  timeout 4 pkcheck --action-id "$action" --process $$ 2>&1
  printf "rc=%s\n" "$?"
done

ACTION org.freedesktop.login1.set-self-linger
rc=0
ACTION org.freedesktop.login1.inhibit-delay-shutdown
rc=0
ACTION org.freedesktop.login1.inhibit-delay-sleep
rc=0
ACTION org.freedesktop.login1.inhibit-block-idle
rc=0
ACTION org.freedesktop.systemd1.manage-units
Authorization requires authentication and -u wasn't passed.
rc=2
ACTION org.freedesktop.hostname1.set-static-hostname
polkit\56retains_authorization_after_challenge=1
Authorization requires authentication and -u wasn't passed.
rc=2
ACTION org.freedesktop.packagekit.system-sources-refresh
Authorization requires authentication and -u wasn't passed.
rc=2
ACTION org.freedesktop.udisks2.loop-setup
Authorization requires authentication and -u wasn't passed.
rc=2
rc=0

### as attacker: login1 SetUserLinger self true
$ runuser -u attacker -- busctl --system call org.freedesktop.login1 /org/freedesktop/login1 org.freedesktop.login1.Manager SetUserLinger ubb 1001 true false
rc=0
-rw-r--r-- 1 root root 0 May 16 19:26 /var/lib/systemd/linger/attacker

### as attacker: login1 SetUserLinger root true denied
$ runuser -u attacker -- busctl --system call org.freedesktop.login1 /org/freedesktop/login1 org.freedesktop.login1.Manager SetUserLinger ubb 0 true false
Call failed: Interactive authentication required.
rc=1

### as attacker: login1 Inhibit shutdown delay
$ runuser -u attacker -- busctl --system call org.freedesktop.login1 /org/freedesktop/login1 org.freedesktop.login1.Manager Inhibit ssss shutdown dbus-polkit-residual audit delay
h 4
rc=0

### as attacker: DBus UpdateActivationEnvironment denied
$ runuser -u attacker -- busctl --system call org.freedesktop.DBus / org.freedesktop.DBus UpdateActivationEnvironment a\{ss\} 2 LD_PRELOAD /tmp/nope DBUS_POLKIT_RESIDUAL 1
Call failed: Access denied
rc=1

### as attacker: systemd root transient denied
$ systemd-run --system --collect --unit=dbus-polkit-residual-root /bin/sh -c 'id > /root/dbus_polkit_residual_root'
Failed to start transient service unit: Interactive authentication required.
rc=1

### as attacker: systemd SetEnvironment denied
$ runuser -u attacker -- busctl --system call org.freedesktop.systemd1 /org/freedesktop/systemd1 org.freedesktop.systemd1.Manager SetEnvironment as 1 DBUS_POLKIT_RESIDUAL=1
Call failed: Access denied
rc=1

### as attacker: hostnamed SetStaticHostname denied
$ runuser -u attacker -- busctl --system call org.freedesktop.hostname1 /org/freedesktop/hostname1 org.freedesktop.hostname1 SetStaticHostname sb dbus-polkit-residual false
Call failed: Interactive authentication required.
rc=1

### as attacker: localed SetLocale denied
$ runuser -u attacker -- busctl --system call org.freedesktop.locale1 /org/freedesktop/locale1 org.freedesktop.locale1 SetLocale asb 1 LANG=C false
Call failed: Interactive authentication required.
rc=1

### as attacker: timedated SetTimezone denied
$ runuser -u attacker -- busctl --system call org.freedesktop.timedate1 /org/freedesktop/timedate1 org.freedesktop.timedate1 SetTimezone sb Etc/UTC false
rc=0

### as attacker: resolved SetLinkDNS denied
$ runuser -u attacker -- busctl --system call org.freedesktop.resolve1 /org/freedesktop/resolve1 org.freedesktop.resolve1.Manager SetLinkDNS ia\(iay\) 11 1 2 4 127 0 0 1
Call failed: Interactive authentication required.
rc=1

### as attacker: networkd Reload default inactive/denied
$ runuser -u attacker -- busctl --system call org.freedesktop.network1 /org/freedesktop/network1 org.freedesktop.network1.Manager Reload
Call failed: Unit dbus-org.freedesktop.network1.service not found.
rc=1

### as attacker: netplan Config denied
$ runuser -u attacker -- busctl --system call io.netplan.Netplan /io/netplan/Netplan io.netplan.Netplan Config
Call failed: Access denied
rc=1

### as attacker: SoftwareProperties Reload read-only
$ runuser -u attacker -- gdbus call --system --dest com.ubuntu.SoftwareProperties --object-path / --method com.ubuntu.SoftwareProperties.Reload
()
rc=0

### as attacker: SoftwareProperties AddSourceFromLine denied
$ runuser -u attacker -- gdbus call --system --dest com.ubuntu.SoftwareProperties --object-path / --method com.ubuntu.SoftwareProperties.AddSourceFromLine deb\ http://127.0.0.1/ubuntu\ noble\ main
Error: GDBus.Error:com.ubuntu.SoftwareProperties.PermissionDeniedByPolicy: com.ubuntu.softwareproperties.applychanges
rc=1

### as attacker: PackageKit CreateTransaction reachable
$ runuser -u attacker -- busctl --system call org.freedesktop.PackageKit /org/freedesktop/PackageKit org.freedesktop.PackageKit CreateTransaction
o "/103_acaacbdc"
rc=0

### as attacker: PackageKit refresh from no-seat attacker
$ pkcon refresh force
Transaction:	Refreshing cache
Status: 	Waiting in queue
Status: 	Waiting for authentication
Status: 	Finished
Results:
Fatal error: Failed to obtain authentication.
rc=7

### as attacker: UDisks loop setup denied from no-seat attacker
$ truncate -s 4M /tmp/dbus-polkit-residual-attacker.img; udisksctl loop-setup -f /tmp/dbus-polkit-residual-attacker.img
Error creating textual authentication agent: Error opening current controlling terminal for the process (`/dev/tty'): No such device or address (polkit-error-quark, 0)
Error setting up loop device for /tmp/dbus-polkit-residual-attacker.img: GDBus.Error:org.freedesktop.UDisks2.Error.NotAuthorizedCanObtain: Not authorized to perform operation
rc=1

### as attacker: Accounts-like bus name absent
$ runuser -u attacker -- busctl --system introspect org.freedesktop.Accounts /org/freedesktop/Accounts
Failed to introspect object /org/freedesktop/Accounts of service org.freedesktop.Accounts: The name org.freedesktop.Accounts was not provided by any .service files
rc=1

## state after normal attacker tests
-rw-r--r-- root:root 13 1778944730 /etc/hostname -> '/etc/hostname'
daa99b0fc19375555ed5b390e6304cbe9ccd9ee752e60b20eb4b37dea36a69cd  /etc/hostname
MISSING /etc/machine-info
-rw-r--r-- root:root 13 1775787806 /etc/locale.conf -> '/etc/locale.conf'
89dd29db91ea608d72b5b4d3d3f5816cc2d3c1dd730741dc41b20ce12f1c2b3b  /etc/locale.conf
-rw-r--r-- root:root 13 1775787806 /etc/default/locale -> '/etc/default/locale'
89dd29db91ea608d72b5b4d3d3f5816cc2d3c1dd730741dc41b20ce12f1c2b3b  /etc/default/locale
-rw-r--r-- root:root 150 1778926956 /etc/default/keyboard -> '/etc/default/keyboard'
9d2d64b5b738ef55ecc80e236cd00caba19d3afe1921c74fa7d73c9477ebe6eb  /etc/default/keyboard
-rw-r--r-- root:root 114 1773847942 /etc/localtime -> '/etc/localtime'
8b85846791ab2c8a5463c83a5be3c043e2570d7448434d41398969ed47e3e6f2  /etc/localtime
-rw-r--r-- root:root 1551 1774359953 /etc/systemd/resolved.conf -> '/etc/systemd/resolved.conf'
bccfe8136332d623efa0745c5799c54d71868ba7fe392d4677b4587038c03ae7  /etc/systemd/resolved.conf
-rw-r--r-- root:root 1003 1774359953 /etc/systemd/timesyncd.conf -> '/etc/systemd/timesyncd.conf'
e6734751f8aaf19fddfff891ad246387f5f59bd9ff1a5f0cac2c34bc81941c62  /etc/systemd/timesyncd.conf
drwxr-xr-x root:root 4096 1772537853 /etc/netplan -> '/etc/netplan'
drwxr-xr-x root:root 4096 1775788374 /etc/apt/sources.list.d -> '/etc/apt/sources.list.d'
drwxr-xr-x root:root 4096 1778959564 /var/lib/systemd/linger -> '/var/lib/systemd/linger'
MISSING /system-update
MISSING /var/lib/PackageKit/offline-update-action
MISSING /var/lib/PackageKit/prepared-update
MISSING /root/dbus_polkit_residual_root
644 root:root /etc/apt/sources.list.d/ubuntu.sources -> 
644 root:root /var/lib/systemd/linger/attacker -> 
755 root:root /etc/apt/sources.list.d -> 
755 root:root /etc/netplan -> 
755 root:root /var/lib/systemd/linger -> 

## active tty selfauth tests for active=yes surfaces
openvt_rc=0

## active subject proof
uid=1002(selfauth) gid=1002(selfauth) groups=1002(selfauth)
/dev/tty2
XDG_SESSION_ID=150
Id=150
User=1002
Name=selfauth
Seat=seat0
TTY=tty2
Remote=no
Leader=1489259
Type=tty
Class=user
Active=yes
State=active
selfauth
selfauth P 2026-05-16 0 99999 7 -1

## active pkcheck selected actions
ACTION com.ubuntu.update-notifier.pkexec.package-system-locked
rc=0
ACTION org.freedesktop.login1.set-self-linger
rc=0
ACTION org.freedesktop.login1.reboot
rc=0
ACTION org.freedesktop.packagekit.system-sources-refresh
rc=0
ACTION org.freedesktop.packagekit.system-network-proxy-configure
rc=0
ACTION org.freedesktop.packagekit.trigger-offline-update
rc=0
ACTION org.freedesktop.udisks2.loop-setup
rc=0
ACTION org.freedesktop.udisks2.filesystem-mount
rc=0
ACTION org.freedesktop.fwupd.update-internal-trusted
rc=0
ACTION org.freedesktop.ModemManager1.Device.Control
rc=0
ACTION org.freedesktop.systemd1.manage-units
polkit\56retains_authorization_after_challenge=1
Authorization requires authentication and -u wasn't passed.
rc=2
ACTION org.freedesktop.hostname1.set-static-hostname
polkit\56retains_authorization_after_challenge=1
Authorization requires authentication and -u wasn't passed.
rc=2

## active semantic checks

### login1 self linger fixed-path write
$ loginctl enable-linger selfauth; ls -l /var/lib/systemd/linger/selfauth; loginctl disable-linger selfauth
-rw-r--r-- 1 root root 0 May 16 19:26 /var/lib/systemd/linger/selfauth
rc=0

### login1 CanReboot active query only
$ loginctl show-session "150" -p Active -p Seat -p TTY; busctl --system call org.freedesktop.login1 /org/freedesktop/login1 org.freedesktop.login1.Manager CanReboot
Seat=seat0
TTY=tty2
Active=yes
s "yes"
rc=0

### hostnamed remains admin-gated for non-admin active user
$ busctl --system call org.freedesktop.hostname1 /org/freedesktop/hostname1 org.freedesktop.hostname1 SetStaticHostname sb dbus-polkit-active false
Call failed: Interactive authentication required.
rc=1

### systemd transient root marker remains admin-gated
$ systemd-run --system --collect --unit=dbus-polkit-residual-active /bin/sh -c 'id > /root/dbus_polkit_residual_root'
rc=124

### resolved active mutator remains admin-gated
$ ifidx=$(cat /sys/class/net/eth0/ifindex 2>/dev/null || echo 2); busctl --system call org.freedesktop.resolve1 /org/freedesktop/resolve1 org.freedesktop.resolve1.Manager SetLinkDomains 'ia(sb)' $ifidx 1 dbus-polkit-residual.invalid false
Call failed: Interactive authentication required.
rc=1

### PackageKit active refresh bounded
$ pkcon refresh force
Transaction:	Refreshing cache
Status: 	Waiting in queue
Status: 	Waiting for authentication
Status: 	Waiting in queue
Status: 	Starting
Status: 	Loading cache
Percentage:	0
Percentage:	50
Percentage:	100
Status: 	Refreshing software list
Status: 	Downloading update information
Percentage:	0
Status: 	Running
Status: 	Loading cache
Percentage:	100
Status: 	Finished
Results:
 Enabled                              http://ports.ubuntu.com/ubuntu-ports noble InRelease
 Enabled                              http://ports.ubuntu.com/ubuntu-ports noble InRelease
 Enabled                              http://ports.ubuntu.com/ubuntu-ports noble-updates InRelease
 Enabled                              http://ports.ubuntu.com/ubuntu-ports noble-updates InRelease
 Enabled                              http://ports.ubuntu.com/ubuntu-ports noble-backports InRelease
 Enabled                              http://ports.ubuntu.com/ubuntu-ports noble-backports InRelease
 Enabled                              http://ports.ubuntu.com/ubuntu-ports noble-security InRelease
 Enabled                              http://ports.ubuntu.com/ubuntu-ports noble-security InRelease
rc=0

### PackageKit active SetProxy newline bounded
$ python3 - <<'PY'
import dbus
bus = dbus.SystemBus()
obj = bus.get_object('org.freedesktop.PackageKit', '/org/freedesktop/PackageKit')
pk = dbus.Interface(obj, 'org.freedesktop.PackageKit')
try:
    pk.SetProxy('http://127.0.0.1:9/\nInjected=1', '', '', '', 'localhost\nNoProxy=1', '')
    print('SetProxy OK')
except Exception as exc:
    print(type(exc).__name__ + ': ' + str(exc))
PY
SetProxy OK
rc=0

### UDisks active loop setup and cleanup
$ img=/tmp/dbus-polkit-residual-selfauth.img; truncate -s 4M $img; dev=$(udisksctl loop-setup -f $img 2>&1 | tee /tmp/dbus-polkit-residual/udisks-loop.out | sed -n 's/.* as \([^.]\+\)\./\1/p' | tail -1); echo dev=$dev; [ -n "$dev" ] && udisksctl loop-delete -b "$dev"; rm -f $img
dev=/dev/loop0
rc=0

### update-notifier helper has no pkexec root path
$ command -v pkexec || true; mkdir -p /tmp/dbus-polkit-residual/bin; printf '#!/bin/sh\nid > /root/dbus_polkit_residual_root\n' >/tmp/dbus-polkit-residual/bin/fuser; chmod 755 /tmp/dbus-polkit-residual/bin/fuser; PATH=/tmp/dbus-polkit-residual/bin:$PATH /usr/lib/update-notifier/package-system-locked; ls -l /root/dbus_polkit_residual_root 2>&1 || true
/tmp/dbus-polkit-residual/bin/fuser: 2: cannot create /root/dbus_polkit_residual_root: Permission denied
/tmp/dbus-polkit-residual/bin/fuser: 2: cannot create /root/dbus_polkit_residual_root: Permission denied
/tmp/dbus-polkit-residual/bin/fuser: 2: cannot create /root/dbus_polkit_residual_root: Permission denied
ls: cannot access '/root/dbus_polkit_residual_root': Permission denied
rc=0

### fwupd condition-gated in container
$ fwupdmgr get-devices --no-reboot-check --no-unreported-check
rc=124

### ModemManager condition-gated/no modems
$ busctl --system introspect org.freedesktop.ModemManager1 /org/freedesktop/ModemManager1 --no-pager; busctl --system tree org.freedesktop.ModemManager1
rc=124

### bolt condition-gated/admin-gated
$ busctl --system introspect org.freedesktop.bolt /org/freedesktop/bolt --no-pager
NAME                                TYPE      SIGNATURE RESULT/VALUE FLAGS
org.freedesktop.DBus.Introspectable interface -         -            -
.Introspect                         method    -         s            -
org.freedesktop.DBus.Peer           interface -         -            -
.GetMachineId                       method    -         s            -
.Ping                               method    -         -            -
org.freedesktop.DBus.Properties     interface -         -            -
.Get                                method    ss        v            -
.GetAll                             method    s         a{sv}        -
.Set                                method    ssv       -            -
.PropertiesChanged                  signal    sa{sv}as  -            -
org.freedesktop.bolt1.Manager       interface -         -            -
.DeviceByUid                        method    s         o            -
.DomainById                         method    s         o            -
.EnrollDevice                       method    sss       o            -
.ForgetDevice                       method    s         -            -
.ListDevices                        method    -         ao           -
.ListDomains                        method    -         ao           -
.AuthMode                           property  s         "enabled"    emits-change writable
.DefaultPolicy                      property  s         "auto"       emits-change
.Generation                         property  u         0            emits-change
.PowerState                         property  s         "unset"      emits-change
.Probing                            property  b         false        emits-change
.SecurityLevel                      property  s         "unknown"    emits-change
.Version                            property  u         1            emits-change
.DeviceAdded                        signal    o         -            -
.DeviceRemoved                      signal    o         -            -
.DomainAdded                        signal    o         -            -
.DomainRemoved                      signal    o         -            -
org.freedesktop.bolt1.Power         interface -         -            -
.ForcePower                         method    ss        h            -
.ListGuards                         method    -         a(ssu)       -
.State                              property  s         "unset"      emits-change
.Supported                          property  b         false        emits-change
.Timeout                            property  u         20000        emits-change
rc=0

## active root marker check
ROOT_PROOF=no
ls: cannot access '/root/dbus_polkit_residual_root': Permission denied

## state after active selfauth tests
-rw-r--r-- root:root 13 1778944730 /etc/hostname -> '/etc/hostname'
daa99b0fc19375555ed5b390e6304cbe9ccd9ee752e60b20eb4b37dea36a69cd  /etc/hostname
MISSING /etc/machine-info
-rw-r--r-- root:root 13 1775787806 /etc/locale.conf -> '/etc/locale.conf'
89dd29db91ea608d72b5b4d3d3f5816cc2d3c1dd730741dc41b20ce12f1c2b3b  /etc/locale.conf
-rw-r--r-- root:root 13 1775787806 /etc/default/locale -> '/etc/default/locale'
89dd29db91ea608d72b5b4d3d3f5816cc2d3c1dd730741dc41b20ce12f1c2b3b  /etc/default/locale
-rw-r--r-- root:root 150 1778926956 /etc/default/keyboard -> '/etc/default/keyboard'
9d2d64b5b738ef55ecc80e236cd00caba19d3afe1921c74fa7d73c9477ebe6eb  /etc/default/keyboard
-rw-r--r-- root:root 114 1773847942 /etc/localtime -> '/etc/localtime'
8b85846791ab2c8a5463c83a5be3c043e2570d7448434d41398969ed47e3e6f2  /etc/localtime
-rw-r--r-- root:root 1551 1774359953 /etc/systemd/resolved.conf -> '/etc/systemd/resolved.conf'
bccfe8136332d623efa0745c5799c54d71868ba7fe392d4677b4587038c03ae7  /etc/systemd/resolved.conf
-rw-r--r-- root:root 1003 1774359953 /etc/systemd/timesyncd.conf -> '/etc/systemd/timesyncd.conf'
e6734751f8aaf19fddfff891ad246387f5f59bd9ff1a5f0cac2c34bc81941c62  /etc/systemd/timesyncd.conf
drwxr-xr-x root:root 4096 1772537853 /etc/netplan -> '/etc/netplan'
drwxr-xr-x root:root 4096 1775788374 /etc/apt/sources.list.d -> '/etc/apt/sources.list.d'
drwxr-xr-x root:root 4096 1778959565 /var/lib/systemd/linger -> '/var/lib/systemd/linger'
MISSING /system-update
MISSING /var/lib/PackageKit/offline-update-action
MISSING /var/lib/PackageKit/prepared-update
MISSING /root/dbus_polkit_residual_root
644 root:root /etc/apt/sources.list.d/ubuntu.sources -> 
644 root:root /var/lib/systemd/linger/attacker -> 
755 root:root /etc/apt/sources.list.d -> 
755 root:root /etc/netplan -> 
755 root:root /var/lib/systemd/linger -> 

## cleanup
root marker absent
is-system-running:
running
failed units:
