
### target, packages, and default unit state
PRETTY_NAME="Ubuntu 24.04.4 LTS"
NAME="Ubuntu"
VERSION_ID="24.04"
VERSION="24.04.4 LTS (Noble Numbat)"
VERSION_CODENAME=noble
ID=ubuntu
ID_LIKE=debian
HOME_URL="https://www.ubuntu.com/"
SUPPORT_URL="https://help.ubuntu.com/"
BUG_REPORT_URL="https://bugs.launchpad.net/ubuntu/"
PRIVACY_POLICY_URL="https://www.ubuntu.com/legal/terms-and-policies/privacy-policy"
UBUNTU_CODENAME=noble
LOGO=ubuntu-logo
Linux 508d797cbad0 6.10.14-linuxkit #1 SMP Sat May 17 08:28:57 UTC 2025 aarch64 aarch64 aarch64 GNU/Linux
attacker_identity=uid=1001(attacker) gid=1001(attacker) groups=1001(attacker)
container_system_state=running
coreutils	9.4-3ubuntu6.2
debianutils	5.17build1
dpkg	1.22.6ubuntu6.6
systemd	255.4-1ubuntu8.15
tar	1.35+dfsg-3build1
dpkg: /usr/libexec/dpkg/dpkg-db-backup
debianutils: /usr/bin/savelog
tar: /usr/bin/tar
dpkg: /usr/lib/systemd/system/dpkg-db-backup.service
dpkg: /usr/lib/systemd/system/dpkg-db-backup.timer
UNIT FILE              STATE   PRESET
dpkg-db-backup.service static  -
dpkg-db-backup.timer   enabled enabled

2 unit files listed.
enabled
active
○ dpkg-db-backup.service - Daily dpkg database backup service
     Loaded: loaded (/usr/lib/systemd/system/dpkg-db-backup.service; static)
     Active: inactive (dead) since Sat 2026-05-16 21:40:39 UTC; 26s ago
TriggeredBy: ● dpkg-db-backup.timer
       Docs: man:dpkg(1)
    Process: 402815 ExecStart=/usr/libexec/dpkg/dpkg-db-backup (code=exited, status=0/SUCCESS)
   Main PID: 402815 (code=exited, status=0/SUCCESS)
        CPU: 36ms

May 16 21:40:39 508d797cbad0 systemd[1]: Starting dpkg-db-backup.service - Daily dpkg database backup service...
May 16 21:40:39 508d797cbad0 systemd[1]: dpkg-db-backup.service: Deactivated successfully.
May 16 21:40:39 508d797cbad0 systemd[1]: Finished dpkg-db-backup.service - Daily dpkg database backup service.

● dpkg-db-backup.timer - Daily dpkg database backup timer
     Loaded: loaded (/usr/lib/systemd/system/dpkg-db-backup.timer; enabled; preset: enabled)
     Active: active (waiting) since Sat 2026-05-16 20:04:41 UTC; 1h 36min ago
    Trigger: Sun 2026-05-17 00:00:00 UTC; 2h 18min left
   Triggers: ● dpkg-db-backup.service
       Docs: man:dpkg(1)

May 16 20:04:41 508d797cbad0 systemd[1]: Started dpkg-db-backup.timer - Daily dpkg database backup timer.
NEXT                            LEFT LAST                              PASSED UNIT                           ACTIVATES
Sun 2026-05-17 00:00:00 UTC 2h 18min -                                      - dpkg-db-backup.timer           dpkg-db-backup.service
Triggers=
ActiveState=inactive
SubState=dead
FragmentPath=/usr/lib/systemd/system/dpkg-db-backup.service
UnitFileState=static
ConditionResult=yes
NextElapseUSecRealtime=Sun 2026-05-17 00:00:00 UTC
LastTriggerUSec=
ActiveState=active
SubState=waiting
FragmentPath=/usr/lib/systemd/system/dpkg-db-backup.timer
UnitFileState=enabled
UnitFilePreset=enabled
systemd_manager_env_before=PATH=/usr/local/sbin:/usr/local/bin:/usr/sbin:/usr/bin:/snap/bin

### line-numbered code and unit config
--- /usr/libexec/dpkg/dpkg-db-backup ---
     1	#!/bin/sh
     2	#
     3	# Copyright © 2014, 2017-2018, 2020-2021 Guillem Jover <guillem@debian.org>
     4	#
     5	# This program is free software; you can redistribute it and/or modify
     6	# it under the terms of the GNU General Public License as published by
     7	# the Free Software Foundation; either version 2 of the License, or
     8	# (at your option) any later version.
     9	#
    10	# This program is distributed in the hope that it will be useful,
    11	# but WITHOUT ANY WARRANTY; without even the implied warranty of
    12	# MERCHANTABILITY or FITNESS FOR A PARTICULAR PURPOSE.  See the
    13	# GNU General Public License for more details.
    14	#
    15	# You should have received a copy of the GNU General Public License
    16	# along with this program.  If not, see <https://www.gnu.org/licenses/>.
    17	
    18	PROGNAME=$(basename "$0")
    19	ADMINDIR='/var/lib/dpkg'
    20	BACKUPSDIR='/var/backups'
    21	ROTATE=7
    22	
    23	PKGDATADIR_DEFAULT='/usr/share/dpkg'
    24	PKGDATADIR="${DPKG_DATADIR:-$PKGDATADIR_DEFAULT}"
    25	TAR='tar'
    26	
    27	# shellcheck source=src/sh/dpkg-error.sh
    28	. "$PKGDATADIR/sh/dpkg-error.sh"
    29	
    30	setup_colors
    31	
    32	while [ $# -ne 0 ]; do
    33	  case "$1" in
    34	  --rotate=*)
    35	    ROTATE="${1#--rotate=}"
    36	    ;;
    37	  esac
    38	  shift
    39	done
    40	
    41	# Check for required commands availability.
    42	for cmd in "$TAR" savelog; do
    43	  if ! command -v "$cmd" >/dev/null; then
    44	    error "cannot find required program '$cmd'"
    45	  fi
    46	done
    47	
    48	dbdir="$ADMINDIR"
    49	
    50	# Backup the N last versions of dpkg databases containing user data.
    51	if cd $BACKUPSDIR ; then
    52	  # We backup all relevant database files if any has changed, so that
    53	  # the rotation number always contains an internally consistent set.
    54	  dbchanged=no
    55	  dbfiles="arch status diversions statoverride"
    56	  for db in $dbfiles ; do
    57	    if ! [ -s "dpkg.${db}.0" ] && ! [ -s "$dbdir/$db" ]; then
    58	      # Special case the files not existing or being empty as being equal.
    59	      continue
    60	    elif ! cmp -s "dpkg.${db}.0" "$dbdir/$db"; then
    61	      dbchanged=yes
    62	      break
    63	    fi
    64	  done
    65	  if [ "$dbchanged" = "yes" ] ; then
    66	    for db in $dbfiles ; do
    67	      if [ -e "$dbdir/$db" ]; then
    68	        cp -p "$dbdir/$db" "dpkg.$db"
    69	      else
    70	        touch "dpkg.$db"
    71	      fi
    72	      savelog -c "$ROTATE" "dpkg.$db" >/dev/null
    73	    done
    74	  fi
    75	
    76	  # The alternatives database is independent from the dpkg database.
    77	  dbalt=alternatives
    78	
    79	  # XXX: Ideally we'd use --warning=none instead of discarding stderr, but
    80	  # as of GNU tar 1.27.1, it does not seem to work reliably (see #749307).
    81	  if ! test -e ${dbalt}.tar.0 ||
    82	     ! $TAR -df ${dbalt}.tar.0 -C $dbdir $dbalt >/dev/null 2>&1 ;
    83	  then
    84	    $TAR -cf ${dbalt}.tar -C $dbdir $dbalt >/dev/null 2>&1
    85	    savelog -c "$ROTATE" ${dbalt}.tar >/dev/null
    86	  fi
    87	fi
--- /usr/lib/systemd/system/dpkg-db-backup.service ---
     1	[Unit]
     2	Description=Daily dpkg database backup service
     3	Documentation=man:dpkg(1)
     4	
     5	[Service]
     6	Type=oneshot
     7	ExecStart=/usr/libexec/dpkg/dpkg-db-backup
--- /usr/lib/systemd/system/dpkg-db-backup.timer ---
     1	[Unit]
     2	Description=Daily dpkg database backup timer
     3	Documentation=man:dpkg(1)
     4	
     5	[Timer]
     6	OnCalendar=daily
     7	Persistent=true
     8	
     9	[Install]
    10	WantedBy=timers.target

### default permissions on code, backup dir, and dpkg database
-rwxr-xr-x 755 root:root /usr/libexec/dpkg/dpkg-db-backup
-rw-r--r-- 644 root:root /usr/lib/systemd/system/dpkg-db-backup.service
-rw-r--r-- 644 root:root /usr/lib/systemd/system/dpkg-db-backup.timer
drwxr-xr-x 755 root:root /var/backups
drwxr-xr-x 755 root:root /var/lib/dpkg
-rw-r--r-- 644 root:root /var/lib/dpkg/status
-rw-r--r-- 644 root:root /var/lib/dpkg/diversions
-rw-r--r-- 644 root:root /var/lib/dpkg/statoverride
drwxr-xr-x 755 root:root /var/lib/dpkg/alternatives
f: /usr/libexec/dpkg/dpkg-db-backup
 drwxr-xr-x root root /
 drwxr-xr-x root root usr
 drwxr-xr-x root root libexec
 drwxr-xr-x root root dpkg
 -rwxr-xr-x root root dpkg-db-backup
f: /var/backups
 drwxr-xr-x root root /
 drwxr-xr-x root root var
 drwxr-xr-x root root backups
f: /var/lib/dpkg/status
 drwxr-xr-x root root /
 drwxr-xr-x root root var
 drwxr-xr-x root root lib
 drwxr-xr-x root root dpkg
 -rw-r--r-- root root status
fs.protected_symlinks = 1
fs.protected_hardlinks = 1
 15999833      4 drwxr-xr-x   1 root     root         4096 May 16 21:40 /var/backups
  5425751    572 -rw-r--r--   1 root     root       583310 May 16 20:19 /var/lib/dpkg/status
  5425777    572 -rw-r--r--   1 root     root       583310 May 16 20:18 /var/lib/dpkg/status-old
 15999858     96 -rw-r--r--   1 root     root        96316 Apr 10 02:23 /var/lib/dpkg/available
 15999859      4 -rw-r--r--   1 root     root            8 Apr 10 02:23 /var/lib/dpkg/cmethopt
 16000302      4 drwxr-xr-x   2 root     root         4096 Mar 30  2024 /var/lib/dpkg/parts
 19013608      8 drwxr-xr-x   1 root     root         4096 May 16 20:19 /var/lib/dpkg
 19013609      0 -rw-r-----   1 root     root            0 May 16 20:19 /var/lib/dpkg/lock-frontend
 19013611      0 -rw-r-----   1 root     root            0 May 16 20:19 /var/lib/dpkg/lock
 19013645      4 drwxr-xr-x   1 root     root         4096 May 16 20:19 /var/lib/dpkg/updates
 19013647      8 drwxr-xr-x   1 root     root         4096 May 16 10:22 /var/lib/dpkg/triggers
 19013742    100 drwxr-xr-x   1 root     root        98304 May 16 10:22 /var/lib/dpkg/info
 19017845      4 drwxr-xr-x   1 root     root         4096 May 16 10:22 /var/lib/dpkg/alternatives
 19022643      4 -rw-r--r--   1 root     root           35 May 16 10:22 /var/lib/dpkg/statoverride-old
 19023020      4 -rw-r--r--   1 root     root         1717 May 16 10:22 /var/lib/dpkg/diversions-old
 19040297      4 -rw-r--r--   1 root     root          100 May 16 10:22 /var/lib/dpkg/statoverride
 19041356      4 -rw-r--r--   1 root     root         1607 May 16 10:22 /var/lib/dpkg/diversions
baseline_backup_files=

### attacker-controlled payloads for PATH and DPKG_DATADIR tests
  5425962      4 drwxr-xr-x   5 attacker attacker     4096 May 16 21:41 /tmp/dpkg_db_backup_probe
  5425963      4 drwxr-xr-x   2 attacker attacker     4096 May 16 21:41 /tmp/dpkg_db_backup_probe/bin
  5425966      4 drwxr-xr-x   3 attacker attacker     4096 May 16 21:41 /tmp/dpkg_db_backup_probe/fake-dpkg-datadir
  5425968      4 drwxr-xr-x   2 attacker attacker     4096 May 16 21:41 /tmp/dpkg_db_backup_probe/fake-dpkg-datadir/sh
  5425970      4 drwxr-xr-x   2 attacker attacker     4096 May 16 21:41 /tmp/dpkg_db_backup_probe/hits
  5425972      4 -rw-r--r--   1 attacker attacker       28 May 16 21:41 /tmp/dpkg_db_backup_probe/attacker_chosen_target
  5425973      4 -rw-r--r--   1 attacker attacker       21 May 16 21:41 /tmp/dpkg_db_backup_probe/fake_status
  5425974      4 -rw-r--r--   1 attacker attacker       25 May 16 21:41 /tmp/dpkg_db_backup_probe/hardlink_source
  5425975      4 -rwxr-xr-x   1 attacker attacker      713 May 16 21:41 /tmp/dpkg_db_backup_probe/bin/payload
  5425976      0 lrwxrwxrwx   1 attacker attacker        7 May 16 21:41 /tmp/dpkg_db_backup_probe/bin/tar -> payload
  5425977      0 lrwxrwxrwx   1 attacker attacker        7 May 16 21:41 /tmp/dpkg_db_backup_probe/bin/savelog -> payload
  5425978      4 -rw-r--r--   1 attacker attacker      415 May 16 21:41 /tmp/dpkg_db_backup_probe/fake-dpkg-datadir/sh/dpkg-error.sh

### attacker write, symlink, hardlink, and direct-execution attempts
+ attacker$ id; groups; umask
uid=1001(attacker) gid=1001(attacker) groups=1001(attacker)
attacker
0022
[rc=0]
+ attacker$ for p in /var/backups /var/lib/dpkg /var/lib/dpkg/status /usr/libexec/dpkg/dpkg-db-backup /usr/lib/systemd/system/dpkg-db-backup.service /usr/lib/systemd/system/dpkg-db-backup.timer; do [ -e "$p" ] || continue; [ -w "$p" ] && echo "WRITABLE $p" || echo "not_writable $p"; done
not_writable /var/backups
not_writable /var/lib/dpkg
not_writable /var/lib/dpkg/status
not_writable /usr/libexec/dpkg/dpkg-db-backup
not_writable /usr/lib/systemd/system/dpkg-db-backup.service
not_writable /usr/lib/systemd/system/dpkg-db-backup.timer
[rc=0]
+ attacker$ touch /var/backups/dpkg.status
touch: cannot touch '/var/backups/dpkg.status': Permission denied
[rc=1]
+ attacker$ ln -s /tmp/dpkg_db_backup_probe/attacker_chosen_target /var/backups/dpkg.status
ln: failed to create symbolic link '/var/backups/dpkg.status': Permission denied
[rc=1]
+ attacker$ ln /tmp/dpkg_db_backup_probe/hardlink_source /var/backups/dpkg.status.hard
ln: failed to create hard link '/var/backups/dpkg.status.hard' => '/tmp/dpkg_db_backup_probe/hardlink_source': Permission denied
[rc=1]
+ attacker$ rm -f /var/backups/dpkg.status.0
[rc=0]
+ attacker$ touch /var/lib/dpkg/status.probe
touch: cannot touch '/var/lib/dpkg/status.probe': Permission denied
[rc=1]
+ attacker$ ln -s /tmp/dpkg_db_backup_probe/fake_status /var/lib/dpkg/status.probe_link
ln: failed to create symbolic link '/var/lib/dpkg/status.probe_link': Permission denied
[rc=1]
+ attacker$ ln /var/lib/dpkg/status /tmp/dpkg_db_backup_probe/hardlink_to_dpkg_status
ln: failed to create hard link '/tmp/dpkg_db_backup_probe/hardlink_to_dpkg_status' => '/var/lib/dpkg/status': Operation not permitted
[rc=1]
+ attacker$ ln /var/lib/dpkg/diversions /tmp/dpkg_db_backup_probe/hardlink_to_dpkg_diversions
ln: failed to create hard link '/tmp/dpkg_db_backup_probe/hardlink_to_dpkg_diversions' => '/var/lib/dpkg/diversions': Operation not permitted
[rc=1]
+ attacker$ PATH=/tmp/dpkg_db_backup_probe/bin:$PATH DPKG_DATADIR=/tmp/dpkg_db_backup_probe/fake-dpkg-datadir /usr/libexec/dpkg/dpkg-db-backup; rc=$?; echo "direct_attacker_exec_rc=$rc"; exit 0
touch: cannot touch 'dpkg.arch': Permission denied
touch: cannot touch 'dpkg.arch': Permission denied
savelog: could not touch dpkg.arch
cp: cannot create regular file 'dpkg.status': Permission denied
touch: cannot touch 'dpkg.status': Permission denied
savelog: could not touch dpkg.status
cp: cannot create regular file 'dpkg.diversions': Permission denied
touch: cannot touch 'dpkg.diversions': Permission denied
savelog: could not touch dpkg.diversions
cp: cannot create regular file 'dpkg.statoverride': Permission denied
touch: cannot touch 'dpkg.statoverride': Permission denied
savelog: could not touch dpkg.statoverride
touch: cannot touch 'alternatives.tar': Permission denied
savelog: could not touch alternatives.tar
direct_attacker_exec_rc=4
[rc=0]
+ attacker$ timeout 8s systemctl set-environment PATH=/tmp/dpkg_db_backup_probe/bin:$PATH DPKG_DATADIR=/tmp/dpkg_db_backup_probe/fake-dpkg-datadir
Failed to set environment: Access denied
[rc=1]
+ attacker$ timeout 8s systemctl start dpkg-db-backup.service
Failed to start dpkg-db-backup.service: Interactive authentication required.
See system logs and 'systemctl status dpkg-db-backup.service' for details.
[rc=1]
+ attacker$ timeout 8s systemctl start dpkg-db-backup.timer
Failed to start dpkg-db-backup.timer: Interactive authentication required.
See system logs and 'systemctl status dpkg-db-backup.timer' for details.
[rc=1]
+ attacker$ timeout 8s busctl call org.freedesktop.systemd1 /org/freedesktop/systemd1 org.freedesktop.systemd1.Manager StartUnit ss dpkg-db-backup.service replace
Call failed: Interactive authentication required.
[rc=1]
systemd_manager_env_after_attacker_attempts=PATH=/usr/local/sbin:/usr/local/bin:/usr/sbin:/usr/bin:/snap/bin

### attacker payload hits before root trigger
---
---
---
---
---
---
---
/tmp/dpkg_db_backup_probe/hits/dpkg_datadir_sourced.412691
/tmp/dpkg_db_backup_probe/hits/savelog.412699
/tmp/dpkg_db_backup_probe/hits/savelog.412711
/tmp/dpkg_db_backup_probe/hits/savelog.412723
/tmp/dpkg_db_backup_probe/hits/savelog.412735
/tmp/dpkg_db_backup_probe/hits/savelog.412753
/tmp/dpkg_db_backup_probe/hits/tar.412746
DPKG_DATADIR=/tmp/dpkg_db_backup_probe/fake-dpkg-datadir
DPKG_DATADIR=/tmp/dpkg_db_backup_probe/fake-dpkg-datadir
DPKG_DATADIR=/tmp/dpkg_db_backup_probe/fake-dpkg-datadir
DPKG_DATADIR=/tmp/dpkg_db_backup_probe/fake-dpkg-datadir
DPKG_DATADIR=/tmp/dpkg_db_backup_probe/fake-dpkg-datadir
DPKG_DATADIR=/tmp/dpkg_db_backup_probe/fake-dpkg-datadir
DPKG_DATADIR=/tmp/dpkg_db_backup_probe/fake-dpkg-datadir
HOME=/home/attacker
HOME=/home/attacker
HOME=/home/attacker
HOME=/home/attacker
HOME=/home/attacker
HOME=/home/attacker
HOME=/home/attacker
PATH=/tmp/dpkg_db_backup_probe/bin:/usr/local/sbin:/usr/local/bin:/usr/sbin:/usr/bin:/sbin:/bin:/snap/bin
PATH=/tmp/dpkg_db_backup_probe/bin:/usr/local/sbin:/usr/local/bin:/usr/sbin:/usr/bin:/sbin:/bin:/snap/bin
PATH=/tmp/dpkg_db_backup_probe/bin:/usr/local/sbin:/usr/local/bin:/usr/sbin:/usr/bin:/sbin:/bin:/snap/bin
PATH=/tmp/dpkg_db_backup_probe/bin:/usr/local/sbin:/usr/local/bin:/usr/sbin:/usr/bin:/sbin:/bin:/snap/bin
PATH=/tmp/dpkg_db_backup_probe/bin:/usr/local/sbin:/usr/local/bin:/usr/sbin:/usr/bin:/sbin:/bin:/snap/bin
PATH=/tmp/dpkg_db_backup_probe/bin:/usr/local/sbin:/usr/local/bin:/usr/sbin:/usr/bin:/sbin:/bin:/snap/bin
PATH=/tmp/dpkg_db_backup_probe/bin:/usr/local/sbin:/usr/local/bin:/usr/sbin:/usr/bin:/sbin:/bin:/snap/bin
USER=attacker
USER=attacker
USER=attacker
USER=attacker
USER=attacker
USER=attacker
USER=attacker
argv= <-c> <7> <alternatives.tar>
argv= <-c> <7> <dpkg.arch>
argv= <-c> <7> <dpkg.diversions>
argv= <-c> <7> <dpkg.statoverride>
argv= <-c> <7> <dpkg.status>
argv= <-cf> <alternatives.tar> <-C> </var/lib/dpkg> <alternatives>
fake_dpkg_error_sourced
helper=savelog
helper=savelog
helper=savelog
helper=savelog
helper=savelog
helper=tar
uid=1001(attacker) gid=1001(attacker) groups=1001(attacker)
uid=1001(attacker) gid=1001(attacker) groups=1001(attacker)
uid=1001(attacker) gid=1001(attacker) groups=1001(attacker)
uid=1001(attacker) gid=1001(attacker) groups=1001(attacker)
uid=1001(attacker) gid=1001(attacker) groups=1001(attacker)
uid=1001(attacker) gid=1001(attacker) groups=1001(attacker)
uid=1001(attacker) gid=1001(attacker) groups=1001(attacker)
NO_ROOT_MARKER_BEFORE_ROOT_TRIGGER

### attacker race while root validates service execution
+ root# systemctl reset-failed dpkg-db-backup.service; systemctl start dpkg-db-backup.service; systemctl status --no-pager -l dpkg-db-backup.service | sed -n "1,80p"
○ dpkg-db-backup.service - Daily dpkg database backup service
     Loaded: loaded (/usr/lib/systemd/system/dpkg-db-backup.service; static)
     Active: inactive (dead) since Sat 2026-05-16 21:41:06 UTC; 6ms ago
TriggeredBy: ● dpkg-db-backup.timer
       Docs: man:dpkg(1)
    Process: 412816 ExecStart=/usr/libexec/dpkg/dpkg-db-backup (code=exited, status=0/SUCCESS)
   Main PID: 412816 (code=exited, status=0/SUCCESS)
        CPU: 59ms

May 16 21:41:06 508d797cbad0 systemd[1]: Starting dpkg-db-backup.service - Daily dpkg database backup service...
May 16 21:41:06 508d797cbad0 systemd[1]: dpkg-db-backup.service: Deactivated successfully.
May 16 21:41:06 508d797cbad0 systemd[1]: Finished dpkg-db-backup.service - Daily dpkg database backup service.
[rc=0]
race_iterations=2178

race_error_sample=bash: line 10: /var/backups/dpkg.status: Permission denied ln: failed to create symbolic link '/var/backups/dpkg.status': Permission denied ln: failed to create symbolic link '/var/backups/dpkg.status.0': Permission denied ln: failed to create symbolic link '/var/lib/dpkg/status': Permission denied rm: cannot remove '/var/backups/alternatives.tar': Permission denied rm: cannot remove '/var/backups/dpkg.status': Permission denied rm: cannot remove '/var/backups/dpkg.status.0': Permission denied rm: cannot remove '/var/lib/dpkg/status': Permission denied 

### post-root-trigger backup outputs and attacker replacement attempts
  5425991      0 -rw-r--r--   1 root     root            0 May 16 21:41 /var/backups/dpkg.arch.0
  5425992    572 -rw-r--r--   1 root     root       583310 May 16 20:19 /var/backups/dpkg.status.0
  5425993      4 -rw-r--r--   1 root     root         1607 May 16 10:22 /var/backups/dpkg.diversions.0
  5425994      4 -rw-r--r--   1 root     root          100 May 16 10:22 /var/backups/dpkg.statoverride.0
  5425995     40 -rw-r--r--   1 root     root        40960 May 16 21:41 /var/backups/alternatives.tar.0
-rw-r--r-- 644 root:root /var/backups/dpkg.status.0
-rw-r--r-- 644 root:root /var/backups/dpkg.diversions.0
-rw-r--r-- 644 root:root /var/backups/dpkg.statoverride.0
-rw-r--r-- 644 root:root /var/backups/alternatives.tar.0
+ attacker$ for f in /var/backups/dpkg.status.0 /var/backups/dpkg.diversions.0 /var/backups/dpkg.statoverride.0 /var/backups/alternatives.tar.0; do [ -e "$f" ] || continue; echo "try_mutate $f"; echo attacker_append >> "$f"; rm -f "$f"; ln -sf /tmp/dpkg_db_backup_probe/attacker_chosen_target "$f"; ln "$f" "/tmp/dpkg_db_backup_probe/hardlink_$(basename "$f")"; done
try_mutate /var/backups/dpkg.status.0
bash: line 1: /var/backups/dpkg.status.0: Permission denied
rm: cannot remove '/var/backups/dpkg.status.0': Permission denied
ln: failed to create symbolic link '/var/backups/dpkg.status.0': Permission denied
ln: failed to create hard link '/tmp/dpkg_db_backup_probe/hardlink_dpkg.status.0' => '/var/backups/dpkg.status.0': Operation not permitted
try_mutate /var/backups/dpkg.diversions.0
bash: line 1: /var/backups/dpkg.diversions.0: Permission denied
rm: cannot remove '/var/backups/dpkg.diversions.0': Permission denied
ln: failed to create symbolic link '/var/backups/dpkg.diversions.0': Permission denied
ln: failed to create hard link '/tmp/dpkg_db_backup_probe/hardlink_dpkg.diversions.0' => '/var/backups/dpkg.diversions.0': Operation not permitted
try_mutate /var/backups/dpkg.statoverride.0
bash: line 1: /var/backups/dpkg.statoverride.0: Permission denied
rm: cannot remove '/var/backups/dpkg.statoverride.0': Permission denied
ln: failed to create symbolic link '/var/backups/dpkg.statoverride.0': Permission denied
ln: failed to create hard link '/tmp/dpkg_db_backup_probe/hardlink_dpkg.statoverride.0' => '/var/backups/dpkg.statoverride.0': Operation not permitted
try_mutate /var/backups/alternatives.tar.0
bash: line 1: /var/backups/alternatives.tar.0: Permission denied
rm: cannot remove '/var/backups/alternatives.tar.0': Permission denied
ln: failed to create symbolic link '/var/backups/alternatives.tar.0': Permission denied
ln: failed to create hard link '/tmp/dpkg_db_backup_probe/hardlink_alternatives.tar.0' => '/var/backups/alternatives.tar.0': Operation not permitted
[rc=1]
+ attacker$ find /tmp/dpkg_db_backup_probe -maxdepth 1 -name "hardlink_*" -ls | sort
  5425974      4 -rw-r--r--   1 attacker attacker       25 May 16 21:41 /tmp/dpkg_db_backup_probe/hardlink_source
[rc=0]

### root marker and attacker-chosen write target check
NO_ROOT_MARKER
NO_ROOT_HIT_IN_ATTACKER_HITS
attacker_chosen_target_stat=-rw-r--r-- 644 attacker:attacker 28 /tmp/dpkg_db_backup_probe/attacker_chosen_target
attacker_chosen_target_contents=attacker target before root

---
---
---
---
---
---
---
/tmp/dpkg_db_backup_probe/hits/dpkg_datadir_sourced.412691
/tmp/dpkg_db_backup_probe/hits/savelog.412699
/tmp/dpkg_db_backup_probe/hits/savelog.412711
/tmp/dpkg_db_backup_probe/hits/savelog.412723
/tmp/dpkg_db_backup_probe/hits/savelog.412735
/tmp/dpkg_db_backup_probe/hits/savelog.412753
/tmp/dpkg_db_backup_probe/hits/tar.412746
DPKG_DATADIR=/tmp/dpkg_db_backup_probe/fake-dpkg-datadir
DPKG_DATADIR=/tmp/dpkg_db_backup_probe/fake-dpkg-datadir
DPKG_DATADIR=/tmp/dpkg_db_backup_probe/fake-dpkg-datadir
DPKG_DATADIR=/tmp/dpkg_db_backup_probe/fake-dpkg-datadir
DPKG_DATADIR=/tmp/dpkg_db_backup_probe/fake-dpkg-datadir
DPKG_DATADIR=/tmp/dpkg_db_backup_probe/fake-dpkg-datadir
DPKG_DATADIR=/tmp/dpkg_db_backup_probe/fake-dpkg-datadir
HOME=/home/attacker
HOME=/home/attacker
HOME=/home/attacker
HOME=/home/attacker
HOME=/home/attacker
HOME=/home/attacker
HOME=/home/attacker
PATH=/tmp/dpkg_db_backup_probe/bin:/usr/local/sbin:/usr/local/bin:/usr/sbin:/usr/bin:/sbin:/bin:/snap/bin
PATH=/tmp/dpkg_db_backup_probe/bin:/usr/local/sbin:/usr/local/bin:/usr/sbin:/usr/bin:/sbin:/bin:/snap/bin
PATH=/tmp/dpkg_db_backup_probe/bin:/usr/local/sbin:/usr/local/bin:/usr/sbin:/usr/bin:/sbin:/bin:/snap/bin
PATH=/tmp/dpkg_db_backup_probe/bin:/usr/local/sbin:/usr/local/bin:/usr/sbin:/usr/bin:/sbin:/bin:/snap/bin
PATH=/tmp/dpkg_db_backup_probe/bin:/usr/local/sbin:/usr/local/bin:/usr/sbin:/usr/bin:/sbin:/bin:/snap/bin
PATH=/tmp/dpkg_db_backup_probe/bin:/usr/local/sbin:/usr/local/bin:/usr/sbin:/usr/bin:/sbin:/bin:/snap/bin
PATH=/tmp/dpkg_db_backup_probe/bin:/usr/local/sbin:/usr/local/bin:/usr/sbin:/usr/bin:/sbin:/bin:/snap/bin
USER=attacker
USER=attacker
USER=attacker
USER=attacker
USER=attacker
USER=attacker
USER=attacker
argv= <-c> <7> <alternatives.tar>
argv= <-c> <7> <dpkg.arch>
argv= <-c> <7> <dpkg.diversions>
argv= <-c> <7> <dpkg.statoverride>
argv= <-c> <7> <dpkg.status>
argv= <-cf> <alternatives.tar> <-C> </var/lib/dpkg> <alternatives>
fake_dpkg_error_sourced
helper=savelog
helper=savelog
helper=savelog
helper=savelog
helper=savelog
helper=tar
uid=1001(attacker) gid=1001(attacker) groups=1001(attacker)
uid=1001(attacker) gid=1001(attacker) groups=1001(attacker)
uid=1001(attacker) gid=1001(attacker) groups=1001(attacker)
uid=1001(attacker) gid=1001(attacker) groups=1001(attacker)
uid=1001(attacker) gid=1001(attacker) groups=1001(attacker)
uid=1001(attacker) gid=1001(attacker) groups=1001(attacker)
uid=1001(attacker) gid=1001(attacker) groups=1001(attacker)

### cleanup
removed_created_backup=/var/backups/alternatives.tar.0
removed_created_backup=/var/backups/dpkg.arch.0
removed_created_backup=/var/backups/dpkg.diversions.0
removed_created_backup=/var/backups/dpkg.statoverride.0
removed_created_backup=/var/backups/dpkg.status.0
probe_tmp_leftovers=
system_state_after=running
failed_units_after=0
