
## target and package state
PRETTY_NAME="Ubuntu 24.04.4 LTS"
NAME="Ubuntu"
VERSION_ID="24.04"
VERSION="24.04.4 LTS (Noble Numbat)"
VERSION_CODENAME=noble
ID=ubuntu
ID_LIKE=debian
HOME_URL="https://www.ubuntu.com/"
Linux 4f5b414436ae 6.10.14-linuxkit #1 SMP Sat May 17 08:28:57 UTC 2025 aarch64 aarch64 aarch64 GNU/Linux
uid=1001(attacker) gid=1001(attacker) groups=1001(attacker)

# package versions
e2fsprogs	1.47.0-2.4~exp1ubuntu4.1
lvm2	2.03.16-3ubuntu3.2
mdadm	4.3-1ubuntu2.1
mount	2.39.3-9ubuntu6.5
systemd	255.4-1ubuntu8.15
udev	255.4-1ubuntu8.15
util-linux	2.39.3-9ubuntu6.5
xfsprogs	6.6.0-1ubuntu2.1

## helper binary ownership
-rwxr-xr-x 755 root:root /usr/sbin/fsck.xfs
-rwxr-xr-x 755 root:root /usr/sbin/xfs_repair
-rwxr-xr-x 755 root:root /usr/sbin/xfs_scrub
-rwxr-xr-x 755 root:root /usr/sbin/xfs_scrub_all
-rwxr-xr-x 755 root:root /sbin/e2scrub
-rwxr-xr-x 755 root:root /sbin/e2scrub_all
-rwxr-xr-x 755 root:root /usr/lib/systemd/systemd-fsck
-rwxr-xr-x 755 root:root /usr/lib/systemd/systemd-fsckd
-rwxr-xr-x 755 root:root /sbin/fstrim
-rwxr-xr-x 755 root:root /sbin/blkdeactivate
-rwsr-xr-x 4755 root:root /usr/bin/mount
-rwsr-xr-x 4755 root:root /usr/bin/umount
MISSING /usr/lib/udisks2/udisksd

## default service and timer state
proc-sys-fs-binfmt_misc.automount            static          -
dev-hugepages.mount                          static          -
dev-mqueue.mount                             static          -
proc-sys-fs-binfmt_misc.mount                disabled        disabled
snap.mount                                   generated       -
sys-fs-fuse-connections.mount                static          -
sys-kernel-config.mount                      static          -
sys-kernel-debug.mount                       static          -
sys-kernel-tracing.mount                     static          -
blk-availability.service                     enabled         enabled
e2scrub@.service                             static          -
e2scrub_all.service                          static          -
e2scrub_fail@.service                        static          -
e2scrub_reap.service                         enabled         enabled
fstrim.service                               static          -
systemd-fsck-root.service                    static          -
systemd-fsck@.service                        static          -
systemd-fsckd.service                        static          -
systemd-remount-fs.service                   enabled-runtime enabled
xfs_scrub@.service                           static          -
xfs_scrub_all.service                        static          -
xfs_scrub_fail@.service                      static          -
e2scrub_all.timer                            enabled         enabled
fstrim.timer                                 enabled         enabled
xfs_scrub_all.timer                          disabled        enabled

# live relevant units
  proc-sys-fs-binfmt_misc.automount        loaded active running Arbitrary Executable File Formats File System Automount Point
  -.mount                                  loaded active mounted Root Mount
  dev-hugepages.mount                      loaded active mounted Huge Pages File System
  dev-mqueue.mount                         loaded active mounted POSIX Message Queue File System
  etc-hostname.mount                       loaded active mounted /etc/hostname
  etc-hosts.mount                          loaded active mounted /etc/hosts
  etc-resolv.conf.mount                    loaded active mounted /etc/resolv.conf
  proc-sys-fs-binfmt_misc.mount            loaded active mounted Arbitrary Executable File Formats File System
  run-snapd-ns.mount                       loaded active mounted /run/snapd/ns
  snap.mount                               loaded active mounted Ensure that the snap directory shares mount events.
  sys-fs-fuse-connections.mount            loaded active mounted FUSE Control File System
  sys-kernel-config.mount                  loaded active mounted Kernel Configuration File System
  sys-kernel-debug-tracing.mount           loaded active mounted /sys/kernel/debug/tracing
  sys-kernel-debug.mount                   loaded active mounted Kernel Debug File System
  sys-kernel-tracing.mount                 loaded active mounted Kernel Trace File System
  tmp.mount                                loaded active mounted /tmp
  blk-availability.service                 loaded active exited  Availability of block devices
  systemd-remount-fs.service               loaded active exited  Remount Root and Kernel File Systems
  e2scrub_all.timer                        loaded active waiting Periodic ext4 Online Metadata Check for All Filesystems

# selected unit properties
### systemd-fsck-root.service
ExecStart={ path=/usr/lib/systemd/systemd-fsck ; argv[]=/usr/lib/systemd/systemd-fsck ; ignore_errors=no ; start_time=[n/a] ; stop_time=[n/a] ; pid=0 ; code=(null) ; status=0/0 }
User=
Group=
ActiveState=inactive
FragmentPath=/usr/lib/systemd/system/systemd-fsck-root.service
UnitFileState=static
ConditionResult=no
### systemd-fsckd.service
ExecStart={ path=/usr/lib/systemd/systemd-fsckd ; argv[]=/usr/lib/systemd/systemd-fsckd ; ignore_errors=no ; start_time=[n/a] ; stop_time=[n/a] ; pid=0 ; code=(null) ; status=0/0 }
User=
Group=
ActiveState=inactive
FragmentPath=/usr/lib/systemd/system/systemd-fsckd.service
UnitFileState=static
ConditionResult=no
### e2scrub_all.timer
ActiveState=active
FragmentPath=/usr/lib/systemd/system/e2scrub_all.timer
UnitFileState=enabled
ConditionResult=yes
### e2scrub_all.service
ExecStart={ path=/sbin/e2scrub_all ; argv[]=/sbin/e2scrub_all ; ignore_errors=no ; start_time=[Sat 2026-05-16 18:32:56 UTC] ; stop_time=[Sat 2026-05-16 18:32:56 UTC] ; pid=781009 ; code=exited ; status=0 }
User=
Group=
ActiveState=inactive
FragmentPath=/usr/lib/systemd/system/e2scrub_all.service
UnitFileState=static
ConditionResult=yes
### e2scrub_reap.service
ExecStart={ path=/sbin/e2scrub_all ; argv[]=/sbin/e2scrub_all -A -r ; ignore_errors=no ; start_time=[n/a] ; stop_time=[n/a] ; pid=0 ; code=(null) ; status=0/0 }
User=root
Group=
ActiveState=inactive
FragmentPath=/usr/lib/systemd/system/e2scrub_reap.service
UnitFileState=enabled
ConditionResult=yes
### fstrim.timer
ActiveState=inactive
FragmentPath=/usr/lib/systemd/system/fstrim.timer
UnitFileState=enabled
ConditionResult=no
### fstrim.service
ExecStart={ path=/sbin/fstrim ; argv[]=/sbin/fstrim --listed-in /etc/fstab:/proc/self/mountinfo --verbose --quiet-unsupported ; ignore_errors=no ; start_time=[n/a] ; stop_time=[n/a] ; pid=0 ; code=(null) ; status=0/0 }
User=
Group=
ActiveState=inactive
FragmentPath=/usr/lib/systemd/system/fstrim.service
UnitFileState=static
ConditionResult=no
### xfs_scrub_all.timer
ActiveState=inactive
FragmentPath=/usr/lib/systemd/system/xfs_scrub_all.timer
UnitFileState=disabled
ConditionResult=no
### xfs_scrub_all.service
ExecStart={ path=/usr/sbin/xfs_scrub_all ; argv[]=/usr/sbin/xfs_scrub_all ; ignore_errors=no ; start_time=[n/a] ; stop_time=[n/a] ; pid=0 ; code=(null) ; status=0/0 }
User=
Group=
ActiveState=inactive
FragmentPath=/usr/lib/systemd/system/xfs_scrub_all.service
UnitFileState=static
ConditionResult=no
### blk-availability.service
User=
Group=
ActiveState=active
FragmentPath=/usr/lib/systemd/system/blk-availability.service
UnitFileState=enabled
ConditionResult=yes
### umount.target
ActiveState=inactive
FragmentPath=/usr/lib/systemd/system/umount.target
UnitFileState=static
ConditionResult=no

## unit file entrypoints
### /usr/lib/systemd/system/systemd-fsck-root.service
     1	#  SPDX-License-Identifier: LGPL-2.1-or-later
     2	#
     3	#  This file is part of systemd.
     4	#
     5	#  systemd is free software; you can redistribute it and/or modify it
     6	#  under the terms of the GNU Lesser General Public License as published by
     7	#  the Free Software Foundation; either version 2.1 of the License, or
     8	#  (at your option) any later version.
     9	
    10	[Unit]
    11	Description=File System Check on Root Device
    12	Documentation=man:systemd-fsck-root.service(8)
    13	DefaultDependencies=no
    14	Conflicts=shutdown.target
    15	Before=local-fs.target shutdown.target
    16	Wants=systemd-fsckd.socket
    17	After=systemd-fsckd.socket
    18	ConditionPathIsReadWrite=!/
    19	ConditionPathExists=!/run/initramfs/fsck-root
    20	OnFailure=emergency.target
    21	OnFailureJobMode=replace-irreversibly
    22	
    23	[Service]
    24	Type=oneshot
    25	RemainAfterExit=yes
    26	ExecStart=/usr/lib/systemd/systemd-fsck
    27	TimeoutSec=infinity
### /usr/lib/systemd/system/systemd-fsck@.service
     1	#  SPDX-License-Identifier: LGPL-2.1-or-later
     2	#
     3	#  This file is part of systemd.
     4	#
     5	#  systemd is free software; you can redistribute it and/or modify it
     6	#  under the terms of the GNU Lesser General Public License as published by
     7	#  the Free Software Foundation; either version 2.1 of the License, or
     8	#  (at your option) any later version.
     9	
    10	[Unit]
    11	Description=File System Check on %f
    12	Documentation=man:systemd-fsck@.service(8)
    13	DefaultDependencies=no
    14	BindsTo=%i.device
    15	Conflicts=shutdown.target
    16	Wants=systemd-fsckd.socket
    17	After=%i.device systemd-fsck-root.service local-fs-pre.target systemd-fsckd.socket
    18	Before=systemd-quotacheck.service shutdown.target
    19	
    20	[Service]
    21	Type=oneshot
    22	RemainAfterExit=yes
    23	ExecStart=/usr/lib/systemd/systemd-fsck %f
    24	TimeoutSec=infinity
### /usr/lib/systemd/system/e2scrub_all.service
     1	[Unit]
     2	Description=Online ext4 Metadata Check for All Filesystems
     3	ConditionACPower=true
     4	ConditionCapability=CAP_SYS_ADMIN
     5	ConditionCapability=CAP_SYS_RAWIO
     6	Documentation=man:e2scrub_all(8)
     7	
     8	[Service]
     9	Type=oneshot
    10	Environment=SERVICE_MODE=1
    11	ExecStart=/sbin/e2scrub_all
    12	SyslogIdentifier=e2scrub_all
### /usr/lib/systemd/system/e2scrub_all.timer
     1	[Unit]
     2	Description=Periodic ext4 Online Metadata Check for All Filesystems
     3	
     4	[Timer]
     5	# Run on Sunday at 3:10am, to avoid running afoul of DST changes
     6	OnCalendar=Sun *-*-* 03:10:00
     7	RandomizedDelaySec=60
     8	Persistent=true
     9	
    10	[Install]
    11	WantedBy=timers.target
### /usr/lib/systemd/system/e2scrub@.service
     1	[Unit]
     2	Description=Online ext4 Metadata Check for %I
     3	OnFailure=e2scrub_fail@%i.service
     4	Documentation=man:e2scrub(8)
     5	
     6	[Service]
     7	Type=oneshot
     8	WorkingDirectory=/
     9	PrivateNetwork=true
    10	ProtectSystem=true
    11	ProtectHome=read-only
    12	PrivateTmp=yes
    13	AmbientCapabilities=CAP_SYS_ADMIN CAP_SYS_RAWIO
    14	NoNewPrivileges=yes
    15	User=root
    16	IOSchedulingClass=idle
    17	CPUSchedulingPolicy=idle
    18	Environment=SERVICE_MODE=1
    19	ExecStart=/sbin/e2scrub -t %I
    20	SyslogIdentifier=%N
### /usr/lib/systemd/system/fstrim.service
     1	[Unit]
     2	Description=Discard unused blocks on filesystems from /etc/fstab
     3	Documentation=man:fstrim(8)
     4	ConditionVirtualization=!container
     5	
     6	[Service]
     7	Type=oneshot
     8	ExecStart=/sbin/fstrim --listed-in /etc/fstab:/proc/self/mountinfo --verbose --quiet-unsupported
     9	PrivateDevices=no
    10	PrivateNetwork=yes
    11	PrivateUsers=no
    12	ProtectKernelTunables=yes
    13	ProtectKernelModules=yes
    14	ProtectControlGroups=yes
    15	MemoryDenyWriteExecute=yes
    16	SystemCallFilter=@default @file-system @basic-io @system-service
### /usr/lib/systemd/system/fstrim.timer
     1	[Unit]
     2	Description=Discard unused filesystem blocks once a week
     3	Documentation=man:fstrim
     4	ConditionVirtualization=!container
     5	ConditionPathExists=!/etc/initrd-release
     6	
     7	[Timer]
     8	OnCalendar=weekly
     9	AccuracySec=1h
    10	Persistent=true
    11	RandomizedDelaySec=100min
    12	
    13	[Install]
    14	WantedBy=timers.target
### /usr/lib/systemd/system/xfs_scrub_all.service
     1	# SPDX-License-Identifier: GPL-2.0-or-later
     2	#
     3	# Copyright (C) 2018-2024 Oracle.  All Rights Reserved.
     4	# Author: Darrick J. Wong <djwong@kernel.org>
     5	
     6	[Unit]
     7	Description=Online XFS Metadata Check for All Filesystems
     8	ConditionACPower=true
     9	Documentation=man:xfs_scrub_all(8)
    10	After=paths.target multi-user.target network.target network-online.target systemd-networkd.service NetworkManager.service connman.service
    11	
    12	[Service]
    13	Type=oneshot
    14	Environment=SERVICE_MODE=1
    15	ExecStart=/usr/sbin/xfs_scrub_all
    16	SyslogIdentifier=xfs_scrub_all
### /usr/lib/systemd/system/xfs_scrub_all.timer
     1	# SPDX-License-Identifier: GPL-2.0-or-later
     2	#
     3	# Copyright (C) 2018-2024 Oracle.  All Rights Reserved.
     4	# Author: Darrick J. Wong <djwong@kernel.org>
     5	
     6	[Unit]
     7	Description=Periodic XFS Online Metadata Check for All Filesystems
     8	
     9	[Timer]
    10	# Run on Sunday at 3:10am, to avoid running afoul of DST changes
    11	OnCalendar=Sun *-*-* 03:10:00
    12	RandomizedDelaySec=60
    13	Persistent=true
    14	
    15	[Install]
    16	WantedBy=timers.target
### /usr/lib/systemd/system/xfs_scrub@.service
     1	# SPDX-License-Identifier: GPL-2.0-or-later
     2	#
     3	# Copyright (C) 2018-2024 Oracle.  All Rights Reserved.
     4	# Author: Darrick J. Wong <djwong@kernel.org>
     5	
     6	[Unit]
     7	Description=Online XFS Metadata Check for %f
     8	OnFailure=xfs_scrub_fail@%i.service
     9	Documentation=man:xfs_scrub(8)
    10	
    11	[Service]
    12	Type=oneshot
    13	PrivateNetwork=true
    14	ProtectSystem=full
    15	ProtectHome=read-only
    16	# Disable private /tmp just in case %f is a path under /tmp.
    17	PrivateTmp=no
    18	AmbientCapabilities=CAP_SYS_ADMIN CAP_FOWNER CAP_DAC_OVERRIDE CAP_DAC_READ_SEARCH CAP_SYS_RAWIO
    19	NoNewPrivileges=yes
    20	User=nobody
    21	IOSchedulingClass=idle
    22	CPUSchedulingPolicy=idle
    23	Environment=SERVICE_MODE=1
    24	ExecStart=/usr/sbin/xfs_scrub -b -n %f
    25	SyslogIdentifier=%N
### /usr/lib/systemd/system/blk-availability.service
     1	[Unit]
     2	Description=Availability of block devices
     3	Before=shutdown.target
     4	After=iscsi-shutdown.service iscsi.service iscsid.service fcoe.service rbdmap.service
     5	DefaultDependencies=no
     6	Conflicts=shutdown.target
     7	
     8	[Service]
     9	Type=oneshot
    10	ExecStop=/usr/sbin/blkdeactivate -u -l wholevg -m disablequeueing -r wait
    11	RemainAfterExit=yes
    12	
    13	[Install]
    14	WantedBy=sysinit.target

## root filesystem and fsck generator state
# /etc/fstab
     1	# UNCONFIGURED FSTAB FOR BASE SYSTEM
# /etc/e2scrub.conf
     1	# e2scrub configuration file
     2	
     3	# Uncomment to enable automatic periodic runs of e2scrub_all
     4	# (either via cron or via a systemd timer)
     5	# periodic_e2scrub=1
     6	
     7	# e-mail destination used by e2scrub_fail when problems are found with
     8	# the file system.
     9	# recipient=root
    10	
    11	# e-mail sender used by e2scrub_fail when problems are found with
    12	# the file system.
    13	# sender=e2scrub@host.domain.name
    14	
    15	# Snapshots will be created to run fsck; the snapshot will be of this size.
    16	# snap_size_mb=256
    17	
    18	# Set this to 1 to enable fstrim for everyone.
    19	# fstrim=0
    20	
    21	# Arguments passed into e2fsck.
    22	# e2fsck_opts="-vtt"
    23	
    24	# Set this to 1 to have e2scrub_all scrub all LVs, not just the mounted ones.
    25	# scrub_all=0
# /proc/cmdline
init=/init loglevel=1 root=/dev/vdb rootfstype=erofs ro vsyscall=emulate panic=0 eth0.dhcp eth1.dhcp linuxkit.unified_cgroup_hierarchy=1 console=hvc0   virtio_net.disable_csum=1 vpnkit.connect=connect://2/1999 com.docker.VMID=62c9bff7-6104-491b-ad39-f8f797d2ce46
# root mount
/      overlay overlay rw,relatime,lowerdir=/var/lib/docker/overlay2/l/ORJG3DUYNG3JPP5UR2SGVXMR4R:/var/lib/docker/overlay2/l/NP6PGATZGY73PBLSEXXLG46J37:/var/lib/docker/overlay2/l/YGP5TEZ6MXA64GPTXXF5HEEMPK:/var/lib/docker/overlay2/l/WDFNRTS7YCBQQKYP33UALPWY6Z,upperdir=/var/lib/docker/overlay2/c98325d8196269707a40c959c3513ab7ec1e4cebad2a8489a132a8bcf9d3ea01/diff,workdir=/var/lib/docker/overlay2/c98325d8196269707a40c959c3513ab7ec1e4cebad2a8489a132a8bcf9d3ea01/work
# local-fs dependencies
  systemd-remount-fs.service
# generated fsck/mount units
### /run/systemd/generator/netplan.stamp
### /run/systemd/generator/snap.mount
# Ensure that snap mount directory is mounted "shared" so snaps can be refreshed correctly (LP: #1668759).
[Unit]
Description=Ensure that the snap directory shares mount events.
[Mount]
What=/snap
Where=/snap
Type=none
Options=bind,shared

## public temp and lock directory state
drwxrwxrwt 1777 root:root directory /tmp
drwxrwxrwt 1777 root:root directory /var/tmp
drwxrwxrwt 1777 root:root directory /run/lock
drwx------ 700 root:root directory /run/lock/lvm
drwxr-xr-x 755 root:root directory /run/lock/subsys
drwxr-xr-x 755 root:root directory /run/mount
srw------- 600 root:root socket /run/systemd/fsck.progress
MISSING /var/lib/e2scrub
MISSING /var/lib/mdcheck
-rw-r--r-- 644 root:root regular file /etc/fstab
-rw-r--r-- 644 root:root regular file /etc/e2scrub.conf

$ attacker: touch /tmp/fsck-mount-tmp.uid1001 && ls -l /tmp/fsck-mount-tmp.uid1001 && rm -f /tmp/fsck-mount-tmp.uid1001
-rw-r--r-- 1 attacker attacker 0 May 16 18:33 /tmp/fsck-mount-tmp.uid1001
rc=0

$ attacker: touch /var/tmp/fsck-mount-tmp.uid1001 && ls -l /var/tmp/fsck-mount-tmp.uid1001 && rm -f /var/tmp/fsck-mount-tmp.uid1001
-rw-r--r-- 1 attacker attacker 0 May 16 18:33 /var/tmp/fsck-mount-tmp.uid1001
rc=0

$ attacker: touch /run/lock/fsck-mount-tmp.uid1001 && ls -l /run/lock/fsck-mount-tmp.uid1001 && rm -f /run/lock/fsck-mount-tmp.uid1001
-rw-r--r-- 1 attacker attacker 0 May 16 18:33 /run/lock/fsck-mount-tmp.uid1001
rc=0

## fsck.xfs repair_mnt code path
     1	#!/bin/sh -f
     2	#
     3	# Copyright (c) 2006 Silicon Graphics, Inc.  All Rights Reserved.
     4	#
     5	
     6	NAME=$0
     7	
     8	# get the right return code for fsck
     9	repair2fsck_code() {
    10		case $1 in
    11		0)  return 0 # everything is ok
    12			;;
    13		1)  echo "$NAME error: xfs_repair could not fix the filesystem." 1>&2
    14			return 4 # errors left uncorrected
    15			;;
    16		2)  echo "$NAME error: The filesystem log is dirty, mount it to recover" \
    17			     "the log. If that fails, refer to the section DIRTY LOGS in the" \
    18			     "xfs_repair manual page." 1>&2
    19			return 4 # dirty log, don't do anything and let the user solve it
    20			;;
    21		4)  return 1 # The fs has been fixed
    22			;;
    23		127)
    24			echo "$NAME error: xfs_repair was not found!" 1>&2
    25			return 4
    26			;;
    27		*)  echo "$NAME error: An unknown return code from xfs_repair '$1'" 1>&2
    28			return 4 # something went wrong with xfs_repair
    29		esac
    30	}
    31	
    32	AUTO=false
    33	FORCE=false
    34	REPAIR=false
    35	while getopts ":aApyf" c
    36	do
    37		case $c in
    38		a|A|p)		AUTO=true;;
    39		y)		REPAIR=true;;
    40		f)      	FORCE=true;;
    41		esac
    42	done
    43	eval DEV=\${$#}
    44	if [ ! -e $DEV ]; then
    45		echo "$0: $DEV does not exist"
    46		exit 8
    47	fi
    48	
    49	# The flag -f is added by systemd/init scripts when /forcefsck file is present
    50	# or fsck.mode=force is used during boot; an unclean shutdown won't trigger
    51	# this check, user has to explicitly require a forced fsck.
    52	# But first of all, test if it is a non-interactive session.
    53	# Invoking xfs_repair via fsck.xfs is only intended to happen via initscripts.
    54	# Normal administrative filesystem repairs should always invoke xfs_repair
    55	# directly.
    56	#
    57	# Use multiple methods to capture most of the cases:
    58	# The case for *i* is commonly suggested in bash manual
    59	# and the -t 0 test checks stdin
    60	case $- in
    61		*i*) FORCE=false ;;
    62	esac
    63	if [ -t 0 ]; then
    64		FORCE=false
    65	fi
    66	
    67	if $FORCE; then
    68		xfs_repair -e $DEV
    69		error=$?
    70		if [ $error -eq 2 ] && [ $REPAIR = true ]; then
    71			echo "Replaying log for $DEV"
    72			mkdir -p /tmp/repair_mnt || exit 1
    73			for x in $(cat /proc/cmdline); do
    74				case $x in
    75					root=*)
    76						ROOT="${x#root=}"
    77					;;
    78					rootflags=*)
    79						ROOTFLAGS="-o ${x#rootflags=}"
    80					;;
    81				esac
    82			done
    83			test -b "$ROOT" || ROOT=$(blkid -t "$ROOT" -o device)
    84			if [ $(basename $DEV) = $(basename $ROOT) ]; then
    85				mount $DEV /tmp/repair_mnt $ROOTFLAGS || exit 1
    86			else
    87				mount $DEV /tmp/repair_mnt || exit 1
    88			fi
    89			umount /tmp/repair_mnt
    90			xfs_repair -e $DEV
    91			error=$?
    92			rm -d /tmp/repair_mnt
    93		fi
    94		repair2fsck_code $error
    95		exit $?
    96	fi
    97	
    98	if $AUTO; then
    99		echo "$0: XFS file system."
   100	else
   101		echo "If you wish to check the consistency of an XFS filesystem or"
   102		echo "repair a damaged filesystem, see xfs_repair(8)."
   103	fi
   104	exit 0

## other helper code refs around temp, locks, mounts
/usr/sbin/fsck.xfs:# get the right return code for fsck
/usr/sbin/fsck.xfs:repair2fsck_code() {
/usr/sbin/fsck.xfs:	2)  echo "$NAME error: The filesystem log is dirty, mount it to recover" \
/usr/sbin/fsck.xfs:# The flag -f is added by systemd/init scripts when /forcefsck file is present
/usr/sbin/fsck.xfs:# or fsck.mode=force is used during boot; an unclean shutdown won't trigger
/usr/sbin/fsck.xfs:# this check, user has to explicitly require a forced fsck.
/usr/sbin/fsck.xfs:# Invoking xfs_repair via fsck.xfs is only intended to happen via initscripts.
/usr/sbin/fsck.xfs:		mkdir -p /tmp/repair_mnt || exit 1
/usr/sbin/fsck.xfs:			mount $DEV /tmp/repair_mnt $ROOTFLAGS || exit 1
/usr/sbin/fsck.xfs:			mount $DEV /tmp/repair_mnt || exit 1
/usr/sbin/fsck.xfs:		umount /tmp/repair_mnt
/usr/sbin/fsck.xfs:		rm -d /tmp/repair_mnt
/usr/sbin/fsck.xfs:	repair2fsck_code $error
/usr/sbin/xfs_scrub_all:def find_mounts():
/usr/sbin/xfs_scrub_all:	'''Map mountpoints to physical disks.'''
/usr/sbin/xfs_scrub_all:	def find_xfs_mounts(bdev, fs, lastdisk):
/usr/sbin/xfs_scrub_all:		if bdev['fstype'] == 'xfs' and bdev['mountpoint'] is not None:
/usr/sbin/xfs_scrub_all:			mnt = bdev['mountpoint']
/usr/sbin/xfs_scrub_all:			find_xfs_mounts(child, fs, lastdisk)
/usr/sbin/xfs_scrub_all:	for bdev in bdevdata['blockdevices']:
/usr/sbin/xfs_scrub_all:		find_xfs_mounts(bdev, fs, lastdisk)
/usr/sbin/xfs_scrub_all:	'''Find mounts, schedule scrub runs.'''
/usr/sbin/xfs_scrub_all:			description = "Scrub all mounted XFS filesystems.")
/usr/sbin/xfs_scrub_all:	fs = find_mounts()
/sbin/e2scrub:e2fsck_opts=""
/sbin/e2scrub:	echo "Usage: $0 [OPTIONS] mountpoint | device"
/sbin/e2scrub:	echo "mountpoint must be on an LVM-managed block device"
/sbin/e2scrub:# Find the device for a given mountpoint
/sbin/e2scrub:dev_from_mount() {
/sbin/e2scrub:	local mountpt="$(realpath "$1")"
/sbin/e2scrub:		if [ "${mountpt}" != "${MOUNTPOINT}" ]; then
/sbin/e2scrub:# Construct block device path and mountpoint from argument
/sbin/e2scrub:	dev="$(dev_from_mount "${arg}")"
/sbin/e2scrub:	# First we recover the journal, then we see if e2fsck tries any
/sbin/e2scrub:	${DBG} "/sbin/e2fsck" -E journal_only -p ${e2fsck_opts} "${snap_dev}" || return $?
/sbin/e2scrub:	${DBG} "/sbin/e2fsck" -f -y ${e2fsck_opts} "${snap_dev}"
/sbin/e2scrub:	${DBG} "/sbin/tune2fs" -E force_fsck "${dev}"
/sbin/e2scrub:	echo "${arg}: e2fsck operational error."
/sbin/e2scrub:	# fsck failed.  Check if the snapshot is invalid; if so, make a
/sbin/e2scrub:	# failure because the mounted fs could have overflowed the
/sbin/e2scrub:	# If it's really corrupt we ought to fsck at next boot.
/sbin/e2scrub:		echo "${arg}: Scrub FAILED due to corruption!  Unmount and run e2fsck -y."
/sbin/e2scrub_all:	echo " -A: Scrub all ext[234] filesystems even if not mounted."
/sbin/e2scrub_all:# Scrub any mounted fs on lvm by creating a snapshot and fscking that.
/sbin/blkdeactivate:# Script for deactivating block devices
/sbin/blkdeactivate:#       umount
/sbin/blkdeactivate:SYS_BLK_DIR="/sys/block"
/sbin/blkdeactivate:MOUNTPOINT="/bin/mountpoint"
/sbin/blkdeactivate:UMOUNT="/bin/umount"
/sbin/blkdeactivate:# Do not unmount mounted devices by default.
/sbin/blkdeactivate:# List of mountpoints to be skipped. Any device that is mounted on the mountpoint
/sbin/blkdeactivate:	echo "${TOOL}: Utility to deactivate block devices"
/sbin/blkdeactivate:	echo "    - Deactivate block device tree."
/sbin/blkdeactivate:	echo "    -u | --umount                       Unmount the device if mounted"
/sbin/blkdeactivate:device_umount_one() {
/sbin/blkdeactivate:		echo -n "  [UMOUNT]: unmounting $name ($kname) mounted on $mnt... "
/sbin/blkdeactivate:			echo "already unmounted"
/sbin/blkdeactivate:		echo "  [SKIP]: unmount of $name ($kname) mounted on $mnt"
/sbin/blkdeactivate:device_umount() {
/sbin/blkdeactivate:	# FINDMNT is defined only if umount --all-targets is not available.
/sbin/blkdeactivate:	# In that case, read the list of multiple mount points of one device
/sbin/blkdeactivate:	# using FINDMNT and unmount it one by one manually.
/sbin/blkdeactivate:		device_umount_one
/sbin/blkdeactivate:			device_umount_one || return 1
/sbin/blkdeactivate:	# Get holders for the device - either a mount or another device.
/sbin/blkdeactivate:	echo "Deactivating block devices:"
/sbin/blkdeactivate:		# Unmount all relevant mountpoints first
/sbin/blkdeactivate:			device_umount
/sbin/blkdeactivate:			# Unmount all relevant mountpoints first
/sbin/blkdeactivate:				device_umount
/sbin/blkdeactivate:		"-u"|"--umount") DO_UMOUNT=1 ;;
/usr/share/mdadm/mdcheck:	readlink -f /sys/dev/block/$maj:$min

## attacker trigger attempts

$ attacker: touch /forcefsck
touch: cannot touch '/forcefsck': Permission denied
rc=1

$ attacker: systemctl start systemd-fsck-root.service
Failed to start systemd-fsck-root.service: Interactive authentication required.
See system logs and 'systemctl status systemd-fsck-root.service' for details.
rc=1

$ attacker: systemctl start fstrim.service
Failed to start fstrim.service: Interactive authentication required.
See system logs and 'systemctl status fstrim.service' for details.
rc=1

$ attacker: systemctl start blk-availability.service
Failed to start blk-availability.service: Interactive authentication required.
See system logs and 'systemctl status blk-availability.service' for details.
rc=1

$ attacker: systemctl start e2scrub_all.service
Failed to start e2scrub_all.service: Interactive authentication required.
See system logs and 'systemctl status e2scrub_all.service' for details.
rc=1

$ attacker: systemctl start xfs_scrub_all.service
Failed to start xfs_scrub_all.service: Interactive authentication required.
See system logs and 'systemctl status xfs_scrub_all.service' for details.
rc=1

$ attacker: /usr/lib/systemd/systemd-fsck /tmp/nonexistent-device
Failed to stat /tmp/nonexistent-device: No such file or directory
rc=1

$ attacker: /sbin/e2scrub_all
e2scrub_all must be run as root
rc=1

$ attacker: /sbin/e2scrub /tmp
e2scrub must be run as root
rc=1

$ attacker: /usr/sbin/xfs_scrub_all
rc=0

$ attacker: /usr/sbin/xfs_scrub /tmp
EXPERIMENTAL xfs_scrub program in use! Use at your own risk!
/tmp: Not a XFS mount point.
rc=8

$ attacker: /sbin/fstrim --listed-in /etc/fstab:/proc/self/mountinfo --verbose --quiet-unsupported
rc=0

$ attacker: mkdir -p /tmp/fsck-mount-tmp-probe/mnt; mount -t tmpfs tmpfs /tmp/fsck-mount-tmp-probe/mnt
mount: /tmp/fsck-mount-tmp-probe/mnt: must be superuser to use mount.
       dmesg(1) may have more information after failed mount system call.
rc=32

$ attacker: mkdir -p /tmp/fsck-mount-tmp-probe/mnt; mount --bind /tmp /tmp/fsck-mount-tmp-probe/mnt
mount: /tmp/fsck-mount-tmp-probe/mnt: must be superuser to use mount.
       dmesg(1) may have more information after failed mount system call.
rc=32

$ attacker: mkdir -p /tmp/fsck-mount-tmp-probe/mnt; truncate -s 16M /tmp/fsck-mount-tmp-probe/loop.img; mount -o loop /tmp/fsck-mount-tmp-probe/loop.img /tmp/fsck-mount-tmp-probe/mnt
mount: /tmp/fsck-mount-tmp-probe/mnt: failed to setup loop device for /tmp/fsck-mount-tmp-probe/loop.img.
rc=32

$ attacker: umount /tmp/fsck-mount-tmp-probe/mnt
umount: /tmp/fsck-mount-tmp-probe/mnt: not mounted.
rc=1

$ attacker: systemctl reboot
Failed to set wall message, ignoring: Interactive authentication required.
Call to Reboot failed: Interactive authentication required.
rc=1

## attacker-controlled fsck.xfs branch stays uid1001
Replaying log for /tmp/fsck-mount-tmp-probe/devfile
fsck_xfs_rc:0
fake_xfs_repair_call=1
uid=1001(attacker) gid=1001(attacker) groups=1001(attacker)
argv=<-e></tmp/fsck-mount-tmp-probe/devfile>
fake_mount
uid=1001(attacker) gid=1001(attacker) groups=1001(attacker)
argv=</tmp/fsck-mount-tmp-probe/devfile></tmp/repair_mnt>
lrwxrwxrwx 1 attacker attacker 22 May 16 18:33 /tmp/repair_mnt -> /tmp/repair_mnt_target
fake_umount
uid=1001(attacker) gid=1001(attacker) groups=1001(attacker)
argv=</tmp/repair_mnt>
fake_xfs_repair_call=2
uid=1001(attacker) gid=1001(attacker) groups=1001(attacker)
argv=<-e></tmp/fsck-mount-tmp-probe/devfile>
ls: cannot access '/tmp/repair_mnt': No such file or directory
drwxr-xr-x 2 attacker attacker 40 May 16 18:33 /tmp/repair_mnt_target

## root service runs with attacker precreated repair_mnt symlink
lrwxrwxrwx 1 attacker attacker 22 May 16 18:33 /tmp/repair_mnt -> /tmp/repair_mnt_target
drwxr-xr-x 2 attacker attacker 40 May 16 18:33 /tmp/repair_mnt_target
### root systemctl start systemd-fsck-root.service
### root systemctl start e2scrub_all.service
### root systemctl start fstrim.service
### root systemctl start xfs_scrub_all.service
### root systemctl start blk-availability.service
# post-service repair_mnt state
lrwxrwxrwx 1 attacker attacker 22 May 16 18:33 /tmp/repair_mnt -> /tmp/repair_mnt_target
drwxr-xr-x 2 attacker attacker 40 May 16 18:33 /tmp/repair_mnt_target
# recent journals
May 16 16:43:43 4f5b414436ae systemd[1]: Starting xfs_scrub_all.service - Online XFS Metadata Check for All Filesystems...
May 16 16:43:43 4f5b414436ae xfs_scrub_all[729694]: Scrubbing /media/selfauth/--help...
May 16 16:43:43 4f5b414436ae xfs_scrub_all[729694]: Exception in thread Thread-1 (run_scrub):
May 16 16:43:43 4f5b414436ae xfs_scrub_all[729694]: Traceback (most recent call last):
May 16 16:43:43 4f5b414436ae xfs_scrub_all[729694]:   File "/usr/lib/python3.12/threading.py", line 1073, in _bootstrap_inner
May 16 16:43:43 4f5b414436ae xfs_scrub_all[729694]:     self.run()
May 16 16:43:43 4f5b414436ae xfs_scrub_all[729694]: Scrubbing /media/selfauth/XFSOK...
May 16 16:43:43 4f5b414436ae xfs_scrub_all[729694]:   File "/usr/lib/python3.12/threading.py", line 1010, in run
May 16 16:43:43 4f5b414436ae xfs_scrub_all[729694]:     self._target(*self._args, **self._kwargs)
May 16 16:43:43 4f5b414436ae xfs_scrub_all[729694]: Exception in thread Thread-2 (run_scrub):
May 16 16:43:43 4f5b414436ae xfs_scrub_all[729694]: Scrubbing /media/selfauth/dot.service...
May 16 16:43:43 4f5b414436ae xfs_scrub_all[729694]: Traceback (most recent call last):
May 16 16:43:43 4f5b414436ae xfs_scrub_all[729694]:   File "/usr/lib/python3.12/threading.py", line 1073, in _bootstrap_inner
May 16 16:43:43 4f5b414436ae xfs_scrub_all[729694]:   File "/usr/sbin/xfs_scrub_all", line 166, in run_scrub
May 16 16:43:43 4f5b414436ae xfs_scrub_all[729694]: Scrubbing /media/selfauth/space name...
May 16 16:43:43 4f5b414436ae xfs_scrub_all[729694]: Exception in thread Thread-3 (run_scrub):
May 16 16:43:43 4f5b414436ae xfs_scrub_all[729694]:     unitname = path_to_serviceunit(path)
May 16 16:43:43 4f5b414436ae xfs_scrub_all[729694]: Traceback (most recent call last):
May 16 16:43:43 4f5b414436ae xfs_scrub_all[729694]:   File "/usr/lib/python3.12/threading.py", line 1073, in _bootstrap_inner
May 16 16:43:43 4f5b414436ae xfs_scrub_all[729694]:                                    ^^^^
May 16 16:43:43 4f5b414436ae xfs_scrub_all[729694]: Exception in thread Thread-4 (run_scrub):
May 16 16:43:43 4f5b414436ae xfs_scrub_all[729694]:     self.run()
May 16 16:43:43 4f5b414436ae xfs_scrub_all[729694]: NameError: name 'path' is not defined
May 16 16:43:43 4f5b414436ae xfs_scrub_all[729694]:     self.run()
May 16 16:43:43 4f5b414436ae xfs_scrub_all[729694]: Traceback (most recent call last):
May 16 16:43:43 4f5b414436ae xfs_scrub_all[729694]:   File "/usr/lib/python3.12/threading.py", line 1073, in _bootstrap_inner
May 16 16:43:43 4f5b414436ae xfs_scrub_all[729694]:   File "/usr/lib/python3.12/threading.py", line 1010, in run
May 16 16:43:43 4f5b414436ae xfs_scrub_all[729694]:     self.run()
May 16 16:43:43 4f5b414436ae xfs_scrub_all[729694]:   File "/usr/lib/python3.12/threading.py", line 1010, in run
May 16 16:43:43 4f5b414436ae xfs_scrub_all[729694]:   File "/usr/lib/python3.12/threading.py", line 1010, in run
May 16 16:43:43 4f5b414436ae xfs_scrub_all[729694]:     self._target(*self._args, **self._kwargs)
May 16 16:43:43 4f5b414436ae xfs_scrub_all[729694]:     self._target(*self._args, **self._kwargs)
May 16 16:43:43 4f5b414436ae xfs_scrub_all[729694]:   File "/usr/sbin/xfs_scrub_all", line 166, in run_scrub
May 16 16:43:43 4f5b414436ae xfs_scrub_all[729694]:   File "/usr/sbin/xfs_scrub_all", line 166, in run_scrub
May 16 16:43:43 4f5b414436ae xfs_scrub_all[729694]:     self._target(*self._args, **self._kwargs)
May 16 16:43:43 4f5b414436ae xfs_scrub_all[729694]:   File "/usr/sbin/xfs_scrub_all", line 166, in run_scrub
May 16 16:43:43 4f5b414436ae xfs_scrub_all[729694]:     unitname = path_to_serviceunit(path)
May 16 16:43:43 4f5b414436ae xfs_scrub_all[729694]:     unitname = path_to_serviceunit(path)
May 16 16:43:43 4f5b414436ae xfs_scrub_all[729694]:     unitname = path_to_serviceunit(path)
May 16 16:43:43 4f5b414436ae xfs_scrub_all[729694]:                                    ^^^^
May 16 16:43:43 4f5b414436ae xfs_scrub_all[729694]:                                    ^^^^
May 16 16:43:43 4f5b414436ae xfs_scrub_all[729694]:                                    ^^^^
May 16 16:43:43 4f5b414436ae xfs_scrub_all[729694]: NameError: name 'path' is not defined
May 16 16:43:43 4f5b414436ae xfs_scrub_all[729694]: NameError: name 'path' is not defined
May 16 16:43:43 4f5b414436ae xfs_scrub_all[729694]: NameError: name 'path' is not defined
May 16 16:43:44 4f5b414436ae xfs_scrub_all[729694]: Traceback (most recent call last):
May 16 16:43:44 4f5b414436ae xfs_scrub_all[729694]:   File "/usr/sbin/xfs_scrub_all", line 318, in <module>
May 16 16:43:44 4f5b414436ae xfs_scrub_all[729694]:     main()
May 16 16:43:44 4f5b414436ae xfs_scrub_all[729694]:   File "/usr/sbin/xfs_scrub_all", line 299, in main
May 16 16:43:44 4f5b414436ae xfs_scrub_all[729694]:     if wait_for_termination(cond, killfuncs):
May 16 16:43:44 4f5b414436ae xfs_scrub_all[729694]:        ^^^^^^^^^^^^^^^^^^^^^^^^^^^^^^^^^^^^^
May 16 16:43:44 4f5b414436ae xfs_scrub_all[729694]:   File "/usr/sbin/xfs_scrub_all", line 218, in wait_for_termination
May 16 16:43:44 4f5b414436ae xfs_scrub_all[729694]:     if debug:
May 16 16:43:44 4f5b414436ae xfs_scrub_all[729694]:        ^^^^^
May 16 16:43:44 4f5b414436ae xfs_scrub_all[729694]: NameError: name 'debug' is not defined
May 16 16:43:44 4f5b414436ae systemd[1]: xfs_scrub_all.service: Main process exited, code=exited, status=1/FAILURE
May 16 16:43:44 4f5b414436ae systemd[1]: xfs_scrub_all.service: Failed with result 'exit-code'.
May 16 16:43:44 4f5b414436ae systemd[1]: Failed to start xfs_scrub_all.service - Online XFS Metadata Check for All Filesystems.
May 16 18:23:21 4f5b414436ae systemd[1]: Starting e2scrub_all.service - Online ext4 Metadata Check for All Filesystems...
May 16 18:23:21 4f5b414436ae systemd[1]: e2scrub_all.service: Deactivated successfully.
May 16 18:23:21 4f5b414436ae systemd[1]: Finished e2scrub_all.service - Online ext4 Metadata Check for All Filesystems.
May 16 18:25:03 4f5b414436ae systemd[1]: Starting e2scrub_all.service - Online ext4 Metadata Check for All Filesystems...
May 16 18:25:03 4f5b414436ae systemd[1]: e2scrub_all.service: Deactivated successfully.
May 16 18:25:03 4f5b414436ae systemd[1]: Finished e2scrub_all.service - Online ext4 Metadata Check for All Filesystems.
May 16 18:32:56 4f5b414436ae systemd[1]: systemd-fsck-root.service - File System Check on Root Device was skipped because of an unmet condition check (ConditionPathIsReadWrite=!/).
May 16 18:32:56 4f5b414436ae systemd[1]: Starting e2scrub_all.service - Online ext4 Metadata Check for All Filesystems...
May 16 18:32:56 4f5b414436ae systemd[1]: e2scrub_all.service: Deactivated successfully.
May 16 18:32:56 4f5b414436ae systemd[1]: Finished e2scrub_all.service - Online ext4 Metadata Check for All Filesystems.
May 16 18:32:56 4f5b414436ae systemd[1]: fstrim.service - Discard unused blocks on filesystems from /etc/fstab was skipped because of an unmet condition check (ConditionVirtualization=!container).
May 16 18:32:56 4f5b414436ae systemd[1]: Starting xfs_scrub_all.service - Online XFS Metadata Check for All Filesystems...
May 16 18:32:58 4f5b414436ae systemd[1]: xfs_scrub_all.service: Deactivated successfully.
May 16 18:32:58 4f5b414436ae systemd[1]: Finished xfs_scrub_all.service - Online XFS Metadata Check for All Filesystems.
May 16 18:33:51 4f5b414436ae systemd[1]: systemd-fsck-root.service - File System Check on Root Device was skipped because of an unmet condition check (ConditionPathIsReadWrite=!/).
May 16 18:33:51 4f5b414436ae systemd[1]: Starting e2scrub_all.service - Online ext4 Metadata Check for All Filesystems...
May 16 18:33:51 4f5b414436ae systemd[1]: e2scrub_all.service: Deactivated successfully.
May 16 18:33:51 4f5b414436ae systemd[1]: Finished e2scrub_all.service - Online ext4 Metadata Check for All Filesystems.
May 16 18:33:51 4f5b414436ae systemd[1]: fstrim.service - Discard unused blocks on filesystems from /etc/fstab was skipped because of an unmet condition check (ConditionVirtualization=!container).
May 16 18:33:51 4f5b414436ae systemd[1]: Starting xfs_scrub_all.service - Online XFS Metadata Check for All Filesystems...
May 16 18:33:53 4f5b414436ae systemd[1]: xfs_scrub_all.service: Deactivated successfully.
May 16 18:33:53 4f5b414436ae systemd[1]: Finished xfs_scrub_all.service - Online XFS Metadata Check for All Filesystems.

## root block-device selector state
# lsblk
NAME="nbd0" KNAME="nbd0" TYPE="disk" FSTYPE="" LABEL="" UUID="" MOUNTPOINT="" PATH="/dev/nbd0"
NAME="nbd1" KNAME="nbd1" TYPE="disk" FSTYPE="" LABEL="" UUID="" MOUNTPOINT="" PATH="/dev/nbd1"
NAME="nbd2" KNAME="nbd2" TYPE="disk" FSTYPE="" LABEL="" UUID="" MOUNTPOINT="" PATH="/dev/nbd2"
NAME="nbd3" KNAME="nbd3" TYPE="disk" FSTYPE="" LABEL="" UUID="" MOUNTPOINT="" PATH="/dev/nbd3"
NAME="nbd4" KNAME="nbd4" TYPE="disk" FSTYPE="" LABEL="" UUID="" MOUNTPOINT="" PATH="/dev/nbd4"
NAME="nbd5" KNAME="nbd5" TYPE="disk" FSTYPE="" LABEL="" UUID="" MOUNTPOINT="" PATH="/dev/nbd5"
NAME="nbd6" KNAME="nbd6" TYPE="disk" FSTYPE="" LABEL="" UUID="" MOUNTPOINT="" PATH="/dev/nbd6"
NAME="nbd7" KNAME="nbd7" TYPE="disk" FSTYPE="" LABEL="" UUID="" MOUNTPOINT="" PATH="/dev/nbd7"
NAME="vda" KNAME="vda" TYPE="disk" FSTYPE="" LABEL="" UUID="" MOUNTPOINT="" PATH="/dev/vda"
NAME="vda1" KNAME="vda1" TYPE="part" FSTYPE="ext4" LABEL="" UUID="55897b87-5d1f-4f12-8931-37b6e249877b" MOUNTPOINT="/etc/hosts" PATH="/dev/vda1"
NAME="vdb" KNAME="vdb" TYPE="disk" FSTYPE="erofs" LABEL="" UUID="27685418-1790-40c3-bbc1-ea2342957362" MOUNTPOINT="" PATH="/dev/vdb"
NAME="nbd8" KNAME="nbd8" TYPE="disk" FSTYPE="" LABEL="" UUID="" MOUNTPOINT="" PATH="/dev/nbd8"
NAME="nbd9" KNAME="nbd9" TYPE="disk" FSTYPE="" LABEL="" UUID="" MOUNTPOINT="" PATH="/dev/nbd9"
NAME="nbd10" KNAME="nbd10" TYPE="disk" FSTYPE="" LABEL="" UUID="" MOUNTPOINT="" PATH="/dev/nbd10"
NAME="nbd11" KNAME="nbd11" TYPE="disk" FSTYPE="" LABEL="" UUID="" MOUNTPOINT="" PATH="/dev/nbd11"
NAME="nbd12" KNAME="nbd12" TYPE="disk" FSTYPE="" LABEL="" UUID="" MOUNTPOINT="" PATH="/dev/nbd12"
NAME="nbd13" KNAME="nbd13" TYPE="disk" FSTYPE="" LABEL="" UUID="" MOUNTPOINT="" PATH="/dev/nbd13"
NAME="nbd14" KNAME="nbd14" TYPE="disk" FSTYPE="" LABEL="" UUID="" MOUNTPOINT="" PATH="/dev/nbd14"
NAME="nbd15" KNAME="nbd15" TYPE="disk" FSTYPE="" LABEL="" UUID="" MOUNTPOINT="" PATH="/dev/nbd15"
# xfs mounts
# ext lvm scan

## cleanup verification
absent /tmp/fsck-mount-tmp-probe
absent /var/tmp/fsck-mount-tmp-probe
absent /tmp/repair_mnt_target
absent /tmp/repair_mnt
absent /run/lock/fsck-mount-tmp-probe
