
## host/container
utc=2026-05-16T19:50:15Z
container=ubuntu24-server-lpe-target image=ubuntu24-server-default-lpe:20260516-standard status=Up 6 minutes

## target identity and package proof
PRETTY_NAME="Ubuntu 24.04.4 LTS"
NAME="Ubuntu"
VERSION_ID="24.04"
VERSION="24.04.4 LTS (Noble Numbat)"
VERSION_CODENAME=noble
ID=ubuntu
ID_LIKE=debian
HOME_URL="https://www.ubuntu.com/"
SUPPORT_URL="https://help.ubuntu.com/"
BUG_REPORT_URL="https://bugs.launchpad.net/ubuntu/"
PRIVACY_POLICY_URL="https://www.ubuntu.com/legal/terms-and-policies/privacy-policy"
UBUNTU_CODENAME=noble
LOGO=ubuntu-logo
Linux 5cc17259abde 6.10.14-linuxkit #1 SMP Sat May 17 08:28:57 UTC 2025 aarch64 aarch64 aarch64 GNU/Linux
uid=1001(attacker) gid=1001(attacker) groups=1001(attacker)
uid=1002(selfauth) gid=1002(selfauth) groups=1002(selfauth)
fwupd-refresh:x:990:990:Firmware update daemon:/var/lib/fwupd:/usr/sbin/nologin
fwupd-refresh:x:990:
sudo:x:27:ubuntu
adm:x:4:ubuntu,syslog
plugdev:x:46:ubuntu
dbus	1.14.10-4ubuntu4.1
fwupd	1.9.34-0ubuntu1~24.04.1
fwupd-signed	1.52+1.4-1
libarchive13t64:arm64	3.7.2-2ubuntu0.6
libfwupd2:arm64	1.9.34-0ubuntu1~24.04.1
libjcat1:arm64	0.2.0-2build3
polkitd	124-2ubuntu1.24.04.3
systemd	255.4-1ubuntu8.15

## default unit, bus, and policy proof
Result=success
ExecStart={ path=/usr/libexec/fwupd/fwupd ; argv[]=/usr/libexec/fwupd/fwupd ; ignore_errors=no ; start_time=[n/a] ; stop_time=[n/a] ; pid=0 ; code=(null) ; status=0/0 }
User=
StateDirectory=fwupd
CacheDirectory=fwupd
ConfigurationDirectory=fwupd
Id=fwupd.service
LoadState=loaded
ActiveState=inactive
SubState=dead
FragmentPath=/usr/lib/systemd/system/fwupd.service
UnitFileState=static
ConditionResult=no

Result=success
Id=fwupd-refresh.timer
LoadState=loaded
ActiveState=inactive
SubState=dead
FragmentPath=/usr/lib/systemd/system/fwupd-refresh.timer
UnitFileState=enabled
ConditionResult=no

Result=success
ExecStart={ path=/usr/bin/fwupdmgr ; argv[]=/usr/bin/fwupdmgr refresh ; ignore_errors=no ; start_time=[n/a] ; stop_time=[n/a] ; pid=0 ; code=(null) ; status=0/0 }
User=fwupd-refresh
StateDirectory=
CacheDirectory=fwupdmgr
ConfigurationDirectory=
Id=fwupd-refresh.service
LoadState=loaded
ActiveState=inactive
SubState=dead
FragmentPath=/usr/lib/systemd/system/fwupd-refresh.service
UnitFileState=static
ConditionResult=no

Result=success
ExecStart={ path=/usr/libexec/fwupd/fwupdoffline ; argv[]=/usr/libexec/fwupd/fwupdoffline ; ignore_errors=no ; start_time=[n/a] ; stop_time=[n/a] ; pid=0 ; code=(null) ; status=0/0 }
User=
StateDirectory=
CacheDirectory=
ConfigurationDirectory=
Id=fwupd-offline-update.service
LoadState=loaded
ActiveState=inactive
SubState=dead
FragmentPath=/usr/lib/systemd/system/fwupd-offline-update.service
UnitFileState=static
ConditionResult=no

[system bus]
org.freedesktop.PolicyKit1     267 polkitd         polkitd         :1.4          polkit.service              -       -
org.freedesktop.fwupd            - -               -               (activatable) -                           -       -

[file /usr/lib/systemd/system/fwupd.service]
     1	[Unit]
     2	Description=Firmware update daemon
     3	Documentation=https://fwupd.org/
     4	After=dbus.service
     5	Before=display-manager.service
     6	ConditionVirtualization=!container
     7	
     8	[Service]
     9	Type=dbus
    10	TimeoutSec=180
    11	RuntimeDirectory=motd.d
    12	RuntimeDirectoryPreserve=yes
    13	BusName=org.freedesktop.fwupd
    14	ExecStart=/usr/libexec/fwupd/fwupd
    15	PrivateTmp=yes
    16	ProtectHome=yes
    17	ProtectSystem=full
    18	SystemCallFilter=~@mount
    19	Environment="GLIBC_TUNABLES=glibc.cpu.hwcaps=SHSTK"
    20	ProtectControlGroups=yes
    21	ProtectKernelModules=yes
    22	RestrictRealtime=yes
    23	ReadWritePaths=-/boot/efi -/boot/EFI -/boot/grub -/efi/EFI -/sys/firmware/efi/efivars
    24	ConfigurationDirectory=fwupd
    25	StateDirectory=fwupd
    26	CacheDirectory=fwupd
    27	RestrictAddressFamilies=AF_NETLINK AF_UNIX AF_INET AF_INET6

[file /usr/lib/systemd/system/fwupd-refresh.timer]
     1	[Unit]
     2	Description=Refresh fwupd metadata regularly
     3	ConditionVirtualization=!container
     4	
     5	[Timer]
     6	OnCalendar=*-*-* *:00:00
     7	RandomizedDelaySec=1h
     8	Persistent=true
     9	
    10	[Install]
    11	WantedBy=timers.target

[file /usr/lib/systemd/system/fwupd-refresh.service]
     1	[Unit]
     2	Description=Refresh fwupd metadata and update motd
     3	Documentation=man:fwupdmgr(1)
     4	Wants=network-online.target
     5	After=network-online.target
     6	
     7	[Service]
     8	Type=oneshot
     9	TimeoutStartSec=300
    10	CacheDirectory=fwupdmgr
    11	StandardError=null
    12	ProtectSystem=strict
    13	ProtectHome=read-only
    14	User=fwupd-refresh
    15	RestrictAddressFamilies=AF_NETLINK AF_UNIX AF_INET AF_INET6
    16	SystemCallFilter=~@mount
    17	ProtectKernelModules=yes
    18	ProtectControlGroups=yes
    19	RestrictRealtime=yes
    20	SuccessExitStatus=2
    21	ExecStart=/usr/bin/fwupdmgr refresh

[file /usr/lib/systemd/system/fwupd-offline-update.service]
     1	[Unit]
     2	Description=Updates device firmware whilst offline
     3	Documentation=man:fwupdmgr
     4	ConditionPathExists=/var/lib/fwupd/pending.db
     5	DefaultDependencies=false
     6	Requires=sysinit.target dbus.socket
     7	After=sysinit.target system-update-pre.target dbus.socket systemd-journald.socket
     8	Before=shutdown.target system-update.target
     9	
    10	[Service]
    11	Type=oneshot
    12	ExecStart=/usr/libexec/fwupd/fwupdoffline
    13	FailureAction=reboot

[file /usr/share/dbus-1/system-services/org.freedesktop.fwupd.service]
     1	[D-BUS Service]
     2	Name=org.freedesktop.fwupd
     3	Documentation=https://fwupd.org/
     4	Exec=/usr/libexec/fwupd/fwupd
     5	User=root
     6	SystemdService=fwupd.service
     7	AssumedAppArmorLabel=unconfined

[file /usr/share/dbus-1/system.d/org.freedesktop.fwupd.conf]
     1	<?xml version="1.0" encoding="UTF-8"?> <!-- -*- XML -*- -->
     2	
     3	<!DOCTYPE busconfig PUBLIC
     4	 "-//freedesktop//DTD D-BUS Bus Configuration 1.0//EN"
     5	 "http://www.freedesktop.org/standards/dbus/1.0/busconfig.dtd">
     6	<busconfig>
     7	
     8	  <!-- This configuration file specifies the required security policies
     9	       for the fwupd to work. -->
    10	
    11	  <!-- Only user root can own the fwupd service -->
    12	  <policy user="root">
    13	    <allow own="org.freedesktop.fwupd"/>
    14	  </policy>
    15	
    16	 <!-- Allow anyone to call into the service - we'll reject callers using PolicyKit -->
    17	  <policy context="default">
    18	    <allow send_destination="org.freedesktop.fwupd"
    19	           send_interface="org.freedesktop.fwupd"/>
    20	    <allow send_destination="org.freedesktop.fwupd"
    21	           send_interface="org.freedesktop.DBus.Properties"/>
    22	    <allow send_destination="org.freedesktop.fwupd"
    23	           send_interface="org.freedesktop.DBus.Introspectable"/>
    24	    <allow send_destination="org.freedesktop.fwupd"
    25	           send_interface="org.freedesktop.DBus.Peer"/>
    26	  </policy>
    27	
    28	</busconfig>
    29	

[fwupd polkit action summary]
org.freedesktop.fwupd.update-internal-trusted	any=auth_admin	inactive=no	active=yes	imply=
org.freedesktop.fwupd.update-internal	any=auth_admin	inactive=no	active=auth_admin_keep	imply=org.freedesktop.fwupd.update-internal-trusted
org.freedesktop.fwupd.downgrade-internal-trusted	any=auth_admin	inactive=no	active=auth_admin_keep	imply=org.freedesktop.fwupd.update-internal
org.freedesktop.fwupd.downgrade-internal	any=auth_admin	inactive=no	active=auth_admin_keep	imply=org.freedesktop.fwupd.downgrade-internal-trusted
org.freedesktop.fwupd.update-hotplug-trusted	any=auth_admin	inactive=no	active=yes	imply=
org.freedesktop.fwupd.update-hotplug	any=auth_admin	inactive=no	active=auth_admin_keep	imply=org.freedesktop.fwupd.update-hotplug-trusted
org.freedesktop.fwupd.downgrade-hotplug-trusted	any=auth_admin	inactive=no	active=auth_admin_keep	imply=
org.freedesktop.fwupd.downgrade-hotplug	any=auth_admin	inactive=no	active=auth_admin_keep	imply=org.freedesktop.fwupd.downgrade-hotplug-trusted
org.freedesktop.fwupd.device-unlock	any=auth_admin	inactive=no	active=auth_admin_keep	imply=
org.freedesktop.fwupd.modify-config	any=auth_admin	inactive=no	active=auth_admin_keep	imply=org.freedesktop.fwupd.modify-remote
org.freedesktop.fwupd.device-activate	any=auth_admin	inactive=no	active=auth_admin_keep	imply=
org.freedesktop.fwupd.verify-update	any=auth_admin	inactive=no	active=auth_admin_keep	imply=
org.freedesktop.fwupd.modify-remote	any=auth_admin	inactive=no	active=auth_admin_keep	imply=
org.freedesktop.fwupd.set-approved-firmware	any=auth_admin	inactive=no	active=auth_admin_keep	imply=
org.freedesktop.fwupd.self-sign	any=auth_admin	inactive=no	active=auth_admin_keep	imply=
org.freedesktop.fwupd.get-bios-settings	any=auth_admin	inactive=no	active=auth_admin_keep	imply=
org.freedesktop.fwupd.set-bios-settings	any=auth_admin	inactive=no	active=auth_admin	imply=org.freedesktop.fwupd.get-bios-settings
org.freedesktop.fwupd.fix-host-security-attr	any=auth_admin	inactive=no	active=auth_admin	imply=
org.freedesktop.fwupd.undo-host-security-attr	any=auth_admin	inactive=no	active=auth_admin	imply=

## default fwupd state directories

[path /var/lib/fwupd]
ls: cannot access '/var/lib/fwupd': No such file or directory

[path /var/cache/fwupd]
ls: cannot access '/var/cache/fwupd': No such file or directory

[path /var/cache/fwupdmgr]
ls: cannot access '/var/cache/fwupdmgr': No such file or directory

[path /run/fwupd]
ls: cannot access '/run/fwupd': No such file or directory

[path /run/motd.d]
ls: cannot access '/run/motd.d': No such file or directory

[path /etc/fwupd]
drwxr-xr-x 4 root root 4096 May 16 10:22 /etc/fwupd
-rw-r--r-- root root /etc/fwupd/bios-settings.d/README.md -> 
-rw-r--r-- root root /etc/fwupd/fwupd.conf -> 
-rw-r--r-- root root /etc/fwupd/remotes.d/lvfs-testing.conf -> 
-rw-r--r-- root root /etc/fwupd/remotes.d/lvfs.conf -> 
-rw-r--r-- root root /etc/fwupd/remotes.d/vendor-directory.conf -> 
drwxr-xr-x root root /etc/fwupd -> 
drwxr-xr-x root root /etc/fwupd/bios-settings.d -> 
drwxr-xr-x root root /etc/fwupd/remotes.d -> 

[path /usr/libexec/fwupd]
drwxr-xr-x 3 root root 4096 May 16 10:22 /usr/libexec/fwupd
-rwxr-xr-x root root /usr/libexec/fwupd/efi/fwupdaa64.efi.signed -> 
-rwxr-xr-x root root /usr/libexec/fwupd/efi/version -> 
-rwxr-xr-x root root /usr/libexec/fwupd/fwupd -> 
-rwxr-xr-x root root /usr/libexec/fwupd/fwupdoffline -> 
drwxr-xr-x root root /usr/libexec/fwupd -> 
drwxr-xr-x root root /usr/libexec/fwupd/efi -> 

## attacker write and systemd trigger attempts

$ runuser -u attacker -- mkdir -p /var/lib/fwupd
mkdir: cannot create directory '/var/lib/fwupd': Permission denied
[rc=1]

$ runuser -u attacker -- touch /var/lib/fwupd/pending.db
touch: cannot touch '/var/lib/fwupd/pending.db': No such file or directory
[rc=1]

$ runuser -u attacker -- mkdir -p /var/cache/fwupdmgr && touch /var/cache/fwupdmgr/attacker
mkdir: cannot create directory '/var/cache/fwupdmgr': Permission denied
[rc=1]

$ runuser -u attacker -- ln -s '/root/fwupd_refresh_offline_deep_root' /var/lib/fwupd/pending.db
ln: failed to create symbolic link '/var/lib/fwupd/pending.db': No such file or directory
[rc=1]

$ runuser -u attacker -- ln -s '/root/fwupd_refresh_offline_deep_root' /system-update
ln: failed to create symbolic link '/system-update': Permission denied
[rc=1]

$ runuser -u attacker -- systemctl --no-ask-password start fwupd-refresh.service
Failed to start fwupd-refresh.service: Interactive authentication required.
See system logs and 'systemctl status fwupd-refresh.service' for details.
[rc=1]

$ runuser -u attacker -- systemctl --no-ask-password start fwupd-offline-update.service
Failed to start fwupd-offline-update.service: Interactive authentication required.
See system logs and 'systemctl status fwupd-offline-update.service' for details.
[rc=1]

$ runuser -u attacker -- systemctl --no-ask-password start system-update.target
Failed to start system-update.target: Interactive authentication required.
See system logs and 'systemctl status system-update.target' for details.
[rc=1]

## attacker D-Bus, refresh, offline, and local-file methods
[build-cabinet rc=0]
total 24
-rw------- 1 attacker attacker 104 May 16 19:50 metadata.xml
-rw------- 1 attacker attacker 110 May 16 19:50 metadata.xml.gz
-rw------- 1 attacker attacker  21 May 16 19:50 metadata.xml.gz.asc
-rw------- 1 attacker attacker  17 May 16 19:50 payload.bin
-rw------- 1 attacker attacker 802 May 16 19:50 payload.cab
-rw------- 1 attacker attacker 668 May 16 19:50 payload.metainfo.xml

$ runuser -u attacker -- busctl --system --timeout=8 call org.freedesktop.fwupd / org.freedesktop.DBus.Peer Ping
Call failed: Connection timed out
[rc=1]

$ runuser -u attacker -- fwupdmgr --version
Failed to connect to daemon: Error calling StartServiceByName for org.freedesktop.fwupd: Failed to activate service 'org.freedesktop.fwupd': timed out (service_start_timeout=25000ms)
[rc=1]

$ runuser -u attacker -- fwupdmgr --no-authenticate get-remotes

Session terminated, killing shell... ...killed.
[rc=124]

$ runuser -u attacker -- fwupdmgr --no-authenticate refresh '/tmp/fwupd-refresh-offline-deep.Kv1d6K/metadata.xml.gz' '/tmp/fwupd-refresh-offline-deep.Kv1d6K/metadata.xml.gz.asc' lvfs

Session terminated, killing shell... ...killed.
[rc=124]

$ runuser -u attacker -- fwupdmgr --assume-yes --no-authenticate --no-metadata-check --no-reboot-check --no-device-prompt local-install '/tmp/fwupd-refresh-offline-deep.Kv1d6K/payload.cab'

Session terminated, killing shell... ...killed.
[rc=124]

$ runuser -u attacker -- fwupdmgr --offline --assume-yes --no-authenticate --no-metadata-check --no-reboot-check --no-device-prompt local-install '/tmp/fwupd-refresh-offline-deep.Kv1d6K/payload.cab'

Session terminated, killing shell... ...killed.
[rc=124]

$ runuser -u attacker -- fwupdmgr --no-authenticate modify-remote lvfs Enabled false

Session terminated, killing shell... ...killed.
[rc=124]

$ runuser -u attacker -- fwupdmgr --no-authenticate modify-config DisabledDevices fwupd-refresh-offline-deep

Session terminated, killing shell... ...killed.
[rc=124]

$ runuser -u attacker -- fwupdtool get-details '/tmp/fwupd-refresh-offline-deep.Kv1d6K/payload.cab'
Loading?: 0%
Failed to create '/var/lib/fwupd/quirks.d': Permission denied
[rc=1]

$ runuser -u attacker -- fwupdtool refresh
Loading?: 0%
Failed to create '/var/lib/fwupd/quirks.d': Permission denied
[rc=1]

$ runuser -u attacker -- fwupdtool reboot-cleanup
Loading?: 0%
Failed to create '/var/lib/fwupd/quirks.d': Permission denied
[rc=1]

## active non-admin selfauth checks
/tmp/fwupd-refresh-offline-deep.Kv1d6K/selfauth-inner.sh /tmp/fwupd-refresh-offline-deep.Kv1d6K/metadata.xml.gz /tmp/fwupd-refresh-offline-deep.Kv1d6K/metadata.xml.gz.asc /tmp/fwupd-refresh-offline-deep.Kv1d6K/payload.cab /root/fwupd_refresh_offline_deep_root
exit
selfauth@5cc17259abde:~$ <K/payload.cab /root/fwupd_refresh_offline_deep_root
[identity]
uid=1002(selfauth) gid=1002(selfauth) groups=1002(selfauth)
/dev/pts/0
XDG_SESSION_ID=c2
User=1002
Name=selfauth
TTY=pts/0
Remote=no
Type=tty
Class=user
Active=yes
State=active

$ pkcheck --action-id 'org.freedesktop.fwupd.update-internal-trusted' --process 4128
Authorization requires authentication and -u wasn't passed.
[rc=2]

$ pkcheck --action-id 'org.freedesktop.fwupd.update-hotplug-trusted' --process 4128
Authorization requires authentication and -u wasn't passed.
[rc=2]

$ pkcheck --action-id 'org.freedesktop.fwupd.modify-remote' --process 4128
Authorization requires authentication and -u wasn't passed.
[rc=2]

$ pkcheck --action-id 'org.freedesktop.fwupd.modify-config' --process 4128
Authorization requires authentication and -u wasn't passed.
[rc=2]

$ mkdir -p /var/lib/fwupd
mkdir: cannot create directory ‘/var/lib/fwupd’: Permission denied
[rc=1]

$ touch /var/lib/fwupd/pending.db
touch: cannot touch '/var/lib/fwupd/pending.db': No such file or directory
[rc=1]

$ ln -s '/root/fwupd_refresh_offline_deep_root' /var/lib/fwupd/pending.db
ln: failed to create symbolic link '/var/lib/fwupd/pending.db': No such file or directory
[rc=1]

$ ln -s '/root/fwupd_refresh_offline_deep_root' /system-update
ln: failed to create symbolic link '/system-update': Permission denied
[rc=1]

$ systemctl --no-ask-password start fwupd-refresh.service
Failed to start fwupd-refresh.service: Interactive authentication required.
See system logs and 'systemctl status fwupd-refresh.service' for details.
[rc=1]

$ systemctl --no-ask-password start fwupd-offline-update.service
Failed to start fwupd-offline-update.service: Interactive authentication required.
See system logs and 'systemctl status fwupd-offline-update.service' for details.
[rc=1]

$ systemctl --no-ask-password start system-update.target
Failed to start system-update.target: Interactive authentication required.
See system logs and 'systemctl status system-update.target' for details.
[rc=1]

$ busctl --system --timeout=8 call org.freedesktop.fwupd / org.freedesktop.DBus.Peer Ping
Call failed: Connection timed out
[rc=1]

$ fwupdmgr --no-authenticate get-remotes
Failed to connect to daemon: Error calling StartServiceByName for org.freedesktop.fwupd: Failed to activate service 'org.freedesktop.fwupd': timed out (service_start_timeout=25000ms)
[rc=1]

$ fwupdmgr --no-authenticate refresh '/tmp/fwupd-refresh-offline-deep.Kv1d6K/metadata.xml.gz' '/tmp/fwupd-refresh-offline-deep.Kv1d6K/metadata.xml.gz.asc' lvfs
[rc=124]

$ fwupdmgr --assume-yes --no-authenticate --no-metadata-check --no-reboot-check --no-device-prompt local-install '/tmp/fwupd-refresh-offline-deep.Kv1d6K/payload.cab'
Failed to connect to daemon: Error calling StartServiceByName for org.freedesktop.fwupd: Failed to activate service 'org.freedesktop.fwupd': timed out (service_start_timeout=25000ms)
[rc=1]

$ fwupdmgr --offline --assume-yes --no-authenticate --no-metadata-check --no-reboot-check --no-device-prompt local-install '/tmp/fwupd-refresh-offline-deep.Kv1d6K/payload.cab'
[rc=124]

$ fwupdmgr --no-authenticate modify-remote lvfs Enabled false
Failed to connect to daemon: Error calling StartServiceByName for org.freedesktop.fwupd: Failed to activate service 'org.freedesktop.fwupd': timed out (service_start_timeout=25000ms)
[rc=1]

$ fwupdmgr --no-authenticate modify-config DisabledDevices fwupd-refresh-offline-deep
[rc=124]
selfauth@5cc17259abde:~$ exit
logout
[active-selfauth rc=0]

## post-checks and root proof
Result=success
ActiveState=inactive
SubState=dead
ConditionResult=no

Result=success
ActiveState=inactive
SubState=dead
ConditionResult=no

Result=success
ActiveState=inactive
SubState=dead
ConditionResult=no

Result=success
ActiveState=inactive
SubState=dead
ConditionResult=no
ROOT_PROOF=NO
running
0
