kernel/initramfs/update hook trust-boundary probe
target=ubuntu24-server-lpe-target attacker=attacker
2026-05-16T14:50:30-0400

## cleanup before probe
$ docker exec -i ubuntu24-server-lpe-target bash -s

## target identity and default package proof
$ docker exec -i ubuntu24-server-lpe-target bash -s
== identity ==
PRETTY_NAME="Ubuntu 24.04.4 LTS"
NAME="Ubuntu"
VERSION_ID="24.04"
VERSION="24.04.4 LTS (Noble Numbat)"
VERSION_CODENAME=noble
ID=ubuntu
ID_LIKE=debian
HOME_URL="https://www.ubuntu.com/"
SUPPORT_URL="https://help.ubuntu.com/"
BUG_REPORT_URL="https://bugs.launchpad.net/ubuntu/"
PRIVACY_POLICY_URL="https://www.ubuntu.com/legal/terms-and-policies/privacy-policy"
UBUNTU_CODENAME=noble
LOGO=ubuntu-logo
Linux 4f5b414436ae 6.10.14-linuxkit #1 SMP Sat May 17 08:28:57 UTC 2025 aarch64 aarch64 aarch64 GNU/Linux
      1 root     systemd         /sbin/init
uid=1001(attacker) gid=1001(attacker) groups=1001(attacker)
uid=1001(attacker) gid=1001(attacker) groups=1001(attacker)
sudo: a password is required
sudo_rc=1

== package versions ==
binfmt-support		un 
debconf	1.5.86ubuntu1	ii 
dpkg	1.22.6ubuntu6.6	ii 
dracut-core		un 
dracut-install	060+5-1ubuntu3.3	ii 
initramfs-tools	0.142ubuntu25.8	ii 
initramfs-tools-bin	0.142ubuntu25.8	ii 
initramfs-tools-core	0.142ubuntu25.8	ii 
kmod	31+20240202-2ubuntu7.2	ii 
linux-base	4.5ubuntu9+24.04.2	ii 
procps	2:4.0.4-4ubuntu3.2	ii 
systemd	255.4-1ubuntu8.15	ii 
ucf	3.0043+nmu1	ii 
udev	255.4-1ubuntu8.15	ii 

== helper commands and modes ==
kernel-install           /usr/bin/kernel-install
installkernel            /usr/sbin/installkernel
update-initramfs         /usr/sbin/update-initramfs
mkinitramfs              /usr/sbin/mkinitramfs
depmod                   /usr/sbin/depmod
modprobe                 /usr/sbin/modprobe
systemd-hwdb             /usr/bin/systemd-hwdb
systemd-sysusers         /usr/bin/systemd-sysusers
sysctl                   /usr/sbin/sysctl
update-alternatives      /usr/bin/update-alternatives
ucf                      /usr/bin/ucf
dpkg-trigger             /usr/bin/dpkg-trigger
-rwxr-xr-x 755 root:root regular file /usr/bin/kernel-install
systemd: /usr/bin/kernel-install
-rwxr-xr-x 755 root:root regular file /usr/sbin/installkernel
debianutils: /usr/sbin/installkernel
-rwxr-xr-x 755 root:root regular file /usr/sbin/update-initramfs
initramfs-tools: /usr/sbin/update-initramfs
-rwxr-xr-x 755 root:root regular file /usr/sbin/mkinitramfs
initramfs-tools-core: /usr/sbin/mkinitramfs
-rwxr-xr-x 755 root:root regular file /usr/lib/dracut/dracut-install
dracut-install: /usr/lib/dracut/dracut-install
-rwxr-xr-x 755 root:root regular file /usr/sbin/depmod
kmod: /usr/sbin/depmod
-rwxr-xr-x 755 root:root regular file /usr/sbin/modprobe
kmod: /usr/sbin/modprobe
-rwxr-xr-x 755 root:root regular file /usr/lib/systemd/systemd-modules-load
systemd: /usr/lib/systemd/systemd-modules-load
-rwxr-xr-x 755 root:root regular file /usr/lib/systemd/systemd-sysctl
systemd: /usr/lib/systemd/systemd-sysctl
-rwxr-xr-x 755 root:root regular file /usr/bin/systemd-sysusers
systemd: /usr/bin/systemd-sysusers
-rwxr-xr-x 755 root:root regular file /usr/lib/systemd/systemd-binfmt
systemd: /usr/lib/systemd/systemd-binfmt
-rwxr-xr-x 755 root:root regular file /usr/bin/systemd-hwdb
udev: /usr/bin/systemd-hwdb
-rwxr-xr-x 755 root:root regular file /usr/sbin/sysctl
procps: /usr/sbin/sysctl
-rwxr-xr-x 755 root:root regular file /usr/bin/update-alternatives
dpkg: /usr/bin/update-alternatives
-rwxr-xr-x 755 root:root regular file /usr/bin/ucf
ucf: /usr/bin/ucf
-rwxr-xr-x 755 root:root regular file /usr/bin/dpkg-trigger
dpkg: /usr/bin/dpkg-trigger

## default hook roots, units, and code paths
$ docker exec -i ubuntu24-server-lpe-target bash -s
== initramfs hook roots ==
/etc/initramfs-tools
/etc/initramfs-tools/conf.d
/etc/initramfs-tools/hooks
/etc/initramfs-tools/initramfs.conf
/etc/initramfs-tools/modules
/etc/initramfs-tools/scripts
/etc/initramfs-tools/scripts/init-bottom
/etc/initramfs-tools/scripts/init-premount
/etc/initramfs-tools/scripts/init-top
/etc/initramfs-tools/scripts/local-bottom
/etc/initramfs-tools/scripts/local-premount
/etc/initramfs-tools/scripts/local-top
/etc/initramfs-tools/scripts/nfs-bottom
/etc/initramfs-tools/scripts/nfs-premount
/etc/initramfs-tools/scripts/nfs-top
/etc/initramfs-tools/scripts/panic
/etc/initramfs-tools/update-initramfs.conf
/usr/share/initramfs-tools
/usr/share/initramfs-tools/conf-hooks.d
/usr/share/initramfs-tools/conf-hooks.d/busybox-initramfs
/usr/share/initramfs-tools/conf-hooks.d/cryptsetup
/usr/share/initramfs-tools/conf-hooks.d/overlayroot
/usr/share/initramfs-tools/conf-hooks.d/plymouth
/usr/share/initramfs-tools/conf.d
/usr/share/initramfs-tools/dhcpcd-hooks
/usr/share/initramfs-tools/dhcpcd-hooks/10-mtu
/usr/share/initramfs-tools/dhcpcd-hooks/70-net-conf
/usr/share/initramfs-tools/hook-functions
/usr/share/initramfs-tools/hooks
/usr/share/initramfs-tools/hooks/bcache
/usr/share/initramfs-tools/hooks/btrfs
/usr/share/initramfs-tools/hooks/cloud-initramfs-dyn-netconf
/usr/share/initramfs-tools/hooks/console_setup
/usr/share/initramfs-tools/hooks/copymods
/usr/share/initramfs-tools/hooks/cryptgnupg
/usr/share/initramfs-tools/hooks/cryptgnupg-sc
/usr/share/initramfs-tools/hooks/cryptkeyctl
/usr/share/initramfs-tools/hooks/cryptopensc
/usr/share/initramfs-tools/hooks/cryptpassdev
/usr/share/initramfs-tools/hooks/cryptroot
/usr/share/initramfs-tools/hooks/cryptroot-unlock
/usr/share/initramfs-tools/hooks/dhcpcd
/usr/share/initramfs-tools/hooks/dmsetup
/usr/share/initramfs-tools/hooks/fixrtc
/usr/share/initramfs-tools/hooks/framebuffer
/usr/share/initramfs-tools/hooks/fsck
/usr/share/initramfs-tools/hooks/fuse
/usr/share/initramfs-tools/hooks/iscsi
/usr/share/initramfs-tools/hooks/kbd
/usr/share/initramfs-tools/hooks/klibc-utils
/usr/share/initramfs-tools/hooks/kmod
/usr/share/initramfs-tools/hooks/lvm2
/usr/share/initramfs-tools/hooks/mdadm
/usr/share/initramfs-tools/hooks/ntfs_3g
/usr/share/initramfs-tools/hooks/overlayroot
/usr/share/initramfs-tools/hooks/plymouth
/usr/share/initramfs-tools/hooks/resume
/usr/share/initramfs-tools/hooks/sg3-utils
/usr/share/initramfs-tools/hooks/thermal
/usr/share/initramfs-tools/hooks/thin-provisioning-tools
/usr/share/initramfs-tools/hooks/udev
/usr/share/initramfs-tools/hooks/xfs
/usr/share/initramfs-tools/hooks/zz-busybox-initramfs
/usr/share/initramfs-tools/init
/usr/share/initramfs-tools/modules
/usr/share/initramfs-tools/modules.d
/usr/share/initramfs-tools/scripts
/usr/share/initramfs-tools/scripts/functions
/usr/share/initramfs-tools/scripts/init-bottom
/usr/share/initramfs-tools/scripts/init-bottom/cloud-initramfs-dyn-netconf
/usr/share/initramfs-tools/scripts/init-bottom/copymods
/usr/share/initramfs-tools/scripts/init-bottom/lvm2
/usr/share/initramfs-tools/scripts/init-bottom/overlayroot
/usr/share/initramfs-tools/scripts/init-bottom/plymouth
/usr/share/initramfs-tools/scripts/init-bottom/udev
/usr/share/initramfs-tools/scripts/init-premount
/usr/share/initramfs-tools/scripts/init-premount/cloud-initramfs-dyn-netconf
/usr/share/initramfs-tools/scripts/init-premount/plymouth
/usr/share/initramfs-tools/scripts/init-top
/usr/share/initramfs-tools/scripts/init-top/00_mount_efivarfs
/usr/share/initramfs-tools/scripts/init-top/all_generic_ide
/usr/share/initramfs-tools/scripts/init-top/blacklist
/usr/share/initramfs-tools/scripts/init-top/console_setup
/usr/share/initramfs-tools/scripts/init-top/framebuffer
/usr/share/initramfs-tools/scripts/init-top/udev
/usr/share/initramfs-tools/scripts/local
/usr/share/initramfs-tools/scripts/local-block
/usr/share/initramfs-tools/scripts/local-block/cryptroot
/usr/share/initramfs-tools/scripts/local-block/mdadm
/usr/share/initramfs-tools/scripts/local-bottom
/usr/share/initramfs-tools/scripts/local-bottom/cryptgnupg-sc
/usr/share/initramfs-tools/scripts/local-bottom/cryptopensc
/usr/share/initramfs-tools/scripts/local-bottom/cryptroot
/usr/share/initramfs-tools/scripts/local-bottom/iscsi
/usr/share/initramfs-tools/scripts/local-bottom/mdadm
/usr/share/initramfs-tools/scripts/local-bottom/ntfs_3g
/usr/share/initramfs-tools/scripts/local-premount
/usr/share/initramfs-tools/scripts/local-premount/btrfs
/usr/share/initramfs-tools/scripts/local-premount/fixrtc
/usr/share/initramfs-tools/scripts/local-premount/ntfs_3g
/usr/share/initramfs-tools/scripts/local-premount/resume
/usr/share/initramfs-tools/scripts/local-top
/usr/share/initramfs-tools/scripts/local-top/cryptopensc
/usr/share/initramfs-tools/scripts/local-top/cryptroot
/usr/share/initramfs-tools/scripts/local-top/iscsi
/usr/share/initramfs-tools/scripts/nfs
/usr/share/initramfs-tools/scripts/panic
/usr/share/initramfs-tools/scripts/panic/console_setup
/usr/share/initramfs-tools/scripts/panic/plymouth

== kernel install hooks ==
/etc/kernel
/etc/kernel/install.d
/etc/kernel/postinst.d
/etc/kernel/postinst.d/initramfs-tools
/etc/kernel/postinst.d/unattended-upgrades
/etc/kernel/postinst.d/xx-update-initrd-links
/etc/kernel/postrm.d
/etc/kernel/postrm.d/initramfs-tools
/usr/lib/kernel
/usr/lib/kernel/install.conf
/usr/lib/kernel/install.d
/usr/lib/kernel/install.d/50-depmod.install
/usr/lib/kernel/install.d/55-initrd.install
/usr/lib/kernel/install.d/90-loaderentry.install
/usr/lib/kernel/install.d/90-uki-copy.install

== module/sysctl/binfmt/sysusers/hwdb roots ==
drwxr-xr-x 755 root:root directory /etc/depmod.d
MISSING /usr/lib/depmod.d
drwxr-xr-x 755 root:root directory /etc/modprobe.d
drwxr-xr-x 755 root:root directory /usr/lib/modprobe.d
drwxr-xr-x 755 root:root directory /etc/modules-load.d
drwxr-xr-x 755 root:root directory /usr/lib/modules-load.d
drwxr-xr-x 755 root:root directory /etc/sysctl.d
drwxr-xr-x 755 root:root directory /usr/lib/sysctl.d
drwxr-xr-x 755 root:root directory /etc/binfmt.d
drwxr-xr-x 755 root:root directory /usr/lib/binfmt.d
MISSING /etc/sysusers.d
drwxr-xr-x 755 root:root directory /usr/lib/sysusers.d
drwxr-xr-x 755 root:root directory /etc/udev/hwdb.d
drwxr-xr-x 755 root:root directory /usr/lib/udev/hwdb.d
drwxr-xr-x 755 root:root directory /var/lib/dpkg/triggers
drwxr-xr-x 755 root:root directory /var/lib/ucf
drwxr-xr-x 755 root:root directory /etc/alternatives
drwxr-xr-x 755 root:root directory /var/lib/dpkg/alternatives
drwxr-xr-x 755 root:root directory /boot
drwxrwxrwt 1777 root:root directory /tmp
drwxrwxrwt 1777 root:root directory /var/tmp
drwxrwxrwt 1777 root:root directory /run/lock

== systemd units ==
### systemd-modules-load.service
Result=success
ExecStart={ path=/usr/lib/systemd/systemd-modules-load ; argv[]=/usr/lib/systemd/systemd-modules-load ; ignore_errors=no ; start_time=[n/a] ; stop_time=[n/a] ; pid=0 ; code=(null) ; status=0/0 }
User=
Group=
LoadState=loaded
ActiveState=active
SubState=exited
FragmentPath=/usr/lib/systemd/system/systemd-modules-load.service
UnitFileState=static
ConditionResult=yes
### systemd-sysctl.service
Result=success
ExecStart={ path=/usr/lib/systemd/systemd-sysctl ; argv[]=/usr/lib/systemd/systemd-sysctl ; ignore_errors=no ; start_time=[n/a] ; stop_time=[n/a] ; pid=0 ; code=(null) ; status=0/0 }
User=
Group=
LoadState=loaded
ActiveState=active
SubState=exited
FragmentPath=/usr/lib/systemd/system/systemd-sysctl.service
UnitFileState=static
ConditionResult=yes
### systemd-sysusers.service
Result=success
ExecStart={ path=systemd-sysusers ; argv[]=systemd-sysusers ; ignore_errors=no ; start_time=[n/a] ; stop_time=[n/a] ; pid=0 ; code=(null) ; status=0/0 }
User=
Group=
LoadState=loaded
ActiveState=active
SubState=exited
FragmentPath=/usr/lib/systemd/system/systemd-sysusers.service
UnitFileState=static
ConditionResult=yes
### systemd-binfmt.service
Result=success
ExecStart={ path=/usr/lib/systemd/systemd-binfmt ; argv[]=/usr/lib/systemd/systemd-binfmt ; ignore_errors=no ; start_time=[n/a] ; stop_time=[n/a] ; pid=0 ; code=(null) ; status=0/0 }
User=
Group=
LoadState=loaded
ActiveState=active
SubState=exited
FragmentPath=/usr/lib/systemd/system/systemd-binfmt.service
UnitFileState=static
ConditionResult=yes
### systemd-hwdb-update.service
Result=success
ExecStart={ path=systemd-hwdb ; argv[]=systemd-hwdb update ; ignore_errors=no ; start_time=[n/a] ; stop_time=[n/a] ; pid=0 ; code=(null) ; status=0/0 }
User=
Group=
LoadState=loaded
ActiveState=inactive
SubState=dead
FragmentPath=/usr/lib/systemd/system/systemd-hwdb-update.service
UnitFileState=static
ConditionResult=no
### kmod-static-nodes.service
Result=success
ExecStart={ path=/usr/bin/kmod ; argv[]=/usr/bin/kmod static-nodes --format=tmpfiles --output=/run/tmpfiles.d/static-nodes.conf ; ignore_errors=no ; start_time=[n/a] ; stop_time=[n/a] ; pid=0 ; code=(null) ; status=0/0 }
User=
Group=
LoadState=loaded
ActiveState=inactive
SubState=dead
FragmentPath=/usr/lib/systemd/system/kmod-static-nodes.service
UnitFileState=static
ConditionResult=no
### initrd-cleanup.service
Result=success
ExecStart={ path=systemctl ; argv[]=systemctl --no-block isolate initrd-switch-root.target ; ignore_errors=no ; start_time=[n/a] ; stop_time=[n/a] ; pid=0 ; code=(null) ; status=0/0 }
User=
Group=
LoadState=loaded
ActiveState=inactive
SubState=dead
FragmentPath=/usr/lib/systemd/system/initrd-cleanup.service
UnitFileState=static
ConditionResult=no
### initrd-parse-etc.service
Result=success
ExecStart={ path=/usr/lib/systemd/system-generators/systemd-fstab-generator ; argv[]=systemd-sysroot-fstab-check ; ignore_errors=no ; start_time=[n/a] ; stop_time=[n/a] ; pid=0 ; code=(null) ; status=0/0 }
ExecStart={ path=systemctl ; argv[]=systemctl --no-block start initrd-cleanup.service ; ignore_errors=no ; start_time=[n/a] ; stop_time=[n/a] ; pid=0 ; code=(null) ; status=0/0 }
User=
Group=
LoadState=loaded
ActiveState=inactive
SubState=dead
FragmentPath=/usr/lib/systemd/system/initrd-parse-etc.service
UnitFileState=static
ConditionResult=no

== dpkg trigger metadata ==
/var/lib/dpkg/info/bcache-tools.triggers:2:activate-noawait update-initramfs
/var/lib/dpkg/info/btrfs-progs.triggers:2:activate-noawait update-initramfs
/var/lib/dpkg/info/busybox-initramfs.triggers:2:activate-noawait update-initramfs
/var/lib/dpkg/info/cloud-initramfs-copymods.triggers:2:activate-noawait update-initramfs
/var/lib/dpkg/info/cloud-initramfs-dyn-netconf.triggers:2:activate-noawait update-initramfs
/var/lib/dpkg/info/cryptsetup-initramfs.triggers:2:activate-noawait update-initramfs
/var/lib/dpkg/info/dmsetup.triggers:2:activate-noawait update-initramfs
/var/lib/dpkg/info/fuse3.triggers:2:activate-noawait update-initramfs
/var/lib/dpkg/info/initramfs-tools.triggers:1:interest-await update-initramfs
/var/lib/dpkg/info/kbd.triggers:2:activate-noawait update-initramfs
/var/lib/dpkg/info/klibc-utils.triggers:2:activate-noawait update-initramfs
/var/lib/dpkg/info/kmod.triggers:2:activate-noawait update-initramfs
/var/lib/dpkg/info/lvm2.triggers:2:activate-noawait update-initramfs
/var/lib/dpkg/info/mdadm.triggers:2:activate-noawait update-initramfs
/var/lib/dpkg/info/ntfs-3g.triggers:2:activate-noawait update-initramfs
/var/lib/dpkg/info/open-iscsi.triggers:2:activate-noawait update-initramfs
/var/lib/dpkg/info/overlayroot.triggers:2:activate-noawait update-initramfs
/var/lib/dpkg/info/sg3-utils-udev.triggers:2:activate-noawait update-initramfs
/var/lib/dpkg/info/thin-provisioning-tools.triggers:2:activate-noawait update-initramfs
/var/lib/dpkg/info/udev.triggers:6:activate-noawait update-initramfs

== vulnerable-looking code path lines ==
### /usr/sbin/update-initramfs
14:if [ -n "$DPKG_MAINTSCRIPT_PACKAGE" ] && [ $# = 1 ] && [ "$1" = -u ]; then
15:	if dpkg-trigger --no-await update-initramfs; then
83:	[ -r "${initramfs_bak}" ] && rm -f "${initramfs_bak}"
84:	ln -f "${initramfs}" "${initramfs_bak}" \
85:		|| cp -a "${initramfs}" "${initramfs_bak}"
98:	[ ! -r /proc/uptime ] && rm -f "${initramfs_bak}" && return 0
101:	[ "${backup_initramfs}" = "no" ] && rm -f "${initramfs_bak}" && return 0
105:		mv -f "${initramfs_bak}" "${initramfs}.bak"
117:		mv -f "${initramfs_bak}" "${initramfs}.bak"
122:	rm -f "${initramfs_bak}"
129:	rm -f "${initramfs_bak}"
142:	if mkinitramfs ${OPTS} "${initramfs}.new" "${version}"; then
143:		mv -f "${initramfs}.new" "${initramfs}"
147:		mkinitramfs_return="$?"
149:		rm -f "${initramfs}.new"
150:		echo "update-initramfs: failed for ${initramfs} with $mkinitramfs_return." >&2
151:		exit $mkinitramfs_return
158:	# invoke policy conformant bootloader hooks
160:		run-parts --arg="${version}" --arg="${initramfs}" \
207:		linktarget="$(basename "$(readlink /initrd.img)")"
211:		linktarget="$(basename "$(readlink /boot/initrd.img)")"
293:	rm -f "${initramfs}" "${initramfs}.bak"
### /usr/sbin/mkinitramfs
4:export PATH='/usr/bin:/sbin:/bin'
8:CONFDIR="/etc/initramfs-tools"
18:Usage: mkinitramfs [option]... -o outfile [version]
28:See mkinitramfs(8) for further details.
50:		CONFDIR="$2"
52:		if [ ! -d "${CONFDIR}" ]; then
53:			echo "${0}: ${CONFDIR}: Not a directory" >&2
92:# For dependency ordered mkinitramfs hook scripts.
93:. /usr/share/initramfs-tools/scripts/functions
97:# initramfs hooks can configure each other
102:. "${CONFDIR}/initramfs.conf"
118:for i in /usr/share/initramfs-tools/conf.d/*; do
120:	if ! [ -e "${CONFDIR}"/conf.d/"$(basename "${i}")" ]; then
124:for i in "${CONFDIR}"/conf.d/*; do
129:for i in /usr/share/initramfs-tools/conf-hooks.d/*; do
142:	echo >&2 "E: busybox-initramfs, version 1:1.30.1-4ubuntu5~ or later, is required but not installed"
155:outfile="$(readlink -f "$outfile")"
270:	depmod "${version}"
290:			test -z "${path}" || rm -rf "${path}"
298:[ -n "${TMPDIR}" ] && [ ! -w "${TMPDIR}" ] && unset TMPDIR
299:DESTDIR="$(mktemp -d "${TMPDIR:-/var/tmp}/mkinitramfs_XXXXXX")" || exit 1
301:__TMPMAINFILES="$(mktemp "${TMPDIR:-/var/tmp}/mkinitramfs-MAIN_files_XXXXXX")" || exit 1
302:__TMPUNCOMPRESSEDFILES="$(mktemp "${TMPDIR:-/var/tmp}/mkinitramfs-UNCOMPRESSED_files_XXXXXX")" || exit 1
303:__TMPCPIOGZ="$(mktemp "${TMPDIR:-/var/tmp}/mkinitramfs-OL_XXXXXX")" || exit 1
304:__TMPEARLYCPIO="$(mktemp "${TMPDIR:-/var/tmp}/mkinitramfs-FW_XXXXXX")" || exit 1
305:__MODULES_TO_ADD="$(mktemp "${TMPDIR:-/var/tmp}/modules_XXXXXX")" || exit 1
309:# Export environment for hook scripts.
313:export CONFDIR
335:	ln -s "usr${d}" "${DESTDIR}${d}"
337:for d in conf/conf.d etc run scripts ${MODULESDIR}; do
341:# Copy in modules.builtin, modules.builtin.modinfo and modules.order (not generated by depmod)
342:# and modules.builtin.bin (generated by depmod, but too late to avoid
346:		cp -p "${MODULESDIR}/${x}" "${DESTDIR}${MODULESDIR}/${x}"
351:for x in "${CONFDIR}/modules" /usr/share/initramfs-tools/modules.d/*; do
373:	echo "W: mkinitramfs: unsupported MODULES setting: ${MODULES}." >&2
374:	echo "W: mkinitramfs: Falling back to MODULES=most." >&2
383:cp -p /usr/share/initramfs-tools/init "${DESTDIR}/init"
385:# add existant boot scripts
386:for b in $(cd /usr/share/initramfs-tools/scripts/ && find . \
388:	option=$(sed '/^OPTION=/!d;$d;s/^OPTION=//;s/[[:space:]]*$//' "/usr/share/initramfs-tools/scripts/${b}")
392:	[ -d "${DESTDIR}/scripts/$(dirname "${b}")" ] \
393:		|| mkdir -p "${DESTDIR}/scripts/$(dirname "${b}")"
394:	cp -p "/usr/share/initramfs-tools/scripts/${b}" \
395:		"${DESTDIR}/scripts/$(dirname "${b}")/"
398:for b in $(cd "${CONFDIR}/scripts" && find . -maxdepth 2 -name '.?*' -prune -o \
400:	option=$(sed '/^OPTION=/!d;$d;s/^OPTION=//;s/[[:space:]]*$//' "${CONFDIR}/scripts/${b}")
403:	[ -d "${DESTDIR}/scripts/$(dirname "${b}")" ] \
404:		|| mkdir -p "${DESTDIR}/scripts/$(dirname "${b}")"
405:	cp -p "${CONFDIR}/scripts/${b}" "${DESTDIR}/scripts/$(dirname "${b}")/"
409:cp -p "${CONFDIR}/initramfs.conf" "${DESTDIR}/conf"
411:	copy_file config "${i}" /conf/conf.d
416:	echo "ROOT=${ROOT}" > "${DESTDIR}/conf/conf.d/root"
426:ln -s /proc/mounts "${DESTDIR}/etc/mtab"
435:copy_exec /sbin/modprobe /sbin
437:mkdir -p "${DESTDIR}/etc/modprobe.d" "${DESTDIR}/lib/modprobe.d"
438:for file in /etc/modprobe.d/*.conf /lib/modprobe.d/*.conf ; do
445:run_scripts_optional /usr/share/initramfs-tools/hooks
448:run_scripts_optional "${CONFDIR}"/hooks
451:for b in $(cd "${DESTDIR}/scripts" && find . -mindepth 1 -type d); do
452:	cache_run_scripts "${DESTDIR}" "/scripts/${b#./}"
459:depmod -a -b "${DESTDIR}" "${version}"
460:rm -f "${DESTDIR}/lib/modules/${version}"/modules.*map
463:cp -pPr /etc/ld.so.conf* "$DESTDIR"/etc/
471:	rm -f "${DESTDIR}"/var/cache/ldconfig/aux-cache
476:if [ -e "${CONFDIR}/DSDT.aml" ]; then
477:	copy_file DSDT "${CONFDIR}/DSDT.aml"
488:	| xargs ${xargs_verbose:-} -rL1 rm -f)
531:			{ echo "E: mkinitramfs failure main find $?" >&2; echo 1 >&3; exit; }
533:		LC_ALL=C sort || { echo "E: mkinitramfs failure sort $?" >&2; echo 1 >&3; exit; }
534:	} | uniq > "${__TMPMAINFILES}" || { echo "E: mkinitramfs failure uniq $?" >&2; echo 1 >&3; exit; }
540:			{ echo "E: mkinitramfs failure uncompressed find $?" >&2; echo 1 >&3; exit; }
542:		LC_ALL=C sort || { echo "E: mkinitramfs failure sort $?" >&2; echo 1 >&3; exit; }
543:	} | uniq > "${__TMPUNCOMPRESSEDFILES}" || { echo "E: mkinitramfs failure uniq $?" >&2; echo 1 >&3; exit; }
555:				{ echo "E: mkinitramfs failure uncompressed cpio $?" >&2; echo 1 >&3; exit; }
561:				{ echo "E: mkinitramfs failure cpio $?" >&2; echo 1 >&3; exit; }
563:			{ echo "E: mkinitramfs failure $compress $?" >&2; echo 1 >&3; exit; }
### /usr/share/initramfs-tools/hook-functions
36:#   modprobe_module_name [args ...]
181:		link_target="$(readlink -f "${src}")" || return $(($? + 1))
196:			ln -rs "${DESTDIR}/${link_target}" "${DESTDIR}/${target}"
207:	cp -pP "${src}" "${DESTDIR}/${target}" || return $(($? + 1))
347:		driver_path="$(readlink -f "${device_path}/driver/module")"
349:			module="$(basename "$(readlink -f "$driver_path")")"
362:	dev_sys_path="$(readlink -f "$1")"
368:			nvme_sys_path=$(readlink -f "$component")
379:	dev_sys_path="$(readlink -f "$1")"
409:		echo "mkinitramfs: for device ${dev_node} missing ${dev_sys_path}" >&2
410:		echo "mkinitramfs: workaround is MODULES=most" >&2
411:		echo "mkinitramfs: Error please report the bug" >&2
453:		echo "mkinitramfs: MODULES dep requires mounted sysfs on /sys" >&2
521:	if [ -z "$dev_node" ] || ! dev_node="$(readlink -f "${dev_node}")" \
523:		echo "mkinitramfs: failed to determine device for $dir" >&2
524:		echo "mkinitramfs: workaround is MODULES=most, check:" >&2
525:		echo "grep -r MODULES ${CONFDIR}" >&2
535:		echo "mkinitramfs: unknown fstype on device ${dev_node}" >&2
536:		echo "mkinitramfs: workaround is MODULES=most" >&2
552:		device="$(readlink -f "$device")" \
590:			sys_walk_mod_add "$(readlink -f "$device")"
678:			modules="$modules ehci-hcd ehci-pci ehci-platform ohci-hcd ohci-pci"
777:			modules="$modules mptfc mptsas mptscsih mptspi zfcp =drivers/ufs"
804:			modules="$modules rockchipdrm pwm-cros-ec pwm_bl pwm-rockchip panel-simple"
805:			modules="$modules analogix-anx6345 pwm-sun4i sun4i-drm sun8i-mixer panel-edp"
806:			# For panel/backlight on MNT Reform 2
843:# 'depmod' only looks at symbol dependencies and the 'softdep' module
904:	elif [ -f "${CONFDIR}${scriptdir}/$1" ]; then
905:		echo "${CONFDIR}${scriptdir}/$1"
936:		# skip non executable scripts
967:# cache boot scripts order
968:cache_run_scripts()
984:call_scripts()
989:		if [ "$call_scripts_optional" = "y" ]; then
995:		# mkinitramfs verbose output
1000:		# allow hooks to abort build:
1003:			# only errexit on mkinitramfs
1006:		# allow boot scripts to modify exported boot parameters
1014:run_scripts()
1021:	call_scripts "$scriptdir"
1024:run_scripts_optional()
1026:	call_scripts_optional=y
1027:	run_scripts "$@"
### /etc/kernel/postinst.d/initramfs-tools
10:	echo >&2 "W: initramfs-tools: ${DPKG_MAINTSCRIPT_PACKAGE:-kernel package} did not pass a version number"
### /etc/kernel/postrm.d/initramfs-tools
10:	echo >&2 "W: initramfs-tools: ${DPKG_MAINTSCRIPT_PACKAGE:-kernel package} did not pass a version number"
### /etc/kernel/postinst.d/xx-update-initrd-links
### /usr/lib/kernel/install.d/50-depmod.install
31:        command -v depmod >/dev/null || exit 0
32:        [ "$KERNEL_INSTALL_VERBOSE" -gt 0 ] && echo "+depmod -a $KERNEL_VERSION"
33:        exec depmod -a "$KERNEL_VERSION"
38:        exec rm -f \
### /usr/lib/kernel/install.d/55-initrd.install
21:    ln -fs "$INITRD_SRC" "$KERNEL_INSTALL_STAGING_AREA"
### /usr/lib/kernel/install.d/90-loaderentry.install
50:        exec rm -f \
74:if [ -n "$KERNEL_INSTALL_CONF_ROOT" ]; then
75:    if [ -f "$KERNEL_INSTALL_CONF_ROOT/cmdline" ]; then
76:        BOOT_OPTIONS="$(tr -s "$IFS" ' ' <"$KERNEL_INSTALL_CONF_ROOT/cmdline")"
96:TRIES_FILE="${KERNEL_INSTALL_CONF_ROOT:-/etc/kernel}/tries"
118:if [ -n "$KERNEL_INSTALL_CONF_ROOT" ]; then
119:    if [ -f "$KERNEL_INSTALL_CONF_ROOT/devicetree" ]; then
120:        read -r DEVICETREE <"$KERNEL_INSTALL_CONF_ROOT/devicetree"
129:        "$KERNEL_INSTALL_CONF_ROOT" \
156:# All files listed as arguments, and staged files starting with "initrd" are installed as initrds.
### /usr/bin/kernel-install
### /usr/sbin/installkernel
13:# from a generic kernel source tree, and the image will be installed to
39:    mv "$dir/$1-$ver" "$dir/$1-$ver.old"
52:        if [ "$(readlink -f ${dir}/${1})" = "${dir}/${1}-${ver}" ]; then
54:            ln -sf "$1-$ver.old" "$dir/$1.old"
56:            mv "$dir/$1" "$dir/$1.old"
58:        ln -sf "$1-$ver" "$dir/$1"
60:        mv "$dir/$1" "$dir/$1.old"
80:# If installing in the usual directory, run the same scripts that hook
84:  PATH="$PATH:/usr/sbin:/sbin" \
85:    run-parts --verbose --exit-on-error --arg="$ver" --arg="$dir/$img_dest-$ver" \
### /usr/bin/ucf
24:# shipped with the package, instead, they are installed during the
30:# flavour of installed emacsen by calling it with the proper values of
169:                             default '/var/lib/ucf'. Used mostly for testing.
192:	if [ -e "${statedir}/hashfile.${i}" ]; then
194:		cp -pf "${statedir}/hashfile.${i}" \
195:		    "${statedir}/hashfile.$(($i+1))"
197:		echo cp -pf "${statedir}/hashfile.${i}" \
198:                          "${statedir}/hashfile.$(($i+1))"
202:    if [ -e "$statedir/hashfile" ]; then
204:	    cp -pf "$statedir/hashfile"  "$statedir/hashfile.0"
206:	    echo cp -pf "$statedir/hashfile"  "$statedir/hashfile.0"
211:		echo >&2 "grep -Ev [[:space:]]${safe_dest_file}$ $statedir/hashfile"
212:		grep -Ev "[[:space:]]${safe_dest_file}$"  "$statedir/hashfile" >&2 \
215:	    #echo "grep -Ev [[:space:]]${safe_dest_file}$ $statedir/hashfile"
216:	    grep -Ev "[[:space:]]${safe_dest_file}$" "$statedir/hashfile" > \
217:		"$statedir/hashfile.tmp" || true;
219:		mv -f "$statedir/hashfile.tmp"  "$statedir/hashfile"
221:		echo mv -f "$statedir/hashfile.tmp"  "$statedir/hashfile"
227:    if [ ! -z "$cached_file" -a -f "$statedir/cache/$cached_file" ]; then
228:	$action rm -f "$statedir/cache/$cached_file"
234:	if [ -e "${statedir}/hashfile.${i}" ]; then
236:		cp -pf "${statedir}/hashfile.${i}" \
237:		    "${statedir}/hashfile.$(($i+1))"
239:		echo cp -pf "${statedir}/hashfile.${i}" \
240:		    "${statedir}/hashfile.$(($i+1))"
244:    if [ -e "$statedir/hashfile" ]; then
246:	    cp -pf "$statedir/hashfile"  "$statedir/hashfile.0"
248:	    echo cp -pf "$statedir/hashfile"  "$statedir/hashfile.0"
253:		echo >&2 "(grep -Ev \"[[:space:]]${safe_dest_file}$\" \"$statedir/hashfile\";"
254:		grep -Ev "[[:space:]]${safe_dest_file}$"  "$statedir/hashfile" >&2 || true;
257:	    grep -Ev "[[:space:]]${safe_dest_file}$" "$statedir/hashfile" > \
258:		"$statedir/hashfile.tmp" || true;
260:		"$statedir/hashfile.tmp";
261:	    mv -f "$statedir/hashfile.tmp"  "$statedir/hashfile"
264:	    echo "(grep -Ev \"[[:space:]]${safe_dest_file}$\" \"$statedir/hashfile\""
266:	    echo ") | sort > \"$statedir/hashfile\""
271:		"$statedir/hashfile"
274:		"\"$statedir/hashfile\""
279:	$action cp -pf "$orig_new_file" "$statedir/cache/$cached_file"
281:    # cp -pf "$orig_new_file" "$dest_file.${DIST_SUFFIX}"
289:	real_file="$(readlink -nf $dest_file || :)"
292:	    $action rm -f "$dest_file";
303:	    $action cp -pf $selinux "${real_file}" "${real_file}.${OLD_SUFFIX}"
308:        $action cp -f $selinux "$new_file" "${real_file}"
311:        $action cp -pf $selinux "$new_file" "${real_file}"
329:# Long term variables#
337:statedir='/var/lib/ucf';
415:        setq dest_file "$(readlink -q -m $temp_dest_file)" "The Destination file";
433:    setq new_file  "$(readlink -q -m $temp_new_file)"  "The new file";
435:        setq dest_file "$(readlink -q -m $temp_dest_file)" "The Destination file";
441:# Follow dpkg-divert as though we are installed as part of $opt_package
483:     [ "X$(readlink -e /usr/bin/pager || :)" != "X" ]; then
496:    setq statedir "$opt_state_dir" "The State directory"
498:    setq statedir "$UCF_STATE_DIR" "The State directory"
500:    setq statedir "$conf_state_dir" "The State directory"
502:    setq statedir '/var/lib/ucf'  "The State directory"
569:if [ -e "$statedir/hashfile" -a ! -w "$statedir/hashfile" ]; then
576:if [ ! -d $statedir/cache ]; then
577:    $action mkdir -p $statedir/cache ;
581:if [ -e "$statedir/hashfile" ]; then
584:	echo >&2 "grep -E" "[[:space:]]${safe_dest_file}$" "$statedir/hashfile"
585:	grep -E "[[:space:]]${safe_dest_file}$" "$statedir/hashfile" >&2 || true
587:    lastsum=$(grep -E "[[:space:]]${safe_dest_file}$" "$statedir/hashfile" | \
609:The file may be cached at \'$statedir/cache/$cached_file\'
688:	# maintainers to fix their scripts.
697:             Please inform the package maintainer about this problem.
769:#         installed file matches any of the old md5sums; in which case
786:			    cp -pf "$orig_new_file" "$dest_file.${DIST_SUFFIX}"
804:			cp -pf "$orig_new_file" "$dest_file.${DIST_SUFFIX}"
811:#	   previously installed version'', since we have no way of
863:        # installed on this machine.
924:	cp -pf "$orig_new_file" "$dest_file.${DIST_SUFFIX}"
943:	cp -pf "$orig_new_file" "$dest_file.${DIST_SUFFIX}"
961:		if [ -e "$statedir/cache/$cached_file" ] && [ "X$THREEWAY" != "X" ]; then
1000:#     N or O  : keep your currently-installed version                                  #
1004:# 		if [ "X$THREEWAY" != "X" -a -e "$statedir/cache/$cached_file" ]; then  #
1016:# 		if [ "X$THREEWAY" != "X" -a -e "$statedir/cache/$cached_file" ]; then  #
1043:		if [ -e "$statedir/cache/$cached_file" \
1047:			    "$dest_file" "$statedir/cache/$cached_file" \
1051:			    /dev/null "$statedir/cache/$cached_file" \
1062:		if [ -e "$statedir/cache/$cached_file" \
1066:			"$dest_file" "$statedir/cache/$cached_file" \
1073:			    rm -f "$dest_file.${NEW_SUFFIX}" # don't need this around no mo'
1077:			    mv "$dest_file.${NEW_SUFFIX}" "$dest_file.${ERR_SUFFIX}"
1086:		    rm -f "$dest_file.${NEW_SUFFIX}" # don't need this around no mo'
1120:		cp -pf "$orig_new_file" "$dest_file.${DIST_SUFFIX}"
### /usr/bin/ucfr
51:    if [ ! -e "$statedir/registry" ]; then
52:        echo >&2 "$progname: Internal error: $statedir/registry does not exist";
62:    old_pkg=$(grep -E "[[:space:]]${real_conf_file_re}$" "$statedir/registry" | \
74:	if [ -e "${statedir}/registry.${i}" ]; then
76:		cp -f "${statedir}/registry.${i}"  "${statedir}/registry.$(($i + 1))"
78:		echo cp -f "${statedir}/registry.${i}" "${statedir}/registry.$(($i + 1))"
83:	cp -f "$statedir/registry"  "$statedir/registry.0"
85:	echo cp -f "$statedir/registry"  "$statedir/registry.0"
90:	    echo "grep -Ev [[:space:]]${real_conf_file_re}$ $statedir/registry >\\"
91:            echo "	$statedir/registry.tmp || true";
93:	#echo "grep -Ev [[:space:]]${real_conf_file_re}$ $statedir/registry"
94:	grep -Ev "[[:space:]]${real_conf_file_re}$" "$statedir/registry" > \
95:	    "$statedir/registry.tmp" || true;
97:	    mv -f "$statedir/registry.tmp"  "$statedir/registry"
99:	    echo mv -f "$statedir/registry.tmp"  "$statedir/registry"
106:    if [ ! -e "$statedir/registry" ]; then
107:        echo >&2 "$progname: Internal error: $statedir/registry does not exist";
111:        old_pkg=$(grep -E "[[:space:]]${real_conf_file_re}$" "$statedir/registry" | \
137:	if [ -e "${statedir}/registry.${i}" ]; then
139:		cp -f "${statedir}/registry.${i}" \
140:		    "${statedir}/registry.$(($i + 1))"
142:		echo cp -f "${statedir}/registry.${i}" \
143:		    "${statedir}/registry.$(($i + 1))"
148:	cp -f "$statedir/registry"  "$statedir/registry.0"
150:	echo cp -f "$statedir/registry"  "$statedir/registry.0"
155:	    echo "grep -Ev \"[[:space:]]${real_conf_file_re}$\" \"$statedir/registry\"  \\"
156:            echo "	$statedir/registry.tmp || true"
157:	    echo "echo \"$pkg 	 $real_conf_file\" >> \"$statedir/registry.tmp\""
158:	    echo "mv -f  $statedir/registry.tmp $statedir/registry"
160:	grep -Ev "[[:space:]]${real_conf_file_re}$" "$statedir/registry" > \
161:	    "$statedir/registry.tmp" || true;
162:	echo "$pkg 	 $real_conf_file" >>   "$statedir/registry.tmp";
163:	mv -f "$statedir/registry.tmp"  "$statedir/registry"
166:	echo "grep -Ev \"[[:space:]]${real_conf_file_re}$\" \"$statedir/registry\"  \\"
167:        echo "	$statedir/registry.tmp || true"
168:	echo "echo \"$pkg 	 $real_conf_file\" >> \"$statedir/registry.tmp\""
169:	echo "mv -f  $statedir/registry.tmp $statedir/registry"
192:                             default '/var/lib/ucf'. Used mostly for testing.
203:# Long term variables#
210:statedir='/var/lib/ucf';
269:setq real_conf_file "$(readlink -q -m $conf_file)" "The (real) Configuration file";
292:    setq statedir "$opt_state_dir" "The State directory"
294:    setq statedir "$UCF_STATE_DIR" "The State directory"
296:    setq statedir "$conf_state_dir" "The State directory"
298:    setq statedir '/var/lib/ucf'  "The State directory"
307:if [ -e "$statedir/registry" -a ! -w "$statedir/registry" ]; then
315:if [ ! -d "$statedir" ]; then
316:    $action mkdir -p "$statedir"
319:if [ ! -f "$statedir/registry" ]; then
320:    $action touch "$statedir/registry"
329:count=$(grep -E --count "[[:space:]]${real_conf_file_re}$" "$statedir/registry") || true
333:    grep -E "[[:space:]]${real_conf_file_re}$" "$statedir/registry";

== link protections ==
fs.protected_symlinks = 1
fs.protected_hardlinks = 1
fs.protected_fifos = 1
fs.protected_regular = 2

## attacker writability and auth-gated root transitions
$ docker exec -i ubuntu24-server-lpe-target runuser -u attacker -- bash -s
== attacker identity ==
uid=1001(attacker) gid=1001(attacker) groups=1001(attacker)

== trust root writability ==
NO_W /boot
touch /boot: touch: cannot touch '/boot/kernel_initramfs_hooks_probe.touch': Permission denied
NO_W /etc/initramfs-tools
touch /etc/initramfs-tools: touch: cannot touch '/etc/initramfs-tools/kernel_initramfs_hooks_probe.touch': Permission denied
NO_W /etc/initramfs-tools/conf.d
touch /etc/initramfs-tools/conf.d: touch: cannot touch '/etc/initramfs-tools/conf.d/kernel_initramfs_hooks_probe.touch': Permission denied
NO_W /etc/initramfs-tools/hooks
touch /etc/initramfs-tools/hooks: touch: cannot touch '/etc/initramfs-tools/hooks/kernel_initramfs_hooks_probe.touch': Permission denied
NO_W /etc/initramfs-tools/scripts
touch /etc/initramfs-tools/scripts: touch: cannot touch '/etc/initramfs-tools/scripts/kernel_initramfs_hooks_probe.touch': Permission denied
NO_W /usr/share/initramfs-tools/hooks
touch /usr/share/initramfs-tools/hooks: touch: cannot touch '/usr/share/initramfs-tools/hooks/kernel_initramfs_hooks_probe.touch': Permission denied
MISSING /etc/initramfs/post-update.d
NO_W /etc/kernel/postinst.d
touch /etc/kernel/postinst.d: touch: cannot touch '/etc/kernel/postinst.d/kernel_initramfs_hooks_probe.touch': Permission denied
NO_W /etc/kernel/postrm.d
touch /etc/kernel/postrm.d: touch: cannot touch '/etc/kernel/postrm.d/kernel_initramfs_hooks_probe.touch': Permission denied
NO_W /usr/lib/kernel/install.d
touch /usr/lib/kernel/install.d: touch: cannot touch '/usr/lib/kernel/install.d/kernel_initramfs_hooks_probe.touch': Permission denied
NO_W /etc/depmod.d
touch /etc/depmod.d: touch: cannot touch '/etc/depmod.d/kernel_initramfs_hooks_probe.touch': Permission denied
MISSING /usr/lib/depmod.d
NO_W /etc/modprobe.d
touch /etc/modprobe.d: touch: cannot touch '/etc/modprobe.d/kernel_initramfs_hooks_probe.touch': Permission denied
NO_W /usr/lib/modprobe.d
touch /usr/lib/modprobe.d: touch: cannot touch '/usr/lib/modprobe.d/kernel_initramfs_hooks_probe.touch': Permission denied
NO_W /etc/modules-load.d
touch /etc/modules-load.d: touch: cannot touch '/etc/modules-load.d/kernel_initramfs_hooks_probe.touch': Permission denied
NO_W /usr/lib/modules-load.d
touch /usr/lib/modules-load.d: touch: cannot touch '/usr/lib/modules-load.d/kernel_initramfs_hooks_probe.touch': Permission denied
NO_W /etc/sysctl.d
touch /etc/sysctl.d: touch: cannot touch '/etc/sysctl.d/kernel_initramfs_hooks_probe.touch': Permission denied
NO_W /usr/lib/sysctl.d
touch /usr/lib/sysctl.d: touch: cannot touch '/usr/lib/sysctl.d/kernel_initramfs_hooks_probe.touch': Permission denied
NO_W /etc/binfmt.d
touch /etc/binfmt.d: touch: cannot touch '/etc/binfmt.d/kernel_initramfs_hooks_probe.touch': Permission denied
NO_W /usr/lib/binfmt.d
touch /usr/lib/binfmt.d: touch: cannot touch '/usr/lib/binfmt.d/kernel_initramfs_hooks_probe.touch': Permission denied
MISSING /etc/sysusers.d
NO_W /usr/lib/sysusers.d
touch /usr/lib/sysusers.d: touch: cannot touch '/usr/lib/sysusers.d/kernel_initramfs_hooks_probe.touch': Permission denied
NO_W /etc/udev/hwdb.d
touch /etc/udev/hwdb.d: touch: cannot touch '/etc/udev/hwdb.d/kernel_initramfs_hooks_probe.touch': Permission denied
NO_W /usr/lib/udev/hwdb.d
touch /usr/lib/udev/hwdb.d: touch: cannot touch '/usr/lib/udev/hwdb.d/kernel_initramfs_hooks_probe.touch': Permission denied
NO_W /var/lib/dpkg/triggers
touch /var/lib/dpkg/triggers: touch: cannot touch '/var/lib/dpkg/triggers/kernel_initramfs_hooks_probe.touch': Permission denied
NO_W /var/lib/ucf
touch /var/lib/ucf: touch: cannot touch '/var/lib/ucf/kernel_initramfs_hooks_probe.touch': Permission denied
NO_W /etc/alternatives
touch /etc/alternatives: touch: cannot touch '/etc/alternatives/kernel_initramfs_hooks_probe.touch': Permission denied
NO_W /var/lib/dpkg/alternatives
touch /var/lib/dpkg/alternatives: touch: cannot touch '/var/lib/dpkg/alternatives/kernel_initramfs_hooks_probe.touch': Permission denied
MISSING /run/tmpfiles.d

== systemd manager env and unit starts as attacker ==
Failed to set environment: Access denied
### start systemd-hwdb-update.service
Failed to start systemd-hwdb-update.service: Interactive authentication required.
See system logs and 'systemctl status systemd-hwdb-update.service' for details.
### start kmod-static-nodes.service
Failed to start kmod-static-nodes.service: Interactive authentication required.
See system logs and 'systemctl status kmod-static-nodes.service' for details.
### start systemd-binfmt.service
Failed to start systemd-binfmt.service: Interactive authentication required.
See system logs and 'systemctl status systemd-binfmt.service' for details.
### start systemd-sysctl.service
Failed to start systemd-sysctl.service: Interactive authentication required.
See system logs and 'systemctl status systemd-sysctl.service' for details.
### start systemd-sysusers.service
Failed to start systemd-sysusers.service: Interactive authentication required.
See system logs and 'systemctl status systemd-sysusers.service' for details.
### start systemd-modules-load.service
Failed to start systemd-modules-load.service: Interactive authentication required.
See system logs and 'systemctl status systemd-modules-load.service' for details.

## plant attacker-controlled hooks, env payloads, and symlink bait
$ docker exec -i ubuntu24-server-lpe-target runuser -u attacker -- bash -s
planted attacker state at /home/attacker/kernel_initramfs_hooks_probe
/home/attacker/kernel_initramfs_hooks_probe
/home/attacker/kernel_initramfs_hooks_probe/System.map
/home/attacker/kernel_initramfs_hooks_probe/altadmin
/home/attacker/kernel_initramfs_hooks_probe/altdir
/home/attacker/kernel_initramfs_hooks_probe/bin
/home/attacker/kernel_initramfs_hooks_probe/bin/awk
/home/attacker/kernel_initramfs_hooks_probe/bin/basename
/home/attacker/kernel_initramfs_hooks_probe/bin/chmod
/home/attacker/kernel_initramfs_hooks_probe/bin/chown
/home/attacker/kernel_initramfs_hooks_probe/bin/cp
/home/attacker/kernel_initramfs_hooks_probe/bin/depmod
/home/attacker/kernel_initramfs_hooks_probe/bin/dirname
/home/attacker/kernel_initramfs_hooks_probe/bin/dpkg-trigger
/home/attacker/kernel_initramfs_hooks_probe/bin/find
/home/attacker/kernel_initramfs_hooks_probe/bin/grep
/home/attacker/kernel_initramfs_hooks_probe/bin/install
/home/attacker/kernel_initramfs_hooks_probe/bin/kmod
/home/attacker/kernel_initramfs_hooks_probe/bin/linux-update-symlinks
/home/attacker/kernel_initramfs_hooks_probe/bin/ln
/home/attacker/kernel_initramfs_hooks_probe/bin/mkdir
/home/attacker/kernel_initramfs_hooks_probe/bin/mkinitramfs
/home/attacker/kernel_initramfs_hooks_probe/bin/mktemp
/home/attacker/kernel_initramfs_hooks_probe/bin/modprobe
/home/attacker/kernel_initramfs_hooks_probe/bin/mv
/home/attacker/kernel_initramfs_hooks_probe/bin/payload
/home/attacker/kernel_initramfs_hooks_probe/bin/readlink
/home/attacker/kernel_initramfs_hooks_probe/bin/rm
/home/attacker/kernel_initramfs_hooks_probe/bin/run-parts
/home/attacker/kernel_initramfs_hooks_probe/bin/sed
/home/attacker/kernel_initramfs_hooks_probe/bin/systemctl
/home/attacker/kernel_initramfs_hooks_probe/bin/systemd-hwdb
/home/attacker/kernel_initramfs_hooks_probe/bin/systemd-sysusers
/home/attacker/kernel_initramfs_hooks_probe/bin/touch
/home/attacker/kernel_initramfs_hooks_probe/bin/ucf
/home/attacker/kernel_initramfs_hooks_probe/bin/update-alternatives
/home/attacker/kernel_initramfs_hooks_probe/bin/update-initramfs
/home/attacker/kernel_initramfs_hooks_probe/boot
/home/attacker/kernel_initramfs_hooks_probe/dest.conf
/home/attacker/kernel_initramfs_hooks_probe/dracut-root
/home/attacker/kernel_initramfs_hooks_probe/hwdb-root
/home/attacker/kernel_initramfs_hooks_probe/hwdb-root/etc
/home/attacker/kernel_initramfs_hooks_probe/hwdb-root/etc/udev
/home/attacker/kernel_initramfs_hooks_probe/initramfs
/home/attacker/kernel_initramfs_hooks_probe/initramfs/conf.d
/home/attacker/kernel_initramfs_hooks_probe/initramfs/hooks
/home/attacker/kernel_initramfs_hooks_probe/initramfs/hooks/zz_kernel_initramfs_hooks_probe
/home/attacker/kernel_initramfs_hooks_probe/initramfs/initramfs.conf
/home/attacker/kernel_initramfs_hooks_probe/initramfs/modules
/home/attacker/kernel_initramfs_hooks_probe/initramfs/scripts
/home/attacker/kernel_initramfs_hooks_probe/kernel-conf
/home/attacker/kernel_initramfs_hooks_probe/kernel-conf/cmdline
/home/attacker/kernel_initramfs_hooks_probe/new.conf
/home/attacker/kernel_initramfs_hooks_probe/out
/home/attacker/kernel_initramfs_hooks_probe/sysusers-root
/home/attacker/kernel_initramfs_hooks_probe/sysusers-root/usr
/home/attacker/kernel_initramfs_hooks_probe/sysusers-root/usr/lib
/home/attacker/kernel_initramfs_hooks_probe/tmp
/home/attacker/kernel_initramfs_hooks_probe/ucfstate
/home/attacker/kernel_initramfs_hooks_probe/vmlinuz

## direct helper execution remains uid1001 only
$ docker exec -i ubuntu24-server-lpe-target runuser -u attacker -- bash -s
== direct update-initramfs with attacker PATH ==
update-initramfs: Generating /home/attacker/kernel_initramfs_hooks_probe/boot/initrd.img-0.0-probe
update_initramfs_rc=127

== direct mkinitramfs with attacker CONFDIR ==
W: Kernel configuration /boot/config-0.0-probe is missing, cannot check for zstd compression support (CONFIG_RD_ZSTD)
W: missing /lib/modules/0.0-probe
W: Ensure all necessary drivers are built into the linux image!
depmod: ERROR: could not open directory /lib/modules/0.0-probe: No such file or directory
depmod: FATAL: could not search modules: No such file or directory
cryptsetup: ERROR: Couldn't resolve device overlay
cryptsetup: WARNING: Couldn't determine root device
W: mkconf: MD subsystem is not loaded, thus I cannot scan for arrays.
W: mdadm: failed to auto-generate temporary mdadm.conf file.
cp: cannot access '/etc/lvm/backup': Permission denied
cp: cannot access '/etc/lvm/archive': Permission denied
cp: cannot open '/etc/iscsi/initiatorname.iscsi' for reading: Permission denied
cat: /home/attacker/kernel_initramfs_hooks_probe/tmp/mkinitramfs_Xua29T/lib/modules/0.0-probe/modules.builtin: No such file or directory
depmod: WARNING: could not open modules.order at /home/attacker/kernel_initramfs_hooks_probe/tmp/mkinitramfs_Xua29T/lib/modules/0.0-probe: No such file or directory
depmod: WARNING: could not open modules.builtin at /home/attacker/kernel_initramfs_hooks_probe/tmp/mkinitramfs_Xua29T/lib/modules/0.0-probe: No such file or directory
depmod: WARNING: could not open modules.builtin.modinfo at /home/attacker/kernel_initramfs_hooks_probe/tmp/mkinitramfs_Xua29T/lib/modules/0.0-probe: No such file or directory
mkinitramfs_rc=0

== direct installkernel/kernel-install ==
/usr/sbin/installkernel: 42: cannot create /boot/vmlinuz-0.0-probe: Permission denied
installkernel_rc=2
/boot/initrd.img-0.0-probe does not exist, not installing an initrd
kernel_install_rc=0

== direct kmod/module/cache helpers ==
depmod: ERROR: could not open directory /lib/modules/0.0-probe: No such file or directory
depmod: FATAL: could not search modules: No such file or directory
depmod_rc=1
modprobe: FATAL: Module fake_probe_module not found in directory /lib/modules/6.10.14-linuxkit
modprobe_rc=1
dracut-install: ERROR: 'cp --reflink=auto --sparse=auto --preserve=mode,timestamps,ownership -fL /bin/dash /home/attacker/kernel_initramfs_hooks_probe/dracut-root/bin/dash' failed with 127
dracut-install: ERROR: installing '/bin/sh'
dracut_install_rc=1

== direct systemd cache/config helpers ==
/home/attacker/kernel_initramfs_hooks_probe/hwdb-root/etc/udev/hwdb.d/90-kernel_initramfs_hooks_probe.hwdb:1: Property expected, ignoring record with no properties.
hwdb_rc=0
/home/attacker/kernel_initramfs_hooks_probe/sysusers-root/usr/lib/sysusers.d/kernel_initramfs_hooks_probe.conf:1: Unknown command type 'D'.
sysusers_rc=0
# /usr/lib/binfmt.d/python3.12.conf
:python3.12:M::\xcb\x0d\x0d\x0a::/usr/bin/python3.12:
binfmt_cat_rc=0
# /usr/lib/sysctl.d/10-apparmor.conf
# AppArmor restrictions of unprivileged user namespaces

# Allows to restrict the use of unprivileged user namespaces to applications
# which have an AppArmor profile loaded which specifies the userns
# permission. All other applications (whether confined by AppArmor or not) will
# be denied the use of unprivileged user namespaces.
#
# See
# https://gitlab.com/apparmor/apparmor/-/wikis/unprivileged_userns_restriction
#
# If it is desired to disable this restriction, it is preferable to create an
# additional file named /etc/sysctl.d/20-apparmor.conf which will override this
# current file and sets this value to 0 rather than editing this current file
kernel.apparmor_restrict_unprivileged_userns = 1

# /etc/sysctl.d/10-bufferbloat.conf
# The Fair Queue CoDel packet scheduler is an across the board improvement to
# the default pfifo_fast qdisc. It reduces bottleneck delays, provides accurate
# RTT estimates to elephant TCP flows, and still allows shorter (sparser) flows
sysctl_cat_rc=0

== direct dpkg/ucf/alternatives helpers ==
dpkg-trigger: error: unable to open/create triggers lock file '/var/lib/dpkg/triggers/Lock': Permission denied
dpkg_trigger_rc=2
ucf_own_state_rc=127
ucf_root_dest_rc=127
update-alternatives: using /home/attacker/kernel_initramfs_hooks_probe/vmlinuz to provide /home/attacker/kernel_initramfs_hooks_probe/link (kernel_initramfs_hooks_probe_alt) in auto mode
update_alternatives_own_rc=0
update-alternatives: using /home/attacker/kernel_initramfs_hooks_probe/vmlinuz to provide /usr/local/bin/kernel_initramfs_hooks_probe (kernel_initramfs_hooks_probe) in auto mode
update-alternatives: error: error creating symbolic link '/etc/alternatives/kernel_initramfs_hooks_probe.dpkg-tmp': Permission denied
update_alternatives_root_rc=2

== attacker payload hits so far ==
PATH_PAYLOAD cmd=mkinitramfs euid=1001 ruid=1001 argv=-o /home/attacker/kernel_initramfs_hooks_probe/boot/initrd.img-0.0-probe.new 0.0-probe 
uid=1001(attacker) gid=1001(attacker) groups=1001(attacker)
PATH_PAYLOAD cmd=rm euid=1001 ruid=1001 argv=-f /home/attacker/kernel_initramfs_hooks_probe/boot/initrd.img-0.0-probe.new 
uid=1001(attacker) gid=1001(attacker) groups=1001(attacker)
INITRAMFS_HOOK euid=1001 ruid=1001 DESTDIR=/home/attacker/kernel_initramfs_hooks_probe/tmp/mkinitramfs_Xua29T CONFDIR=/home/attacker/kernel_initramfs_hooks_probe/initramfs
uid=1001(attacker) gid=1001(attacker) groups=1001(attacker)
PATH_PAYLOAD cmd=basename euid=1001 ruid=1001 argv=/home/attacker/kernel_initramfs_hooks_probe/vmlinuz 
uid=1001(attacker) gid=1001(attacker) groups=1001(attacker)
PATH_PAYLOAD cmd=cp euid=1001 ruid=1001 argv=--reflink=auto --sparse=auto --preserve=mode,timestamps,ownership -fL /bin/dash /home/attacker/kernel_initramfs_hooks_probe/dracut-root/bin/dash 
uid=1001(attacker) gid=1001(attacker) groups=1001(attacker)
PATH_PAYLOAD cmd=basename euid=1001 ruid=1001 argv=/usr/bin/ucf 
uid=1001(attacker) gid=1001(attacker) groups=1001(attacker)
PATH_PAYLOAD cmd=basename euid=1001 ruid=1001 argv=/usr/bin/ucf 
uid=1001(attacker) gid=1001(attacker) groups=1001(attacker)
NO_ROOT_MARKER_FROM_DIRECT_RUNS

## root-started default rebuild/cache services after attacker state
$ docker exec -i ubuntu24-server-lpe-target bash -s
== systemd root service triggers ==
### root start systemd-hwdb-update.service
Result=success
ActiveState=inactive
SubState=dead
ConditionResult=no
### root start kmod-static-nodes.service
Result=success
ActiveState=inactive
SubState=dead
ConditionResult=no
### root start systemd-binfmt.service
Result=success
ActiveState=active
SubState=exited
ConditionResult=yes
### root start systemd-sysctl.service
Result=success
ActiveState=active
SubState=exited
ConditionResult=yes
### root start systemd-sysusers.service
Result=success
ActiveState=active
SubState=exited
ConditionResult=yes
### root start systemd-modules-load.service
Result=success
ActiveState=active
SubState=exited
ConditionResult=yes

== root helper triggers with clean env and default trust roots ==
root_update_initramfs_rc=0
W: Kernel configuration /boot/config-0.0-probe is missing, cannot check for zstd compression support (CONFIG_RD_ZSTD)
W: missing /lib/modules/0.0-probe
W: Ensure all necessary drivers are built into the linux image!
depmod: ERROR: could not open directory /lib/modules/0.0-probe: No such file or directory
depmod: FATAL: could not search modules: No such file or directory
cryptsetup: ERROR: Couldn't resolve device overlay
cryptsetup: WARNING: Couldn't determine root device
W: mkconf: MD subsystem is not loaded, thus I cannot scan for arrays.
W: mdadm: failed to auto-generate temporary mdadm.conf file.
cat: /var/tmp/mkinitramfs_aYKJD3/lib/modules/0.0-probe/modules.builtin: No such file or directory
depmod: WARNING: could not open modules.order at /var/tmp/mkinitramfs_aYKJD3/lib/modules/0.0-probe: No such file or directory
depmod: WARNING: could not open modules.builtin at /var/tmp/mkinitramfs_aYKJD3/lib/modules/0.0-probe: No such file or directory
depmod: WARNING: could not open modules.builtin.modinfo at /var/tmp/mkinitramfs_aYKJD3/lib/modules/0.0-probe: No such file or directory
root_mkinitramfs_rc=0
root_dracut_install_rc=0
depmod: ERROR: could not open directory /lib/modules/6.10.14-linuxkit: No such file or directory
depmod: FATAL: could not search modules: No such file or directory
root_depmod_rc=1

== root proof check ==
-- payload hits --
PATH_PAYLOAD cmd=mkinitramfs euid=1001 ruid=1001 argv=-o /home/attacker/kernel_initramfs_hooks_probe/boot/initrd.img-0.0-probe.new 0.0-probe 
uid=1001(attacker) gid=1001(attacker) groups=1001(attacker)
PATH_PAYLOAD cmd=rm euid=1001 ruid=1001 argv=-f /home/attacker/kernel_initramfs_hooks_probe/boot/initrd.img-0.0-probe.new 
uid=1001(attacker) gid=1001(attacker) groups=1001(attacker)
INITRAMFS_HOOK euid=1001 ruid=1001 DESTDIR=/home/attacker/kernel_initramfs_hooks_probe/tmp/mkinitramfs_Xua29T CONFDIR=/home/attacker/kernel_initramfs_hooks_probe/initramfs
uid=1001(attacker) gid=1001(attacker) groups=1001(attacker)
PATH_PAYLOAD cmd=basename euid=1001 ruid=1001 argv=/home/attacker/kernel_initramfs_hooks_probe/vmlinuz 
uid=1001(attacker) gid=1001(attacker) groups=1001(attacker)
PATH_PAYLOAD cmd=cp euid=1001 ruid=1001 argv=--reflink=auto --sparse=auto --preserve=mode,timestamps,ownership -fL /bin/dash /home/attacker/kernel_initramfs_hooks_probe/dracut-root/bin/dash 
uid=1001(attacker) gid=1001(attacker) groups=1001(attacker)
PATH_PAYLOAD cmd=basename euid=1001 ruid=1001 argv=/usr/bin/ucf 
uid=1001(attacker) gid=1001(attacker) groups=1001(attacker)
PATH_PAYLOAD cmd=basename euid=1001 ruid=1001 argv=/usr/bin/ucf 
uid=1001(attacker) gid=1001(attacker) groups=1001(attacker)
-- root marker --
NO_ROOT_MARKER
-- symlink bait --
lrwxrwxrwx 1 attacker attacker 49 May 16 18:50 /tmp/kernel_initramfs_hooks_probe_tmp_link -> /root/kernel_initramfs_hooks_probe_symlink_target
lrwxrwxrwx 1 attacker attacker 46 May 16 18:50 /run/lock/kernel_initramfs_hooks_probe_lock_link -> /root/kernel_initramfs_hooks_probe_lock_target

## cleanup after probe
$ docker exec -i ubuntu24-server-lpe-target bash -s
== leftover check ==
cleanup_done
== target health ==
running

kernel/initramfs hook probe complete
