
### target
PRETTY_NAME="Ubuntu 24.04.4 LTS"
NAME="Ubuntu"
VERSION_ID="24.04"
VERSION="24.04.4 LTS (Noble Numbat)"
VERSION_CODENAME=noble
ID=ubuntu
ID_LIKE=debian
HOME_URL="https://www.ubuntu.com/"
Linux 508d797cbad0 6.10.14-linuxkit #1 SMP Sat May 17 08:28:57 UTC 2025 aarch64 aarch64 aarch64 GNU/Linux
uid=1001(attacker) gid=1001(attacker) groups=1001(attacker)
uid=1002(selfauth) gid=1002(selfauth) groups=1002(selfauth)
running
0

### packages
apparmor	4.0.1really4.0.1-0ubuntu0.24.04.6
apt	2.8.3
base-passwd	3.6.3build1
libc6:arm64	2.39-0ubuntu8.7
login	1:4.13+dfsg1-4ubuntu3.2
netplan-generator	1.1.2-8ubuntu1~24.04.2
netplan.io	1.1.2-8ubuntu1~24.04.2
passwd	1:4.13+dfsg1-4ubuntu3.2
python3-netplan	1.1.2-8ubuntu1~24.04.2
systemd	255.4-1ubuntu8.15
unattended-upgrades	2.9.1+nmu4ubuntu1

### apparmor-homedirs-default-proof
enabled
inactive
    38		# Try to determine values for apparmor/homedirs if the administrator
    39		# hasn't already.
    40		if dpkg --compare-versions "$2" lt-nl "2.5~pre+bzr1362-0ubuntu2"; then
    41		    db_get apparmor/homedirs
    42	            if [ -z "$RET" ]; then
    43			# Get unique dirnames for uids between 1000 and 30000, then
    44			# format them appropriately for AppArmor
    45			dirs=`awk -F: '$3 >= 1000 && $3 < 30000 {printf "%s\n", $6}' /etc/passwd | xargs -d '\n' -n 1 dirname | grep -v '^/home$' | sed -e 's#\(.*\)#\\1/#g' | sed -e '/ / { s#\(.*\)#"\\1"#g }' | sort -u | tr '\n' ' '`
    46			if [ -n "$dirs" ]; then
    47			    db_set apparmor/homedirs "$dirs"
    48			fi
    49		    fi
    50		fi
    51	
    52		db_get apparmor/homedirs
    53		tmp=`mktemp`
    54	        cat > "$tmp" <<EOM
    55	# This file is auto-generated. It is recommended you update it using:
    56	# $ sudo dpkg-reconfigure apparmor
    57	#
    58	# The following is a space-separated list of where additional user home
    59	# directories are stored, each must have a trailing '/'. Directories added
    60	# here are appended to @{HOMEDIRS}.  See tunables/home for details.
    61	EOM
    62	        if [ -n "$RET" ]; then
    63	            cat >> "$tmp" <<EOM
    64	@{HOMEDIRS}+=$RET
    65	EOM
    66	        else
    67	            cat >> "$tmp" <<EOM
    68	#@{HOMEDIRS}+=
    69	EOM
    70	        fi
    71	        mkdir -p /etc/apparmor.d/tunables/home.d 2>/dev/null || true
    72	        mv -Z -f "$tmp" /etc/apparmor.d/tunables/home.d/ubuntu
    73	        chmod 644 /etc/apparmor.d/tunables/home.d/ubuntu
    74	
attacker:x:1001:1001::/home/attacker:/bin/bash
selfauth:x:1002:1002::/home/selfauth:/bin/bash
-rw-r--r-- root:root /etc/passwd
drwxr-xr-x root:root /etc/apparmor.d/tunables/home.d
-rw-r--r-- root:root /etc/apparmor.d/tunables/home.d/ubuntu

### apparmor-homedirs-attacker-writes
uid=1001(attacker) gid=1001(attacker) groups=1001(attacker)
write-test /etc/passwd -> write-test /etc/apparmor.d/tunables/home.d/ubuntu -> write-test /etc/apparmor.d/tunables/home.d/attacker -> 
### apparmor-homedirs-root-data-shape

# This file is auto-generated. It is recommended you update it using:
# $ sudo dpkg-reconfigure apparmor
#
# The following is a space-separated list of where additional user home
# directories are stored, each must have a trailing '/'. Directories added
# here are appended to @{HOMEDIRS}.  See tunables/home for details.
#@{HOMEDIRS}+=

### netplan-generator-default-proof
    12	# Calling the generator after installation to mitigate CVE-2022-4968
    13	# We avoid calling the generator if the system doesn't have networkd files to be fixed (LP: #2071333)
    14	if [ "$1" = configure ]; then
    15	    FILES=$(find /run/systemd/network/ -type f -regex ".*-netplan.*\.\(network\|netdev\)" 2>/dev/null || true)
    16	    if [ -n "${FILES}" ]; then
    17	        /usr/libexec/netplan/generate 2>/dev/null || echo "WARNING: Netplan could not re-generate network configuration. Please run 'netplan generate' to see details."
    18	    fi
    19	fi
drwxr-xr-x root:root /run
drwxr-xr-x root:root /run/systemd
stat: cannot statx '/run/systemd/network': No such file or directory
d--------- root:root /run/systemd/inaccessible/dir
dr-xr-xr-x root:root /run/systemd/mount-rootfs
drw------- root:root /run/systemd/propagate/bolt.service
drw------- root:root /run/systemd/propagate/polkit.service
drw------- root:root /run/systemd/propagate/systemd-logind.service
drw------- root:root /run/systemd/propagate/systemd-resolved.service
drw------- root:root /run/systemd/propagate/systemd-udevd.service
drw------- root:root /run/systemd/propagate/uuidd.service
drwxr-xr-x root:root /run/systemd
drwxr-xr-x root:root /run/systemd/ask-password
drwxr-xr-x root:root /run/systemd/generator
drwxr-xr-x root:root /run/systemd/generator/getty.target.wants
drwxr-xr-x root:root /run/systemd/generator/local-fs.target.wants
drwxr-xr-x root:root /run/systemd/inaccessible
drwxr-xr-x root:root /run/systemd/incoming
drwxr-xr-x root:root /run/systemd/inhibit
drwxr-xr-x root:root /run/systemd/journal
drwxr-xr-x root:root /run/systemd/journal/streams
drwxr-xr-x root:root /run/systemd/machines
drwxr-xr-x root:root /run/systemd/propagate
drwxr-xr-x root:root /run/systemd/propagate/.os-release-stage
drwxr-xr-x root:root /run/systemd/seats
drwxr-xr-x root:root /run/systemd/sessions
drwxr-xr-x root:root /run/systemd/shutdown
drwxr-xr-x root:root /run/systemd/system
drwxr-xr-x root:root /run/systemd/system/systemd-networkd.service.wants
drwxr-xr-x root:root /run/systemd/transient
drwxr-xr-x root:root /run/systemd/units
drwxr-xr-x root:root /run/systemd/userdb
drwxr-xr-x root:root /run/systemd/users
drwxr-xr-x systemd-network:systemd-network /run/systemd/netif
drwxr-xr-x systemd-network:systemd-network /run/systemd/netif/leases
drwxr-xr-x systemd-network:systemd-network /run/systemd/netif/links
drwxr-xr-x systemd-network:systemd-network /run/systemd/netif/lldp
drwxr-xr-x systemd-resolve:systemd-resolve /run/systemd/resolve

### netplan-generator-attacker-writes
uid=1001(attacker) gid=1001(attacker) groups=1001(attacker)
mkdir: cannot create directory '/run/systemd/network': Permission denied
ln: failed to create symbolic link '/run/systemd/network/91-netplan-pwn.network': No such file or directory
find: '/run/systemd/network': No such file or directory

### netplan-generator-root-no-files-trigger
+ set -e
+ [ configure = configure ]
+ dpkg-divert --no-rename --divert /lib/systemd/system-generators/netplan.usr-is-merged --remove /lib/systemd/system-generators/netplan
No diversion 'any diversion of /lib/systemd/system-generators/netplan to /lib/systemd/system-generators/netplan.usr-is-merged', none removed.
+ [ configure = configure ]
+ find /run/systemd/network/ -type f -regex .*-netplan.*\.\(network\|netdev\)
+ true
+ FILES=
+ [ -n  ]
NO_ROOT_MARKER

### base-passwd-default-proof
    55	if [ ! "$1" = "configure" ] ; then
    56	    exit 0
    57	fi
    58	
    59	if [ ! -e "$DPKG_ROOT/etc/passwd" ] ; then
    60		cp "$DPKG_ROOT/usr/share/base-passwd/passwd.master" "$DPKG_ROOT/etc/passwd"
    61	fi
    62	
    63	if [ ! -e "$DPKG_ROOT/etc/group" ] ; then
    64		cp "$DPKG_ROOT/usr/share/base-passwd/group.master" "$DPKG_ROOT/etc/group"
    65	fi
    66	
    67	tmp=$(mktemp)
    68	if [ -n "$2" ] && ! update-passwd --dry-run > "$tmp" ; then
    69		if [ -f /usr/share/debconf/confmodule ] ; then
    70			db_version 2.0
    71			update-passwd --verbose
    72			changes=1
    73		else
    74			cat <<EOF
    75	
    76	update-passwd has found some differences between your system accounts
    77	and the current Debian defaults.  It is advisable to allow update-passwd
    78	to change your system; without those changes some packages might not work
    79	correctly.  For more documentation on the Debian account policies, please
    80	see /usr/share/doc/base-passwd/README.
    81	
    82	The list of proposed changes is:
    83	
    84	EOF
    85	
    86			cat "$tmp"
    87			cat <<EOF
    88	
    89	It is highly recommended that you allow update-passwd to make these changes
    90	(a backup file of modified files is made with the extension .org so you can
    91	always restore the current settings).
    92	
    93	EOF
    94			askyesno "May I update your system? [Y/n]"
    95		fi
    96	
    97		if [ "$a" = "y" ] ; then
    98			echo "Okay, I am going to make the necessary updates now"
    99			update-passwd --verbose
   100			changes=1
   101		elif [ "$a" = "n" ] ; then
   102			cat <<EOF
   103	
   104	Okay, I will not update your system.  If you want to make this update later
   105	please check the update-passwd utility.
   106	
   107	EOF
   108	
   109		fi
   110	fi
   111	
   112	rm -f "$tmp"
   113	
   114	if [ "$changes" -gt 0 ] ; then
   115		if searchpath nscd; then
   116			nscd -i passwd -i group || true
   117		fi
   118	fi
-rw-r--r-- root:root /etc/passwd
-rw-r--r-- root:root /etc/group
-rw-r----- root:shadow /etc/shadow
-rwxr-xr-x root:root /usr/sbin/update-passwd

### base-passwd-attacker-reconcile
uid=1001(attacker) gid=1001(attacker) groups=1001(attacker)
Error opening shadow file /etc/shadow: Permission denied
ln: failed to create symbolic link '/etc/passwd.probe': Permission denied

### base-passwd-root-dry-run
No changes needed
NO_ROOT_MARKER

### libc-services-need-default-proof
enabled
enabled
   309	            services=""
   310	            check="apache2 apache apache-ssl apache-perl autofs at"
   311	            check="$check boa cucipop courier-authdaemon cron cups exim"
   312	            check="$check exim4-base dovecot-common cucipop incron lprng lpr"
   313	            check="$check lpr-ppd mysql-server nis openbsd-inetd"
   314	            check="$check openldapd postgresql-common proftpd postfix postfix-tls"
   315	            check="$check rsync samba sasl2-bin slapd smail sendmail snmpd ssh"
   316	            check="$check spamassassin vsftpd wu-ftpd wu-ftpd-academ wwwoffle"
   317	            check="$check webmin dropbear gdm gdm3"
   318	            # the following substitution processes the check variable
   319	            # and returns results in the services variable
   320	            # NSS services check:
   321	            	    echo -n "Checking for services that may need to be restarted..."
   322		    # Only get the ones that are installed, of the same architecture
   323		    # as libc (or arch all) and configured. Restart openssh-server even
   324		    # if only half-configured to continue accepting new connections
   325		    # during the upgrade.
   326		    [ -n "$check" ] && check=$(dpkg-query -W -f='${binary:Package} ${Status} ${Architecture}\n' $check 2> /dev/null | \
   327				grep -E "(^openssh-server .* unpacked|installed) (all|${DPKG_MAINTSCRIPT_ARCH})$" | sed 's/[: ].*//')
   328		    # some init scripts don't match the package names
   329		    check=$(echo $check | \
   330			    sed -e's/\bat\b/atd/g' \
   331				-e's/\bdovecot-common\b/dovecot/g' \
   332				-e's/\bexim4-base\b/exim4/g' \
   333				-e's/\blpr\b/lpd/g' \
   334				-e's/\blpr-ppd\b/lpd-ppd/g' \
   335				-e's/\bmysql-server\b/mysql/g' \
   336				-e's/\bopenssh-server\b/ssh/g' \
   337				-e's/\bsasl2-bin\b/saslauthd/g' \
   338				-e's/\bsamba\b/smbd/g' \
   339				-e's/\bpostgresql-common\b/postgresql/g' \
   340			    )
   341		    echo
   342		    echo "Checking init scripts..."
   343		    for service in $check; do
   344			invoke-rc.d ${service} status >/dev/null 2>/dev/null && status=0 || status=$?
   345			if [ "$status" = "0" ] || [ "$status" = "2" ] ; then
   346			    services="$service $services"
   347			elif [ "$status" = "100" ] ; then
   348			    echo "WARNING: init script for $service not found."
   349			fi
   350		    done
   351	
   352	            if [ -n "$services" ] && [ ! -x /usr/lib/needrestart/apt-pinvoke ]; then
   353	                if [ "$USE_DEBCONF" ] ; then
   354	                    db_version 2.0
   355	                    if [ "$RELEASE_UPGRADE_MODE" = desktop ]; then
   356	                        db_input medium libraries/restart-without-asking || true
   357	                    else
   358	                        db_input critical libraries/restart-without-asking || true
   359	                    fi
   360	                    db_go || true
   361	    
   362	                    db_get libraries/restart-without-asking
   363	                    if [ "$RET" != true ]; then
   364	                        db_reset glibc/restart-services
   365	                        db_set glibc/restart-services "$services"
   366	                        if [ "$RELEASE_UPGRADE_MODE" = desktop ]; then
   367	                            db_input medium glibc/restart-services || true
   368	                        else
   369	                            db_input critical glibc/restart-services || true
   370	                        fi
   371	                        db_go || true
   372	                        db_get glibc/restart-services
   373	                        services="$RET"
   374	                    fi
   375	                else
   376	                    echo
   377	                    echo "Name Service Switch update in the C Library: post-installation question."
   378	                    echo
   379	                    echo "Running services and programs that are using NSS need to be restarted,"
   380	                    echo "otherwise they might not be able to do lookup or authentication any more"
   381	                    echo "(for services such as ssh, this can affect your ability to login)."
   382	                    echo "Note: restarting sshd/telnetd should not affect any existing connections."
   383	                    echo
   384	                    echo "The services detected are: "
   385	                    echo "        $services"
   386	                    echo
   387	                    echo "If other services have begun to fail mysteriously after this upgrade, it is"
   388	                    echo "probably necessary to restart them too.  We recommend that you reboot your"
   389	                    echo "machine after the upgrade to avoid NSS-related troubles."
   390	                    echo
   391	                    frontend=`echo "$DEBIAN_FRONTEND" | tr '[:upper:]' '[:lower:]'`
   392	                    if [ "$frontend" = noninteractive ]; then
   393	                            echo "Non-interactive mode, restarting services"
   394	                            answer=yes
   395	                    else
   396	                            echo -n "Do you wish to restart services? [Y/n] "
   397	                            read answer
   398	                            case $answer in
   399	                            N*|n*) services="" ;;
   400	                            *) ;;
   401	                            esac
   402	                    fi
   403	                fi
   404	
   405	                if [ -n "$services" ]; then
   406	                    echo "Stopping some services possibly affected by the upgrade (will be restarted later):"
   407	                    for service in $services; do
   408	                        case "$service" in
   409	                            cron)
   410	                                # See bug (LP: #508083)
   411	                                echo -n "  $service: stopping..."
   412	                                if invoke-rc.d ${service} stop > /dev/null 2>&1; then
   413	                                    echo "done."
   414	                                    echo "$service" >> /var/run/services.need_start
   415	                                else
   416	                                    echo "FAILED! ($?)"
   417	                                    echo "$service" >> /var/run/services.need_restart
   418	                                fi
   419	                              ;;
   420	
   421	                            *)
   422	                                # log service details to allow postinst to handle the
   423	                                # restart.
   424	                                echo "$service" >> /var/run/services.need_restart
   425	                              ;;
   426	                        esac
   427	                    done
    27	    if [ -n "$preversion" ] && [ -x "$(command -v ischroot)" ] && ! ischroot; then
    28		if dpkg --compare-versions "$preversion" lt 2.39; then
    29		    check=""
    30		    [ -f /var/run/services.need_restart ] && check=$(sort -u /var/run/services.need_restart 2>/dev/null)
    31		    # Change service names back into package names, so that we can
    32		    # double-check package installation.
    33		    check=$(echo "$check" | \
    34	                    sed -e's/\batd\b/at/g' \
    35	                        -e's/\bdovecot\b/dovecot-common/g' \
    36	                        -e's/\bexim4\b/exim4-base/g' \
    37	                        -e's/\blpd\b/lpr/g' \
    38	                        -e's/\blpd-ppd\b/lpr-ppd/g' \
    39	                        -e's/\bmysql\b/mysql-server/g' \
    40	                        -e's/\bsaslauthd\b/sasl2-bin/g' \
    41	                        -e's/\bsmbd\b/samba/g' \
    42	                        -e's/\bpostgresql\b/postgresql-common/g' \
    43	                    )
    44	
    45		    # Check to see which of the services that were running at unpack
    46		    # time are still around
    47	            # the following substitution processes the check variable
    48	            # and returns results in the services variable
    49		    # NSS services check:
    50		    	    echo -n "Checking for services that may need to be restarted..."
    51		    # Only get the ones that are installed, of the same architecture
    52		    # as libc (or arch all) and configured. Restart openssh-server even
    53		    # if only half-configured to continue accepting new connections
    54		    # during the upgrade.
    55		    [ -n "$check" ] && check=$(dpkg-query -W -f='${binary:Package} ${Status} ${Architecture}\n' $check 2> /dev/null | \
    56				grep -E "(^openssh-server .* unpacked|installed) (all|${DPKG_MAINTSCRIPT_ARCH})$" | sed 's/[: ].*//')
    57		    # some init scripts don't match the package names
    58		    check=$(echo $check | \
    59			    sed -e's/\bat\b/atd/g' \
    60				-e's/\bdovecot-common\b/dovecot/g' \
    61				-e's/\bexim4-base\b/exim4/g' \
    62				-e's/\blpr\b/lpd/g' \
    63				-e's/\blpr-ppd\b/lpd-ppd/g' \
    64				-e's/\bmysql-server\b/mysql/g' \
    65				-e's/\bopenssh-server\b/ssh/g' \
    66				-e's/\bsasl2-bin\b/saslauthd/g' \
    67				-e's/\bsamba\b/smbd/g' \
    68				-e's/\bpostgresql-common\b/postgresql/g' \
    69			    )
    70		    echo
    71		    echo "Checking init scripts..."
    72		    for service in $check; do
    73			invoke-rc.d ${service} status >/dev/null 2>/dev/null && status=0 || status=$?
    74			if [ "$status" = "0" ] || [ "$status" = "2" ] ; then
    75			    services="$service $services"
    76			elif [ "$status" = "100" ] ; then
    77			    echo "WARNING: init script for $service not found."
    78			fi
    79		    done
    80	
    81		    # If there are services that we *stopped* in the preinst, don't
    82		    # forget to restart them now
    83		    if [ -e /var/run/services.need_start ]; then
    84			services="$(sort -u /var/run/services.need_start) $services"
    85		    fi
    86		    if [ -n "$services" ]; then
    87			echo "Restarting services possibly affected by the upgrade:"
    88			failed=""
    89			for service in $services; do
    90			    case "$service" in
    91				gdm*)
    92				    idlopt="reload"
    93				    ;;
    94				*)
    95				    idlopt="restart"
    96				    ;;
    97			    esac
    98			    echo -n "  $service: restarting..."
    99			    if invoke-rc.d ${service} $idlopt > /dev/null 2>&1; then
   100				echo "done."
   101			    else
   102				echo "FAILED! ($?)"
   103				failed="$service $failed"
   104			    fi
   105			done
drwxr-xr-x root:root /run
drwxr-xr-x root:root /var/run
stat: cannot statx '/run/services.need_restart': No such file or directory
stat: cannot statx '/run/services.need_start': No such file or directory

### libc-services-need-attacker-writes
uid=1001(attacker) gid=1001(attacker) groups=1001(attacker)
ln: failed to create symbolic link '/var/run/services.need_start': Permission denied
ls: cannot access '/var/run/services.need_restart': No such file or directory
ls: cannot access '/var/run/services.need_start': No such file or directory

### libc-services-need-metachar-root-simulation
invoke-rc.d: policy-rc.d denied execution of /root/libc_services_need_pwn.
NO_ROOT_MARKER

### cleanup-health
running
0

### result
ROOT_PROOF=NO
