
== target and package proof ==
PRETTY_NAME="Ubuntu 24.04.4 LTS"
NAME="Ubuntu"
VERSION_ID="24.04"
VERSION="24.04.4 LTS (Noble Numbat)"
VERSION_CODENAME=noble
ID=ubuntu
ID_LIKE=debian
HOME_URL="https://www.ubuntu.com/"
Linux bf51bb670420 6.10.14-linuxkit #1 SMP Sat May 17 08:28:57 UTC 2025 aarch64 aarch64 aarch64 GNU/Linux
uid=1001(attacker) gid=1001(attacker) groups=1001(attacker)
uid=1002(selfauth) gid=1002(selfauth) groups=1002(selfauth)
base-files	13ubuntu10.4	ii 
libpam-modules:arm64	1.5.3-5ubuntu5.5	ii 
libpam-runtime	1.5.3-5ubuntu5.5	ii 
login	1:4.13+dfsg1-4ubuntu3.2	ii 
python3-pexpect	4.9-2	ii 
systemd	255.4-1ubuntu8.15	ii 
wget	1.21.4-1ubuntu4.1	ii 

== default MOTD/login code paths ==
     1	# Enable/disable the dynamic MOTD news service
     2	# This is a useful way to provide dynamic, informative
     3	# information pertinent to the users and administrators
     4	# of the local system
     5	ENABLED=1
     6	
     7	# Configure the source of dynamic MOTD news
     8	# White space separated list of 0 to many news services
     9	# For security reasons, these must be https
    10	# and have a valid certificate
    11	# Canonical runs a service at motd.ubuntu.com, and you
    12	# can easily run one too
    13	URLS="https://motd.ubuntu.com"
    14	
    15	# Specify the time in seconds, you're willing to wait for
    16	# dynamic MOTD news
    17	# Note that news messages are fetched in the background by
    18	# a systemd timer, so this should never block boot or login
    19	WAIT=5
    32	# Source the local configuration
    33	[ -r /etc/default/motd-news ] && . /etc/default/motd-news
    34	
    35	# Exit immediately, unless we're enabled
    36	# This makes this script very easy to disable in /etc/default/motd-news configuration
    37	[ "$ENABLED" = "1" ] || exit 0
    38	
    39	# Ensure sane defaults
    40	[ -n "$URLS" ] || URLS="https://motd.ubuntu.com"
    41	[ -n "$WAIT" ] || WAIT=5
    42	[ -n "$CACHE" ] || CACHE="/var/cache/motd-news"
    43	[ "$1" = "--force" ] && FORCED=1
    44	
    45	# Ensure we print safely, maximum of the first 10 lines,
    46	# maximum of the first 80 chars per line, no control chars
    47	safe_print() {
    48		cat "$1" | head -n 10 | tr -d '\000-\011\013\014\016-\037' | cut -c -80
    49	}
    50	
    51	
    52	# If we're not forcing an update, and we have a cached motd-news file,
    53	# then just print it and exit as quickly as possible, for login performance.
    54	# Note that systemd should keep this cache file up to date, asynchronously
    55	if [ "$FORCED" != "1" ]; then
    56	  	if [ -r $CACHE ]; then
    57			echo
    58			safe_print $CACHE
    59		elif [ "$(id -u)" -eq 0 ]; then
    60			: > $CACHE
    61		fi
    62		exit 0
   135		if [ $result -eq 0 ] || [ $not_found_is_ok -eq 1 ]; then
   136			echo
   137			# At most, 10 lines of text, remove control characters, print at most 80 characters per line
   138			safe_print "$NEWS"
   139			# Try to update the cache
   140			safe_print "$NEWS" 2>/dev/null >$CACHE || true
   141		else
   142			: > "$CACHE"
   143	 	fi
    26	# Sets the loginuid process attribute
    27	session    required     pam_loginuid.so
    28	
    29	# Prints the message of the day upon successful login.
    30	# (Replaces the `MOTD_FILE' option in login.defs)
    31	# This includes a dynamically generated part from /run/motd.dynamic
    32	# and a static (admin-editable) part from /etc/motd.
    33	session    optional   pam_motd.so motd=/run/motd.dynamic
    34	session    optional   pam_motd.so noupdate
    35	
    36	# SELinux needs to intervene at login time to ensure that the process
    37	# starts in the proper default security context. Only sessions which are
    38	# intended to run in the user's context should be run after this.
    39	# pam_selinux.so changes the SELinux context of the used TTY and configures
    40	# SELinux in order to transition to the user context with the next execve()
    41	# call.
    42	session [success=ok ignore=ignore module_unknown=ignore default=bad] pam_selinux.so open
    43	# When the module is present, "required" would be sufficient (When SELinux
    44	# is disabled, this returns success.)
    45	
    46	# This module parses environment configuration file(s)
    47	# and also allows you to use an extended config
    48	# file /etc/security/pam_env.conf.
    49	# 
    50	# parsing /etc/environment needs "readenv=1"
    51	session       required   pam_env.so readenv=1
    52	# locale variables can also be set in /etc/default/locale
    53	# reading this file *in addition to /etc/environment* does not hurt
    54	session       required   pam_env.so readenv=1 envfile=/etc/default/locale
    55	
/etc/pam.d/login:33:session    optional   pam_motd.so motd=/run/motd.dynamic
/etc/pam.d/login:34:session    optional   pam_motd.so noupdate
-rw-r--r-- root:root /etc/default/motd-news
-rwxr-xr-x root:root /etc/update-motd.d/50-motd-news
-rw-r--r-- root:root /etc/pam.d/login
-rwxr-xr-x root:root /usr/bin/login
-rwsr-xr-x root:root /usr/bin/su
drwxr-xr-x root:root /var/cache

== root-only impact canary ==
direct_root_script_rc=0
-rw-r--r-- root:root 0 /root/motd_news_cache_env_root

== uid1001 direct trigger attempts ==
uid=1001(attacker) gid=1001(attacker) groups=1001(attacker)
attacker_script_rc=0
login: Cannot possibly work without effective root
attacker_login_rc=1
Failed to set environment: Access denied
set_environment_rc=1
Failed to start motd-news.service: Interactive authentication required.
See system logs and 'systemctl status motd-news.service' for details.
start_motd_news_rc=1
root_marker_visible_rc=1
tmp_marker_rc=1

== real login -p PAM session with hostile environment ==
login_expect1= 0

login_expect2= 0
 System information as of Sat May 16 22:58:43 UTC 2026

  System load:    2.63      Processes:             21
  Usage of /home: unknown   Users logged in:       0
  Memory usage:   14%       IPv4 address for eth0: 172.17.0.2
  Swap usage:     0%

 * Strictly confined Kubernetes makes edge and IoT secure. Learn how MicroK8s
   just raised the bar for easy, resilient and secure K8s cluster deployment.

   https://ubuntu.com/engage/secure-kubernetes-at-the-edge

This system has been minimized by removing packages and content that are
not required on a system that users do not log into.

To restore this content, you can run the 'unminimize' command.

The list of available updates is more than a week old.
To check for new updates run: sudo apt update

selfauth@bf51bb670420:~
<nv | grep -E "^(CACHE|URLS|ENABLED)=" || true; exit
uid=1002(selfauth) gid=1002(selfauth) groups=1002(selfauth)
CACHE=/root/motd_news_cache_env_root
ENABLED=1
URLS=https://example.invalid
logout

login_pam_rc=0
stat: cannot statx '/root/motd_news_cache_env_root': No such file or directory
stat: cannot statx '/tmp/motd_news_cache_env_root': No such file or directory

== setuid su -p session check ==
su_expect1= 0

 
uid=1002(selfauth) gid=1002(selfauth) groups=1002(selfauth)
CACHE=/root/motd_news_cache_env_root
ENABLED=1
URLS=https://example.invalid

su_p_rc=0
stat: cannot statx '/root/motd_news_cache_env_root': No such file or directory
stat: cannot statx '/tmp/motd_news_cache_env_root': No such file or directory

== cleanup and health ==
running
