
## target identity, default packages, users
PRETTY_NAME="Ubuntu 24.04.4 LTS"
NAME="Ubuntu"
VERSION_ID="24.04"
VERSION="24.04.4 LTS (Noble Numbat)"
VERSION_CODENAME=noble
ID=ubuntu
ID_LIKE=debian
HOME_URL="https://www.ubuntu.com/"
SUPPORT_URL="https://help.ubuntu.com/"
BUG_REPORT_URL="https://bugs.launchpad.net/ubuntu/"
PRIVACY_POLICY_URL="https://www.ubuntu.com/legal/terms-and-policies/privacy-policy"
UBUNTU_CODENAME=noble
LOGO=ubuntu-logo
Linux 4f5b414436ae 6.10.14-linuxkit #1 SMP Sat May 17 08:28:57 UTC 2025 aarch64 aarch64 aarch64 GNU/Linux
uid=1001(attacker) gid=1001(attacker) groups=1001(attacker)
uid=1002(selfauth) gid=1002(selfauth) groups=1002(selfauth)
dbus	1.14.10-4ubuntu4.1	ii 
dbus-daemon	1.14.10-4ubuntu4.1	ii 
dbus-system-bus-common	1.14.10-4ubuntu4.1	ii 
libnetplan1:arm64	1.1.2-8ubuntu1~24.04.2	ii 
netplan.io	1.1.2-8ubuntu1~24.04.2	ii 
policykit-1		un 
polkitd	124-2ubuntu1.24.04.3	ii 
systemd	255.4-1ubuntu8.15	ii 

## default active and reachable state
srw-rw-rw- root:root /run/dbus/system_bus_socket
active
● dbus.service - D-Bus System Message Bus
     Loaded: loaded (/usr/lib/systemd/system/dbus.service; static)
     Active: active (running) since Sat 2026-05-16 15:18:51 UTC; 2h 38min ago
TriggeredBy: ● dbus.socket
       Docs: man:dbus-daemon(1)
   Main PID: 255 (dbus-daemon)
      Tasks: 2 (limit: 9517)
     Memory: 3.8M (peak: 138.1M)
        CPU: 1min 26.921s
     CGroup: /docker/4f5b414436aefb655c3e4b9b25b80c8483306cde6cc3186d655231e3631e5f6a/system.slice/dbus.service
             ├─ 255 @dbus-daemon --system --address=systemd: --nofork --nopidfile --systemd-activation --syslog-only
             └─1528 /usr/libexec/netplan/netplan-dbus

May 16 17:36:30 4f5b414436ae dbus-daemon[255]: [system] Activating via systemd: service name='org.freedesktop.network1' unit='dbus-org.freedesktop.network1.service' requested by ':1.98168' (uid=1002 pid=753610 comm="networkctl status --no-pager --lines=0 --all")
May 16 17:36:30 4f5b414436ae dbus-daemon[255]: [system] Activation via systemd failed for unit 'dbus-org.freedesktop.network1.service': Unit dbus-org.freedesktop.network1.service not found.
May 16 17:36:30 4f5b414436ae dbus-daemon[255]: [system] Activating via systemd: service name='org.freedesktop.network1' unit='dbus-org.freedesktop.network1.service' requested by ':1.98168' (uid=1002 pid=753610 comm="networkctl status --no-pager --lines=0 --all")
May 16 17:36:30 4f5b414436ae dbus-daemon[255]: [system] Activation via systemd failed for unit 'dbus-org.freedesktop.network1.service': Unit dbus-org.freedesktop.network1.service not found.
May 16 17:51:25 4f5b414436ae dbus-daemon[255]: [system] Activating service name='com.ubuntu.SoftwareProperties' requested by ':1.98218' (uid=1001 pid=757134 comm="gdbus introspect --system --dest com.ubuntu.Softwa") (using servicehelper)
May 16 17:51:25 4f5b414436ae dbus-daemon[255]: [system] Successfully activated service 'com.ubuntu.SoftwareProperties'
May 16 17:53:46 4f5b414436ae dbus-daemon[255]: [system] Rejected send message, 0 matched rules; type="error", sender=":1.58" (uid=0 pid=1528 comm="/usr/libexec/netplan/netplan-dbus") interface="(unset)" member="(unset)" error name="org.freedesktop.DBus.Error.UnknownMethod" requested_reply="0" destination=":1.98277" (uid=0 pid=759338 comm="busctl --system call io.netplan.Netplan /io/netpla")
May 16 17:54:19 4f5b414436ae dbus-daemon[255]: [system] Activating service name='com.ubuntu.SoftwareProperties' requested by ':1.98280' (uid=1001 pid=760289 comm="busctl --system introspect com.ubuntu.SoftwareProp") (using servicehelper)
May 16 17:54:20 4f5b414436ae dbus-daemon[255]: [system] Successfully activated service 'com.ubuntu.SoftwareProperties'
May 16 17:54:44 4f5b414436ae dbus-daemon[255]: [system] Rejected send message, 3 matched rules; type="method_call", sender=":1.98319" (uid=1001 pid=761599 comm="busctl call --system org.freedesktop.DBus /org/fre") interface="org.freedesktop.DBus" member="UpdateActivationEnvironment" error name="(unset)" requested_reply="0" destination="org.freedesktop.DBus" (bus)
May 16 17:54:44 4f5b414436ae dbus-daemon[255]: [system] Rejected send message, 3 matched rules; type="method_call", sender=":1.98320" (uid=1002 pid=761601 comm="busctl call --system org.freedesktop.DBus /org/fre") interface="org.freedesktop.DBus" member="UpdateActivationEnvironment" error name="(unset)" requested_reply="0" destination="org.freedesktop.DBus" (bus)
May 16 17:55:17 4f5b414436ae dbus-daemon[255]: [system] Activating service name='com.ubuntu.SoftwareProperties' requested by ':1.98323' (uid=1001 pid=761693 comm="busctl --system introspect com.ubuntu.SoftwareProp") (using servicehelper)
May 16 17:55:17 4f5b414436ae dbus-daemon[255]: [system] Rejected send message, 1 matched rules; type="method_call", sender=":1.98325" (uid=1001 pid=761705 comm="busctl --system tree :1.5 --no-pager") interface="org.freedesktop.DBus.Introspectable" member="Introspect" error name="(unset)" requested_reply="0" destination=":1.5" (uid=0 pid=293 comm="/usr/bin/python3 /usr/share/unattended-upgrades/un")
May 16 17:55:17 4f5b414436ae dbus-daemon[255]: [system] Rejected send message, 1 matched rules; type="method_call", sender=":1.98326" (uid=1001 pid=761707 comm="busctl --system introspect :1.5 / --no-pager") interface="org.freedesktop.DBus.Introspectable" member="Introspect" error name="(unset)" requested_reply="0" destination=":1.5" (uid=0 pid=293 comm="/usr/bin/python3 /usr/share/unattended-upgrades/un")
May 16 17:55:17 4f5b414436ae dbus-daemon[255]: [system] Successfully activated service 'com.ubuntu.SoftwareProperties'
May 16 17:56:07 4f5b414436ae dbus-daemon[255]: [system] Activating service name='com.ubuntu.SoftwareProperties' requested by ':1.98346' (uid=1001 pid=762703 comm="busctl --system introspect com.ubuntu.SoftwareProp") (using servicehelper)
May 16 17:56:07 4f5b414436ae dbus-daemon[255]: [system] Successfully activated service 'com.ubuntu.SoftwareProperties'
May 16 17:56:08 4f5b414436ae dbus-daemon[255]: [system] Rejected send message, 3 matched rules; type="method_call", sender=":1.98375" (uid=1001 pid=762955 comm="busctl --system call org.freedesktop.DBus /org/fre") interface="org.freedesktop.DBus" member="UpdateActivationEnvironment" error name="(unset)" requested_reply="0" destination="org.freedesktop.DBus" (bus)
May 16 17:56:08 4f5b414436ae dbus-daemon[255]: [system] Rejected send message, 3 matched rules; type="method_call", sender=":1.98383" (uid=1002 pid=762991 comm="busctl --system call org.freedesktop.DBus /org/fre") interface="org.freedesktop.DBus" member="UpdateActivationEnvironment" error name="(unset)" requested_reply="0" destination="org.freedesktop.DBus" (bus)
May 16 17:56:10 4f5b414436ae dbus-daemon[255]: [system] Rejected send message, 0 matched rules; type="error", sender=":1.58" (uid=0 pid=1528 comm="/usr/libexec/netplan/netplan-dbus") interface="(unset)" member="(unset)" error name="org.freedesktop.DBus.Error.UnknownMethod" requested_reply="0" destination=":1.98418" (uid=0 pid=763686 comm="busctl --system call io.netplan.Netplan /io/netpla")
May 16 17:56:36 4f5b414436ae dbus-daemon[255]: [system] Activating via systemd: service name='org.freedesktop.timedate1' unit='dbus-org.freedesktop.timedate1.service' requested by ':1.98421' (uid=0 pid=764437 comm="/usr/lib/snapd/snapd")
May 16 17:56:36 4f5b414436ae dbus-daemon[255]: [system] Successfully activated service 'org.freedesktop.timedate1'
May 16 17:56:38 4f5b414436ae dbus-daemon[255]: [system] Rejected send message, 3 matched rules; type="method_call", sender=":1.98434" (uid=1001 pid=764681 comm="busctl --system call org.freedesktop.DBus /org/fre") interface="org.freedesktop.DBus" member="UpdateActivationEnvironment" error name="(unset)" requested_reply="0" destination="org.freedesktop.DBus" (bus)
May 16 17:56:38 4f5b414436ae dbus-daemon[255]: [system] Rejected send message, 3 matched rules; type="method_call", sender=":1.98442" (uid=1002 pid=764717 comm="busctl --system call org.freedesktop.DBus /org/fre") interface="org.freedesktop.DBus" member="UpdateActivationEnvironment" error name="(unset)" requested_reply="0" destination="org.freedesktop.DBus" (bus)
May 16 17:56:39 4f5b414436ae dbus-daemon[255]: [system] Rejected send message, 0 matched rules; type="error", sender=":1.58" (uid=0 pid=1528 comm="/usr/libexec/netplan/netplan-dbus") interface="(unset)" member="(unset)" error name="org.freedesktop.DBus.Error.UnknownMethod" requested_reply="0" destination=":1.98476" (uid=0 pid=765078 comm="busctl --system call io.netplan.Netplan /io/netpla")
io.netplan.Netplan              1528 netplan-dbus    root            :1.58         dbus.service                -       -
org.freedesktop.DBus               1 systemd         root            -             init.scope                  -       -
org.freedesktop.PolicyKit1       258 polkitd         polkitd         :1.4          polkit.service              -       -
org.freedesktop.systemd1           1 systemd         root            :1.0          init.scope                  -       -
PID=1528
PPID=1
TTY=n/a
UID=0
EUID=0
SUID=0
FSUID=0
GID=0
EGID=0
SGID=0
FSGID=0
SupplementaryGIDs=0
Comm=netplan-dbus
Exe=/usr/libexec/netplan/netplan-dbus
CommandLine=/usr/libexec/netplan/netplan-dbus
CGroup=/docker/4f5b414436aefb655c3e4b9b25b80c8483306cde6cc3186d655231e3631e5f6a/system.slice/dbus.service
Unit=dbus.service
Slice=system.slice
UserUnit=n/a
UserSlice=n/a
Session=n/a
AuditLoginUID=n/a
AuditSessionID=n/a
UniqueName=:1.58
EffectiveCapabilities=cap_chown cap_dac_override cap_dac_read_search 
        cap_fowner cap_fsetid cap_kill cap_setgid 
        cap_setuid cap_setpcap cap_linux_immutable cap_net_bind_service 
        cap_net_broadcast cap_net_admin cap_net_raw cap_ipc_lock 
        cap_ipc_owner cap_sys_module cap_sys_rawio cap_sys_chroot 
        cap_sys_ptrace cap_sys_pacct cap_sys_admin cap_sys_boot 
        cap_sys_nice cap_sys_resource cap_sys_time cap_sys_tty_config 
        cap_mknod cap_lease cap_audit_write cap_audit_control 
        cap_setfcap cap_mac_override cap_mac_admin cap_syslog 
        cap_wake_alarm cap_block_suspend cap_audit_read cap_perfmon 
        cap_bpf cap_checkpoint_restore
PermittedCapabilities=cap_chown cap_dac_override cap_dac_read_search 
        cap_fowner cap_fsetid cap_kill cap_setgid 
        cap_setuid cap_setpcap cap_linux_immutable cap_net_bind_service 
        cap_net_broadcast cap_net_admin cap_net_raw cap_ipc_lock 
        cap_ipc_owner cap_sys_module cap_sys_rawio cap_sys_chroot 
        cap_sys_ptrace cap_sys_pacct cap_sys_admin cap_sys_boot 
        cap_sys_nice cap_sys_resource cap_sys_time cap_sys_tty_config 
        cap_mknod cap_lease cap_audit_write cap_audit_control 
        cap_setfcap cap_mac_override cap_mac_admin cap_syslog 
        cap_wake_alarm cap_block_suspend cap_audit_read cap_perfmon 
        cap_bpf cap_checkpoint_restore
InheritableCapabilities=
BoundingCapabilities=cap_chown cap_dac_override cap_dac_read_search 
        cap_fowner cap_fsetid cap_kill cap_setgid 
        cap_setuid cap_setpcap cap_linux_immutable cap_net_bind_service 
        cap_net_broadcast cap_net_admin cap_net_raw cap_ipc_lock 
        cap_ipc_owner cap_sys_module cap_sys_rawio cap_sys_chroot 
        cap_sys_ptrace cap_sys_pacct cap_sys_admin cap_sys_boot 
        cap_sys_nice cap_sys_resource cap_sys_time cap_sys_tty_config 
        cap_mknod cap_lease cap_audit_write cap_audit_control 
        cap_setfcap cap_mac_override cap_mac_admin cap_syslog 
        cap_wake_alarm cap_block_suspend cap_audit_read cap_perfmon 
        cap_bpf cap_checkpoint_restore
[D-BUS Service]
Name=io.netplan.Netplan
Exec=/usr/libexec/netplan/netplan-dbus
User=root
AssumedAppArmorLabel=unconfined
<!DOCTYPE busconfig PUBLIC
 "-//freedesktop//DTD D-BUS Bus Configuration 1.0//EN"
 "http://www.freedesktop.org/standards/dbus/1.0/busconfig.dtd">
<busconfig>

  <policy user="root">
    <allow own="io.netplan.Netplan"/>
  </policy>

  <policy context="default">
    <allow send_destination="io.netplan.Netplan"
           send_interface="io.netplan.Netplan"/>
    <allow send_destination="io.netplan.Netplan"
           send_interface="io.netplan.Netplan.Config"/>
    <allow send_destination="io.netplan.Netplan"
           send_interface="org.freedesktop.DBus.Introspectable"/>
  </policy>

</busconfig>


## netplan D-Bus interface
└─ /io
  └─ /io/netplan
    └─ /io/netplan/Netplan
      └─ /io/netplan/Netplan/config
        └─ /io/netplan/Netplan/config/OGZIP3
<!DOCTYPE node PUBLIC "-//freedesktop//DTD D-BUS Object Introspection 1.0//EN"
"https://www.freedesktop.org/standards/dbus/1.0/introspect.dtd">
<node>
 <interface name="org.freedesktop.DBus.Peer">
  <method name="Ping"/>
  <method name="GetMachineId">
   <arg type="s" name="machine_uuid" direction="out"/>
  </method>
 </interface>
 <interface name="org.freedesktop.DBus.Introspectable">
  <method name="Introspect">
   <arg name="xml_data" type="s" direction="out"/>
  </method>
 </interface>
 <interface name="org.freedesktop.DBus.Properties">
  <method name="Get">
   <arg name="interface_name" direction="in" type="s"/>
   <arg name="property_name" direction="in" type="s"/>
   <arg name="value" direction="out" type="v"/>
  </method>
  <method name="GetAll">
   <arg name="interface_name" direction="in" type="s"/>
   <arg name="props" direction="out" type="a{sv}"/>
  </method>
  <method name="Set">
   <arg name="interface_name" direction="in" type="s"/>
   <arg name="property_name" direction="in" type="s"/>
   <arg name="value" direction="in" type="v"/>
  </method>
  <signal name="PropertiesChanged">
   <arg type="s" name="interface_name"/>
   <arg type="a{sv}" name="changed_properties"/>
   <arg type="as" name="invalidated_properties"/>
  </signal>
 </interface>
 <interface name="io.netplan.Netplan">
  <method name="Apply">
   <arg type="b" direction="out"/>
   <annotation name="org.freedesktop.systemd1.Privileged" value="true"/>
  </method>
  <method name="Generate">
   <arg type="b" direction="out"/>
   <annotation name="org.freedesktop.systemd1.Privileged" value="true"/>
  </method>
  <method name="Info">
   <arg type="a(sv)" direction="out"/>
   <annotation name="org.freedesktop.systemd1.Privileged" value="true"/>
  </method>
  <method name="Config">
   <arg type="o" direction="out"/>
   <annotation name="org.freedesktop.systemd1.Privileged" value="true"/>
  </method>
 </interface>
 <node name="config"/>
</node>

NAME               TYPE      SIGNATURE RESULT/VALUE FLAGS
.Apply             method    -         b            -
.Config            method    -         o            -
.Generate          method    -         b            -
.Info              method    -         a(sv)        -

## state digest: before-unprivileged-triggers
before-unprivileged-triggers=e1e13381e8d0b5e38504328301e4c2dacf9c25a991f562429bdb0b2e1996c5e9

## state listing: before-unprivileged-triggers
### /etc/netplan
drwxr-xr-x root:root 4096 /etc/netplan -> 
### /run/netplan
drwx------ root:root 100 /run/netplan/config-OGZIP3 -> 
drwx------ root:root 40 /run/netplan/config-OGZIP3/etc/netplan -> 
drwx------ root:root 40 /run/netplan/config-OGZIP3/lib/netplan -> 
drwx------ root:root 40 /run/netplan/config-OGZIP3/run/netplan -> 
drwx------ root:root 60 /run/netplan -> 
drwx------ root:root 60 /run/netplan/config-OGZIP3/etc -> 
drwx------ root:root 60 /run/netplan/config-OGZIP3/lib -> 
drwx------ root:root 60 /run/netplan/config-OGZIP3/run -> 
### /run/systemd/network
find: '/run/systemd/network': No such file or directory
### /run/NetworkManager
find: '/run/NetworkManager': No such file or directory

## attacker: identity and bus visibility
$ runuser -u attacker -- bash -lc id\;\ groups\;\ busctl\ --system\ list\ --no-pager\ \|\ egrep\ \"io.netplan.Netplan\|org.freedesktop.DBus\"\ \|\|\ true
uid=1001(attacker) gid=1001(attacker) groups=1001(attacker)
attacker
io.netplan.Netplan              1528 netplan-dbus    root            :1.58         dbus.service                -       -
org.freedesktop.DBus               1 systemd         root            -             init.scope                  -       -
rc=0

## attacker: root object introspection is readable
$ runuser -u attacker -- bash -lc busctl\ --system\ introspect\ io.netplan.Netplan\ /io/netplan/Netplan\ io.netplan.Netplan
NAME               TYPE      SIGNATURE RESULT/VALUE FLAGS
.Apply             method    -         b            -
.Config            method    -         o            -
.Generate          method    -         b            -
.Info              method    -         a(sv)        -
rc=0

## attacker: Info denied
$ runuser -u attacker -- bash -lc busctl\ --system\ call\ io.netplan.Netplan\ /io/netplan/Netplan\ io.netplan.Netplan\ Info
Call failed: Access denied
rc=1

## attacker: Generate denied
$ runuser -u attacker -- bash -lc busctl\ --system\ call\ io.netplan.Netplan\ /io/netplan/Netplan\ io.netplan.Netplan\ Generate
Call failed: Access denied
rc=1

## attacker: Apply denied
$ runuser -u attacker -- bash -lc busctl\ --system\ call\ io.netplan.Netplan\ /io/netplan/Netplan\ io.netplan.Netplan\ Apply
Call failed: Access denied
rc=1

## attacker: Config denied
$ runuser -u attacker -- bash -lc busctl\ --system\ call\ io.netplan.Netplan\ /io/netplan/Netplan\ io.netplan.Netplan\ Config
Call failed: Access denied
rc=1

## attacker: system-bus activation environment denied
$ runuser -u attacker -- bash -lc busctl\ --system\ call\ org.freedesktop.DBus\ /org/freedesktop/DBus\ org.freedesktop.DBus\ UpdateActivationEnvironment\ a\{ss\}\ 2\ DBUS_TEST_NETPLAN_ROOT\ /tmp/netplan-dbus-deep/activation-root\ PATH\ /tmp/netplan-dbus-deep/fakebin
Call failed: Access denied
rc=1

## attacker: caller PATH/env does not reach denied Generate
$ runuser -u attacker -- bash -lc PATH=/tmp/netplan-dbus-deep/fakebin:\$PATH\ DBUS_TEST_NETPLAN_ROOT=/tmp/netplan-dbus-deep/user-root\ busctl\ --system\ call\ io.netplan.Netplan\ /io/netplan/Netplan\ io.netplan.Netplan\ Generate
Call failed: Access denied
rc=1

## selfauth: identity and bus visibility
$ runuser -u selfauth -- bash -lc id\;\ groups\;\ busctl\ --system\ list\ --no-pager\ \|\ egrep\ \"io.netplan.Netplan\|org.freedesktop.DBus\"\ \|\|\ true
uid=1002(selfauth) gid=1002(selfauth) groups=1002(selfauth)
selfauth
io.netplan.Netplan              1528 netplan-dbus    root            :1.58         dbus.service                -       -
org.freedesktop.DBus               1 systemd         root            -             init.scope                  -       -
rc=0

## selfauth: root object introspection is readable
$ runuser -u selfauth -- bash -lc busctl\ --system\ introspect\ io.netplan.Netplan\ /io/netplan/Netplan\ io.netplan.Netplan
NAME               TYPE      SIGNATURE RESULT/VALUE FLAGS
.Apply             method    -         b            -
.Config            method    -         o            -
.Generate          method    -         b            -
.Info              method    -         a(sv)        -
rc=0

## selfauth: Info denied
$ runuser -u selfauth -- bash -lc busctl\ --system\ call\ io.netplan.Netplan\ /io/netplan/Netplan\ io.netplan.Netplan\ Info
Call failed: Access denied
rc=1

## selfauth: Generate denied
$ runuser -u selfauth -- bash -lc busctl\ --system\ call\ io.netplan.Netplan\ /io/netplan/Netplan\ io.netplan.Netplan\ Generate
Call failed: Access denied
rc=1

## selfauth: Apply denied
$ runuser -u selfauth -- bash -lc busctl\ --system\ call\ io.netplan.Netplan\ /io/netplan/Netplan\ io.netplan.Netplan\ Apply
Call failed: Access denied
rc=1

## selfauth: Config denied
$ runuser -u selfauth -- bash -lc busctl\ --system\ call\ io.netplan.Netplan\ /io/netplan/Netplan\ io.netplan.Netplan\ Config
Call failed: Access denied
rc=1

## selfauth: system-bus activation environment denied
$ runuser -u selfauth -- bash -lc busctl\ --system\ call\ org.freedesktop.DBus\ /org/freedesktop/DBus\ org.freedesktop.DBus\ UpdateActivationEnvironment\ a\{ss\}\ 2\ DBUS_TEST_NETPLAN_ROOT\ /tmp/netplan-dbus-deep/activation-root\ PATH\ /tmp/netplan-dbus-deep/fakebin
Call failed: Access denied
rc=1

## selfauth: caller PATH/env does not reach denied Generate
$ runuser -u selfauth -- bash -lc PATH=/tmp/netplan-dbus-deep/fakebin:\$PATH\ DBUS_TEST_NETPLAN_ROOT=/tmp/netplan-dbus-deep/user-root\ busctl\ --system\ call\ io.netplan.Netplan\ /io/netplan/Netplan\ io.netplan.Netplan\ Generate
Call failed: Access denied
rc=1

## state digest: after-unprivileged-root-object-triggers
after-unprivileged-root-object-triggers=e1e13381e8d0b5e38504328301e4c2dacf9c25a991f562429bdb0b2e1996c5e9

## root-created config object for unprivileged method checks
o "/io/netplan/Netplan/config/9QVGP3"
CFG_OBJ=/io/netplan/Netplan/config/9QVGP3
CFG_DIR=/run/netplan/config-9QVGP3
drwx------ root:root /run/netplan
drwx------ root:root /run/netplan/config-9QVGP3
drwx------ root:root /run/netplan/config-9QVGP3/etc
drwx------ root:root /run/netplan/config-9QVGP3/etc/netplan
<!DOCTYPE node PUBLIC "-//freedesktop//DTD D-BUS Object Introspection 1.0//EN"
"https://www.freedesktop.org/standards/dbus/1.0/introspect.dtd">
<node>
 <interface name="org.freedesktop.DBus.Peer">
  <method name="Ping"/>
  <method name="GetMachineId">
   <arg type="s" name="machine_uuid" direction="out"/>
  </method>
 </interface>
 <interface name="org.freedesktop.DBus.Introspectable">
  <method name="Introspect">
   <arg name="xml_data" type="s" direction="out"/>
  </method>
 </interface>
 <interface name="org.freedesktop.DBus.Properties">
  <method name="Get">
   <arg name="interface_name" direction="in" type="s"/>
   <arg name="property_name" direction="in" type="s"/>
   <arg name="value" direction="out" type="v"/>
  </method>
  <method name="GetAll">
   <arg name="interface_name" direction="in" type="s"/>
   <arg name="props" direction="out" type="a{sv}"/>
  </method>
  <method name="Set">
   <arg name="interface_name" direction="in" type="s"/>
   <arg name="property_name" direction="in" type="s"/>
   <arg name="value" direction="in" type="v"/>
  </method>
  <signal name="PropertiesChanged">
   <arg type="s" name="interface_name"/>
   <arg type="a{sv}" name="changed_properties"/>
   <arg type="as" name="invalidated_properties"/>
  </signal>
 </interface>
 <interface name="io.netplan.Netplan.Config">
  <method name="Apply">
   <arg type="b" direction="out"/>
   <annotation name="org.freedesktop.systemd1.Privileged" value="true"/>
  </method>
  <method name="Get">
   <arg type="s" direction="out"/>
   <annotation name="org.freedesktop.systemd1.Privileged" value="true"/>
  </method>
  <method name="Set">
   <arg type="s" direction="in"/>
   <arg type="s" direction="in"/>
   <arg type="b" direction="out"/>
   <annotation name="org.freedesktop.systemd1.Privileged" value="true"/>
  </method>
  <method name="Try">
   <arg type="u" direction="in"/>
   <arg type="b" direction="out"/>
   <annotation name="org.freedesktop.systemd1.Privileged" value="true"/>
  </method>
  <method name="Cancel">
   <arg type="b" direction="out"/>
   <annotation name="org.freedesktop.systemd1.Privileged" value="true"/>
  </method>
 </interface>
</node>

NAME                      TYPE      SIGNATURE RESULT/VALUE FLAGS
.Apply                    method    -         b            -
.Cancel                   method    -         b            -
.Get                      method    -         s            -
.Set                      method    ss        b            -
.Try                      method    u         b            -

## attacker: known config object Get denied
$ runuser -u attacker -- bash -lc busctl\ --system\ call\ io.netplan.Netplan\ /io/netplan/Netplan/config/9QVGP3\ io.netplan.Netplan.Config\ Get
Call failed: Access denied
rc=1

## attacker: known config object Set normal denied
$ runuser -u attacker -- bash -lc busctl\ --system\ call\ io.netplan.Netplan\ /io/netplan/Netplan/config/9QVGP3\ io.netplan.Netplan.Config\ Set\ ss\ network.version=2\ attacker-origin
Call failed: Access denied
rc=1

## attacker: known config object Set path traversal denied
$ runuser -u attacker -- bash -lc busctl\ --system\ call\ io.netplan.Netplan\ /io/netplan/Netplan/config/9QVGP3\ io.netplan.Netplan.Config\ Set\ ss\ network.version=2\ ../../../../tmp/netplan-dbus-deep-attacker-escape
Call failed: Access denied
rc=1

## attacker: known config object Set absolute root path denied
$ runuser -u attacker -- bash -lc busctl\ --system\ call\ io.netplan.Netplan\ /io/netplan/Netplan/config/9QVGP3\ io.netplan.Netplan.Config\ Set\ ss\ network.version=2\ /root/netplan_dbus_deep_attacker_abs
Call failed: Access denied
rc=1

## attacker: known config object Try denied
$ runuser -u attacker -- bash -lc busctl\ --system\ call\ io.netplan.Netplan\ /io/netplan/Netplan/config/9QVGP3\ io.netplan.Netplan.Config\ Try\ u\ 1
Call failed: Access denied
rc=1

## attacker: known config object Apply denied
$ runuser -u attacker -- bash -lc busctl\ --system\ call\ io.netplan.Netplan\ /io/netplan/Netplan/config/9QVGP3\ io.netplan.Netplan.Config\ Apply
Call failed: Access denied
rc=1

## attacker: known config object Cancel denied
$ runuser -u attacker -- bash -lc busctl\ --system\ call\ io.netplan.Netplan\ /io/netplan/Netplan/config/9QVGP3\ io.netplan.Netplan.Config\ Cancel
Call failed: Access denied
rc=1

## attacker: temp path traversal and symlink attempts fail
$ runuser -u attacker -- bash -lc set\ +e\;\ ls\ -ld\ /run/netplan\ /run/netplan/config-9QVGP3\ /run/netplan/config-9QVGP3/etc/netplan\;\ touch\ /run/netplan/config-9QVGP3/etc/netplan/attacker.yaml\;\ ln\ -s\ /root/netplan_dbus_deep_root_marker\ /run/netplan/config-9QVGP3/etc/netplan/race.yaml\;\ rm\ -f\ /run/netplan/config-9QVGP3/etc/netplan/99-probe.yaml\;\ find\ /run/netplan\ -maxdepth\ 3\ -ls
drwx------ 4 root root 80 May 16 17:57 /run/netplan
ls: cannot access '/run/netplan/config-9QVGP3': Permission denied
ls: cannot access '/run/netplan/config-9QVGP3/etc/netplan': Permission denied
touch: cannot touch '/run/netplan/config-9QVGP3/etc/netplan/attacker.yaml': Permission denied
ln: failed to create symbolic link '/run/netplan/config-9QVGP3/etc/netplan/race.yaml': Permission denied
rm: cannot remove '/run/netplan/config-9QVGP3/etc/netplan/99-probe.yaml': Permission denied
     6793      0 drwx------   4 root     root           80 May 16 17:57 /run/netplan
find: '/run/netplan': Permission denied
rc=1

## selfauth: known config object Get denied
$ runuser -u selfauth -- bash -lc busctl\ --system\ call\ io.netplan.Netplan\ /io/netplan/Netplan/config/9QVGP3\ io.netplan.Netplan.Config\ Get
Call failed: Access denied
rc=1

## selfauth: known config object Set normal denied
$ runuser -u selfauth -- bash -lc busctl\ --system\ call\ io.netplan.Netplan\ /io/netplan/Netplan/config/9QVGP3\ io.netplan.Netplan.Config\ Set\ ss\ network.version=2\ attacker-origin
Call failed: Access denied
rc=1

## selfauth: known config object Set path traversal denied
$ runuser -u selfauth -- bash -lc busctl\ --system\ call\ io.netplan.Netplan\ /io/netplan/Netplan/config/9QVGP3\ io.netplan.Netplan.Config\ Set\ ss\ network.version=2\ ../../../../tmp/netplan-dbus-deep-attacker-escape
Call failed: Access denied
rc=1

## selfauth: known config object Set absolute root path denied
$ runuser -u selfauth -- bash -lc busctl\ --system\ call\ io.netplan.Netplan\ /io/netplan/Netplan/config/9QVGP3\ io.netplan.Netplan.Config\ Set\ ss\ network.version=2\ /root/netplan_dbus_deep_attacker_abs
Call failed: Access denied
rc=1

## selfauth: known config object Try denied
$ runuser -u selfauth -- bash -lc busctl\ --system\ call\ io.netplan.Netplan\ /io/netplan/Netplan/config/9QVGP3\ io.netplan.Netplan.Config\ Try\ u\ 1
Call failed: Access denied
rc=1

## selfauth: known config object Apply denied
$ runuser -u selfauth -- bash -lc busctl\ --system\ call\ io.netplan.Netplan\ /io/netplan/Netplan/config/9QVGP3\ io.netplan.Netplan.Config\ Apply
Call failed: Access denied
rc=1

## selfauth: known config object Cancel denied
$ runuser -u selfauth -- bash -lc busctl\ --system\ call\ io.netplan.Netplan\ /io/netplan/Netplan/config/9QVGP3\ io.netplan.Netplan.Config\ Cancel
Call failed: Access denied
rc=1

## selfauth: temp path traversal and symlink attempts fail
$ runuser -u selfauth -- bash -lc set\ +e\;\ ls\ -ld\ /run/netplan\ /run/netplan/config-9QVGP3\ /run/netplan/config-9QVGP3/etc/netplan\;\ touch\ /run/netplan/config-9QVGP3/etc/netplan/attacker.yaml\;\ ln\ -s\ /root/netplan_dbus_deep_root_marker\ /run/netplan/config-9QVGP3/etc/netplan/race.yaml\;\ rm\ -f\ /run/netplan/config-9QVGP3/etc/netplan/99-probe.yaml\;\ find\ /run/netplan\ -maxdepth\ 3\ -ls
drwx------ 4 root root 80 May 16 17:57 /run/netplan
ls: cannot access '/run/netplan/config-9QVGP3': Permission denied
ls: cannot access '/run/netplan/config-9QVGP3/etc/netplan': Permission denied
touch: cannot touch '/run/netplan/config-9QVGP3/etc/netplan/attacker.yaml': Permission denied
ln: failed to create symbolic link '/run/netplan/config-9QVGP3/etc/netplan/race.yaml': Permission denied
rm: cannot remove '/run/netplan/config-9QVGP3/etc/netplan/99-probe.yaml': Permission denied
     6793      0 drwx------   4 root     root           80 May 16 17:57 /run/netplan
find: '/run/netplan': Permission denied
rc=1

## attacker race against root-owned temp config path
bash: line 1: /run/netplan/config-9QVGP3/etc/netplan/99-race.yaml: Permission denied
bash: line 1: /run/netplan/config-9QVGP3/etc/netplan/99-race.yaml: Permission denied
bash: line 1: /run/netplan/config-9QVGP3/etc/netplan/99-race.yaml: Permission denied
ln: failed to access '/run/netplan/config-9QVGP3/etc/netplan/race.yaml': Permission denied
mkdir: cannot create directory '/run/netplan': Permission denied
rc=0
drwx------ root:root 100 /run/netplan/config-9QVGP3 -> 
drwx------ root:root 40 /run/netplan/config-9QVGP3/etc/netplan -> 
drwx------ root:root 40 /run/netplan/config-9QVGP3/lib/netplan -> 
drwx------ root:root 40 /run/netplan/config-9QVGP3/run/netplan -> 
drwx------ root:root 60 /run/netplan/config-9QVGP3/etc -> 
drwx------ root:root 60 /run/netplan/config-9QVGP3/lib -> 
drwx------ root:root 60 /run/netplan/config-9QVGP3/run -> 
ls: cannot access '/root/netplan_dbus_deep_root_marker': No such file or directory
ls: cannot access '/tmp/netplan-dbus-deep-attacker-escape.yaml': No such file or directory

## root-control Set/Get, origin path handling, and symlink handling
b true
set-version-rc=0
b true
set-eth-rc=0
s "network:\n  version: 2\n  ethernets:\n    eth999:\n      dhcp4: true\n"
get-rc=0
-rw------- root:root 65 /run/netplan/config-9QVGP3/etc/netplan/99-deep.yaml -> 
drwx------ root:root 100 /run/netplan/config-9QVGP3 -> 
drwx------ root:root 40 /run/netplan/config-9QVGP3/lib/netplan -> 
drwx------ root:root 40 /run/netplan/config-9QVGP3/run/netplan -> 
drwx------ root:root 60 /run/netplan/config-9QVGP3/etc -> 
drwx------ root:root 60 /run/netplan/config-9QVGP3/etc/netplan -> 
drwx------ root:root 60 /run/netplan/config-9QVGP3/lib -> 
drwx------ root:root 60 /run/netplan/config-9QVGP3/run -> 
FILE -rw------- root:root 65 /run/netplan/config-9QVGP3/etc/netplan/99-deep.yaml
network:
  version: 2
  ethernets:
    eth999:
      dhcp4: true
origin-hint=../escape
b true
origin-rc=0
origin-hint=../../../../tmp/netplan-dbus-deep-origin-escape
b true
origin-rc=0
origin-hint=/tmp/netplan-dbus-deep-abs
b true
origin-rc=0
origin-hint=/root/netplan_dbus_deep_origin_escape
b true
origin-rc=0
origin-hint=semi;touch /root/netplan_dbus_deep_cmd_marker
b true
origin-rc=0
origin-hint=weird/name
b true
origin-rc=0
ls: cannot access '/tmp/netplan-dbus-deep-origin-escape.yaml': No such file or directory
ls: cannot access '/tmp/netplan-dbus-deep-abs.yaml': No such file or directory
ls: cannot access '/root/netplan_dbus_deep_origin_escape.yaml': No such file or directory
ls: cannot access '/root/netplan_dbus_deep_cmd_marker': No such file or directory
lrwxrwxrwx 1 root root 42 May 16 17:57 /run/netplan/config-9QVGP3/etc/netplan/symlink.yaml -> /tmp/netplan-dbus-deep-symlink-target.yaml
b true
symlink-set-rc=0
ls: cannot access '/tmp/netplan-dbus-deep-symlink-target.yaml': No such file or directory
lrwxrwxrwx 1 root root 42 May 16 17:57 /run/netplan/config-9QVGP3/etc/netplan/symlink.yaml -> /tmp/netplan-dbus-deep-symlink-target.yaml

## root-control caller environment and helper execution checks
b true
root-generate-env-rc=0
ls: cannot access '/root/netplan_dbus_deep_fake_helper': No such file or directory
ls: cannot access '/tmp/netplan-dbus-deep/root-env': No such file or directory

## cleanup first config object
b true
cancel-first-rc=0
Failed to introspect object /io/netplan/Netplan/config/9QVGP3 of service io.netplan.Netplan: Unknown object '/io/netplan/Netplan/config/9QVGP3'.
post-cancel-introspect-rc=1
ls: cannot access '/run/netplan/config-9QVGP3': No such file or directory

## root-control Try and Cancel semantics on empty config
o "/io/netplan/Netplan/config/JNSJP3"
TRY_OBJ=/io/netplan/Netplan/config/JNSJP3
TRY_DIR=/run/netplan/config-JNSJP3
b true
try-empty-rc=0
drwx------ root:root 100 /run/netplan/config-JNSJP3 -> 
drwx------ root:root 40 /run/netplan/config-JNSJP3/etc/netplan -> 
drwx------ root:root 40 /run/netplan/config-JNSJP3/lib/netplan -> 
drwx------ root:root 40 /run/netplan/config-JNSJP3/run/netplan -> 
drwx------ root:root 60 /run/netplan/config-JNSJP3/etc -> 
drwx------ root:root 60 /run/netplan/config-JNSJP3/lib -> 
drwx------ root:root 60 /run/netplan/config-JNSJP3/run -> 
b true
cancel-try-rc=0
Failed to introspect object /io/netplan/Netplan/config/JNSJP3 of service io.netplan.Netplan: Unknown object '/io/netplan/Netplan/config/JNSJP3'.
post-try-cancel-introspect-rc=1
ls: cannot access '/run/netplan/config-JNSJP3': No such file or directory

## state digest: after-cleanup
after-cleanup=e1e13381e8d0b5e38504328301e4c2dacf9c25a991f562429bdb0b2e1996c5e9

## state listing: after-cleanup
### /etc/netplan
drwxr-xr-x root:root 4096 /etc/netplan -> 
### /run/netplan
drwx------ root:root 100 /run/netplan/config-OGZIP3 -> 
drwx------ root:root 40 /run/netplan/config-OGZIP3/etc/netplan -> 
drwx------ root:root 40 /run/netplan/config-OGZIP3/lib/netplan -> 
drwx------ root:root 40 /run/netplan/config-OGZIP3/run/netplan -> 
drwx------ root:root 60 /run/netplan -> 
drwx------ root:root 60 /run/netplan/config-OGZIP3/etc -> 
drwx------ root:root 60 /run/netplan/config-OGZIP3/lib -> 
drwx------ root:root 60 /run/netplan/config-OGZIP3/run -> 
### /run/systemd/network
find: '/run/systemd/network': No such file or directory
### /run/NetworkManager
find: '/run/NetworkManager': No such file or directory

## root proof and cleanup verification
ls: cannot access '/root/netplan_dbus_deep_root_marker': No such file or directory
ls: cannot access '/root/netplan_dbus_deep_fake_helper': No such file or directory
ls: cannot access '/root/netplan_dbus_deep_origin_escape.yaml': No such file or directory
ls: cannot access '/root/netplan_dbus_deep_cmd_marker': No such file or directory
ls: cannot access '/tmp/netplan-dbus-deep-origin-escape.yaml': No such file or directory
ls: cannot access '/tmp/netplan-dbus-deep-abs.yaml': No such file or directory
ls: cannot access '/tmp/netplan-dbus-deep-symlink-target.yaml': No such file or directory
ls: cannot access '/tmp/netplan-dbus-deep-attacker-escape.yaml': No such file or directory
remaining netplan deep temp:
active netplan objects:
└─ /io
  └─ /io/netplan
    └─ /io/netplan/Netplan
      └─ /io/netplan/Netplan/config
        └─ /io/netplan/Netplan/config/OGZIP3
system state:
running
  UNIT LOAD ACTIVE SUB DESCRIPTION

0 loaded units listed.
