open-iscsi IPC semantics probe
target=ubuntu24-server-lpe-target
2026-05-16T16:39:39-0400

## default target and package proof
PRETTY_NAME="Ubuntu 24.04.4 LTS"
NAME="Ubuntu"
VERSION_ID="24.04"
VERSION="24.04.4 LTS (Noble Numbat)"
VERSION_CODENAME=noble
ID=ubuntu
ID_LIKE=debian
HOME_URL="https://www.ubuntu.com/"
Linux 508d797cbad0 6.10.14-linuxkit #1 SMP Sat May 17 08:28:57 UTC 2025 aarch64 aarch64 aarch64 GNU/Linux
uid=1001(attacker) gid=1001(attacker) groups=1001(attacker)
libopeniscsiusr	2.1.9-3ubuntu5.4	ii 
open-iscsi	2.1.9-3ubuntu5.4	ii 
systemd	255.4-1ubuntu8.15	ii 
# /usr/lib/systemd/system/iscsid.socket
[Unit]
Description=Open-iSCSI iscsid Socket
Documentation=man:iscsid(8) man:iscsiadm(8)

[Socket]
ListenStream=@ISCSIADM_ABSTRACT_NAMESPACE

[Install]
WantedBy=sockets.target

# /usr/lib/systemd/system/iscsid.service
[Unit]
Description=iSCSI initiator daemon (iscsid)
Documentation=man:iscsid(8)
Wants=network-online.target remote-fs-pre.target
Before=remote-fs-pre.target
After=network.target network-online.target
DefaultDependencies=no
Conflicts=shutdown.target
Before=shutdown.target
ConditionVirtualization=!private-users

[Service]
Type=forking
PIDFile=/run/iscsid.pid
ExecStartPre=/usr/lib/open-iscsi/startup-checks.sh
ExecStart=/usr/sbin/iscsid

[Install]
WantedBy=sysinit.target

# /usr/lib/systemd/system/open-iscsi.service
[Unit]
Description=Login to default iSCSI targets
Documentation=man:iscsiadm(8) man:iscsid(8)
Wants=network-online.target remote-fs-pre.target
After=network-online.target iscsid.service
Before=remote-fs-pre.target
DefaultDependencies=no
Conflicts=shutdown.target
Before=shutdown.target
# Must have some pre-defined targets to login to
ConditionDirectoryNotEmpty=|/etc/iscsi/nodes
# or have a session to use via iscsid
ConditionDirectoryNotEmpty=|/sys/class/iscsi_session

[Service]
Type=oneshot
RemainAfterExit=true
# iscsiadm --login will return 21 if no nodes are configured,
# and 15 if a session is alread logged in (which we do not
# consider an error)
SuccessExitStatus=15 21
# Note: iscsid will be socket activated by iscsiadm
ExecStart=/usr/sbin/iscsiadm -m node --loginall=automatic
ExecStart=/usr/lib/open-iscsi/activate-storage.sh
ExecStop=/usr/lib/open-iscsi/umountiscsi.sh
ExecStop=/bin/sync
ExecStop=/usr/lib/open-iscsi/logout-all.sh

[Install]
WantedBy=sysinit.target
Alias=iscsi.service

## default runtime state
● iscsid.socket - Open-iSCSI iscsid Socket
     Loaded: loaded (/usr/lib/systemd/system/iscsid.socket; enabled; preset: enabled)
     Active: active (listening) since Sat 2026-05-16 20:39:39 UTC; 17ms ago
   Triggers: ● iscsid.service
       Docs: man:iscsid(8)
             man:iscsiadm(8)
     Listen: @ISCSIADM_ABSTRACT_NAMESPACE (Stream)
     CGroup: /docker/508d797cbad09303136451b05788f2bf2f4994db28f983d783dfd7f7e10a399b/system.slice/iscsid.socket

May 16 20:39:39 508d797cbad0 systemd[1]: Listening on iscsid.socket - Open-iSCSI iscsid Socket.

○ iscsid.service - iSCSI initiator daemon (iscsid)
     Loaded: loaded (/usr/lib/systemd/system/iscsid.service; disabled; preset: enabled)
     Active: inactive (dead) since Sat 2026-05-16 20:37:12 UTC; 2min 27s ago
   Duration: 1ms
TriggeredBy: ● iscsid.socket
       Docs: man:iscsid(8)
    Process: 251357 ExecStartPre=/usr/lib/open-iscsi/startup-checks.sh (code=exited, status=0/SUCCESS)
    Process: 251360 ExecStart=/usr/sbin/iscsid (code=exited, status=0/SUCCESS)
   Main PID: 251363 (code=exited, status=1/FAILURE)
        CPU: 7ms

May 16 20:37:12 508d797cbad0 systemd[1]: Starting iscsid.service - iSCSI initiator daemon (iscsid)...
May 16 20:37:12 508d797cbad0 iscsid[251360]: iSCSI logger with pid=251362 started!
May 16 20:37:12 508d797cbad0 systemd[1]: Started iscsid.service - iSCSI initiator daemon (iscsid).
May 16 20:37:12 508d797cbad0 iscsid[251362]: iSCSI daemon with pid=251363 started!
May 16 20:37:12 508d797cbad0 iscsid[251362]: can not create NETLINK_ISCSI socket [Protocol not supported]
May 16 20:37:12 508d797cbad0 systemd[1]: iscsid.service: Main process exited, code=exited, status=1/FAILURE
May 16 20:37:12 508d797cbad0 systemd[1]: iscsid.service: Failed with result 'exit-code'.
May 16 20:37:12 508d797cbad0 systemd[1]: iscsid.service: Start request repeated too quickly.
May 16 20:37:12 508d797cbad0 systemd[1]: iscsid.service: Failed with result 'exit-code'.
May 16 20:37:12 508d797cbad0 systemd[1]: Failed to start iscsid.service - iSCSI initiator daemon (iscsid).

○ open-iscsi.service - Login to default iSCSI targets
     Loaded: loaded (/usr/lib/systemd/system/open-iscsi.service; enabled; preset: enabled)
     Active: inactive (dead)
  Condition: start condition unmet at Sat 2026-05-16 20:04:41 UTC; 34min ago
             ├─ ConditionDirectoryNotEmpty=|/etc/iscsi/nodes was not met
             └─ ConditionDirectoryNotEmpty=|/sys/class/iscsi_session was not met
       Docs: man:iscsiadm(8)
             man:iscsid(8)
u_str LISTEN 0      4096                      @ISCSIADM_ABSTRACT_NAMESPACE 380170            * 0    users:(("systemd",pid=1,fd=75))                                
-rw------- root:root /etc/iscsi/initiatorname.iscsi -> 
-rw-r--r-- root:root /etc/iscsi/iscsid.conf -> 
drwxr-xr-x root:root /etc/iscsi -> 

## uid1001 direct node creation attempt
iscsiadm: read error (-1/104), daemon died?
iscsiadm: Could not make /etc/iscsi/ifaces. HW/OFFLOAD iscsi may not be supported
iscsiadm: Could not read iface . Error 6
iscsiadm: Error while adding record: encountered iSCSI database failure
node_new_rc=6
-rw------- root:root /etc/iscsi/initiatorname.iscsi -> 
-rw-r--r-- root:root /etc/iscsi/iscsid.conf -> 
drwxr-xr-x root:root /etc/iscsi -> 

## uid1001 discoverydb creation/update attempt
Failed to start iscsid.socket: Interactive authentication required.
See system logs and 'systemctl status iscsid.socket' for details.
iscsiadm: can not connect to iSCSI daemon (111)!
iscsiadm: Could not make /etc/iscsi/send_targets: Permission denied
iscsiadm: Could not add new discovery record.
discoverydb_new_rc=6
iscsiadm: Discovery record [127.0.0.1,3260] not found.
discoverydb_update_rc=6
-rw------- root:root /etc/iscsi/initiatorname.iscsi -> 
-rw-r--r-- root:root /etc/iscsi/iscsid.conf -> 
drwxr-xr-x root:root /etc/iscsi -> 

## uid1001 discovery network trigger
Failed to start iscsid.socket: Interactive authentication required.
See system logs and 'systemctl status iscsid.socket' for details.
iscsiadm: can not connect to iSCSI daemon (111)!
iscsiadm: Could not make /etc/iscsi/send_targets: Permission denied
iscsiadm: Could not add new discovery record.
discovery_rc=6
× iscsid.socket - Open-iSCSI iscsid Socket
     Loaded: loaded (/usr/lib/systemd/system/iscsid.socket; enabled; preset: enabled)
     Active: failed (Result: service-start-limit-hit) since Sat 2026-05-16 20:39:39 UTC; 2s ago
   Duration: 136ms
   Triggers: ● iscsid.service
       Docs: man:iscsid(8)
             man:iscsiadm(8)
     Listen: @ISCSIADM_ABSTRACT_NAMESPACE (Stream)

May 16 20:39:39 508d797cbad0 systemd[1]: Listening on iscsid.socket - Open-iSCSI iscsid Socket.
May 16 20:39:39 508d797cbad0 systemd[1]: iscsid.socket: Failed with result 'service-start-limit-hit'.

× iscsid.service - iSCSI initiator daemon (iscsid)
     Loaded: loaded (/usr/lib/systemd/system/iscsid.service; disabled; preset: enabled)
     Active: failed (Result: exit-code) since Sat 2026-05-16 20:39:39 UTC; 2s ago
   Duration: 2ms
TriggeredBy: × iscsid.socket
       Docs: man:iscsid(8)
    Process: 252548 ExecStartPre=/usr/lib/open-iscsi/startup-checks.sh (code=exited, status=0/SUCCESS)
    Process: 252551 ExecStart=/usr/sbin/iscsid (code=exited, status=0/SUCCESS)
   Main PID: 252554 (code=exited, status=1/FAILURE)
        CPU: 14ms

May 16 20:39:39 508d797cbad0 systemd[1]: Starting iscsid.service - iSCSI initiator daemon (iscsid)...
May 16 20:39:39 508d797cbad0 iscsid[252551]: iSCSI logger with pid=252553 started!
May 16 20:39:39 508d797cbad0 systemd[1]: Started iscsid.service - iSCSI initiator daemon (iscsid).
May 16 20:39:39 508d797cbad0 iscsid[252553]: iSCSI daemon with pid=252554 started!
May 16 20:39:39 508d797cbad0 iscsid[252553]: can not create NETLINK_ISCSI socket [Protocol not supported]
May 16 20:39:39 508d797cbad0 systemd[1]: iscsid.service: Main process exited, code=exited, status=1/FAILURE
May 16 20:39:39 508d797cbad0 systemd[1]: iscsid.service: Failed with result 'exit-code'.
May 16 20:39:39 508d797cbad0 systemd[1]: iscsid.service: Start request repeated too quickly.
May 16 20:39:39 508d797cbad0 systemd[1]: iscsid.service: Failed with result 'exit-code'.
May 16 20:39:39 508d797cbad0 systemd[1]: Failed to start iscsid.service - iSCSI initiator daemon (iscsid).
May 16 20:37:11 508d797cbad0 systemd[1]: Starting iscsid.service - iSCSI initiator daemon (iscsid)...
May 16 20:37:11 508d797cbad0 iscsid[251328]: iSCSI logger with pid=251330 started!
May 16 20:37:11 508d797cbad0 iscsid[251330]: iSCSI daemon with pid=251331 started!
May 16 20:37:11 508d797cbad0 iscsid[251330]: can not create NETLINK_ISCSI socket [Protocol not supported]
May 16 20:37:11 508d797cbad0 systemd[1]: iscsid.service: New main PID 251331 does not exist or is a zombie.
May 16 20:37:11 508d797cbad0 systemd[1]: iscsid.service: Failed with result 'protocol'.
May 16 20:37:11 508d797cbad0 systemd[1]: Failed to start iscsid.service - iSCSI initiator daemon (iscsid).
May 16 20:37:11 508d797cbad0 systemd[1]: Starting iscsid.service - iSCSI initiator daemon (iscsid)...
May 16 20:37:11 508d797cbad0 iscsid[251336]: iSCSI logger with pid=251338 started!
May 16 20:37:11 508d797cbad0 systemd[1]: Started iscsid.service - iSCSI initiator daemon (iscsid).
May 16 20:37:11 508d797cbad0 iscsid[251338]: iSCSI daemon with pid=251339 started!
May 16 20:37:11 508d797cbad0 iscsid[251338]: can not create NETLINK_ISCSI socket [Protocol not supported]
May 16 20:37:11 508d797cbad0 systemd[1]: iscsid.service: Main process exited, code=exited, status=1/FAILURE
May 16 20:37:11 508d797cbad0 systemd[1]: iscsid.service: Failed with result 'exit-code'.
May 16 20:37:11 508d797cbad0 systemd[1]: Starting iscsid.service - iSCSI initiator daemon (iscsid)...
May 16 20:37:11 508d797cbad0 iscsid[251344]: iSCSI logger with pid=251346 started!
May 16 20:37:11 508d797cbad0 systemd[1]: Started iscsid.service - iSCSI initiator daemon (iscsid).
May 16 20:37:11 508d797cbad0 iscsid[251346]: iSCSI daemon with pid=251347 started!
May 16 20:37:11 508d797cbad0 iscsid[251346]: can not create NETLINK_ISCSI socket [Protocol not supported]
May 16 20:37:11 508d797cbad0 systemd[1]: iscsid.service: Main process exited, code=exited, status=1/FAILURE
May 16 20:37:11 508d797cbad0 systemd[1]: iscsid.service: Failed with result 'exit-code'.
May 16 20:37:11 508d797cbad0 systemd[1]: Starting iscsid.service - iSCSI initiator daemon (iscsid)...
May 16 20:37:11 508d797cbad0 iscsid[251352]: iSCSI logger with pid=251354 started!
May 16 20:37:11 508d797cbad0 systemd[1]: Started iscsid.service - iSCSI initiator daemon (iscsid).
May 16 20:37:11 508d797cbad0 iscsid[251354]: iSCSI daemon with pid=251355 started!
May 16 20:37:11 508d797cbad0 iscsid[251354]: can not create NETLINK_ISCSI socket [Protocol not supported]
May 16 20:37:11 508d797cbad0 systemd[1]: iscsid.service: Main process exited, code=exited, status=1/FAILURE
May 16 20:37:11 508d797cbad0 systemd[1]: iscsid.service: Failed with result 'exit-code'.
May 16 20:37:12 508d797cbad0 systemd[1]: Starting iscsid.service - iSCSI initiator daemon (iscsid)...
May 16 20:37:12 508d797cbad0 iscsid[251360]: iSCSI logger with pid=251362 started!
May 16 20:37:12 508d797cbad0 systemd[1]: Started iscsid.service - iSCSI initiator daemon (iscsid).
May 16 20:37:12 508d797cbad0 iscsid[251362]: iSCSI daemon with pid=251363 started!
May 16 20:37:12 508d797cbad0 iscsid[251362]: can not create NETLINK_ISCSI socket [Protocol not supported]
May 16 20:37:12 508d797cbad0 systemd[1]: iscsid.service: Main process exited, code=exited, status=1/FAILURE
May 16 20:37:12 508d797cbad0 systemd[1]: iscsid.service: Failed with result 'exit-code'.
May 16 20:37:12 508d797cbad0 systemd[1]: iscsid.service: Start request repeated too quickly.
May 16 20:37:12 508d797cbad0 systemd[1]: iscsid.service: Failed with result 'exit-code'.
May 16 20:37:12 508d797cbad0 systemd[1]: Failed to start iscsid.service - iSCSI initiator daemon (iscsid).
May 16 20:39:39 508d797cbad0 systemd[1]: Starting iscsid.service - iSCSI initiator daemon (iscsid)...
May 16 20:39:39 508d797cbad0 iscsid[252520]: iSCSI logger with pid=252521 started!
May 16 20:39:39 508d797cbad0 systemd[1]: Started iscsid.service - iSCSI initiator daemon (iscsid).
May 16 20:39:39 508d797cbad0 iscsid[252521]: iSCSI daemon with pid=252522 started!
May 16 20:39:39 508d797cbad0 iscsid[252521]: can not create NETLINK_ISCSI socket [Protocol not supported]
May 16 20:39:39 508d797cbad0 systemd[1]: iscsid.service: Main process exited, code=exited, status=1/FAILURE
May 16 20:39:39 508d797cbad0 systemd[1]: iscsid.service: Failed with result 'exit-code'.
May 16 20:39:39 508d797cbad0 systemd[1]: Starting iscsid.service - iSCSI initiator daemon (iscsid)...
May 16 20:39:39 508d797cbad0 iscsid[252528]: iSCSI logger with pid=252529 started!
May 16 20:39:39 508d797cbad0 systemd[1]: Started iscsid.service - iSCSI initiator daemon (iscsid).
May 16 20:39:39 508d797cbad0 iscsid[252529]: iSCSI daemon with pid=252530 started!
May 16 20:39:39 508d797cbad0 systemd[1]: iscsid.service: Main process exited, code=exited, status=1/FAILURE
May 16 20:39:39 508d797cbad0 iscsid[252529]: can not create NETLINK_ISCSI socket [Protocol not supported]
May 16 20:39:39 508d797cbad0 systemd[1]: iscsid.service: Failed with result 'exit-code'.
May 16 20:39:39 508d797cbad0 systemd[1]: Starting iscsid.service - iSCSI initiator daemon (iscsid)...
May 16 20:39:39 508d797cbad0 iscsid[252535]: iSCSI logger with pid=252537 started!
May 16 20:39:39 508d797cbad0 systemd[1]: Started iscsid.service - iSCSI initiator daemon (iscsid).
May 16 20:39:39 508d797cbad0 iscsid[252537]: iSCSI daemon with pid=252538 started!
May 16 20:39:39 508d797cbad0 iscsid[252537]: can not create NETLINK_ISCSI socket [Protocol not supported]
May 16 20:39:39 508d797cbad0 systemd[1]: iscsid.service: Main process exited, code=exited, status=1/FAILURE
May 16 20:39:39 508d797cbad0 systemd[1]: iscsid.service: Failed with result 'exit-code'.
May 16 20:39:39 508d797cbad0 systemd[1]: Starting iscsid.service - iSCSI initiator daemon (iscsid)...
May 16 20:39:39 508d797cbad0 iscsid[252543]: iSCSI logger with pid=252545 started!
May 16 20:39:39 508d797cbad0 systemd[1]: Started iscsid.service - iSCSI initiator daemon (iscsid).
May 16 20:39:39 508d797cbad0 iscsid[252545]: iSCSI daemon with pid=252546 started!
May 16 20:39:39 508d797cbad0 iscsid[252545]: can not create NETLINK_ISCSI socket [Protocol not supported]
May 16 20:39:39 508d797cbad0 systemd[1]: iscsid.service: Main process exited, code=exited, status=1/FAILURE
May 16 20:39:39 508d797cbad0 systemd[1]: iscsid.service: Failed with result 'exit-code'.
May 16 20:39:39 508d797cbad0 systemd[1]: Starting iscsid.service - iSCSI initiator daemon (iscsid)...
May 16 20:39:39 508d797cbad0 iscsid[252551]: iSCSI logger with pid=252553 started!
May 16 20:39:39 508d797cbad0 systemd[1]: Started iscsid.service - iSCSI initiator daemon (iscsid).
May 16 20:39:39 508d797cbad0 iscsid[252553]: iSCSI daemon with pid=252554 started!
May 16 20:39:39 508d797cbad0 iscsid[252553]: can not create NETLINK_ISCSI socket [Protocol not supported]
May 16 20:39:39 508d797cbad0 systemd[1]: iscsid.service: Main process exited, code=exited, status=1/FAILURE
May 16 20:39:39 508d797cbad0 systemd[1]: iscsid.service: Failed with result 'exit-code'.
May 16 20:39:39 508d797cbad0 systemd[1]: iscsid.service: Start request repeated too quickly.
May 16 20:39:39 508d797cbad0 systemd[1]: iscsid.service: Failed with result 'exit-code'.
May 16 20:39:39 508d797cbad0 systemd[1]: Failed to start iscsid.service - iSCSI initiator daemon (iscsid).
-rw------- root:root /etc/iscsi/initiatorname.iscsi -> 
-rw-r--r-- root:root /etc/iscsi/iscsid.conf -> 
drwxr-xr-x root:root /etc/iscsi -> 

## root proof and health
ROOT_PROOF=no
running
