
### target
PRETTY_NAME="Ubuntu 24.04.4 LTS"
NAME="Ubuntu"
VERSION_ID="24.04"
VERSION="24.04.4 LTS (Noble Numbat)"
VERSION_CODENAME=noble
ID=ubuntu
ID_LIKE=debian
HOME_URL="https://www.ubuntu.com/"
Linux 508d797cbad0 6.10.14-linuxkit #1 SMP Sat May 17 08:28:57 UTC 2025 aarch64 aarch64 aarch64 GNU/Linux
uid=1001(attacker) gid=1001(attacker) groups=1001(attacker)
running
0

### packages
adduser	3.137ubuntu1
busybox-initramfs	1:1.36.1-6ubuntu3.1
hdparm	9.65+ds-1build1
init-system-helpers	1.66ubuntu1
klibc-utils	2.0.13-4ubuntu0.2
libpam-cap:arm64	1:2.66-5ubuntu2.4
libselinux1:arm64	3.5-2ubuntu2.1
sg3-utils	1.46-3ubuntu4
sg3-utils-udev	1.46-3ubuntu4
thin-provisioning-tools	0.9.0-2ubuntu5.1

### libpam-cap-default-proof
/etc/pam.d/common-auth:25:auth	optional			pam_cap.so 
/usr/share/pam-configs/capability:6:	optional			pam_cap.so
-rw-r--r-- root:root /etc/security/capability.conf
-rw-r--r-- root:root /usr/lib/aarch64-linux-gnu/security/pam_cap.so
#
# /etc/security/capability.conf
#
# this is a sample capability file (to be used in conjunction with
# the pam_cap.so module)
#
# In order to use this module, it must have been linked with libcap
# and thus you'll know about Linux's capability support.
# [If you don't know about libcap, read more about it here:
#
#   https://sites.google.com/site/fullycapable/
#
# There is a page devoted to pam_cap.so here:
#
#   https://sites.google.com/site/fullycapable/pam_cap-so
#
# .]
#
# Here are some sample lines (remove the preceding '#' if you want to
# use them.
#
# The pam_cap.so module accepts the following arguments:
#
#   debug         - be more verbose logging things (unused by pam_cap for now)
#   config=<file> - override the default config for the module with file
#   keepcaps      - workaround for applications that setuid without this
#   autoauth      - if you want pam_cap.so to always succeed for the auth phase
#   default=<iab> - provide a fallback IAB value if there is no '*' rule

## user 'morgan' gets the CAP_SETFCAP inheritable capability (commented out!)
#cap_setfcap		morgan

## user 'luser' inherits the CAP_DAC_OVERRIDE capability (commented out!)
#cap_dac_override	luser

## 'everyone else' gets no inheritable capabilities (restrictive config)
none  *

## if there is no '*' entry, and no "default=<iab>" pam_cap.so module
## argument to fallback on, all users not explicitly mentioned will
## get all currently available inheritable capabilities. This is a
## permissive default, and possibly not what you want... On first
## reading, you might think this is a security problem waiting to
## happen, but it defaults to not being so in this sample file!
## Further, by 'get', we mean 'get in their IAB sets'. That is, if you
## look at a random process, even one run by root, you will see it has
## no IAB capabilities (by default):
##
##   $ /sbin/capsh --decode=$(grep CapInh /proc/1/status|awk '{print $2}')
##   0000000000000000=
##
## The pam_cap module simply alters the value of the inheritable
## capability vactors (IAB). Including the 'none *' forces use of this
## module with an unspecified user to have their inheritable set
## forced to zero.
##
## Omitting the line will cause the inheritable set to be unmodified
## from what the parent process had (which is generally 0 unless the
## invoking user was bestowed with some inheritable capabilities by a
## previous invocation).

### libpam-cap-attacker
uid=1001(attacker) gid=1001(attacker) groups=1001(attacker)
Current: =
Bounding set =cap_chown,cap_dac_override,cap_dac_read_search,cap_fowner,cap_fsetid,cap_kill,cap_setgid,cap_setuid,cap_setpcap,cap_linux_immutable,cap_net_bind_service,cap_net_broadcast,cap_net_admin,cap_net_raw,cap_ipc_lock,cap_ipc_owner,cap_sys_module,cap_sys_rawio,cap_sys_chroot,cap_sys_ptrace,cap_sys_pacct,cap_sys_admin,cap_sys_boot,cap_sys_nice,cap_sys_resource,cap_sys_time,cap_sys_tty_config,cap_mknod,cap_lease,cap_audit_write,cap_audit_control,cap_setfcap,cap_mac_override,cap_mac_admin,cap_syslog,cap_wake_alarm,cap_block_suspend,cap_audit_read,cap_perfmon,cap_bpf,cap_checkpoint_restore
Ambient set =
Current IAB: 
Securebits: 00/0x0/1'b0 (no-new-privs=0)
 secure-noroot: no (unlocked)
 secure-no-suid-fixup: no (unlocked)
 secure-keep-caps: no (unlocked)
 secure-no-ambient-raise: no (unlocked)
uid=1001(attacker) euid=1001(attacker)
gid=1001(attacker)
groups=1001(attacker)

### init-system-helpers-default-proof
-rwxr-xr-x root:root /usr/bin/deb-systemd-helper
-rwxr-xr-x root:root /usr/bin/deb-systemd-invoke
-rwxr-xr-x root:root /usr/sbin/invoke-rc.d
-rwxr-xr-x root:root /usr/sbin/update-rc.d
drwxr-xr-x root:root /var/lib/systemd
drwxr-xr-x root:root /var/lib/systemd/deb-systemd-helper-enabled
drwxr-xr-x root:root /etc/systemd/system
/usr/bin/deb-systemd-helper:101:     SYSTEM_INSTANCE_ENABLED_STATE_DIR => '/var/lib/systemd/deb-systemd-helper-enabled',
/usr/bin/deb-systemd-helper:109:my $enabled_state_dir = $dpkg_root . SYSTEM_INSTANCE_ENABLED_STATE_DIR;
/usr/bin/deb-systemd-helper:186:sub record_in_statefile {
/usr/bin/deb-systemd-helper:189:    assertdpkgroot($dsh_state, "record_in_statefile");
/usr/bin/deb-systemd-helper:190:    assertnotdpkgroot($service_link, "record_in_statefile");
/usr/bin/deb-systemd-helper:352:        record_in_statefile($dsh_state, $service_link);
/usr/bin/deb-systemd-helper:651:        rmdir_if_empty($dpkg_root . SYSTEM_INSTANCE_ENABLED_STATE_DIR);
/usr/bin/deb-systemd-invoke:148:            system('systemctl', '--quiet', @instance_args, $action, @start_units) == 0 or die("Could not execute systemctl: $!");
/usr/bin/deb-systemd-invoke:186:    exec('systemctl', @ARGV);

### init-system-helpers-attacker
uid=1001(attacker) gid=1001(attacker) groups=1001(attacker)
/usr/bin/deb-systemd-helper was not called from dpkg. Exiting.
/usr/sbin/policy-rc.d returned 101, not running 'restart cron.service'
kill: (1): Operation not permitted
/usr/bin/deb-systemd-helper was not called from dpkg. Exiting.
-rw-r--r-- attacker:attacker /tmp/dsh-root/usr/lib/systemd/system/cron.service -> 
drwxr-xr-x attacker:attacker /tmp/dsh-root -> 
drwxr-xr-x attacker:attacker /tmp/dsh-root/etc -> 
drwxr-xr-x attacker:attacker /tmp/dsh-root/etc/systemd -> 
drwxr-xr-x attacker:attacker /tmp/dsh-root/etc/systemd/system -> 
drwxr-xr-x attacker:attacker /tmp/dsh-root/usr -> 
drwxr-xr-x attacker:attacker /tmp/dsh-root/usr/lib -> 
drwxr-xr-x attacker:attacker /tmp/dsh-root/usr/lib/systemd -> 
drwxr-xr-x attacker:attacker /tmp/dsh-root/usr/lib/systemd/system -> 

### sg3-utils-udev-default-proof
active
active
     1	# SCSI-ID mappings for sg3_utils
     2	
     3	ACTION=="remove", GOTO="sg3_utils_id_end"
     4	
     5	SUBSYSTEM=="block", GOTO="block_dev"
     6	
     7	# SCSI devices other than "block"
     8	# This code used to live in 60-persistent-storage-tape.rules.
     9	
    10	# type 8 devices are "Medium Changers"
    11	SUBSYSTEM=="scsi_generic", KERNEL=="sg*[0-9]", ATTRS{type}=="8", \
    12	  GOTO="scsi_inquiry"
    13	SUBSYSTEM=="scsi_changer", KERNEL=="sch*[0-9]", ATTRS{type}=="8", \
    14	  ENV{.INQUIRY_DEV}="$root/bsg/$id", GOTO="scsi_inquiry"
    15	
    16	# tapes need to be accessed through their bsg device
    17	KERNEL=="st*[0-9]|nst*[0-9]", SUBSYSTEMS=="scsi", KERNELS=="[0-9]*:*[0-9]", \
    18	  ENV{.INQUIRY_DEV}="$root/bsg/$id", GOTO="scsi_inquiry"
    19	
    20	GOTO="sg3_utils_id_end"
    21	
    22	LABEL="block_dev"
    23	
    24	# Import values for partitions
    25	ENV{DEVTYPE}=="partition", IMPORT{parent}="ID_SCSI", IMPORT{parent}="SCSI_*"
    26	ENV{DEVTYPE}=="partition", ENV{ID_SCSI}=="1", GOTO="compat"
    27	
    28	# Handle non-SCSI devices that implement SCSI inquiry
    29	KERNEL=="cciss*", ENV{DEVTYPE}=="disk", GOTO="sg_inquiry"
    30	
    31	# Ignore everything else except sd/sr
    32	KERNEL!="sd*[!0-9]|sr*", GOTO="sg3_utils_id_end"
    33	
    34	# SCSI INQUIRY values
    35	# If the 'inquiry' sysfs attribute is present the kernel will already
    36	# have scanned for VPD pages, so if the vpd page attribute is not
    37	# present it is not supported (or deemed unsafe to access).
    38	# Hence we can skip the call to sg_inq and avoid I/O altogether.
    39	# Set 'ID_SCSI_INQUIRY=0' in an earlier udev rule if the kernel
    40	# fails to scan VPD pages correctly; the rules will then fall
    41	# back to calling sg_vpd directly.
    42	LABEL="scsi_inquiry"
    43	ENV{ID_SCSI_INQUIRY}=="0", GOTO="sg_inquiry"
    44	
    45	# As of 2018/4.15, the kernel doesn't provide VPD pages for "SPC" devices
    46	# (SCSI version 0x03, ANSI INCITS 301-1997) in sysfs.
    47	# It's usually safe to try though (no counter-example is known),
    48	# and for scsi_id compatibility, we have to try.
    49	SUBSYSTEMS=="scsi", ATTRS{scsi_level}=="4", GOTO="sg_inquiry"
    50	
    51	# "inquiry" is an attribute of the scsi_device in sysfs,
    52	# we obtain it by using $id after an ATTRS match.
    53	SUBSYSTEMS=="scsi", ATTRS{inquiry}=="*", KERNELS=="[0-9]*:*[0-9]", \
    54	  ENV{.SYSFS_PATH}="$sys/class/scsi_device/$id/device"
    55	ENV{.SYSFS_PATH}=="", GOTO="sg_inquiry"
    56	
    57	IMPORT{program}="/usr/bin/sg_inq --export --inhex=$env{.SYSFS_PATH}/inquiry --raw", \
    58	  ENV{ID_SCSI}="1", ENV{ID_SCSI_INQUIRY}="1"
    59	# If inquiry sysfs attribute reading it failed, fallback to sg
    60	ENV{ID_SCSI}!="1", GOTO="sg_inquiry"
    61	# Read VPD pages 80 (sn) and 83 (di)
    62	IMPORT{program}="/usr/bin/sg_inq --export --inhex=$env{.SYSFS_PATH}/vpd_pg80 --raw"
    63	IMPORT{program}="/usr/bin/sg_inq --export --inhex=$env{.SYSFS_PATH}/vpd_pg83 --raw"
    64	GOTO="compat"
    65	
    66	LABEL="sg_inquiry"
    67	# Handle devices that have no inquiry attributes in sysfs
    68	ENV{.INQUIRY_DEV}=="", ENV{.INQUIRY_DEV}="$tempnode"
    69	
    70	IMPORT{program}="/usr/bin/sg_inq --export $env{.INQUIRY_DEV}", ENV{ID_SCSI}="1"
    71	# Give up if this fails, too
    72	ENV{ID_SCSI}!="1", GOTO="sg3_utils_id_end"
    73	IMPORT{program}="/usr/bin/sg_inq --export --page=sn $env{.INQUIRY_DEV}"
    74	IMPORT{program}="/usr/bin/sg_inq --export --page=di $env{.INQUIRY_DEV}"
    75	
    76	LABEL="compat"
    77	
    78	# scsi_id compat mappings
    79	ENV{ID_VENDOR}!="?*", ENV{SCSI_VENDOR}=="?*", ENV{ID_VENDOR}="$env{SCSI_VENDOR}"
    80	ENV{ID_VENDOR_ENC}!="?*", ENV{SCSI_VENDOR_ENC}=="?*", ENV{ID_VENDOR_ENC}="$env{SCSI_VENDOR_ENC}"
    81	ENV{ID_MODEL}!="?*", ENV{SCSI_MODEL}=="?*", ENV{ID_MODEL}="$env{SCSI_MODEL}"
    82	ENV{ID_MODEL_ENC}!="?*", ENV{SCSI_MODEL_ENC}=="?*", ENV{ID_MODEL_ENC}="$env{SCSI_MODEL_ENC}"
    83	ENV{ID_REVISION}!="?*", ENV{SCSI_REVISION}=="?*", ENV{ID_REVISION}="$env{SCSI_REVISION}"
    84	ENV{ID_TYPE}!="?*", ENV{SCSI_TYPE}=="?*", ENV{ID_TYPE}="$env{SCSI_TYPE}"
    85	ENV{ID_TARGET_PORT}!="?*", ENV{SCSI_IDENT_PORT_TARGET_PORT_GROUP}=="?*", \
    86		PROGRAM="/bin/sh -c 'echo $env{SCSI_IDENT_PORT_TARGET_PORT_GROUP} | /bin/sed s/^0x//'", \
    87		ENV{ID_TARGET_PORT}="$result"
    88	
    89	# ID_WWN compat mapping
    90	ENV{SCSI_IDENT_LUN_NAA_REGEXT}=="?*", ENV{ID_WWN_WITH_EXTENSION}!="?*", ENV{ID_WWN_WITH_EXTENSION}="0x$env{SCSI_IDENT_LUN_NAA_REGEXT}"
    91	ENV{SCSI_IDENT_LUN_NAA_REG}=="?*", ENV{ID_WWN_WITH_EXTENSION}!="?*", ENV{ID_WWN_WITH_EXTENSION}="0x$env{SCSI_IDENT_LUN_NAA_REG}"
    92	ENV{SCSI_IDENT_LUN_NAA_EXT}=="?*", ENV{ID_WWN_WITH_EXTENSION}!="?*", ENV{ID_WWN_WITH_EXTENSION}="0x$env{SCSI_IDENT_LUN_NAA_EXT}"
    93	ENV{SCSI_IDENT_LUN_NAA_LOCAL}=="?*", ENV{ID_WWN_WITH_EXTENSION}!="?*", ENV{ID_WWN_WITH_EXTENSION}="0x$env{SCSI_IDENT_LUN_NAA_LOCAL}"
    94	# ID_WWN has max 16 characters
    95	ENV{ID_WWN_WITH_EXTENSION}=="?*", ENV{ID_WWN}!="?*", \
    96		PROGRAM="/bin/sh -c 'echo $env{ID_WWN_WITH_EXTENSION} | /bin/sed s/^\\\(0x.\\\{1,16\\\}\\\).*/\\1/'", \
    97		ENV{ID_WWN}="$result"
    98	
    99	# ata_id compatibility
   100	ENV{ID_SERIAL}!="?*", ENV{SCSI_IDENT_LUN_ATA}=="?*", ENV{ID_BUS}="ata", ENV{ID_ATA}="1", ENV{ID_SERIAL}="$env{SCSI_IDENT_LUN_ATA}"
   101	ENV{ID_SERIAL_SHORT}!="?*", ENV{SCSI_VENDOR}=="ATA", ENV{SCSI_IDENT_LUN_VENDOR}=="?*", ENV{ID_SERIAL_SHORT}="$env{SCSI_IDENT_LUN_VENDOR}"
   102	# Compat ID_SERIAL setting
   103	ENV{ID_SERIAL}!="?*", ENV{SCSI_IDENT_LUN_NAA_REGEXT}=="?*", ENV{ID_BUS}="scsi", ENV{ID_SERIAL}="3$env{SCSI_IDENT_LUN_NAA_REGEXT}", ENV{ID_SERIAL_SHORT}="$env{SCSI_IDENT_LUN_NAA_REGEXT}"
   104	ENV{ID_SERIAL}!="?*", ENV{SCSI_IDENT_LUN_NAA_REG}=="?*", ENV{ID_BUS}="scsi", ENV{ID_SERIAL}="3$env{SCSI_IDENT_LUN_NAA_REG}", ENV{ID_SERIAL_SHORT}="$env{SCSI_IDENT_LUN_NAA_REG}"
   105	ENV{ID_SERIAL}!="?*", ENV{SCSI_IDENT_LUN_NAA_EXT}=="?*", ENV{ID_BUS}="scsi", ENV{ID_SERIAL}="3$env{SCSI_IDENT_LUN_NAA_EXT}", ENV{ID_SERIAL_SHORT}="$env{SCSI_IDENT_LUN_NAA_EXT}"
   106	ENV{ID_SERIAL}!="?*", ENV{SCSI_IDENT_LUN_EUI64}=="?*", ENV{ID_BUS}="scsi", ENV{ID_SERIAL}="2$env{SCSI_IDENT_LUN_EUI64}", ENV{ID_SERIAL_SHORT}="$env{SCSI_IDENT_LUN_EUI64}"
   107	ENV{ID_SERIAL}!="?*", ENV{SCSI_IDENT_LUN_NAME}=="?*", ENV{ID_BUS}="scsi", ENV{ID_SERIAL}="8$env{SCSI_IDENT_LUN_NAME}", ENV{ID_SERIAL_SHORT}="$env{SCSI_IDENT_LUN_NAME}"
   108	ENV{ID_SERIAL}!="?*", ENV{SCSI_IDENT_LUN_T10}=="?*", ENV{ID_BUS}="scsi", ENV{ID_SERIAL}="1$env{SCSI_IDENT_LUN_T10}", ENV{ID_SERIAL_SHORT}="$env{SCSI_IDENT_LUN_T10}"
   109	ENV{ID_SERIAL}!="?*", ENV{SCSI_IDENT_LUN_NAA_LOCAL}=="?*", ENV{ID_BUS}="scsi", ENV{ID_SERIAL}="3$env{SCSI_IDENT_LUN_NAA_LOCAL}", ENV{ID_SERIAL_SHORT}="$env{SCSI_IDENT_LUN_NAA_LOCAL}"
   110	ENV{ID_SERIAL}!="?*", ENV{SCSI_IDENT_LUN_VENDOR}=="?*", ENV{ID_BUS}="scsi", ENV{ID_SERIAL}="0$env{SCSI_VENDOR}_$env{SCSI_MODEL}_$env{SCSI_IDENT_LUN_VENDOR}", ENV{ID_SERIAL_SHORT}="$env{SCSI_IDENT_LUN_VENDOR}"
   111	ENV{ID_SERIAL}!="?*", ENV{SCSI_IDENT_SERIAL}=="?*", ENV{ID_BUS}="scsi", ENV{ID_SERIAL}="S$env{SCSI_VENDOR}_$env{SCSI_MODEL}_$env{SCSI_IDENT_SERIAL}", ENV{ID_SERIAL_SHORT}="$env{SCSI_IDENT_SERIAL}"
   112	
   113	# Compat ID_SCSI_SERIAL setting
   114	ENV{ID_SCSI_SERIAL}!="?*", ENV{SCSI_IDENT_SERIAL}=="?*", ENV{ID_SCSI_SERIAL}="$env{SCSI_IDENT_SERIAL}"
   115	LABEL="sg3_utils_id_end"
   116	# SCSI-ID symlinks for sg3_utils
   117	
   118	ACTION=="remove", GOTO="sg3_utils_symlink_end"
   119	
   120	SUBSYSTEM!="block", GOTO="sg3_utils_symlink_end"
   121	ENV{UDEV_DISABLE_PERSISTENT_STORAGE_RULES_FLAG}=="1", GOTO="sg3_utils_symlink_end"
   122	
   123	# Select which identifier to use per default
   124	# 0: vpd page 0x80 identifier
   125	ENV{SCSI_IDENT_SERIAL}=="?*", ENV{DEVTYPE}=="disk", SYMLINK+="disk/by-id/scsi-S$env{SCSI_VENDOR}_$env{SCSI_MODEL}_$env{SCSI_IDENT_SERIAL}"
   126	ENV{SCSI_IDENT_SERIAL}=="?*", ENV{DEVTYPE}=="partition", SYMLINK+="disk/by-id/scsi-S$env{SCSI_VENDOR}_$env{SCSI_MODEL}_$env{SCSI_IDENT_SERIAL}-part%n"
   127	# NAA identifier (prefix 3)
   128	# 1: IEEE Registered Extended first
   129	ENV{SCSI_IDENT_LUN_NAA_REGEXT}=="?*", ENV{DEVTYPE}=="disk", SYMLINK+="disk/by-id/scsi-3$env{SCSI_IDENT_LUN_NAA_REGEXT}"
   130	ENV{SCSI_IDENT_LUN_NAA_REGEXT}=="?*", ENV{DEVTYPE}=="partition", SYMLINK+="disk/by-id/scsi-3$env{SCSI_IDENT_LUN_NAA_REGEXT}-part%n"
   131	# 2: IEEE Registered
   132	ENV{SCSI_IDENT_LUN_NAA_REG}=="?*", ENV{DEVTYPE}=="disk", SYMLINK+="disk/by-id/scsi-3$env{SCSI_IDENT_LUN_NAA_REG}"
   133	ENV{SCSI_IDENT_LUN_NAA_REG}=="?*", ENV{DEVTYPE}=="partition", SYMLINK+="disk/by-id/scsi-3$env{SCSI_IDENT_LUN_NAA_REG}-part%n"
   134	# 3: IEEE Extended
   135	ENV{SCSI_IDENT_LUN_NAA_EXT}=="?*", ENV{DEVTYPE}=="disk", SYMLINK+="disk/by-id/scsi-3$env{SCSI_IDENT_LUN_NAA_EXT}"
   136	ENV{SCSI_IDENT_LUN_NAA_EXT}=="?*", ENV{DEVTYPE}=="partition", SYMLINK+="disk/by-id/scsi-3$env{SCSI_IDENT_LUN_NAA_EXT}-part%n"
   137	# 4: EUI-64 identifier (prefix 2)
   138	ENV{SCSI_IDENT_LUN_EUI64}=="?*", ENV{DEVTYPE}=="disk", SYMLINK+="disk/by-id/scsi-2$env{SCSI_IDENT_LUN_EUI64}"
   139	ENV{SCSI_IDENT_LUN_EUI64}=="?*", ENV{DEVTYPE}=="partition", SYMLINK+="disk/by-id/scsi-2$env{SCSI_IDENT_LUN_EUI64}-part%n"
   140	# 5: SCSI name identifier (prefix 8)
   141	ENV{SCSI_IDENT_LUN_NAME}=="?*", ENV{DEVTYPE}=="disk", SYMLINK+="disk/by-id/scsi-8$env{SCSI_IDENT_LUN_NAME}"
   142	ENV{SCSI_IDENT_LUN_NAME}=="?*", ENV{DEVTYPE}=="partition", SYMLINK+="disk/by-id/scsi-8$env{SCSI_IDENT_LUN_NAME}-part%n"
   143	# 6: T10 Vendor identifer (prefix 1)
   144	ENV{SCSI_IDENT_LUN_T10}=="?*", ENV{DEVTYPE}=="disk", SYMLINK+="disk/by-id/scsi-1$env{SCSI_IDENT_LUN_T10}"
   145	ENV{SCSI_IDENT_LUN_T10}=="?*", ENV{DEVTYPE}=="partition", SYMLINK+="disk/by-id/scsi-1$env{SCSI_IDENT_LUN_T10}-part%n"
   146	# 7: IEEE Locally assigned
   147	ENV{SCSI_IDENT_LUN_NAA_LOCAL}=="?*", ENV{DEVTYPE}=="disk", SYMLINK+="disk/by-id/scsi-3$env{SCSI_IDENT_LUN_NAA_LOCAL}"
   148	ENV{SCSI_IDENT_LUN_NAA_LOCAL}=="?*", ENV{DEVTYPE}=="partition", SYMLINK+="disk/by-id/scsi-3$env{SCSI_IDENT_LUN_NAA_LOCAL}-part%n"
   149	# 8: Vendor-specific identifier (prefix 0)
   150	ENV{SCSI_IDENT_LUN_VENDOR}=="?*", ENV{DEVTYPE}=="disk", SYMLINK+="disk/by-id/scsi-0$env{SCSI_VENDOR}_$env{SCSI_MODEL}_$env{SCSI_IDENT_LUN_VENDOR}"
   151	ENV{SCSI_IDENT_LUN_VENDOR}=="?*", ENV{DEVTYPE}=="partition", SYMLINK+="disk/by-id/scsi-0$env{SCSI_VENDOR}_$env{SCSI_MODEL}_$env{SCSI_IDENT_LUN_VENDOR}-part%n"
   152	
   153	LABEL="sg3_utils_symlink_end"
   154	#!/bin/sh
   155	# (based on multipath-tools-boot)
   156	
   157	PREREQS="udev"
   158	
   159	prereqs() { echo "$PREREQS"; }
   160	
   161	case $1 in
   162	prereqs)
   163		prereqs
   164		exit 0
   165		;;
   166	esac
   167	
   168	if [ ! -x /usr/bin/sg_inq ]; then
   169		exit 0
   170	fi
   171	
   172	. /usr/share/initramfs-tools/hook-functions
   173	
   174	add_udev_rules()
   175	{
   176	  for rules in 55-scsi-sg3_id.rules 58-scsi-sg3_symlink.rules; do
   177	    if [ -e /lib/udev/rules.d/$rules ]; then
   178	      cp -p /lib/udev/rules.d/$rules $DESTDIR/lib/udev/rules.d/
   179	    fi
   180	  done
   181	}
   182	
   183	copy_exec /usr/bin/sg_inq
   184	
   185	add_udev_rules
   186	
-rwxr-xr-x root:root /usr/bin/sg_inq
-rwxr-xr-x root:root /usr/bin/sg_vpd
-rw-r--r-- root:root /usr/lib/udev/rules.d/55-scsi-sg3_id.rules
-rw-r--r-- root:root /usr/lib/udev/rules.d/58-scsi-sg3_symlink.rules

### sg3-utils-attacker
uid=1001(attacker) gid=1001(attacker) groups=1001(attacker)
vda: Failed to write 'change' to '/sys/devices/platform/40000000.pci/pci0000:00/0000:00:06.0/virtio3/block/vda/uevent': Permission denied
vda1: Failed to write 'change' to '/sys/devices/platform/40000000.pci/pci0000:00/0000:00:06.0/virtio3/block/vda/vda1/uevent': Permission denied
vdb: Failed to write 'change' to '/sys/devices/platform/40000000.pci/pci0000:00/0000:00:07.0/virtio4/block/vdb/uevent': Permission denied
loop0: Failed to write 'change' to '/sys/devices/virtual/block/loop0/uevent': Permission denied
loop1: Failed to write 'change' to '/sys/devices/virtual/block/loop1/uevent': Permission denied
loop2: Failed to write 'change' to '/sys/devices/virtual/block/loop2/uevent': Permission denied
loop3: Failed to write 'change' to '/sys/devices/virtual/block/loop3/uevent': Permission denied
loop4: Failed to write 'change' to '/sys/devices/virtual/block/loop4/uevent': Permission denied
loop5: Failed to write 'change' to '/sys/devices/virtual/block/loop5/uevent': Permission denied
loop6: Failed to write 'change' to '/sys/devices/virtual/block/loop6/uevent': Permission denied
loop7: Failed to write 'change' to '/sys/devices/virtual/block/loop7/uevent': Permission denied
nbd0: Failed to write 'change' to '/sys/devices/virtual/block/nbd0/uevent': Permission denied
nbd1: Failed to write 'change' to '/sys/devices/virtual/block/nbd1/uevent': Permission denied
nbd10: Failed to write 'change' to '/sys/devices/virtual/block/nbd10/uevent': Permission denied
nbd11: Failed to write 'change' to '/sys/devices/virtual/block/nbd11/uevent': Permission denied
nbd12: Failed to write 'change' to '/sys/devices/virtual/block/nbd12/uevent': Permission denied
nbd13: Failed to write 'change' to '/sys/devices/virtual/block/nbd13/uevent': Permission denied
nbd14: Failed to write 'change' to '/sys/devices/virtual/block/nbd14/uevent': Permission denied
nbd15: Failed to write 'change' to '/sys/devices/virtual/block/nbd15/uevent': Permission denied
nbd2: Failed to write 'change' to '/sys/devices/virtual/block/nbd2/uevent': Permission denied
nbd3: Failed to write 'change' to '/sys/devices/virtual/block/nbd3/uevent': Permission denied
nbd4: Failed to write 'change' to '/sys/devices/virtual/block/nbd4/uevent': Permission denied
nbd5: Failed to write 'change' to '/sys/devices/virtual/block/nbd5/uevent': Permission denied
nbd6: Failed to write 'change' to '/sys/devices/virtual/block/nbd6/uevent': Permission denied
nbd7: Failed to write 'change' to '/sys/devices/virtual/block/nbd7/uevent': Permission denied
nbd8: Failed to write 'change' to '/sys/devices/virtual/block/nbd8/uevent': Permission denied
nbd9: Failed to write 'change' to '/sys/devices/virtual/block/nbd9/uevent': Permission denied
ram0: Failed to write 'change' to '/sys/devices/virtual/block/ram0/uevent': Permission denied
ram1: Failed to write 'change' to '/sys/devices/virtual/block/ram1/uevent': Permission denied
ram10: Failed to write 'change' to '/sys/devices/virtual/block/ram10/uevent': Permission denied
sg_inq: error opening file: /tmp/non-scsi-probe: No such file or directory

### hdparm-default-proof
     1	ACTION=="add", SUBSYSTEM=="block", KERNEL=="[sh]d[a-z]", RUN+="/lib/udev/hdparm"
     2	
     3	#!/bin/sh
     4	
     5	set -e
     6	
     7	[ -n "$DEVNAME" ] || exit 1
     8	
     9	. /lib/hdparm/hdparm-functions
    10	
    11	if [ -e /proc/cmdline ]; then #linux only - future proofing against BSD and Hurd :)
    12	        if grep -wq nohdparm /proc/cmdline ; then
    13	                exit 0
    14	        fi
    15	fi
    16	
    17	raidstat=OK
    18	if [ -e /proc/mdstat ]; then
    19	        if egrep -iq "resync|repair|recover|check" /proc/mdstat; then
    20	                raidstat=RESYNC
    21	        fi
    22	elif [ -e /proc/rd/status ]; then
    23	        raidstat=`cat /proc/rd/status`
    24	fi
    25	
    26	if ! [ "$raidstat" = 'OK' ]; then
    27	        exit 1
    28	fi
    29	
    30	die() { echo "$*" 1>&2 ; exit 1; }
    31	OPTIONS=$(hdparm_options $DEVNAME) || die "hdparm_options failed with: $OPTIONS"
    32	apmopts=''
    33	if [ -n "$OPTIONS" ]; then
    34	        for opt in $OPTIONS; do
    35	                case $opt in
    36	                        (*'-B'*|*'-S'*|*'force_spindown_time'*)
    37	                                apmopts='true'
    38	                        ;;
    39	                esac
    40	        done
    41	        if [ "$apmopts" = true ]; then
    42	                /usr/lib/pm-utils/power.d/95hdparm-apm resume
    43	        fi
    44	        # strip -S (spindown) and -B (apm), force_spindown_time and -q
    45	        # apm options are handled by /usr/lib/pm-utils/power.d/95hdparm-apm
    46	        OPTIONS=$(echo $OPTIONS | perl -pe 's/((-S|-B|force_spindown_time)[\d]{1,3})|(-q\s?)//g')
    47	        if [ -n "$OPTIONS" ]; then
    48	                /sbin/hdparm -q $OPTIONS $DEVNAME 2>/dev/null
    49	        fi
    50	fi
    51	
    52	exit 0
    53	hdparm_is_on_battery() {
    54	    on_ac_power 2>/dev/null
    55	    [ $? -eq 1 ]
    56	}
    57	
    58	hdparm_set_option()
    59	{
    60	  local NEW_OPT= NEW_DEF=
    61	  if test -n "$DISC"; then
    62	    for i in $OPTIONS; do
    63	      if test x${i%${i#??}} != x${1%${1#??}}; then
    64	        NEW_OPT="$NEW_OPT $i"
    65	      else
    66	        NEW_OPT=${NEW_OPT%-q}
    67	      fi
    68	    done
    69	    OPTIONS="$NEW_OPT $OPT_QUIET $1"
    70	  else
    71	    for i in $DEFAULT; do
    72	      if test x${i%${i#??}} != x${1%${1#??}}; then
    73	        NEW_DEF="$NEW_DEF $i"
    74	      else
    75	        NEW_DEF=${NEW_DEF%-q}
    76	      fi
    77	    done
    78	    DEFAULT="$NEW_DEF $DEF_QUIET $1"
    79	  fi
    80	}
    81	
    82	hdparm_eval_value()
    83	{
    84	  case $1 in
    85	    off|0)
    86	      hdparm_set_option "$2"0
    87	       ;;
    88	    on|1)
    89	      hdparm_set_option "$2"1
    90	      ;;
    91	    *)
    92	      log_failure_msg "Unknown Value for $2: $1"
    93	      exit 1
    94	      ;;
    95	  esac
    96	}
    97	
    98	# It isn't safe to set an APM policy by default on Firewire or USB devices.
    99	# See https://bugs.launchpad.net/bugs/515023.
   100	hdparm_try_apm()
   101	{
   102	    # set our default global apm policy here.
   103	    if [ -z "$ID_PATH" ]; then
   104	        local ID_PATH="$(udevadm info -n "$1" -q property 2>/dev/null | sed -n 's/^ID_PATH=//p')" || true
   105	    fi
   106	    case $ID_PATH in
   107	        pci-*-ieee1394-*|pci-*-usb-*)
   108	            return 1
   109	            ;;
   110	    esac
   111	
   112	    # Only activate APM on disks that support it.
   113	    if [ -z "$ID_ATA_FEATURE_SET_APM" ]; then
   114	        local ID_ATA_FEATURE_SET_APM="$(udevadm info -n "$1" -q property 2>/dev/null | sed -n 's/^ID_ATA_FEATURE_SET_APM=//p')" || true
   115	    fi
   116	    if [ "$ID_ATA_FEATURE_SET_APM" = "1" ]; then
   117	        return 0
   118	    fi
   119	    return 1
   120	}
   121	
   122	# parse /etc/hdparm.conf and spit out a list of options for the specified
   123	# disk, taking into account global settings in /etc/hdparm.conf, current AC
   124	# power status, and (as a fallback) the default apm settings on Ubuntu.
   125	# arguments: device_name
   126	# returns 0 on success, 1 on failure.
   127	# options to be passed to hdparm are returned on stdout.
   128	hdparm_options()
   129	{
   130	    local WANTED_DISK="$1"
   131	
   132	    local DISC= DEFAULT= DEF_QUIET= COMMAND_LINE=
   133	    # if the below is guaranteed to spawn a subshell, then this next line is
   134	    # unnecessary
   135	    local OPTIONS OPT_QUIET KEY SEP VALUE
   136	
   137	    egrep -v '^[[:space:]]*(#|$)' /etc/hdparm.conf |
   138	    {
   139	        # set our default global apm policy here.
   140	        if hdparm_try_apm "$WANTED_DISK"; then
   141	            if hdparm_is_on_battery; then
   142	                hdparm_set_option -B128
   143	        # set a spindown time of 3 minutes by default so the disk isn't
   144	        # constantly power cycling on a busy machine if spindown is
   145	        # enabled
   146	        hdparm_set_option -S36
   147	            else
   148	                hdparm_set_option -B254
   149	            fi
   150	        fi
   151	
   152	        while read KEY SEP VALUE; do
   153	            case $SEP in
   154	                '{')
   155	                    case $KEY in
   156	                        command_line)
   157	                            unset DISC
   158	                            unset OPTIONS
   159	                            unset OPT_QUIET
   160	                            COMMAND_LINE=1
   161	                            ;;
   162	                        *)
   163	                            if [ -h "$KEY" ]
   164	                            then
   165	                                DISC=$(readlink -m "$KEY")
   166	                                DISC=${DISC%%[[:digit:]]*}
   167	                            else
   168	                                DISC=$KEY
   169	                            fi
   170	                            OPTIONS=$DEFAULT
   171	                            OPT_QUIET=$DEF_QUIET
   172	                            ;;
   173	                    esac
   174	                    ;;
   175	                =)
   176	                    case $KEY in
   177	                         read_ahead_sect)
   178	                             hdparm_set_option -a$VALUE
   179	                            ;;
   180	                        lookahead)
   181	                            hdparm_eval_value $VALUE -A
   182	                            ;;
   183	                        bus)
   184	                            hdparm_eval_value $VALUE -b
   185	                            ;;
   186	                        apm)
   187	                            if ! hdparm_is_on_battery; then
   188	                                hdparm_set_option -B$VALUE
   189	                            fi
   190	                            ;;
   191	                        apm_battery)
   192	                            if hdparm_is_on_battery; then
   193	                                hdparm_set_option -B$VALUE
   194	                            fi
   195	                            ;;
   196	                        io32_support)
   197	                            hdparm_set_option -c$VALUE
   198	                            ;;
   199	                        dma)
   200	                            hdparm_eval_value $VALUE -d
   201	                            ;;
   202	                        defect_mana)
   203	                            hdparm_eval_value $VALUE -D
   204	                            ;;
   205	                        cd_speed)
   206	                            hdparm_set_option -E$VALUE
   207	                            ;;
   208	                        mult_sect_io)
   209	                            hdparm_set_option -m$VALUE
   210	                            ;;
   211	                        prefetch_sect)
   212	                            hdparm_set_option -P$VALUE
   213	                            ;;
   214	                        read_only)
   215	                            hdparm_eval_value $VALUE -r
   216	                            ;;
   217	                        write_read_verify)
   218	                            hdparm_eval_value $VALUE -R
   219	                            ;;
   220	                        spindown_time)
   221	                            hdparm_set_option -S$VALUE
   222	                            ;;
   223	                        force_spindown_time)
   224	                            hdparm_set_option force_spindown_time$VALUE
   225	                            ;;
   226	                        poweron_standby)
   227	                            hdparm_eval_value $VALUE -s
   228	                            ;;
   229	                        interrupt_unmask)
   230	                            hdparm_eval_value $VALUE -u
   231	                            ;;
   232	                        write_cache)
   233	                            hdparm_eval_value $VALUE -W
   234	                            ;;
   235	                        transfer_mode)
   236	                            hdparm_set_option -X$VALUE
   237	                            ;;
   238	                        acoustic_management)
   239	                            hdparm_set_option -M$VALUE
   240	                            ;;
   241	                        keep_settings_over_reset)
   242	                            hdparm_eval_value $VALUE -k
   243	                            ;;
   244	                        keep_features_over_reset)
   245	                            hdparm_eval_value $VALUE -K
   246	                            ;;
   247	                        chipset_pio_mode)
   248	                            hdparm_set_option -p$VALUE
   249	                            ;;
   250	                        security_unlock)
   251	                            hdparm_set_option --security-unlock $VALUE
   252	                            ;;
   253	                        security_pass)
   254	                            hdparm_set_option --security-set-pass $VALUE
   255	                            ;;
   256	                        security_disable)
   257	                            hdparm_set_option --security-disable $VALUE
   258	                            ;;
   259	                        user-master)
   260	                            hdparm_set_option --user-master $VALUE
   261	                            ;;
   262	                        security_mode)
   263	                            hdparm_set_option --security-mode $VALUE
   264	                            ;;
   265	                        ROOTFS)
   266	                            ;;
   267	                        *)
   268	                            echo "Unknown option $KEY"
   269	                            exit 1
   270	                            ;;
   271	                    esac
   272	                    ;;
   273	                "")
   274	                    case $KEY in
   275	                        '}')
   276	                            if [ -z "$DISC" ] && [ -z "$COMMAND_LINE" ]; then
   277	                                echo "No disk enabled. Exiting" >&2
   278	                                return 1
   279	                            fi
   280	                            if [ -n "$OPTIONS" ] && [ "$DISC" = "$WANTED_DISK" ]
   281	                            then
   282	                                echo $OPTIONS
   283	                                return 0
   284	                            fi
   285	                            COMMAND_LINE=
   286	                            ;;
   287	                        quiet)
   288	                            if [ -n "$DISC" ]; then
   289	                                OPT_QUIET=-q
   290	                            else
   291	                                DEF_QUIET=-q
   292	                            fi
   293	                            ;;
   294	                        standby)
   295	                            hdparm_set_option -y
   296	                            ;;
   297	                        sleep)
   298	                            hdparm_set_option -Y
   299	                            ;;
   300	                        disable_seagate)
   301	                            hdparm_set_option -Z
   302	                            ;;
   303	                        security_freeze)
   304	                            hdparm_set_option --security-freeze
   305	                            ;;
   306	                        *)
   307	                            if [ -z "$COMMAND_LINE" ]; then
   308	                                echo "unknown option $KEY" >&2
   309	                                return 1
   310	                            fi
   311	                            ;;
   312	                    esac
   313	                    ;;
   314	                *)
   315	                    if [ -z "$COMMAND_LINE" ]; then
   316	                        echo "unknown separator $SEP" >&2
   317	                        return 1
   318	                    fi
   319	                    ;;
   320	            esac
   321	        done
   322	        # parsed the whole file and didn't find the disk,
   323	        # so try the default instead.
   324	        if [ -n "$DEFAULT" ]; then
   325	            echo $DEFAULT
   326	            return 0
   327	        fi
   328	    }
   329	}
   330	## This is the default configuration for hdparm for Debian.
   331	## Any line that begins with a comment is ignored - add as many as you
   332	## like.  Note that an in-line comment is not supported.  If a line
   333	## consists of whitespace only (tabs, spaces, carriage return), it will be
   334	## ignored, so you can space control fields as you like.  ANYTHING ELSE
   335	## IS PARSED!!  This means that lines with stray characters or lines that
   336	## use non # comment characters will be interpreted by the helper scripts (
   337	## /lib/udev/hdparm, /usr/lib/pm-utils/power.d/95hdparm-apm ).
   338	## This has probably minor, but potentially serious, side effects for your
   339	## hard drives, so please follow the guidelines.  Patches to improve
   340	## flexibilty welcome.  Please read /usr/share/doc/hdparm/README.Debian for
-rw-r--r-- root:root /etc/hdparm.conf
-rwxr-xr-x root:root /usr/lib/udev/hdparm
-rw-r--r-- root:root /lib/hdparm/hdparm-functions
-rw-r--r-- root:root /usr/lib/udev/rules.d/85-hdparm.rules
-rwxr-xr-x root:root /sbin/hdparm

### hdparm-attacker
uid=1001(attacker) gid=1001(attacker) groups=1001(attacker)
vda: Failed to write 'change' to '/sys/devices/platform/40000000.pci/pci0000:00/0000:00:06.0/virtio3/block/vda/uevent': Permission denied
vda1: Failed to write 'change' to '/sys/devices/platform/40000000.pci/pci0000:00/0000:00:06.0/virtio3/block/vda/vda1/uevent': Permission denied
vdb: Failed to write 'change' to '/sys/devices/platform/40000000.pci/pci0000:00/0000:00:07.0/virtio4/block/vdb/uevent': Permission denied
loop0: Failed to write 'change' to '/sys/devices/virtual/block/loop0/uevent': Permission denied
loop1: Failed to write 'change' to '/sys/devices/virtual/block/loop1/uevent': Permission denied
loop2: Failed to write 'change' to '/sys/devices/virtual/block/loop2/uevent': Permission denied
loop3: Failed to write 'change' to '/sys/devices/virtual/block/loop3/uevent': Permission denied
loop4: Failed to write 'change' to '/sys/devices/virtual/block/loop4/uevent': Permission denied
loop5: Failed to write 'change' to '/sys/devices/virtual/block/loop5/uevent': Permission denied
loop6: Failed to write 'change' to '/sys/devices/virtual/block/loop6/uevent': Permission denied
loop7: Failed to write 'change' to '/sys/devices/virtual/block/loop7/uevent': Permission denied
nbd0: Failed to write 'change' to '/sys/devices/virtual/block/nbd0/uevent': Permission denied
nbd1: Failed to write 'change' to '/sys/devices/virtual/block/nbd1/uevent': Permission denied
nbd10: Failed to write 'change' to '/sys/devices/virtual/block/nbd10/uevent': Permission denied
nbd11: Failed to write 'change' to '/sys/devices/virtual/block/nbd11/uevent': Permission denied
nbd12: Failed to write 'change' to '/sys/devices/virtual/block/nbd12/uevent': Permission denied
nbd13: Failed to write 'change' to '/sys/devices/virtual/block/nbd13/uevent': Permission denied
nbd14: Failed to write 'change' to '/sys/devices/virtual/block/nbd14/uevent': Permission denied
nbd15: Failed to write 'change' to '/sys/devices/virtual/block/nbd15/uevent': Permission denied
nbd2: Failed to write 'change' to '/sys/devices/virtual/block/nbd2/uevent': Permission denied
nbd3: Failed to write 'change' to '/sys/devices/virtual/block/nbd3/uevent': Permission denied
nbd4: Failed to write 'change' to '/sys/devices/virtual/block/nbd4/uevent': Permission denied
nbd5: Failed to write 'change' to '/sys/devices/virtual/block/nbd5/uevent': Permission denied
nbd6: Failed to write 'change' to '/sys/devices/virtual/block/nbd6/uevent': Permission denied
nbd7: Failed to write 'change' to '/sys/devices/virtual/block/nbd7/uevent': Permission denied
nbd8: Failed to write 'change' to '/sys/devices/virtual/block/nbd8/uevent': Permission denied
nbd9: Failed to write 'change' to '/sys/devices/virtual/block/nbd9/uevent': Permission denied
ram0: Failed to write 'change' to '/sys/devices/virtual/block/ram0/uevent': Permission denied
ram1: Failed to write 'change' to '/sys/devices/virtual/block/ram1/uevent': Permission denied
ram10: Failed to write 'change' to '/sys/devices/virtual/block/ram10/uevent': Permission denied

### thin-busybox-klibc-default-proof
/.
/usr
/usr/sbin
/usr/sbin/cache_check
/usr/sbin/cache_dump
/usr/sbin/cache_metadata_size
/usr/sbin/cache_repair
/usr/sbin/cache_restore
/usr/sbin/cache_writeback
/usr/sbin/era_check
/usr/sbin/era_dump
/usr/sbin/era_invalidate
/usr/sbin/era_restore
/usr/sbin/pdata_tools
/usr/sbin/thin_check
/usr/sbin/thin_delta
/usr/sbin/thin_dump
/usr/sbin/thin_ls
/usr/sbin/thin_metadata_size
/usr/sbin/thin_repair
/usr/sbin/thin_restore
/usr/sbin/thin_rmap
/usr/sbin/thin_trim
/usr/share
/usr/share/doc
/usr/share/doc/thin-provisioning-tools
/usr/share/doc/thin-provisioning-tools/README.md.gz
/usr/share/doc/thin-provisioning-tools/changelog.Debian.gz
/usr/share/doc/thin-provisioning-tools/copyright
/usr/share/initramfs-tools
/usr/share/initramfs-tools/hooks
/usr/share/initramfs-tools/hooks/thin-provisioning-tools
/usr/share/lintian
/usr/share/lintian/overrides
/usr/share/lintian/overrides/thin-provisioning-tools
/usr/share/man
/usr/share/man/man8
/usr/share/man/man8/cache_check.8.gz
/usr/share/man/man8/cache_dump.8.gz
/usr/share/man/man8/cache_metadata_size.8.gz
/usr/share/man/man8/cache_repair.8.gz
/usr/share/man/man8/cache_restore.8.gz
/usr/share/man/man8/cache_writeback.8.gz
/usr/share/man/man8/era_check.8.gz
/usr/share/man/man8/era_dump.8.gz
/usr/share/man/man8/era_invalidate.8.gz
/usr/share/man/man8/era_restore.8.gz
/usr/share/man/man8/thin_check.8.gz
/usr/share/man/man8/thin_delta.8.gz
/usr/share/man/man8/thin_dump.8.gz
/usr/share/man/man8/thin_ls.8.gz
/usr/share/man/man8/thin_metadata_size.8.gz
/usr/share/man/man8/thin_repair.8.gz
/usr/share/man/man8/thin_restore.8.gz
/usr/share/man/man8/thin_rmap.8.gz
/usr/share/man/man8/thin_trim.8.gz
-rwxr-xr-x root:root /usr/sbin/pdata_tools
lrwxrwxrwx root:root /usr/sbin/thin_check
lrwxrwxrwx root:root /usr/sbin/cache_check
-rwxr-xr-x root:root /usr/share/initramfs-tools/hooks/thin-provisioning-tools
-rwxr-xr-x root:root /usr/share/initramfs-tools/hooks/zz-busybox-initramfs
-rwxr-xr-x root:root /usr/share/initramfs-tools/hooks/klibc-utils
-rwxr-xr-x root:root /usr/lib/initramfs-tools/bin/busybox
-rwxr-xr-x root:root /usr/lib/klibc/bin/sh
-rwxr-xr-x root:root /usr/lib/klibc-s19HqNAwMyOy4ALgXfqJhbGlmRU.so
     1	#!/bin/sh
     2	
     3	PREREQ=""
     4	
     5	prereqs()
     6	{
     7		echo "$PREREQ"
     8	}
     9	
    10	case $1 in
    11	prereqs)
    12		prereqs
    13		exit 0
    14		;;
    15	esac
    16	
    17	. /usr/share/initramfs-tools/hook-functions
    18	
    19	copy_exec /usr/sbin/pdata_tools
    20	ln -s pdata_tools ${DESTDIR}/usr/sbin/cache_check
    21	ln -s pdata_tools ${DESTDIR}/usr/sbin/thin_check
    22	
    23	manual_add_modules dm-cache dm-cache-smq dm-thin-pool
    24	#!/bin/sh
    25	
    26	# This hook copies busybox binary into the initramfs directory
    27	# and creates all necessary links to it.
    28	# It should be placed last into the hooks directory, in order to
    29	# not overwrite commands which are provided by other means.
    30	
    31	set -e
    32	
    33	case "${1:-}" in
    34	  prereqs)  echo ""; exit 0;;
    35	esac
    36	
    37	BB_BIN=/usr/lib/initramfs-tools/bin/busybox
    38	
    39	[ n = "$BUSYBOX" ] && exit 0
    40	
    41	[ -r /usr/share/initramfs-tools/hook-functions ] || exit 0
    42	. /usr/share/initramfs-tools/hook-functions
    43	
    44	if [ -f $DESTDIR/bin/sh ] && cmp -s $DESTDIR/bin/sh $BB_BIN ; then
    45	  # initramfs copies busybox into /bin/sh, undo this
    46	  rm -f $DESTDIR/bin/sh
    47	fi
    48	rm -f $DESTDIR/bin/busybox	# for compatibility with old initramfs
    49	copy_exec $BB_BIN /bin/busybox
    50	
    51	for alias in $($BB_BIN --list-long); do
    52	  alias="${alias#/}"
    53	  case "$alias" in
    54	    # strip leading /usr, we don't use it
    55	    usr/*) alias="${alias#usr/}" ;;
    56	    */*) ;;
    57	    *) alias="bin/$alias" ;;  # make it into /bin
    58	  esac
    59	
    60	  # Busybox is configured to prefer its own applets, so remove
    61	  # duplication from klibc.
    62	  name="${alias##*/}"
    63	  if [ -e "$DESTDIR/$alias" ] && cmp -s "/usr/lib/klibc/bin/$name" "$DESTDIR/$alias"; then
    64	    rm -f "$DESTDIR/$alias"
    65	    [ "${verbose}" = "y" ] && echo "Preferring busybox $alias over klibc" || true
    66	  fi
    67	
    68	  [ -e "$DESTDIR/$alias" ] || \
    69	    ln "$DESTDIR/bin/busybox" "$DESTDIR/$alias"
    70	done
    71	
    72	# Casper wants to have access to https, let busybox invoke openssl to
    73	# achieve that.
    74	# TODO: maybe have another variable like BUSYBOX_OPENSSL to include
    75	# openssl if wanted? maybe like cloud-initramfs wants it?
    76	if [ "$CASPER_GENERATE_UUID" ]; then
    77	    mkdir -p $DESTDIR/etc/ssl/certs $DESTDIR/usr/lib/ssl/
    78	    copy_exec /usr/bin/openssl
    79	    copy_file config /etc/ssl/openssl.cnf
    80	    update-ca-certificates --fresh --etccertsdir $DESTDIR/etc/ssl/certs --hooksdir /no-hooks
    81	    # Only use by-hash certs
    82	    rm -f $DESTDIR/etc/ssl/certs/ca-certificates.crt
    83	    for cert in $DESTDIR/etc/ssl/certs/* ; do
    84	        target=$(readlink $cert)
    85	        case $target in
    86	            /*)
    87	                copy_file cert $target
    88	                ;;
    89	        esac
    90	    done
    91	    ln -s /etc/ssl/certs $DESTDIR/usr/lib/ssl/certs
    92	    ln -s /etc/ssl/openssl.cnf $DESTDIR/usr/lib/ssl/openssl.cnf
    93	fi
    94	#!/bin/sh
    95	
    96	prereqs()
    97	{
    98		if [ "${BUSYBOX}" = "n" ] || [ -z "${BUSYBOXDIR}" ]; then
    99			echo ''
   100		else
   101			# Ensure busybox installs all its commands before
   102			# checking what we should provide
   103			echo zz-busybox
   104		fi
   105	}
   106	
   107	case $1 in
   108	# get pre-requisites
   109	prereqs)
   110		prereqs
   111		exit 0
   112		;;
   113	esac
   114	
   115	for src in /usr/lib/klibc/bin/*; do
   116		command="$(basename "$src")"
   117		case "$command" in
   118		gzip | kinit | zcat)
   119			# Don't install; these will not be needed
   120			;;
   121		*)
   122			# Don't install commands that already exist in /bin or /sbin
   123			if ! [ -e "${DESTDIR}/sbin/$command" ] \
   124			   && ! [ -e "${DESTDIR}/bin/$command" ]; then
   125				cp -pL "$src" "${DESTDIR}/bin"
   126			fi
   127			;;
   128		esac
   129	done
   130	cp -pL /usr/lib/klibc-*.so "${DESTDIR}/lib"

### thin-busybox-klibc-attacker
uid=1001(attacker) gid=1001(attacker) groups=1001(attacker)
vda: Failed to write 'change' to '/sys/devices/platform/40000000.pci/pci0000:00/0000:00:06.0/virtio3/block/vda/uevent': Permission denied
vda1: Failed to write 'change' to '/sys/devices/platform/40000000.pci/pci0000:00/0000:00:06.0/virtio3/block/vda/vda1/uevent': Permission denied
vdb: Failed to write 'change' to '/sys/devices/platform/40000000.pci/pci0000:00/0000:00:07.0/virtio4/block/vdb/uevent': Permission denied
loop0: Failed to write 'change' to '/sys/devices/virtual/block/loop0/uevent': Permission denied
loop1: Failed to write 'change' to '/sys/devices/virtual/block/loop1/uevent': Permission denied
loop2: Failed to write 'change' to '/sys/devices/virtual/block/loop2/uevent': Permission denied
loop3: Failed to write 'change' to '/sys/devices/virtual/block/loop3/uevent': Permission denied
loop4: Failed to write 'change' to '/sys/devices/virtual/block/loop4/uevent': Permission denied
loop5: Failed to write 'change' to '/sys/devices/virtual/block/loop5/uevent': Permission denied
loop6: Failed to write 'change' to '/sys/devices/virtual/block/loop6/uevent': Permission denied
loop7: Failed to write 'change' to '/sys/devices/virtual/block/loop7/uevent': Permission denied
nbd0: Failed to write 'change' to '/sys/devices/virtual/block/nbd0/uevent': Permission denied
nbd1: Failed to write 'change' to '/sys/devices/virtual/block/nbd1/uevent': Permission denied
nbd10: Failed to write 'change' to '/sys/devices/virtual/block/nbd10/uevent': Permission denied
nbd11: Failed to write 'change' to '/sys/devices/virtual/block/nbd11/uevent': Permission denied
nbd12: Failed to write 'change' to '/sys/devices/virtual/block/nbd12/uevent': Permission denied
nbd13: Failed to write 'change' to '/sys/devices/virtual/block/nbd13/uevent': Permission denied
nbd14: Failed to write 'change' to '/sys/devices/virtual/block/nbd14/uevent': Permission denied
nbd15: Failed to write 'change' to '/sys/devices/virtual/block/nbd15/uevent': Permission denied
nbd2: Failed to write 'change' to '/sys/devices/virtual/block/nbd2/uevent': Permission denied
nbd3: Failed to write 'change' to '/sys/devices/virtual/block/nbd3/uevent': Permission denied
nbd4: Failed to write 'change' to '/sys/devices/virtual/block/nbd4/uevent': Permission denied
nbd5: Failed to write 'change' to '/sys/devices/virtual/block/nbd5/uevent': Permission denied
nbd6: Failed to write 'change' to '/sys/devices/virtual/block/nbd6/uevent': Permission denied
nbd7: Failed to write 'change' to '/sys/devices/virtual/block/nbd7/uevent': Permission denied
nbd8: Failed to write 'change' to '/sys/devices/virtual/block/nbd8/uevent': Permission denied
nbd9: Failed to write 'change' to '/sys/devices/virtual/block/nbd9/uevent': Permission denied
ram0: Failed to write 'change' to '/sys/devices/virtual/block/ram0/uevent': Permission denied
ram1: Failed to write 'change' to '/sys/devices/virtual/block/ram1/uevent': Permission denied
ram10: Failed to write 'change' to '/sys/devices/virtual/block/ram10/uevent': Permission denied
examining superblock
  superblock is corrupt
    bad checksum in superblock, wanted 1490015127
/usr/share/initramfs-tools/hooks/zz-busybox-initramfs: 192: verbose: parameter not set
drwxr-xr-x attacker:attacker /tmp/initramfs-attacker -> 
drwxr-xr-x attacker:attacker /tmp/initramfs-attacker/usr -> 
drwxr-xr-x attacker:attacker /tmp/initramfs-attacker/usr/bin -> 
drwxr-xr-x attacker:attacker /tmp/initramfs-attacker/usr/lib -> 

### libselinux1-tmpfiles-default-proof
     1	# See tmpfiles.d(5) for details
     2	
     3	# Type Path    Mode UID  GID  Age Argument
     4	d /run/setrans 0755 root root -   -
active
static
drwxr-xr-x root:root /run/setrans
-rw-r--r-- root:root /usr/lib/tmpfiles.d/libselinux1.conf

### libselinux1-tmpfiles-attacker
uid=1001(attacker) gid=1001(attacker) groups=1001(attacker)
touch: cannot touch '/run/setrans/attacker': Permission denied

### adduser-default-proof
-rw-r--r-- root:root /etc/adduser.conf
-rwxr-xr-x root:root /usr/sbin/adduser
lrwxrwxrwx root:root /usr/sbin/addgroup
-rw-r--r-- root:root /usr/share/perl5/Debian/AdduserCommon.pm
drwxr-xr-x root:root /etc/skel
/usr/sbin/adduser:820:    create_homedir (1); # copy skeleton data
/usr/sbin/adduser:830:            system($passwd, $new_name);
/usr/sbin/adduser:949:#   1: $copy_skeleton:
/usr/sbin/adduser:950:#     if 0  -> do not copy the skeleton data
/usr/sbin/adduser:951:#     if 1  -> copy the files in /etc/skel to the newly created home directory
/usr/sbin/adduser:955:    my ($copy_skeleton) = @_;
/usr/sbin/adduser:979:            system('sh' => ( '-c' => '"$@" >/dev/null 2>&1', '--', '/usr/sbin/zsysctl', 'userdata', 'create', $new_name, $home_dir,));
/usr/sbin/adduser:981:        if( !chown($new_uid, $primary_gid, $home_dir) ) {
/usr/sbin/adduser:982:            log_err("chown %s:%s %s: %s", $new_uid, $primary_gid, $home_dir, $!);
/usr/sbin/adduser:986:        if( !chmod ($dir_mode, $home_dir) ) {
/usr/sbin/adduser:987:            log_err("chmod %s %s: %s", $dir_mode, $home_dir, $!);
/usr/sbin/adduser:996:        if ($config{"skel"} && $copy_skeleton) {
/usr/sbin/adduser:997:            log_info( mtx("Copying files from `%s' ..."), $config{skel} );
/usr/sbin/adduser:999:            if( !open($findpipe, q{-|}, "cd $config{skel}; find .  -print") ) {
/usr/sbin/adduser:1006:                next if ($_ =~ qr/$config{skel_ignore_regex}/ );
/usr/sbin/adduser:1007:                &copy_to_dir($config{"skel"}, $_, $home_dir, $new_uid,
/usr/sbin/adduser:1159:# copy_to_dir :
/usr/sbin/adduser:1169:sub copy_to_dir {
/usr/sbin/adduser:1222:    if( !chown($newu, $newg, "$todir/$file") ) {
/usr/sbin/adduser:1223:       log_err( "chown %s:%s %s/%s: %s", $newu, $newg, $todir, $file, $! );
/usr/sbin/adduser:1230:    if( !chmod($perm, "$todir/$file") ) {
/usr/sbin/adduser:1231:       log_err( "chmod %s/%s: %s", $todir, $file, $!);
/usr/sbin/adduser:1247:    my $name_regex_var = $found_sys_opt ? 'SYS_NAME_REGEX' : 'NAME_REGEX';
/usr/sbin/addgroup:820:    create_homedir (1); # copy skeleton data
/usr/sbin/addgroup:830:            system($passwd, $new_name);
/usr/sbin/addgroup:949:#   1: $copy_skeleton:
/usr/sbin/addgroup:950:#     if 0  -> do not copy the skeleton data
/usr/sbin/addgroup:951:#     if 1  -> copy the files in /etc/skel to the newly created home directory
/usr/sbin/addgroup:955:    my ($copy_skeleton) = @_;
/usr/sbin/addgroup:979:            system('sh' => ( '-c' => '"$@" >/dev/null 2>&1', '--', '/usr/sbin/zsysctl', 'userdata', 'create', $new_name, $home_dir,));
/usr/sbin/addgroup:981:        if( !chown($new_uid, $primary_gid, $home_dir) ) {
/usr/sbin/addgroup:982:            log_err("chown %s:%s %s: %s", $new_uid, $primary_gid, $home_dir, $!);
/usr/sbin/addgroup:986:        if( !chmod ($dir_mode, $home_dir) ) {
/usr/sbin/addgroup:987:            log_err("chmod %s %s: %s", $dir_mode, $home_dir, $!);
/usr/sbin/addgroup:996:        if ($config{"skel"} && $copy_skeleton) {
/usr/sbin/addgroup:997:            log_info( mtx("Copying files from `%s' ..."), $config{skel} );
/usr/sbin/addgroup:999:            if( !open($findpipe, q{-|}, "cd $config{skel}; find .  -print") ) {
/usr/sbin/addgroup:1006:                next if ($_ =~ qr/$config{skel_ignore_regex}/ );
/usr/sbin/addgroup:1007:                &copy_to_dir($config{"skel"}, $_, $home_dir, $new_uid,
/usr/sbin/addgroup:1159:# copy_to_dir :
/usr/sbin/addgroup:1169:sub copy_to_dir {
/usr/sbin/addgroup:1222:    if( !chown($newu, $newg, "$todir/$file") ) {
/usr/sbin/addgroup:1223:       log_err( "chown %s:%s %s/%s: %s", $newu, $newg, $todir, $file, $! );
/usr/sbin/addgroup:1230:    if( !chmod($perm, "$todir/$file") ) {
/usr/sbin/addgroup:1231:       log_err( "chmod %s/%s: %s", $todir, $file, $!);
/usr/sbin/addgroup:1247:    my $name_regex_var = $found_sys_opt ? 'SYS_NAME_REGEX' : 'NAME_REGEX';
/usr/share/perl5/Debian/AdduserCommon.pm:147:    unless( open( $pool, q{<}, $pool_file) ) {
/usr/share/perl5/Debian/AdduserCommon.pm:215:    if (system(@_)) {
/usr/share/perl5/Debian/AdduserCommon.pm:228:    system(@_);
/usr/share/perl5/Debian/AdduserCommon.pm:253:    open(STDOUT, '>>', '/dev/null');
/usr/share/perl5/Debian/AdduserCommon.pm:254:    open(STDERR, '>>', '/dev/null');
/usr/share/perl5/Debian/AdduserCommon.pm:305:        skel => "/etc/skel",
/usr/share/perl5/Debian/AdduserCommon.pm:319:        skel_ignore_regex => "\.(dpkg|ucf)-(old|new|dist)\$",
/usr/share/perl5/Debian/AdduserCommon.pm:347:    unless( open($lockfile, '>>', $lockfile_path) ) {
/usr/share/perl5/Debian/AdduserLogging.pm:123:    system(@command) == 0
/etc/adduser.conf:26:# The directory from which skeletal user configuration files
/etc/adduser.conf:28:# Default: SKEL=/etc/skel
/etc/adduser.conf:29:#SKEL=/etc/skel
/etc/adduser.conf:84:# Default: NAME_REGEX="^[a-z][-a-z0-9_]*\$?$"
/etc/adduser.conf:85:#NAME_REGEX="^[a-z][-a-z0-9_]*\$?$"
/etc/adduser.conf:89:# Default: SYS_NAME_REGEX="^[A-Za-z_][-A-Za-z0-9_]*\$?$"
/etc/adduser.conf:90:#SYS_NAME_REGEX="^[A-Za-z_][-A-Za-z0-9_]*\$?$"

### adduser-attacker
uid=1001(attacker) gid=1001(attacker) groups=1001(attacker)
fatal: Only root may add a user or group to the system.
fatal: Only root may add a user or group to the system.

### cleanup-health
running
0

### result
ROOT_PROOF=NO
