PackageKit/APT local-file semantics probe
target=ubuntu24-server-lpe-target
2026-05-17T15:37:46-0400

$ docker exec -i ubuntu24-server-lpe-target bash
== pre-clean/setup ==
== default package/service/polkit reachability proof ==
PRETTY_NAME="Ubuntu 24.04.4 LTS"
NAME="Ubuntu"
VERSION_ID="24.04"
VERSION="24.04.4 LTS (Noble Numbat)"
VERSION_CODENAME=noble
ID=ubuntu
ID_LIKE=debian
HOME_URL="https://www.ubuntu.com/"
SUPPORT_URL="https://help.ubuntu.com/"
BUG_REPORT_URL="https://bugs.launchpad.net/ubuntu/"
Linux bf51bb670420 6.10.14-linuxkit #1 SMP Sat May 17 08:28:57 UTC 2025 aarch64 aarch64 aarch64 GNU/Linux
uid=1001(attacker) gid=1001(attacker) groups=1001(attacker)
uid=1002(selfauth) gid=1002(selfauth) groups=1002(selfauth)
sudo:x:27:ubuntu
apt	2.8.3	arm64
dbus	1.14.10-4ubuntu4.1	arm64
dpkg	1.22.6ubuntu6.6	arm64
gir1.2-packagekitglib-1.0	1.2.8-2ubuntu1.5	arm64
libpackagekit-glib2-18:arm64	1.2.8-2ubuntu1.5	arm64
packagekit	1.2.8-2ubuntu1.5	arm64
packagekit-tools	1.2.8-2ubuntu1.5	arm64
polkitd	124-2ubuntu1.24.04.3	arm64
python3-gi	3.48.2-1	arm64
systemd	255.4-1ubuntu8.15	arm64
# /usr/lib/systemd/system/packagekit.service
[Unit]
Description=PackageKit Daemon
# PK doesn't know how to do anything on ostree-managed systems;
# currently the design is to have dedicated daemons like
# eos-updater and rpm-ostree, and gnome-software talks to those.
ConditionPathExists=!/run/ostree-booted
Wants=network-online.target

[Service]
Type=dbus
BusName=org.freedesktop.PackageKit
User=root
ExecStart=/usr/libexec/packagekitd
● packagekit.service - PackageKit Daemon
     Loaded: loaded (/usr/lib/systemd/system/packagekit.service; static)
     Active: active (running) since Sun 2026-05-17 19:37:47 UTC; 132ms ago
   Main PID: 32401 (packagekitd)
      Tasks: 5 (limit: 9517)
     Memory: 3.2M (peak: 4.5M)
        CPU: 66ms
     CGroup: /docker/bf51bb670420b556386b1dab94ce9cfc181e36dc1ddf0267171ade06c2318470/system.slice/packagekit.service
             └─32401 /usr/libexec/packagekitd

May 17 19:37:47 bf51bb670420 systemd[1]: Starting packagekit.service - PackageKit Daemon...
May 17 19:37:47 bf51bb670420 PackageKit[32401]: daemon start
May 17 19:37:47 bf51bb670420 systemd[1]: Started packagekit.service - PackageKit Daemon.
srw-rw-rw- 1 root root 0 May 17 18:21 /run/dbus/system_bus_socket
srw-rw-rw- 1 root root 0 May 17 18:21 /var/run/dbus/system_bus_socket
:1.4                            255 polkitd         polkitd         :1.4          polkit.service              -       -
org.freedesktop.PackageKit    32401 packagekitd     root            :1.1370       packagekit.service          -       -
org.freedesktop.PolicyKit1      255 polkitd         polkitd         :1.4          polkit.service              -       -
POLKIT_DEFAULT org.freedesktop.packagekit.system-sources-refresh any=auth_admin inactive=yes active=yes
POLKIT_DEFAULT org.freedesktop.packagekit.trigger-offline-update any=auth_admin inactive=auth_admin active=yes
POLKIT_DEFAULT org.freedesktop.packagekit.clear-offline-update any=auth_admin inactive=auth_admin active=yes
POLKIT_DEFAULT org.freedesktop.packagekit.package-install-untrusted any=auth_admin inactive=auth_admin active=auth_admin
POLKIT_DEFAULT org.freedesktop.packagekit.system-update any=auth_admin inactive=auth_admin active=auth_admin_keep
STAT drwx------ root:root directory 4096 /root
STAT drwxr-xr-x root:root directory 4096 /var/cache/PackageKit
STAT drwxr-xr-x root:root directory 4096 /var/cache/PackageKit/downloads
STAT drwxr-xr-x root:root directory 4096 /var/lib/PackageKit
STAT -rw-r--r-- root:root regular file 32768 /var/lib/PackageKit/transactions.db
/usr/share/dbus-1/interfaces/org.freedesktop.PackageKit.Transaction.xml:422:    <method name="GetDetailsLocal">
/usr/share/dbus-1/interfaces/org.freedesktop.PackageKit.Transaction.xml:451:    <method name="GetFilesLocal">
/usr/share/dbus-1/interfaces/org.freedesktop.PackageKit.Transaction.xml:739:    <method name="InstallFiles">
/usr/share/dbus-1/interfaces/org.freedesktop.PackageKit.xml:595:    <method name="Trigger">
/usr/share/dbus-1/interfaces/org.freedesktop.PackageKit.xml:648:    <method name="GetPrepared">
== build attacker and root-only local files ==
total 16
drwxr-xr-x 4 attacker attacker 4096 May 17 19:37 attacker-pkg
lrwxrwxrwx 1 attacker attacker   56 May 17 19:37 link-attacker-deb -> /tmp/packagekit-local-file-semantics/pk-lfs-attacker.deb
lrwxrwxrwx 1 attacker attacker   34 May 17 19:37 link-root-deb -> /root/packagekit_lfs_root_only.deb
lrwxrwxrwx 1 attacker attacker   36 May 17 19:37 link-root-secret -> /root/packagekit_lfs_root_secret.txt
lrwxrwxrwx 1 attacker attacker   11 May 17 19:37 link-shadow -> /etc/shadow
-rw-r--r-- 1 attacker attacker   32 May 17 19:37 not-a-deb.txt
drwxr-xr-x 2 root     root     4096 May 17 19:37 original
-rw-r--r-- 1 attacker attacker  756 May 17 19:37 pk-lfs-attacker.deb
-rw------- 1 root     root     806 May 17 19:37 /root/packagekit_lfs_root_only.deb
-rw------- 1 root     root      82 May 17 19:37 /root/packagekit_lfs_root_secret.txt
-rw-r--r-- 1 attacker attacker 756 May 17 19:37 /tmp/packagekit-local-file-semantics/pk-lfs-attacker.deb
== launch active uid1001 PackageKit local-file probe ==
Terminated
== active uid1001 transcript ==

== openvt transcript ==

== root-side post-run proof ==
ROOT_MARKER_ABSENT /root/packagekit_lfs_root_marker
ROOT_MARKER_ABSENT /root/packagekit_lfs_root_marker.attacker_postinst
ROOT_MARKER_ABSENT /root/packagekit_lfs_root_marker.rootonly_postinst
dpkg-query: no packages found matching pk-lfs-attacker
dpkg-query: no packages found matching pk-lfs-rootonly

== root-side cache reachability and content proof ==

== root-side transaction db rows mentioning probe/root paths ==
DB_ROOT_STAT mode=0o644 uid=0 gid=0 size=32768

== root-side offline/prepared state before cleanup ==
OFFLINE_ROOT missing /system-update
OFFLINE_ROOT missing /var/lib/PackageKit/offline-update-action
OFFLINE_ROOT missing /var/lib/PackageKit/offline-update-competed
OFFLINE_ROOT missing /var/lib/PackageKit/prepared-update
OFFLINE_ROOT missing /var/lib/PackageKit/prepared-upgrade

== root-owned files under attacker workdir ==
WORK_ROOT_CHECK -rw-r--r-- root:root 0 /tmp/packagekit-local-file-semantics/openvt.out -> 
WORK_ROOT_CHECK lrwxrwxrwx attacker:attacker 11 /tmp/packagekit-local-file-semantics/link-shadow -> /etc/shadow
WORK_ROOT_CHECK lrwxrwxrwx attacker:attacker 34 /tmp/packagekit-local-file-semantics/link-root-deb -> /root/packagekit_lfs_root_only.deb
WORK_ROOT_CHECK lrwxrwxrwx attacker:attacker 36 /tmp/packagekit-local-file-semantics/link-root-secret -> /root/packagekit_lfs_root_secret.txt
WORK_ROOT_CHECK lrwxrwxrwx attacker:attacker 56 /tmp/packagekit-local-file-semantics/link-attacker-deb -> /tmp/packagekit-local-file-semantics/pk-lfs-attacker.deb

== packagekit journal tail ==
May 17 18:50:29 bf51bb670420 systemd[1]: Started packagekit.service - PackageKit Daemon.
May 17 18:52:14 bf51bb670420 PackageKit[8025]: uid 1001 is trying to obtain org.freedesktop.packagekit.repair-system auth (only_trusted:0)
May 17 18:52:14 bf51bb670420 PackageKit[8025]: uid 1001 failed to obtain auth
May 17 19:02:00 bf51bb670420 PackageKit[8025]: daemon quit
May 17 19:02:00 bf51bb670420 systemd[1]: packagekit.service: Deactivated successfully.
May 17 19:02:48 bf51bb670420 systemd[1]: Starting packagekit.service - PackageKit Daemon...
May 17 19:02:48 bf51bb670420 PackageKit[12728]: daemon start
May 17 19:02:48 bf51bb670420 systemd[1]: Started packagekit.service - PackageKit Daemon.
May 17 19:10:43 bf51bb670420 PackageKit[12728]: daemon quit
May 17 19:10:43 bf51bb670420 systemd[1]: packagekit.service: Deactivated successfully.
May 17 19:19:00 bf51bb670420 systemd[1]: Starting packagekit.service - PackageKit Daemon...
May 17 19:19:00 bf51bb670420 PackageKit[18942]: daemon start
May 17 19:19:00 bf51bb670420 systemd[1]: Started packagekit.service - PackageKit Daemon.
May 17 19:19:01 bf51bb670420 systemd[1]: Stopping packagekit.service - PackageKit Daemon...
May 17 19:19:01 bf51bb670420 systemd[1]: packagekit.service: Deactivated successfully.
May 17 19:19:01 bf51bb670420 systemd[1]: Stopped packagekit.service - PackageKit Daemon.
May 17 19:19:01 bf51bb670420 systemd[1]: Starting packagekit.service - PackageKit Daemon...
May 17 19:19:01 bf51bb670420 PackageKit[19093]: daemon start
May 17 19:19:01 bf51bb670420 systemd[1]: Started packagekit.service - PackageKit Daemon.
May 17 19:19:02 bf51bb670420 systemd[1]: Stopping packagekit.service - PackageKit Daemon...
May 17 19:19:02 bf51bb670420 systemd[1]: packagekit.service: Deactivated successfully.
May 17 19:19:02 bf51bb670420 systemd[1]: Stopped packagekit.service - PackageKit Daemon.
May 17 19:19:02 bf51bb670420 systemd[1]: Starting packagekit.service - PackageKit Daemon...
May 17 19:19:02 bf51bb670420 PackageKit[19252]: daemon start
May 17 19:19:02 bf51bb670420 systemd[1]: Started packagekit.service - PackageKit Daemon.
May 17 19:19:43 bf51bb670420 systemd[1]: Stopping packagekit.service - PackageKit Daemon...
May 17 19:19:43 bf51bb670420 systemd[1]: packagekit.service: Deactivated successfully.
May 17 19:19:43 bf51bb670420 systemd[1]: Stopped packagekit.service - PackageKit Daemon.
May 17 19:19:43 bf51bb670420 systemd[1]: Starting packagekit.service - PackageKit Daemon...
May 17 19:19:43 bf51bb670420 PackageKit[19374]: daemon start
May 17 19:19:43 bf51bb670420 systemd[1]: Started packagekit.service - PackageKit Daemon.
May 17 19:19:44 bf51bb670420 PackageKit[19374]: uid 1002 is trying to obtain org.freedesktop.packagekit.system-sources-refresh auth (only_trusted:0)
May 17 19:19:44 bf51bb670420 PackageKit[19374]: uid 1002 obtained auth for org.freedesktop.packagekit.system-sources-refresh
May 17 19:19:46 bf51bb670420 PackageKit[19374]: refresh-cache transaction /25_bebebdec from uid 1002 finished with failed after 2392ms
May 17 19:19:50 bf51bb670420 PackageKit[19374]: get-updates transaction /26_ebeedabe from uid 1002 finished with success after 3207ms
May 17 19:19:55 bf51bb670420 PackageKit[19374]: install-files transaction /27_bbeabccd from uid 1002 finished with success after 4090ms
May 17 19:19:55 bf51bb670420 PackageKit[19374]: uid 1002 is trying to obtain org.freedesktop.packagekit.package-install-untrusted auth (only_trusted:0)
May 17 19:19:55 bf51bb670420 PackageKit[19374]: uid 1002 failed to obtain auth
May 17 19:19:56 bf51bb670420 systemd[1]: Stopping packagekit.service - PackageKit Daemon...
May 17 19:19:56 bf51bb670420 systemd[1]: packagekit.service: Deactivated successfully.
May 17 19:19:56 bf51bb670420 systemd[1]: Stopped packagekit.service - PackageKit Daemon.
May 17 19:19:56 bf51bb670420 systemd[1]: packagekit.service: Consumed 9.784s CPU time.
May 17 19:19:56 bf51bb670420 systemd[1]: Starting packagekit.service - PackageKit Daemon...
May 17 19:19:56 bf51bb670420 PackageKit[19620]: daemon start
May 17 19:19:56 bf51bb670420 systemd[1]: Started packagekit.service - PackageKit Daemon.
May 17 19:19:57 bf51bb670420 systemd[1]: Stopping packagekit.service - PackageKit Daemon...
May 17 19:19:57 bf51bb670420 systemd[1]: packagekit.service: Deactivated successfully.
May 17 19:19:57 bf51bb670420 systemd[1]: Stopped packagekit.service - PackageKit Daemon.
May 17 19:19:57 bf51bb670420 systemd[1]: Starting packagekit.service - PackageKit Daemon...
May 17 19:19:57 bf51bb670420 PackageKit[19771]: daemon start
May 17 19:19:57 bf51bb670420 systemd[1]: Started packagekit.service - PackageKit Daemon.
May 17 19:20:21 bf51bb670420 systemd[1]: Stopping packagekit.service - PackageKit Daemon...
May 17 19:20:21 bf51bb670420 systemd[1]: packagekit.service: Deactivated successfully.
May 17 19:20:21 bf51bb670420 systemd[1]: Stopped packagekit.service - PackageKit Daemon.
May 17 19:20:21 bf51bb670420 systemd[1]: Starting packagekit.service - PackageKit Daemon...
May 17 19:20:21 bf51bb670420 PackageKit[19923]: daemon start
May 17 19:20:21 bf51bb670420 systemd[1]: Started packagekit.service - PackageKit Daemon.
May 17 19:20:21 bf51bb670420 PackageKit[19923]: uid 1002 is trying to obtain org.freedesktop.packagekit.system-sources-refresh auth (only_trusted:0)
May 17 19:20:21 bf51bb670420 PackageKit[19923]: uid 1002 obtained auth for org.freedesktop.packagekit.system-sources-refresh
May 17 19:20:31 bf51bb670420 PackageKit[19923]: refresh-cache transaction /29_acdcebab from uid 1002 finished with failed after 9863ms
May 17 19:20:36 bf51bb670420 PackageKit[19923]: get-updates transaction /30_cecdcbcb from uid 1002 finished with success after 4828ms
May 17 19:20:41 bf51bb670420 PackageKit[19923]: install-files transaction /31_bedadded from uid 1002 finished with success after 4316ms
May 17 19:20:42 bf51bb670420 PackageKit[19923]: uid 1002 is trying to obtain org.freedesktop.packagekit.package-install-untrusted auth (only_trusted:0)
May 17 19:20:42 bf51bb670420 PackageKit[19923]: uid 1002 failed to obtain auth
May 17 19:20:42 bf51bb670420 systemd[1]: Stopping packagekit.service - PackageKit Daemon...
May 17 19:20:42 bf51bb670420 systemd[1]: packagekit.service: Deactivated successfully.
May 17 19:20:42 bf51bb670420 systemd[1]: Stopped packagekit.service - PackageKit Daemon.
May 17 19:20:42 bf51bb670420 systemd[1]: packagekit.service: Consumed 13.079s CPU time.
May 17 19:20:42 bf51bb670420 systemd[1]: Starting packagekit.service - PackageKit Daemon...
May 17 19:20:42 bf51bb670420 PackageKit[20151]: daemon start
May 17 19:20:42 bf51bb670420 systemd[1]: Started packagekit.service - PackageKit Daemon.
May 17 19:20:44 bf51bb670420 systemd[1]: Stopping packagekit.service - PackageKit Daemon...
May 17 19:20:44 bf51bb670420 systemd[1]: packagekit.service: Deactivated successfully.
May 17 19:20:44 bf51bb670420 systemd[1]: Stopped packagekit.service - PackageKit Daemon.
May 17 19:20:44 bf51bb670420 systemd[1]: Starting packagekit.service - PackageKit Daemon...
May 17 19:20:44 bf51bb670420 PackageKit[20310]: daemon start
May 17 19:20:44 bf51bb670420 systemd[1]: Started packagekit.service - PackageKit Daemon.
May 17 19:25:49 bf51bb670420 PackageKit[20310]: daemon quit
May 17 19:25:49 bf51bb670420 systemd[1]: packagekit.service: Deactivated successfully.
May 17 19:36:18 bf51bb670420 systemd[1]: Starting packagekit.service - PackageKit Daemon...
May 17 19:36:18 bf51bb670420 PackageKit[28532]: daemon start
May 17 19:36:18 bf51bb670420 systemd[1]: Started packagekit.service - PackageKit Daemon.
May 17 19:36:19 bf51bb670420 systemd[1]: Stopping packagekit.service - PackageKit Daemon...
May 17 19:36:19 bf51bb670420 systemd[1]: packagekit.service: Deactivated successfully.
May 17 19:36:19 bf51bb670420 systemd[1]: Stopped packagekit.service - PackageKit Daemon.
May 17 19:36:19 bf51bb670420 systemd[1]: Starting packagekit.service - PackageKit Daemon...
May 17 19:36:19 bf51bb670420 PackageKit[28608]: daemon start
May 17 19:36:19 bf51bb670420 systemd[1]: Started packagekit.service - PackageKit Daemon.
May 17 19:37:14 bf51bb670420 PackageKit[28608]: get-details-local transaction /33_dbdcdeca from uid 1001 finished with success after 4649ms
May 17 19:37:19 bf51bb670420 PackageKit[28608]: get-details-local transaction /34_cebcbeea from uid 1001 finished with success after 4115ms
May 17 19:37:19 bf51bb670420 PackageKit[28608]: get-files-local transaction /35_bbeaeaae from uid 1001 finished with success after 0ms
May 17 19:37:19 bf51bb670420 systemd[1]: Stopping packagekit.service - PackageKit Daemon...
May 17 19:37:19 bf51bb670420 systemd[1]: packagekit.service: Deactivated successfully.
May 17 19:37:19 bf51bb670420 systemd[1]: Stopped packagekit.service - PackageKit Daemon.
May 17 19:37:19 bf51bb670420 systemd[1]: packagekit.service: Consumed 10.861s CPU time.
May 17 19:37:19 bf51bb670420 systemd[1]: Starting packagekit.service - PackageKit Daemon...
May 17 19:37:19 bf51bb670420 PackageKit[32233]: daemon start
May 17 19:37:19 bf51bb670420 systemd[1]: Started packagekit.service - PackageKit Daemon.
May 17 19:37:19 bf51bb670420 systemd[1]: Stopping packagekit.service - PackageKit Daemon...
May 17 19:37:19 bf51bb670420 systemd[1]: packagekit.service: Deactivated successfully.
May 17 19:37:19 bf51bb670420 systemd[1]: Stopped packagekit.service - PackageKit Daemon.
May 17 19:37:19 bf51bb670420 systemd[1]: Starting packagekit.service - PackageKit Daemon...
May 17 19:37:19 bf51bb670420 PackageKit[32264]: daemon start
May 17 19:37:19 bf51bb670420 systemd[1]: Started packagekit.service - PackageKit Daemon.
May 17 19:37:37 bf51bb670420 PackageKit[32264]: get-details-local transaction /38_ecbdacbc from uid 1001 finished with success after 5130ms
May 17 19:37:37 bf51bb670420 PackageKit[32264]: get-files-local transaction /39_bbdabedd from uid 1001 finished with success after 0ms
May 17 19:37:42 bf51bb670420 PackageKit[32264]: install-files transaction /56_ccdcbcdb from uid 1001 finished with failed after 4610ms
May 17 19:37:47 bf51bb670420 systemd[1]: Stopping packagekit.service - PackageKit Daemon...
May 17 19:37:47 bf51bb670420 systemd[1]: packagekit.service: Deactivated successfully.
May 17 19:37:47 bf51bb670420 systemd[1]: Stopped packagekit.service - PackageKit Daemon.
May 17 19:37:47 bf51bb670420 systemd[1]: packagekit.service: Consumed 10.157s CPU time.
May 17 19:37:47 bf51bb670420 systemd[1]: Starting packagekit.service - PackageKit Daemon...
May 17 19:37:47 bf51bb670420 PackageKit[32401]: daemon start
May 17 19:37:47 bf51bb670420 systemd[1]: Started packagekit.service - PackageKit Daemon.
May 17 19:37:47 bf51bb670420 systemd[1]: Stopping packagekit.service - PackageKit Daemon...
May 17 19:37:47 bf51bb670420 systemd[1]: packagekit.service: Deactivated successfully.
May 17 19:37:47 bf51bb670420 systemd[1]: Stopped packagekit.service - PackageKit Daemon.
May 17 19:37:47 bf51bb670420 systemd[1]: Starting packagekit.service - PackageKit Daemon...
May 17 19:37:47 bf51bb670420 PackageKit[32477]: daemon start
May 17 19:37:47 bf51bb670420 systemd[1]: Started packagekit.service - PackageKit Daemon.

== cleanup verification ==
CLEANUP_ABSENT /tmp/packagekit-local-file-semantics
CLEANUP_ABSENT /root/packagekit_lfs_root_secret.txt
CLEANUP_ABSENT /root/packagekit_lfs_root_only.deb
CLEANUP_ABSENT /root/packagekit_lfs_root_marker
CLEANUP_ABSENT /root/packagekit_lfs_root_marker.attacker_postinst
CLEANUP_ABSENT /root/packagekit_lfs_root_marker.rootonly_postinst
CLEANUP_ABSENT /system-update
CLEANUP_ABSENT /var/lib/PackageKit/offline-update-action
CLEANUP_ABSENT /var/lib/PackageKit/prepared-update
CLEANUP_ABSENT /var/lib/PackageKit/prepared-upgrade
dpkg-query: no packages found matching pk-lfs-attacker
dpkg-query: no packages found matching pk-lfs-rootonly
active
active
active
running

Host log: /Users/andrewmohawk/Documents/UbuntuLPE/ubuntu24-server-lpe/logs/packagekit-local-file-semantics-20260517.out

== emergency cleanup proof after user stop ==
2026-05-17T15:39:31-0400
== remaining matching processes ==
  34600   34535 root     S    timeout 160 openvt -c 9 -s -f -w -- /bin/login -f attacker
  34601   34600 root     S    openvt -c 9 -s -f -w -- /bin/login -f attacker
== remove only probe artifacts ==
ABSENT /tmp/packagekit-local-file-semantics
ABSENT /root/packagekit_lfs_root_secret.txt
ABSENT /root/packagekit_lfs_root_only.deb
ABSENT /root/packagekit_lfs_root_marker
ABSENT /root/packagekit_lfs_root_marker.attacker_postinst
ABSENT /root/packagekit_lfs_root_marker.rootonly_postinst
NO_PROBE_PROFILE /home/attacker/.bash_profile
== root proof markers ==
ROOT_PROOF_ABSENT /root/packagekit_lfs_root_marker
ROOT_PROOF_ABSENT /root/packagekit_lfs_root_marker.attacker_postinst
ROOT_PROOF_ABSENT /root/packagekit_lfs_root_marker.rootonly_postinst
== offline/prepared files ==
OFFLINE_ABSENT /system-update
OFFLINE_ABSENT /var/lib/PackageKit/offline-update-action
OFFLINE_ABSENT /var/lib/PackageKit/offline-update-competed
OFFLINE_ABSENT /var/lib/PackageKit/prepared-update
OFFLINE_ABSENT /var/lib/PackageKit/prepared-upgrade
== final artifact absence ==
CLEANUP_ABSENT /tmp/packagekit-local-file-semantics
CLEANUP_ABSENT /root/packagekit_lfs_root_secret.txt
CLEANUP_ABSENT /root/packagekit_lfs_root_only.deb
CLEANUP_ABSENT /root/packagekit_lfs_root_marker
CLEANUP_ABSENT /root/packagekit_lfs_root_marker.attacker_postinst
CLEANUP_ABSENT /root/packagekit_lfs_root_marker.rootonly_postinst
== sessions and services ==
107 1001 attacker seat0 tty9 active no -
active
active
active
inactive
degraded
● udisks2.service loaded failed failed Disk Manager

== second emergency cleanup: exact stale openvt/session kill ==
2026-05-17T15:40:00-0400
VICTIMS []
== process check ==
== sessions ==
== artifact check ==
CLEANUP_ABSENT /tmp/packagekit-local-file-semantics
CLEANUP_ABSENT /root/packagekit_lfs_root_secret.txt
CLEANUP_ABSENT /root/packagekit_lfs_root_only.deb
CLEANUP_ABSENT /root/packagekit_lfs_root_marker
CLEANUP_ABSENT /root/packagekit_lfs_root_marker.attacker_postinst
CLEANUP_ABSENT /root/packagekit_lfs_root_marker.rootonly_postinst
== service check ==
active
active
active
active
running

===== PackageKit local-file semantics probe run 2026-05-17T15:46:09-0400 =====
PackageKit/APT local-file semantics probe
target=ubuntu24-server-lpe-target
2026-05-17T15:46:09-0400

$ docker exec -i ubuntu24-server-lpe-target bash
== pre-clean/setup ==
== default package/service/polkit reachability proof ==
PRETTY_NAME="Ubuntu 24.04.4 LTS"
NAME="Ubuntu"
VERSION_ID="24.04"
VERSION="24.04.4 LTS (Noble Numbat)"
VERSION_CODENAME=noble
ID=ubuntu
ID_LIKE=debian
HOME_URL="https://www.ubuntu.com/"
SUPPORT_URL="https://help.ubuntu.com/"
BUG_REPORT_URL="https://bugs.launchpad.net/ubuntu/"
Linux bf51bb670420 6.10.14-linuxkit #1 SMP Sat May 17 08:28:57 UTC 2025 aarch64 aarch64 aarch64 GNU/Linux
uid=1001(attacker) gid=1001(attacker) groups=1001(attacker)
uid=1002(selfauth) gid=1002(selfauth) groups=1002(selfauth)
sudo:x:27:ubuntu
apt	2.8.3	arm64
dbus	1.14.10-4ubuntu4.1	arm64
dpkg	1.22.6ubuntu6.6	arm64
gir1.2-packagekitglib-1.0	1.2.8-2ubuntu1.5	arm64
libpackagekit-glib2-18:arm64	1.2.8-2ubuntu1.5	arm64
packagekit	1.2.8-2ubuntu1.5	arm64
packagekit-tools	1.2.8-2ubuntu1.5	arm64
polkitd	124-2ubuntu1.24.04.3	arm64
python3-gi	3.48.2-1	arm64
systemd	255.4-1ubuntu8.15	arm64
# /usr/lib/systemd/system/packagekit.service
[Unit]
Description=PackageKit Daemon
# PK doesn't know how to do anything on ostree-managed systems;
# currently the design is to have dedicated daemons like
# eos-updater and rpm-ostree, and gnome-software talks to those.
ConditionPathExists=!/run/ostree-booted
Wants=network-online.target

[Service]
Type=dbus
BusName=org.freedesktop.PackageKit
User=root
ExecStart=/usr/libexec/packagekitd
● packagekit.service - PackageKit Daemon
     Loaded: loaded (/usr/lib/systemd/system/packagekit.service; static)
     Active: active (running) since Sun 2026-05-17 19:46:09 UTC; 80ms ago
   Main PID: 53171 (packagekitd)
      Tasks: 5 (limit: 9517)
     Memory: 3.2M (peak: 4.6M)
        CPU: 26ms
     CGroup: /docker/bf51bb670420b556386b1dab94ce9cfc181e36dc1ddf0267171ade06c2318470/system.slice/packagekit.service
             └─53171 /usr/libexec/packagekitd

May 17 19:46:09 bf51bb670420 systemd[1]: Starting packagekit.service - PackageKit Daemon...
May 17 19:46:09 bf51bb670420 PackageKit[53171]: daemon start
May 17 19:46:09 bf51bb670420 systemd[1]: Started packagekit.service - PackageKit Daemon.
srw-rw-rw- 1 root root 0 May 17 18:21 /run/dbus/system_bus_socket
srw-rw-rw- 1 root root 0 May 17 18:21 /var/run/dbus/system_bus_socket
:1.4                            255 polkitd         polkitd         :1.4          polkit.service              -       -
org.freedesktop.PackageKit    53171 packagekitd     root            :1.1683       packagekit.service          -       -
org.freedesktop.PolicyKit1      255 polkitd         polkitd         :1.4          polkit.service              -       -
POLKIT_DEFAULT org.freedesktop.packagekit.system-sources-refresh any=auth_admin inactive=yes active=yes
POLKIT_DEFAULT org.freedesktop.packagekit.trigger-offline-update any=auth_admin inactive=auth_admin active=yes
POLKIT_DEFAULT org.freedesktop.packagekit.clear-offline-update any=auth_admin inactive=auth_admin active=yes
POLKIT_DEFAULT org.freedesktop.packagekit.package-install-untrusted any=auth_admin inactive=auth_admin active=auth_admin
POLKIT_DEFAULT org.freedesktop.packagekit.system-update any=auth_admin inactive=auth_admin active=auth_admin_keep
STAT drwx------ root:root directory 4096 /root
STAT drwxr-xr-x root:root directory 4096 /var/cache/PackageKit
STAT drwxr-xr-x root:root directory 4096 /var/cache/PackageKit/downloads
STAT drwxr-xr-x root:root directory 4096 /var/lib/PackageKit
STAT -rw-r--r-- root:root regular file 32768 /var/lib/PackageKit/transactions.db
/usr/share/dbus-1/interfaces/org.freedesktop.PackageKit.Transaction.xml:422:    <method name="GetDetailsLocal">
/usr/share/dbus-1/interfaces/org.freedesktop.PackageKit.Transaction.xml:451:    <method name="GetFilesLocal">
/usr/share/dbus-1/interfaces/org.freedesktop.PackageKit.Transaction.xml:739:    <method name="InstallFiles">
/usr/share/dbus-1/interfaces/org.freedesktop.PackageKit.xml:595:    <method name="Trigger">
/usr/share/dbus-1/interfaces/org.freedesktop.PackageKit.xml:648:    <method name="GetPrepared">
== build attacker and root-only local files ==
total 16
drwxr-xr-x 4 attacker attacker 4096 May 17 19:46 attacker-pkg
lrwxrwxrwx 1 attacker attacker   56 May 17 19:46 link-attacker-deb -> /tmp/packagekit-local-file-semantics/pk-lfs-attacker.deb
lrwxrwxrwx 1 attacker attacker   34 May 17 19:46 link-root-deb -> /root/packagekit_lfs_root_only.deb
lrwxrwxrwx 1 attacker attacker   36 May 17 19:46 link-root-secret -> /root/packagekit_lfs_root_secret.txt
lrwxrwxrwx 1 attacker attacker   11 May 17 19:46 link-shadow -> /etc/shadow
-rw-r--r-- 1 attacker attacker   32 May 17 19:46 not-a-deb.txt
drwxr-xr-x 2 root     root     4096 May 17 19:46 original
-rw-r--r-- 1 attacker attacker  758 May 17 19:46 pk-lfs-attacker.deb
-rw------- 1 root     root     806 May 17 19:46 /root/packagekit_lfs_root_only.deb
-rw------- 1 root     root      82 May 17 19:46 /root/packagekit_lfs_root_secret.txt
-rw-r--r-- 1 attacker attacker 758 May 17 19:46 /tmp/packagekit-local-file-semantics/pk-lfs-attacker.deb
== launch active uid1001 PackageKit local-file probe ==
openvt_rc=8
== active uid1001 transcript ==

## active session
uid=1001 gid=1001 groups=[1001] tty=/dev/tty9
XDG_SESSION_ID=c24
Id=c24
User=1001
Name=attacker
Seat=seat0
TTY=tty9
Remote=no
Type=tty
Class=user
Active=yes
State=active

## active PackageKit authorization
CAN_AUTHORIZE org.freedesktop.packagekit.system-sources-refresh -> 1
CAN_AUTHORIZE org.freedesktop.packagekit.trigger-offline-update -> 1
CAN_AUTHORIZE org.freedesktop.packagekit.clear-offline-update -> 1
CAN_AUTHORIZE org.freedesktop.packagekit.package-install-untrusted -> 3
CAN_AUTHORIZE org.freedesktop.packagekit.system-update -> 3

## direct root-only read attempts
===/root/packagekit_lfs_root_only.deb
stat: cannot statx '/root/packagekit_lfs_root_only.deb': Permission denied
head: cannot open '/root/packagekit_lfs_root_only.deb' for reading: Permission denied

===/root/packagekit_lfs_root_secret.txt
stat: cannot statx '/root/packagekit_lfs_root_secret.txt': Permission denied
head: cannot open '/root/packagekit_lfs_root_secret.txt' for reading: Permission denied

===/etc/shadow
-rw-r----- root:shadow regular file 937 /etc/shadow
head: cannot open '/etc/shadow' for reading: Permission denied

===/tmp/packagekit-local-file-semantics/link-root-deb
stat: cannot statx '/tmp/packagekit-local-file-semantics/link-root-deb': Permission denied
head: cannot open '/tmp/packagekit-local-file-semantics/link-root-deb' for reading: Permission denied

===/tmp/packagekit-local-file-semantics/link-root-secret
stat: cannot statx '/tmp/packagekit-local-file-semantics/link-root-secret': Permission denied
head: cannot open '/tmp/packagekit-local-file-semantics/link-root-secret' for reading: Permission denied

===/tmp/packagekit-local-file-semantics/link-shadow
-rw-r----- root:shadow regular file 937 /tmp/packagekit-local-file-semantics/link-shadow
head: cannot open '/tmp/packagekit-local-file-semantics/link-shadow' for reading: Permission denied
CMD_RC direct root-only read attempts 0

## offline snapshot before
OFFLINE_PROP UpdatePrepared=False
OFFLINE_PROP UpdateTriggered=False
OFFLINE_PROP UpgradePrepared=False
OFFLINE_PROP UpgradeTriggered=False
OFFLINE_PROP TriggerAction=unset
OFFLINE_FILE /system-update missing
OFFLINE_FILE /var/lib/PackageKit/offline-update-action missing
OFFLINE_FILE /var/lib/PackageKit/offline-update-competed missing
OFFLINE_FILE /var/lib/PackageKit/prepared-update missing
OFFLINE_FILE /var/lib/PackageKit/prepared-upgrade missing
OFFLINE_GET_PREPARED ([],)

## transaction db before
DB_STAT mode=0o644 uid=0 gid=0 size=32768
DB_TABLE config rows=1
DB_TABLE last_action rows=5
DB_TABLE proxy rows=0

## download cache before
CACHE_ENTRIES []

## attacker workdir before
WORK_STAT mode=0o755 uid=1001 gid=1001 size=171 path=/tmp/packagekit-local-file-semantics/active-runner.sh 
WORK_STAT mode=0o644 uid=1001 gid=1001 size=2747 path=/tmp/packagekit-local-file-semantics/active-user.out 
WORK_STAT mode=0o755 uid=1001 gid=1001 size=12128 path=/tmp/packagekit-local-file-semantics/active_driver.py 
WORK_STAT mode=0o755 uid=1001 gid=1001 size=4096 path=/tmp/packagekit-local-file-semantics/attacker-pkg 
WORK_STAT mode=0o777 uid=1001 gid=1001 size=56 path=/tmp/packagekit-local-file-semantics/link-attacker-deb -> '/tmp/packagekit-local-file-semantics/pk-lfs-attacker.deb'
WORK_STAT mode=0o777 uid=1001 gid=1001 size=34 path=/tmp/packagekit-local-file-semantics/link-root-deb -> '/root/packagekit_lfs_root_only.deb'
WORK_STAT mode=0o777 uid=1001 gid=1001 size=36 path=/tmp/packagekit-local-file-semantics/link-root-secret -> '/root/packagekit_lfs_root_secret.txt'
WORK_STAT mode=0o777 uid=1001 gid=1001 size=11 path=/tmp/packagekit-local-file-semantics/link-shadow -> '/etc/shadow'
WORK_STAT mode=0o644 uid=1001 gid=1001 size=32 path=/tmp/packagekit-local-file-semantics/not-a-deb.txt 
WORK_STAT mode=0o644 uid=0 gid=0 size=0 path=/tmp/packagekit-local-file-semantics/openvt.out 
WORK_STAT mode=0o755 uid=1001 gid=1001 size=4096 path=/tmp/packagekit-local-file-semantics/original 
WORK_STAT mode=0o644 uid=1001 gid=1001 size=758 path=/tmp/packagekit-local-file-semantics/pk-lfs-attacker.deb 
WORK_STAT mode=0o755 uid=1001 gid=1001 size=4096 path=/tmp/packagekit-local-file-semantics/attacker-pkg/DEBIAN 
WORK_STAT mode=0o755 uid=1001 gid=1001 size=4096 path=/tmp/packagekit-local-file-semantics/attacker-pkg/usr 
WORK_STAT mode=0o644 uid=1001 gid=1001 size=272 path=/tmp/packagekit-local-file-semantics/attacker-pkg/DEBIAN/control 
WORK_STAT mode=0o755 uid=1001 gid=1001 size=81 path=/tmp/packagekit-local-file-semantics/attacker-pkg/DEBIAN/postinst 
WORK_STAT mode=0o755 uid=1001 gid=1001 size=4096 path=/tmp/packagekit-local-file-semantics/attacker-pkg/usr/share 
WORK_STAT mode=0o755 uid=1001 gid=1001 size=4096 path=/tmp/packagekit-local-file-semantics/attacker-pkg/usr/share/pk-lfs-attacker 
WORK_STAT mode=0o644 uid=1001 gid=1001 size=29 path=/tmp/packagekit-local-file-semantics/attacker-pkg/usr/share/pk-lfs-attacker/payload.txt 
WORK_STAT mode=0o644 uid=1001 gid=1001 size=214 path=/tmp/packagekit-local-file-semantics/original/manifest 

## tx details-attacker-deb
TX_PATH details-attacker-deb /66_ccadbbca
TX_PROPS_BEFORE details-attacker-deb {'Role': 0, 'Status': 1, 'LastPackage': '', 'Uid': 1001, 'Sender': ':1.1691', 'Percentage': 101, 'AllowCancel': True, 'CallerActive': True, 'ElapsedTime': 0, 'RemainingTime': 0, 'Speed': 0, 'DownloadSizeRemaining': 0, 'TransactionFlags': 0}
TX_METHOD_OK details-attacker-deb GetDetailsLocal
TX_SIGNAL details-attacker-deb Details ({'package-id': 'pk-lfs-attacker;1.0;all;local', 'group': 20, 'summary': 'PKLFS_ATTACKER_CONTROL_SENTINEL local package', 'description': 'Attacker-owned local package for PackageKit local-file semantics.', 'url': '', 'license': 'unknown', 'size': 758},)
TX_SIGNAL details-attacker-deb Finished (1, 2092)
TX_DONE details-attacker-deb done=True
TX_PROPS_AFTER details-attacker-deb {'Role': 30, 'Status': 18, 'LastPackage': '', 'Uid': 1001, 'Sender': ':1.1691', 'Percentage': 100, 'AllowCancel': True, 'CallerActive': True, 'ElapsedTime': 0, 'RemainingTime': 0, 'Speed': 0, 'DownloadSizeRemaining': 0, 'TransactionFlags': 0}

## tx files-attacker-deb
TX_PATH files-attacker-deb /67_abcecdbd
TX_PROPS_BEFORE files-attacker-deb {'Role': 0, 'Status': 1, 'LastPackage': '', 'Uid': 1001, 'Sender': ':1.1691', 'Percentage': 101, 'AllowCancel': True, 'CallerActive': True, 'ElapsedTime': 0, 'RemainingTime': 0, 'Speed': 0, 'DownloadSizeRemaining': 0, 'TransactionFlags': 0}
TX_METHOD_OK files-attacker-deb GetFilesLocal
TX_SIGNAL files-attacker-deb Files ('pk-lfs-attacker;1.0;all;/tmp/packagekit-local-file-semantics/pk-lfs-attacker.deb', ['/', '/usr', '/usr/share', '/usr/share/pk-lfs-attacker', '/usr/share/pk-lfs-attacker/payload.txt'])
TX_SIGNAL files-attacker-deb Finished (1, 0)
TX_DONE files-attacker-deb done=True
TX_PROPS_AFTER files-attacker-deb {'Role': 31, 'Status': 18, 'LastPackage': '', 'Uid': 1001, 'Sender': ':1.1691', 'Percentage': 101, 'AllowCancel': True, 'CallerActive': True, 'ElapsedTime': 0, 'RemainingTime': 0, 'Speed': 0, 'DownloadSizeRemaining': 0, 'TransactionFlags': 0}

## tx details-attacker-deb-symlink
TX_PATH details-attacker-deb-symlink /68_ecaabebb
TX_PROPS_BEFORE details-attacker-deb-symlink {'Role': 0, 'Status': 1, 'LastPackage': '', 'Uid': 1001, 'Sender': ':1.1691', 'Percentage': 101, 'AllowCancel': True, 'CallerActive': True, 'ElapsedTime': 0, 'RemainingTime': 0, 'Speed': 0, 'DownloadSizeRemaining': 0, 'TransactionFlags': 0}
TX_METHOD_OK details-attacker-deb-symlink GetDetailsLocal
TX_SIGNAL details-attacker-deb-symlink Finished (1, 2114)
TX_DONE details-attacker-deb-symlink done=True
TX_PROPS_AFTER details-attacker-deb-symlink {'Role': 30, 'Status': 18, 'LastPackage': '', 'Uid': 1001, 'Sender': ':1.1691', 'Percentage': 100, 'AllowCancel': True, 'CallerActive': True, 'ElapsedTime': 0, 'RemainingTime': 0, 'Speed': 0, 'DownloadSizeRemaining': 0, 'TransactionFlags': 0}

## tx files-attacker-deb-symlink
TX_PATH files-attacker-deb-symlink /69_aeaeacdd
TX_PROPS_BEFORE files-attacker-deb-symlink {'Role': 0, 'Status': 1, 'LastPackage': '', 'Uid': 1001, 'Sender': ':1.1691', 'Percentage': 101, 'AllowCancel': True, 'CallerActive': True, 'ElapsedTime': 0, 'RemainingTime': 0, 'Speed': 0, 'DownloadSizeRemaining': 0, 'TransactionFlags': 0}
TX_METHOD_OK files-attacker-deb-symlink GetFilesLocal
TX_SIGNAL files-attacker-deb-symlink Files ('pk-lfs-attacker;1.0;all;/tmp/packagekit-local-file-semantics/link-attacker-deb', ['/', '/usr', '/usr/share', '/usr/share/pk-lfs-attacker', '/usr/share/pk-lfs-attacker/payload.txt'])
TX_SIGNAL files-attacker-deb-symlink Finished (1, 0)
TX_DONE files-attacker-deb-symlink done=True
TX_PROPS_AFTER files-attacker-deb-symlink {'Role': 31, 'Status': 18, 'LastPackage': '', 'Uid': 1001, 'Sender': ':1.1691', 'Percentage': 101, 'AllowCancel': True, 'CallerActive': True, 'ElapsedTime': 0, 'RemainingTime': 0, 'Speed': 0, 'DownloadSizeRemaining': 0, 'TransactionFlags': 0}

## tx details-attacker-proc-fd
TX_PATH details-attacker-proc-fd /70_eabdbaba
TX_PROPS_BEFORE details-attacker-proc-fd {'Role': 0, 'Status': 1, 'LastPackage': '', 'Uid': 1001, 'Sender': ':1.1691', 'Percentage': 101, 'AllowCancel': True, 'CallerActive': True, 'ElapsedTime': 0, 'RemainingTime': 0, 'Speed': 0, 'DownloadSizeRemaining': 0, 'TransactionFlags': 0}
TX_METHOD_OK details-attacker-proc-fd GetDetailsLocal
TX_SIGNAL details-attacker-proc-fd Finished (1, 1979)
TX_DONE details-attacker-proc-fd done=True
TX_PROPS_AFTER details-attacker-proc-fd {'Role': 30, 'Status': 18, 'LastPackage': '', 'Uid': 1001, 'Sender': ':1.1691', 'Percentage': 100, 'AllowCancel': True, 'CallerActive': True, 'ElapsedTime': 0, 'RemainingTime': 0, 'Speed': 0, 'DownloadSizeRemaining': 0, 'TransactionFlags': 0}

## tx files-attacker-proc-fd
TX_PATH files-attacker-proc-fd /71_dbcacdcc
TX_PROPS_BEFORE files-attacker-proc-fd {'Role': 0, 'Status': 1, 'LastPackage': '', 'Uid': 1001, 'Sender': ':1.1691', 'Percentage': 101, 'AllowCancel': True, 'CallerActive': True, 'ElapsedTime': 0, 'RemainingTime': 0, 'Speed': 0, 'DownloadSizeRemaining': 0, 'TransactionFlags': 0}
TX_METHOD_OK files-attacker-proc-fd GetFilesLocal
TX_SIGNAL files-attacker-proc-fd Files ('pk-lfs-attacker;1.0;all;/proc/53270/fd/9', ['/', '/usr', '/usr/share', '/usr/share/pk-lfs-attacker', '/usr/share/pk-lfs-attacker/payload.txt'])
TX_SIGNAL files-attacker-proc-fd Finished (1, 0)
TX_DONE files-attacker-proc-fd done=True
TX_PROPS_AFTER files-attacker-proc-fd {'Role': 31, 'Status': 18, 'LastPackage': '', 'Uid': 1001, 'Sender': ':1.1691', 'Percentage': 101, 'AllowCancel': True, 'CallerActive': True, 'ElapsedTime': 0, 'RemainingTime': 0, 'Speed': 0, 'DownloadSizeRemaining': 0, 'TransactionFlags': 0}

## tx details-root-deb-direct
TX_PATH details-root-deb-direct /72_adaabeac
TX_PROPS_BEFORE details-root-deb-direct {'Role': 0, 'Status': 1, 'LastPackage': '', 'Uid': 1001, 'Sender': ':1.1691', 'Percentage': 101, 'AllowCancel': True, 'CallerActive': True, 'ElapsedTime': 0, 'RemainingTime': 0, 'Speed': 0, 'DownloadSizeRemaining': 0, 'TransactionFlags': 0}
TX_METHOD_OK details-root-deb-direct GetDetailsLocal
TX_SIGNAL details-root-deb-direct Details ({'package-id': 'pk-lfs-rootonly;1.0;all;local', 'group': 20, 'summary': 'PKLFS_ROOT_ONLY_CONTROL_SENTINEL root-only local package', 'description': 'Root-only package exists only to prove whether PackageKit reads or copies a caller-chosen path that uid1001 cannot read directly.', 'url': '', 'license': 'unknown', 'size': 806},)
TX_SIGNAL details-root-deb-direct Finished (1, 2158)
TX_DONE details-root-deb-direct done=True
TX_PROPS_AFTER details-root-deb-direct {'Role': 30, 'Status': 18, 'LastPackage': '', 'Uid': 1001, 'Sender': ':1.1691', 'Percentage': 100, 'AllowCancel': True, 'CallerActive': True, 'ElapsedTime': 0, 'RemainingTime': 0, 'Speed': 0, 'DownloadSizeRemaining': 0, 'TransactionFlags': 0}

## tx files-root-deb-direct
TX_PATH files-root-deb-direct /73_beeebccb
TX_PROPS_BEFORE files-root-deb-direct {'Role': 0, 'Status': 1, 'LastPackage': '', 'Uid': 1001, 'Sender': ':1.1691', 'Percentage': 101, 'AllowCancel': True, 'CallerActive': True, 'ElapsedTime': 0, 'RemainingTime': 0, 'Speed': 0, 'DownloadSizeRemaining': 0, 'TransactionFlags': 0}
TX_METHOD_OK files-root-deb-direct GetFilesLocal
TX_SIGNAL files-root-deb-direct Files ('pk-lfs-rootonly;1.0;all;/root/packagekit_lfs_root_only.deb', ['/', '/usr', '/usr/share', '/usr/share/pk-lfs-rootonly', '/usr/share/pk-lfs-rootonly/payload.txt'])
TX_SIGNAL files-root-deb-direct Finished (1, 0)
TX_DONE files-root-deb-direct done=True
TX_PROPS_AFTER files-root-deb-direct {'Role': 31, 'Status': 18, 'LastPackage': '', 'Uid': 1001, 'Sender': ':1.1691', 'Percentage': 101, 'AllowCancel': True, 'CallerActive': True, 'ElapsedTime': 0, 'RemainingTime': 0, 'Speed': 0, 'DownloadSizeRemaining': 0, 'TransactionFlags': 0}

## tx details-root-deb-symlink
TX_PATH details-root-deb-symlink /74_beccecbc
TX_PROPS_BEFORE details-root-deb-symlink {'Role': 0, 'Status': 1, 'LastPackage': '', 'Uid': 1001, 'Sender': ':1.1691', 'Percentage': 101, 'AllowCancel': True, 'CallerActive': True, 'ElapsedTime': 0, 'RemainingTime': 0, 'Speed': 0, 'DownloadSizeRemaining': 0, 'TransactionFlags': 0}
TX_METHOD_OK details-root-deb-symlink GetDetailsLocal
TX_SIGNAL details-root-deb-symlink Finished (1, 3100)
TX_DONE details-root-deb-symlink done=True
TX_PROPS_AFTER details-root-deb-symlink {'Role': 30, 'Status': 18, 'LastPackage': '', 'Uid': 1001, 'Sender': ':1.1691', 'Percentage': 100, 'AllowCancel': True, 'CallerActive': True, 'ElapsedTime': 0, 'RemainingTime': 0, 'Speed': 0, 'DownloadSizeRemaining': 0, 'TransactionFlags': 0}

## tx files-root-deb-symlink
TX_PATH files-root-deb-symlink /75_dccdeade
TX_PROPS_BEFORE files-root-deb-symlink {'Role': 0, 'Status': 1, 'LastPackage': '', 'Uid': 1001, 'Sender': ':1.1691', 'Percentage': 101, 'AllowCancel': True, 'CallerActive': True, 'ElapsedTime': 0, 'RemainingTime': 0, 'Speed': 0, 'DownloadSizeRemaining': 0, 'TransactionFlags': 0}
TX_METHOD_OK files-root-deb-symlink GetFilesLocal
TX_SIGNAL files-root-deb-symlink Files ('pk-lfs-rootonly;1.0;all;/tmp/packagekit-local-file-semantics/link-root-deb', ['/', '/usr', '/usr/share', '/usr/share/pk-lfs-rootonly', '/usr/share/pk-lfs-rootonly/payload.txt'])
TX_SIGNAL files-root-deb-symlink Finished (1, 3)
TX_DONE files-root-deb-symlink done=True
TX_PROPS_AFTER files-root-deb-symlink {'Role': 31, 'Status': 18, 'LastPackage': '', 'Uid': 1001, 'Sender': ':1.1691', 'Percentage': 101, 'AllowCancel': True, 'CallerActive': True, 'ElapsedTime': 0, 'RemainingTime': 0, 'Speed': 0, 'DownloadSizeRemaining': 0, 'TransactionFlags': 0}

## tx details-root-secret-direct
TX_PATH details-root-secret-direct /76_aeebbabb
TX_PROPS_BEFORE details-root-secret-direct {'Role': 0, 'Status': 1, 'LastPackage': '', 'Uid': 1001, 'Sender': ':1.1691', 'Percentage': 101, 'AllowCancel': True, 'CallerActive': True, 'ElapsedTime': 0, 'RemainingTime': 0, 'Speed': 0, 'DownloadSizeRemaining': 0, 'TransactionFlags': 0}
TX_METHOD_ERROR details-root-secret-direct GetDetailsLocal GDBus.Error:org.freedesktop.PackageKit.Transaction.NoSuchFile: File /root/packagekit_lfs_root_secret.txt is not found or unsupported

## tx files-root-secret-direct
TX_PATH files-root-secret-direct /77_dcdcbbce
TX_PROPS_BEFORE files-root-secret-direct {'Role': 0, 'Status': 1, 'LastPackage': '', 'Uid': 1001, 'Sender': ':1.1691', 'Percentage': 101, 'AllowCancel': True, 'CallerActive': True, 'ElapsedTime': 0, 'RemainingTime': 0, 'Speed': 0, 'DownloadSizeRemaining': 0, 'TransactionFlags': 0}
TX_METHOD_ERROR files-root-secret-direct GetFilesLocal GDBus.Error:org.freedesktop.PackageKit.Transaction.NoSuchFile: File /root/packagekit_lfs_root_secret.txt is not found or unsupported

## tx details-root-secret-symlink
TX_PATH details-root-secret-symlink /78_dadaeaca
TX_PROPS_BEFORE details-root-secret-symlink {'Role': 0, 'Status': 1, 'LastPackage': '', 'Uid': 1001, 'Sender': ':1.1691', 'Percentage': 101, 'AllowCancel': True, 'CallerActive': True, 'ElapsedTime': 0, 'RemainingTime': 0, 'Speed': 0, 'DownloadSizeRemaining': 0, 'TransactionFlags': 0}
TX_METHOD_ERROR details-root-secret-symlink GetDetailsLocal GDBus.Error:org.freedesktop.PackageKit.Transaction.NoSuchFile: File /tmp/packagekit-local-file-semantics/link-root-secret is not found or unsupported

## tx files-root-secret-symlink
TX_PATH files-root-secret-symlink /79_dcaaddea
TX_PROPS_BEFORE files-root-secret-symlink {'Role': 0, 'Status': 1, 'LastPackage': '', 'Uid': 1001, 'Sender': ':1.1691', 'Percentage': 101, 'AllowCancel': True, 'CallerActive': True, 'ElapsedTime': 0, 'RemainingTime': 0, 'Speed': 0, 'DownloadSizeRemaining': 0, 'TransactionFlags': 0}
TX_METHOD_ERROR files-root-secret-symlink GetFilesLocal GDBus.Error:org.freedesktop.PackageKit.Transaction.NoSuchFile: File /tmp/packagekit-local-file-semantics/link-root-secret is not found or unsupported

## tx details-shadow-direct
TX_PATH details-shadow-direct /80_ebcacced
TX_PROPS_BEFORE details-shadow-direct {'Role': 0, 'Status': 1, 'LastPackage': '', 'Uid': 1001, 'Sender': ':1.1691', 'Percentage': 101, 'AllowCancel': True, 'CallerActive': True, 'ElapsedTime': 0, 'RemainingTime': 0, 'Speed': 0, 'DownloadSizeRemaining': 0, 'TransactionFlags': 0}
TX_METHOD_ERROR details-shadow-direct GetDetailsLocal GDBus.Error:org.freedesktop.PackageKit.Transaction.NoSuchFile: File /etc/shadow is not found or unsupported

## tx files-shadow-direct
TX_PATH files-shadow-direct /81_caacbdbc
TX_PROPS_BEFORE files-shadow-direct {'Role': 0, 'Status': 1, 'LastPackage': '', 'Uid': 1001, 'Sender': ':1.1691', 'Percentage': 101, 'AllowCancel': True, 'CallerActive': True, 'ElapsedTime': 0, 'RemainingTime': 0, 'Speed': 0, 'DownloadSizeRemaining': 0, 'TransactionFlags': 0}
TX_METHOD_ERROR files-shadow-direct GetFilesLocal GDBus.Error:org.freedesktop.PackageKit.Transaction.NoSuchFile: File /etc/shadow is not found or unsupported

## tx details-shadow-symlink
TX_PATH details-shadow-symlink /82_cccddaac
TX_PROPS_BEFORE details-shadow-symlink {'Role': 0, 'Status': 1, 'LastPackage': '', 'Uid': 1001, 'Sender': ':1.1691', 'Percentage': 101, 'AllowCancel': True, 'CallerActive': True, 'ElapsedTime': 0, 'RemainingTime': 0, 'Speed': 0, 'DownloadSizeRemaining': 0, 'TransactionFlags': 0}
TX_METHOD_ERROR details-shadow-symlink GetDetailsLocal GDBus.Error:org.freedesktop.PackageKit.Transaction.NoSuchFile: File /tmp/packagekit-local-file-semantics/link-shadow is not found or unsupported

## tx files-shadow-symlink
TX_PATH files-shadow-symlink /83_dedbeaca
TX_PROPS_BEFORE files-shadow-symlink {'Role': 0, 'Status': 1, 'LastPackage': '', 'Uid': 1001, 'Sender': ':1.1691', 'Percentage': 101, 'AllowCancel': True, 'CallerActive': True, 'ElapsedTime': 0, 'RemainingTime': 0, 'Speed': 0, 'DownloadSizeRemaining': 0, 'TransactionFlags': 0}
TX_METHOD_ERROR files-shadow-symlink GetFilesLocal GDBus.Error:org.freedesktop.PackageKit.Transaction.NoSuchFile: File /tmp/packagekit-local-file-semantics/link-shadow is not found or unsupported

## tx details-attacker-not-deb
TX_PATH details-attacker-not-deb /84_aebdaaeb
TX_PROPS_BEFORE details-attacker-not-deb {'Role': 0, 'Status': 1, 'LastPackage': '', 'Uid': 1001, 'Sender': ':1.1691', 'Percentage': 101, 'AllowCancel': True, 'CallerActive': True, 'ElapsedTime': 0, 'RemainingTime': 0, 'Speed': 0, 'DownloadSizeRemaining': 0, 'TransactionFlags': 0}
TX_METHOD_ERROR details-attacker-not-deb GetDetailsLocal GDBus.Error:org.freedesktop.PackageKit.Transaction.NoSuchFile: File /tmp/packagekit-local-file-semantics/not-a-deb.txt is not found or unsupported

## tx files-attacker-not-deb
TX_PATH files-attacker-not-deb /85_ceacacee
TX_PROPS_BEFORE files-attacker-not-deb {'Role': 0, 'Status': 1, 'LastPackage': '', 'Uid': 1001, 'Sender': ':1.1691', 'Percentage': 101, 'AllowCancel': True, 'CallerActive': True, 'ElapsedTime': 0, 'RemainingTime': 0, 'Speed': 0, 'DownloadSizeRemaining': 0, 'TransactionFlags': 0}
TX_METHOD_ERROR files-attacker-not-deb GetFilesLocal GDBus.Error:org.freedesktop.PackageKit.Transaction.NoSuchFile: File /tmp/packagekit-local-file-semantics/not-a-deb.txt is not found or unsupported

## tx installfiles-only-download-attacker-deb
TX_PATH installfiles-only-download-attacker-deb /86_bedbbbcd
TX_PROPS_BEFORE installfiles-only-download-attacker-deb {'Role': 0, 'Status': 1, 'LastPackage': '', 'Uid': 1001, 'Sender': ':1.1691', 'Percentage': 101, 'AllowCancel': True, 'CallerActive': True, 'ElapsedTime': 0, 'RemainingTime': 0, 'Speed': 0, 'DownloadSizeRemaining': 0, 'TransactionFlags': 0}
TX_METHOD_OK installfiles-only-download-attacker-deb InstallFiles
TX_SIGNAL installfiles-only-download-attacker-deb Package (10, 'pk-lfs-attacker;1.0;all;+manual:local', 'PKLFS_ATTACKER_CONTROL_SENTINEL local package')
TX_SIGNAL installfiles-only-download-attacker-deb ItemProgress ('pk-lfs-attacker;1.0;all;+manual:local', 8, 0)
TX_SIGNAL installfiles-only-download-attacker-deb Package (18, 'pk-lfs-attacker;1.0;all;+manual:local', 'PKLFS_ATTACKER_CONTROL_SENTINEL local package')
TX_SIGNAL installfiles-only-download-attacker-deb Finished (1, 4951)
TX_DONE installfiles-only-download-attacker-deb done=True
TX_PROPS_AFTER installfiles-only-download-attacker-deb {'Role': 10, 'Status': 18, 'LastPackage': 'pk-lfs-attacker;1.0;all;+manual:local', 'Uid': 1001, 'Sender': ':1.1691', 'Percentage': 0, 'AllowCancel': True, 'CallerActive': True, 'ElapsedTime': 0, 'RemainingTime': 0, 'Speed': 0, 'DownloadSizeRemaining': 758, 'TransactionFlags': 8}

## download cache after-only-download-attacker-deb
CACHE_ENTRIES []

## transaction db after-only-download-attacker-deb
DB_STAT mode=0o644 uid=0 gid=0 size=32768
DB_TABLE config rows=1
DB_TABLE last_action rows=5
DB_TABLE proxy rows=0

## offline snapshot after-only-download-attacker-deb
OFFLINE_PROP UpdatePrepared=False
OFFLINE_PROP UpdateTriggered=False
OFFLINE_PROP UpgradePrepared=False
OFFLINE_PROP UpgradeTriggered=False
OFFLINE_PROP TriggerAction=unset
OFFLINE_FILE /system-update missing
OFFLINE_FILE /var/lib/PackageKit/offline-update-action missing
OFFLINE_FILE /var/lib/PackageKit/offline-update-competed missing
OFFLINE_FILE /var/lib/PackageKit/prepared-update missing
OFFLINE_FILE /var/lib/PackageKit/prepared-upgrade missing
OFFLINE_GET_PREPARED ([],)

## tx installfiles-only-download-attacker-deb-symlink
TX_PATH installfiles-only-download-attacker-deb-symlink /87_baddeddd
TX_PROPS_BEFORE installfiles-only-download-attacker-deb-symlink {'Role': 0, 'Status': 1, 'LastPackage': '', 'Uid': 1001, 'Sender': ':1.1691', 'Percentage': 101, 'AllowCancel': True, 'CallerActive': True, 'ElapsedTime': 0, 'RemainingTime': 0, 'Speed': 0, 'DownloadSizeRemaining': 0, 'TransactionFlags': 0}
TX_METHOD_OK installfiles-only-download-attacker-deb-symlink InstallFiles
TX_SIGNAL installfiles-only-download-attacker-deb-symlink ErrorCode (8, 'Could not find package(s)')
TX_SIGNAL installfiles-only-download-attacker-deb-symlink Finished (2, 3142)
TX_DONE installfiles-only-download-attacker-deb-symlink done=True
TX_PROPS_AFTER installfiles-only-download-attacker-deb-symlink {'Role': 10, 'Status': 18, 'LastPackage': '', 'Uid': 1001, 'Sender': ':1.1691', 'Percentage': 100, 'AllowCancel': True, 'CallerActive': True, 'ElapsedTime': 0, 'RemainingTime': 0, 'Speed': 0, 'DownloadSizeRemaining': 0, 'TransactionFlags': 8}

## download cache after-only-download-attacker-deb-symlink
CACHE_ENTRIES []

## transaction db after-only-download-attacker-deb-symlink
DB_STAT mode=0o644 uid=0 gid=0 size=32768
DB_TABLE config rows=1
DB_TABLE last_action rows=5
DB_TABLE proxy rows=0

## offline snapshot after-only-download-attacker-deb-symlink
OFFLINE_PROP UpdatePrepared=False
OFFLINE_PROP UpdateTriggered=False
OFFLINE_PROP UpgradePrepared=False
OFFLINE_PROP UpgradeTriggered=False
OFFLINE_PROP TriggerAction=unset
OFFLINE_FILE /system-update missing
OFFLINE_FILE /var/lib/PackageKit/offline-update-action missing
OFFLINE_FILE /var/lib/PackageKit/offline-update-competed missing
OFFLINE_FILE /var/lib/PackageKit/prepared-update missing
OFFLINE_FILE /var/lib/PackageKit/prepared-upgrade missing
OFFLINE_GET_PREPARED ([],)

## tx installfiles-only-download-attacker-proc-fd
TX_PATH installfiles-only-download-attacker-proc-fd /88_cabccddb
TX_PROPS_BEFORE installfiles-only-download-attacker-proc-fd {'Role': 0, 'Status': 1, 'LastPackage': '', 'Uid': 1001, 'Sender': ':1.1691', 'Percentage': 101, 'AllowCancel': True, 'CallerActive': True, 'ElapsedTime': 0, 'RemainingTime': 0, 'Speed': 0, 'DownloadSizeRemaining': 0, 'TransactionFlags': 0}
TX_METHOD_OK installfiles-only-download-attacker-proc-fd InstallFiles
TX_SIGNAL installfiles-only-download-attacker-proc-fd ErrorCode (8, 'Could not find package(s)')
TX_SIGNAL installfiles-only-download-attacker-proc-fd Finished (2, 3157)
TX_DONE installfiles-only-download-attacker-proc-fd done=True
TX_PROPS_AFTER installfiles-only-download-attacker-proc-fd {'Role': 10, 'Status': 18, 'LastPackage': '', 'Uid': 1001, 'Sender': ':1.1691', 'Percentage': 100, 'AllowCancel': True, 'CallerActive': True, 'ElapsedTime': 0, 'RemainingTime': 0, 'Speed': 0, 'DownloadSizeRemaining': 0, 'TransactionFlags': 8}

## download cache after-only-download-attacker-proc-fd
CACHE_ENTRIES []

## transaction db after-only-download-attacker-proc-fd
DB_STAT mode=0o644 uid=0 gid=0 size=32768
DB_TABLE config rows=1
DB_TABLE last_action rows=5
DB_TABLE proxy rows=0

## offline snapshot after-only-download-attacker-proc-fd
OFFLINE_PROP UpdatePrepared=False
OFFLINE_PROP UpdateTriggered=False
OFFLINE_PROP UpgradePrepared=False
OFFLINE_PROP UpgradeTriggered=False
OFFLINE_PROP TriggerAction=unset
OFFLINE_FILE /system-update missing
OFFLINE_FILE /var/lib/PackageKit/offline-update-action missing
OFFLINE_FILE /var/lib/PackageKit/offline-update-competed missing
OFFLINE_FILE /var/lib/PackageKit/prepared-update missing
OFFLINE_FILE /var/lib/PackageKit/prepared-upgrade missing
OFFLINE_GET_PREPARED ([],)

## tx installfiles-only-download-root-deb-direct
TX_PATH installfiles-only-download-root-deb-direct /89_abaaeeae
TX_PROPS_BEFORE installfiles-only-download-root-deb-direct {'Role': 0, 'Status': 1, 'LastPackage': '', 'Uid': 1001, 'Sender': ':1.1691', 'Percentage': 101, 'AllowCancel': True, 'CallerActive': True, 'ElapsedTime': 0, 'RemainingTime': 0, 'Speed': 0, 'DownloadSizeRemaining': 0, 'TransactionFlags': 0}
TX_METHOD_OK installfiles-only-download-root-deb-direct InstallFiles
TX_SIGNAL installfiles-only-download-root-deb-direct Package (10, 'pk-lfs-rootonly;1.0;all;+manual:local', 'PKLFS_ROOT_ONLY_CONTROL_SENTINEL root-only local package')
TX_SIGNAL installfiles-only-download-root-deb-direct ItemProgress ('pk-lfs-rootonly;1.0;all;+manual:local', 8, 0)
TX_SIGNAL installfiles-only-download-root-deb-direct Package (18, 'pk-lfs-rootonly;1.0;all;+manual:local', 'PKLFS_ROOT_ONLY_CONTROL_SENTINEL root-only local package')
TX_SIGNAL installfiles-only-download-root-deb-direct Finished (1, 3790)
TX_DONE installfiles-only-download-root-deb-direct done=True
TX_PROPS_AFTER installfiles-only-download-root-deb-direct {'Role': 10, 'Status': 18, 'LastPackage': 'pk-lfs-rootonly;1.0;all;+manual:local', 'Uid': 1001, 'Sender': ':1.1691', 'Percentage': 0, 'AllowCancel': True, 'CallerActive': True, 'ElapsedTime': 0, 'RemainingTime': 0, 'Speed': 0, 'DownloadSizeRemaining': 806, 'TransactionFlags': 8}

## download cache after-only-download-root-deb-direct
CACHE_ENTRIES []

## transaction db after-only-download-root-deb-direct
DB_STAT mode=0o644 uid=0 gid=0 size=32768
DB_TABLE config rows=1
DB_TABLE last_action rows=5
DB_TABLE proxy rows=0

## offline snapshot after-only-download-root-deb-direct
OFFLINE_PROP UpdatePrepared=False
OFFLINE_PROP UpdateTriggered=False
OFFLINE_PROP UpgradePrepared=False
OFFLINE_PROP UpgradeTriggered=False
OFFLINE_PROP TriggerAction=unset
OFFLINE_FILE /system-update missing
OFFLINE_FILE /var/lib/PackageKit/offline-update-action missing
OFFLINE_FILE /var/lib/PackageKit/offline-update-competed missing
OFFLINE_FILE /var/lib/PackageKit/prepared-update missing
OFFLINE_FILE /var/lib/PackageKit/prepared-upgrade missing
OFFLINE_GET_PREPARED ([],)

## tx installfiles-only-download-root-deb-symlink
TX_PATH installfiles-only-download-root-deb-symlink /90_dbdceccc
TX_PROPS_BEFORE installfiles-only-download-root-deb-symlink {'Role': 0, 'Status': 1, 'LastPackage': '', 'Uid': 1001, 'Sender': ':1.1691', 'Percentage': 101, 'AllowCancel': True, 'CallerActive': True, 'ElapsedTime': 0, 'RemainingTime': 0, 'Speed': 0, 'DownloadSizeRemaining': 0, 'TransactionFlags': 0}
TX_METHOD_OK installfiles-only-download-root-deb-symlink InstallFiles
TX_SIGNAL installfiles-only-download-root-deb-symlink ErrorCode (8, 'Could not find package(s)')
TX_SIGNAL installfiles-only-download-root-deb-symlink Finished (2, 3233)
TX_DONE installfiles-only-download-root-deb-symlink done=True
TX_PROPS_AFTER installfiles-only-download-root-deb-symlink {'Role': 10, 'Status': 18, 'LastPackage': '', 'Uid': 1001, 'Sender': ':1.1691', 'Percentage': 100, 'AllowCancel': True, 'CallerActive': True, 'ElapsedTime': 0, 'RemainingTime': 0, 'Speed': 0, 'DownloadSizeRemaining': 0, 'TransactionFlags': 8}

## download cache after-only-download-root-deb-symlink
CACHE_ENTRIES []

## transaction db after-only-download-root-deb-symlink
DB_STAT mode=0o644 uid=0 gid=0 size=32768
DB_TABLE config rows=1
DB_TABLE last_action rows=5
DB_TABLE proxy rows=0

## offline snapshot after-only-download-root-deb-symlink
OFFLINE_PROP UpdatePrepared=False
OFFLINE_PROP UpdateTriggered=False
OFFLINE_PROP UpgradePrepared=False
OFFLINE_PROP UpgradeTriggered=False
OFFLINE_PROP TriggerAction=unset
OFFLINE_FILE /system-update missing
OFFLINE_FILE /var/lib/PackageKit/offline-update-action missing
OFFLINE_FILE /var/lib/PackageKit/offline-update-competed missing
OFFLINE_FILE /var/lib/PackageKit/prepared-update missing
OFFLINE_FILE /var/lib/PackageKit/prepared-upgrade missing
OFFLINE_GET_PREPARED ([],)

## tx installfiles-only-download-root-secret-direct
TX_PATH installfiles-only-download-root-secret-direct /91_cebbedcb
TX_PROPS_BEFORE installfiles-only-download-root-secret-direct {'Role': 0, 'Status': 1, 'LastPackage': '', 'Uid': 1001, 'Sender': ':1.1691', 'Percentage': 101, 'AllowCancel': True, 'CallerActive': True, 'ElapsedTime': 0, 'RemainingTime': 0, 'Speed': 0, 'DownloadSizeRemaining': 0, 'TransactionFlags': 0}
TX_METHOD_ERROR installfiles-only-download-root-secret-direct InstallFiles GDBus.Error:org.freedesktop.PackageKit.Transaction.NoSuchFile: File /root/packagekit_lfs_root_secret.txt is not found or unsupported

## download cache after-only-download-root-secret-direct
CACHE_ENTRIES []

## transaction db after-only-download-root-secret-direct
DB_STAT mode=0o644 uid=0 gid=0 size=32768
DB_TABLE config rows=1
DB_TABLE last_action rows=5
DB_TABLE proxy rows=0

## offline snapshot after-only-download-root-secret-direct
OFFLINE_PROP UpdatePrepared=False
OFFLINE_PROP UpdateTriggered=False
OFFLINE_PROP UpgradePrepared=False
OFFLINE_PROP UpgradeTriggered=False
OFFLINE_PROP TriggerAction=unset
OFFLINE_FILE /system-update missing
OFFLINE_FILE /var/lib/PackageKit/offline-update-action missing
OFFLINE_FILE /var/lib/PackageKit/offline-update-competed missing
OFFLINE_FILE /var/lib/PackageKit/prepared-update missing
OFFLINE_FILE /var/lib/PackageKit/prepared-upgrade missing
OFFLINE_GET_PREPARED ([],)

## tx installfiles-only-download-root-secret-symlink
TX_PATH installfiles-only-download-root-secret-symlink /92_beaaaedb
TX_PROPS_BEFORE installfiles-only-download-root-secret-symlink {'Role': 0, 'Status': 1, 'LastPackage': '', 'Uid': 1001, 'Sender': ':1.1691', 'Percentage': 101, 'AllowCancel': True, 'CallerActive': True, 'ElapsedTime': 0, 'RemainingTime': 0, 'Speed': 0, 'DownloadSizeRemaining': 0, 'TransactionFlags': 0}
TX_METHOD_ERROR installfiles-only-download-root-secret-symlink InstallFiles GDBus.Error:org.freedesktop.PackageKit.Transaction.NoSuchFile: File /tmp/packagekit-local-file-semantics/link-root-secret is not found or unsupported

## download cache after-only-download-root-secret-symlink
CACHE_ENTRIES []

## transaction db after-only-download-root-secret-symlink
DB_STAT mode=0o644 uid=0 gid=0 size=32768
DB_TABLE config rows=1
DB_TABLE last_action rows=5
DB_TABLE proxy rows=0

## offline snapshot after-only-download-root-secret-symlink
OFFLINE_PROP UpdatePrepared=False
OFFLINE_PROP UpdateTriggered=False
OFFLINE_PROP UpgradePrepared=False
OFFLINE_PROP UpgradeTriggered=False
OFFLINE_PROP TriggerAction=unset
OFFLINE_FILE /system-update missing
OFFLINE_FILE /var/lib/PackageKit/offline-update-action missing
OFFLINE_FILE /var/lib/PackageKit/offline-update-competed missing
OFFLINE_FILE /var/lib/PackageKit/prepared-update missing
OFFLINE_FILE /var/lib/PackageKit/prepared-upgrade missing
OFFLINE_GET_PREPARED ([],)

## tx installfiles-only-download-shadow-direct
TX_PATH installfiles-only-download-shadow-direct /93_edecdccb
TX_PROPS_BEFORE installfiles-only-download-shadow-direct {'Role': 0, 'Status': 1, 'LastPackage': '', 'Uid': 1001, 'Sender': ':1.1691', 'Percentage': 101, 'AllowCancel': True, 'CallerActive': True, 'ElapsedTime': 0, 'RemainingTime': 0, 'Speed': 0, 'DownloadSizeRemaining': 0, 'TransactionFlags': 0}
TX_METHOD_ERROR installfiles-only-download-shadow-direct InstallFiles GDBus.Error:org.freedesktop.PackageKit.Transaction.NoSuchFile: File /etc/shadow is not found or unsupported

## download cache after-only-download-shadow-direct
CACHE_ENTRIES []

## transaction db after-only-download-shadow-direct
DB_STAT mode=0o644 uid=0 gid=0 size=32768
DB_TABLE config rows=1
DB_TABLE last_action rows=5
DB_TABLE proxy rows=0

## offline snapshot after-only-download-shadow-direct
OFFLINE_PROP UpdatePrepared=False
OFFLINE_PROP UpdateTriggered=False
OFFLINE_PROP UpgradePrepared=False
OFFLINE_PROP UpgradeTriggered=False
OFFLINE_PROP TriggerAction=unset
OFFLINE_FILE /system-update missing
OFFLINE_FILE /var/lib/PackageKit/offline-update-action missing
OFFLINE_FILE /var/lib/PackageKit/offline-update-competed missing
OFFLINE_FILE /var/lib/PackageKit/prepared-update missing
OFFLINE_FILE /var/lib/PackageKit/prepared-upgrade missing
OFFLINE_GET_PREPARED ([],)

## tx installfiles-only-download-shadow-symlink
TX_PATH installfiles-only-download-shadow-symlink /94_bcedbaae
TX_PROPS_BEFORE installfiles-only-download-shadow-symlink {'Role': 0, 'Status': 1, 'LastPackage': '', 'Uid': 1001, 'Sender': ':1.1691', 'Percentage': 101, 'AllowCancel': True, 'CallerActive': True, 'ElapsedTime': 0, 'RemainingTime': 0, 'Speed': 0, 'DownloadSizeRemaining': 0, 'TransactionFlags': 0}
TX_METHOD_ERROR installfiles-only-download-shadow-symlink InstallFiles GDBus.Error:org.freedesktop.PackageKit.Transaction.NoSuchFile: File /tmp/packagekit-local-file-semantics/link-shadow is not found or unsupported

## download cache after-only-download-shadow-symlink
CACHE_ENTRIES []

## transaction db after-only-download-shadow-symlink
DB_STAT mode=0o644 uid=0 gid=0 size=32768
DB_TABLE config rows=1
DB_TABLE last_action rows=5
DB_TABLE proxy rows=0

## offline snapshot after-only-download-shadow-symlink
OFFLINE_PROP UpdatePrepared=False
OFFLINE_PROP UpdateTriggered=False
OFFLINE_PROP UpgradePrepared=False
OFFLINE_PROP UpgradeTriggered=False
OFFLINE_PROP TriggerAction=unset
OFFLINE_FILE /system-update missing
OFFLINE_FILE /var/lib/PackageKit/offline-update-action missing
OFFLINE_FILE /var/lib/PackageKit/offline-update-competed missing
OFFLINE_FILE /var/lib/PackageKit/prepared-update missing
OFFLINE_FILE /var/lib/PackageKit/prepared-upgrade missing
OFFLINE_GET_PREPARED ([],)

## tx installfiles-only-download-attacker-not-deb
TX_PATH installfiles-only-download-attacker-not-deb /95_ecceeece
TX_PROPS_BEFORE installfiles-only-download-attacker-not-deb {'Role': 0, 'Status': 1, 'LastPackage': '', 'Uid': 1001, 'Sender': ':1.1691', 'Percentage': 101, 'AllowCancel': True, 'CallerActive': True, 'ElapsedTime': 0, 'RemainingTime': 0, 'Speed': 0, 'DownloadSizeRemaining': 0, 'TransactionFlags': 0}
TX_METHOD_ERROR installfiles-only-download-attacker-not-deb InstallFiles GDBus.Error:org.freedesktop.PackageKit.Transaction.NoSuchFile: File /tmp/packagekit-local-file-semantics/not-a-deb.txt is not found or unsupported

## download cache after-only-download-attacker-not-deb
CACHE_ENTRIES []

## transaction db after-only-download-attacker-not-deb
DB_STAT mode=0o644 uid=0 gid=0 size=32768
DB_TABLE config rows=1
DB_TABLE last_action rows=5
DB_TABLE proxy rows=0

## offline snapshot after-only-download-attacker-not-deb
OFFLINE_PROP UpdatePrepared=False
OFFLINE_PROP UpdateTriggered=False
OFFLINE_PROP UpgradePrepared=False
OFFLINE_PROP UpgradeTriggered=False
OFFLINE_PROP TriggerAction=unset
OFFLINE_FILE /system-update missing
OFFLINE_FILE /var/lib/PackageKit/offline-update-action missing
OFFLINE_FILE /var/lib/PackageKit/offline-update-competed missing
OFFLINE_FILE /var/lib/PackageKit/prepared-update missing
OFFLINE_FILE /var/lib/PackageKit/prepared-upgrade missing
OFFLINE_GET_PREPARED ([],)

## tx installfiles-real-root-deb-direct-real
TX_PATH installfiles-real-root-deb-direct-real /96_acebecac
TX_PROPS_BEFORE installfiles-real-root-deb-direct-real {'Role': 0, 'Status': 1, 'LastPackage': '', 'Uid': 1001, 'Sender': ':1.1691', 'Percentage': 101, 'AllowCancel': True, 'CallerActive': True, 'ElapsedTime': 0, 'RemainingTime': 0, 'Speed': 0, 'DownloadSizeRemaining': 0, 'TransactionFlags': 0}
TX_METHOD_OK installfiles-real-root-deb-direct-real InstallFiles
TX_SIGNAL installfiles-real-root-deb-direct-real ErrorCode (48, 'Failed to obtain authentication.')
TX_SIGNAL installfiles-real-root-deb-direct-real Finished (2, 0)
TX_DONE installfiles-real-root-deb-direct-real done=True
TX_PROPS_AFTER installfiles-real-root-deb-direct-real {'Role': 10, 'Status': 18, 'LastPackage': '', 'Uid': 1001, 'Sender': ':1.1691', 'Percentage': 101, 'AllowCancel': True, 'CallerActive': True, 'ElapsedTime': 0, 'RemainingTime': 0, 'Speed': 0, 'DownloadSizeRemaining': 0, 'TransactionFlags': 0}

## tx installfiles-real-root-deb-symlink-real
TX_PATH installfiles-real-root-deb-symlink-real /97_decbacbb
TX_PROPS_BEFORE installfiles-real-root-deb-symlink-real {'Role': 0, 'Status': 1, 'LastPackage': '', 'Uid': 1001, 'Sender': ':1.1691', 'Percentage': 101, 'AllowCancel': True, 'CallerActive': True, 'ElapsedTime': 0, 'RemainingTime': 0, 'Speed': 0, 'DownloadSizeRemaining': 0, 'TransactionFlags': 0}
TX_METHOD_OK installfiles-real-root-deb-symlink-real InstallFiles
TX_SIGNAL installfiles-real-root-deb-symlink-real ErrorCode (48, 'Failed to obtain authentication.')
TX_SIGNAL installfiles-real-root-deb-symlink-real Finished (2, 0)
TX_DONE installfiles-real-root-deb-symlink-real done=True
TX_PROPS_AFTER installfiles-real-root-deb-symlink-real {'Role': 10, 'Status': 18, 'LastPackage': '', 'Uid': 1001, 'Sender': ':1.1691', 'Percentage': 101, 'AllowCancel': True, 'CallerActive': True, 'ElapsedTime': 0, 'RemainingTime': 0, 'Speed': 0, 'DownloadSizeRemaining': 0, 'TransactionFlags': 0}

## offline trigger no prepared update
OFFLINE_TRIGGER_ERROR action='reboot' GDBus.Error:org.gtk.GDBus.UnmappedGError.Quark._pk_2dengine_2derror_2dquark.Code1: Prepared update not found: /var/lib/PackageKit/prepared-update

## offline snapshot after-trigger-'reboot'
OFFLINE_PROP UpdatePrepared=False
OFFLINE_PROP UpdateTriggered=False
OFFLINE_PROP UpgradePrepared=False
OFFLINE_PROP UpgradeTriggered=False
OFFLINE_PROP TriggerAction=unset
OFFLINE_FILE /system-update missing
OFFLINE_FILE /var/lib/PackageKit/offline-update-action missing
OFFLINE_FILE /var/lib/PackageKit/offline-update-competed missing
OFFLINE_FILE /var/lib/PackageKit/prepared-update missing
OFFLINE_FILE /var/lib/PackageKit/prepared-upgrade missing
OFFLINE_GET_PREPARED ([],)
OFFLINE_CANCEL_OK
OFFLINE_TRIGGER_ERROR action='reboot\n/root/packagekit_lfs_root_only.deb' GDBus.Error:org.gtk.GDBus.UnmappedGError.Quark._pk_2dengine_2derror_2dquark.Code4: action reboot
/root/packagekit_lfs_root_only.deb unsupported

## offline snapshot after-trigger-'reboot\n/root/packagekit_lfs_root_only.deb'
OFFLINE_PROP UpdatePrepared=False
OFFLINE_PROP UpdateTriggered=False
OFFLINE_PROP UpgradePrepared=False
OFFLINE_PROP UpgradeTriggered=False
OFFLINE_PROP TriggerAction=unset
OFFLINE_FILE /system-update missing
OFFLINE_FILE /var/lib/PackageKit/offline-update-action missing
OFFLINE_FILE /var/lib/PackageKit/offline-update-competed missing
OFFLINE_FILE /var/lib/PackageKit/prepared-update missing
OFFLINE_FILE /var/lib/PackageKit/prepared-upgrade missing
OFFLINE_GET_PREPARED ([],)
OFFLINE_CANCEL_OK
OFFLINE_TRIGGER_ERROR action='/tmp/packagekit-local-file-semantics/pk-lfs-attacker.deb' GDBus.Error:org.gtk.GDBus.UnmappedGError.Quark._pk_2dengine_2derror_2dquark.Code4: action /tmp/packagekit-local-file-semantics/pk-lfs-attacker.deb unsupported

## offline snapshot after-trigger-'/tmp/packagekit-local-file-semantics/pk-lfs-attacker.deb'
OFFLINE_PROP UpdatePrepared=False
OFFLINE_PROP UpdateTriggered=False
OFFLINE_PROP UpgradePrepared=False
OFFLINE_PROP UpgradeTriggered=False
OFFLINE_PROP TriggerAction=unset
OFFLINE_FILE /system-update missing
OFFLINE_FILE /var/lib/PackageKit/offline-update-action missing
OFFLINE_FILE /var/lib/PackageKit/offline-update-competed missing
OFFLINE_FILE /var/lib/PackageKit/prepared-update missing
OFFLINE_FILE /var/lib/PackageKit/prepared-upgrade missing
OFFLINE_GET_PREPARED ([],)
OFFLINE_CANCEL_OK

## download cache final
CACHE_ENTRIES []

## transaction db final
DB_STAT mode=0o644 uid=0 gid=0 size=32768
DB_TABLE config rows=1
DB_TABLE last_action rows=5
DB_TABLE proxy rows=0

## offline snapshot final
OFFLINE_PROP UpdatePrepared=False
OFFLINE_PROP UpdateTriggered=False
OFFLINE_PROP UpgradePrepared=False
OFFLINE_PROP UpgradeTriggered=False
OFFLINE_PROP TriggerAction=unset
OFFLINE_FILE /system-update missing
OFFLINE_FILE /var/lib/PackageKit/offline-update-action missing
OFFLINE_FILE /var/lib/PackageKit/offline-update-competed missing
OFFLINE_FILE /var/lib/PackageKit/prepared-update missing
OFFLINE_FILE /var/lib/PackageKit/prepared-upgrade missing
OFFLINE_GET_PREPARED ([],)

## attacker workdir final
WORK_STAT mode=0o755 uid=1001 gid=1001 size=171 path=/tmp/packagekit-local-file-semantics/active-runner.sh 
WORK_STAT mode=0o644 uid=1001 gid=1001 size=42035 path=/tmp/packagekit-local-file-semantics/active-user.out 
WORK_STAT mode=0o755 uid=1001 gid=1001 size=12128 path=/tmp/packagekit-local-file-semantics/active_driver.py 
WORK_STAT mode=0o755 uid=1001 gid=1001 size=4096 path=/tmp/packagekit-local-file-semantics/attacker-pkg 
WORK_STAT mode=0o777 uid=1001 gid=1001 size=56 path=/tmp/packagekit-local-file-semantics/link-attacker-deb -> '/tmp/packagekit-local-file-semantics/pk-lfs-attacker.deb'
WORK_STAT mode=0o777 uid=1001 gid=1001 size=34 path=/tmp/packagekit-local-file-semantics/link-root-deb -> '/root/packagekit_lfs_root_only.deb'
WORK_STAT mode=0o777 uid=1001 gid=1001 size=36 path=/tmp/packagekit-local-file-semantics/link-root-secret -> '/root/packagekit_lfs_root_secret.txt'
WORK_STAT mode=0o777 uid=1001 gid=1001 size=11 path=/tmp/packagekit-local-file-semantics/link-shadow -> '/etc/shadow'
WORK_STAT mode=0o644 uid=1001 gid=1001 size=32 path=/tmp/packagekit-local-file-semantics/not-a-deb.txt 
WORK_STAT mode=0o644 uid=0 gid=0 size=0 path=/tmp/packagekit-local-file-semantics/openvt.out 
WORK_STAT mode=0o755 uid=1001 gid=1001 size=4096 path=/tmp/packagekit-local-file-semantics/original 
WORK_STAT mode=0o644 uid=1001 gid=1001 size=758 path=/tmp/packagekit-local-file-semantics/pk-lfs-attacker.deb 
WORK_STAT mode=0o755 uid=1001 gid=1001 size=4096 path=/tmp/packagekit-local-file-semantics/attacker-pkg/DEBIAN 
WORK_STAT mode=0o755 uid=1001 gid=1001 size=4096 path=/tmp/packagekit-local-file-semantics/attacker-pkg/usr 
WORK_STAT mode=0o644 uid=1001 gid=1001 size=272 path=/tmp/packagekit-local-file-semantics/attacker-pkg/DEBIAN/control 
WORK_STAT mode=0o755 uid=1001 gid=1001 size=81 path=/tmp/packagekit-local-file-semantics/attacker-pkg/DEBIAN/postinst 
WORK_STAT mode=0o755 uid=1001 gid=1001 size=4096 path=/tmp/packagekit-local-file-semantics/attacker-pkg/usr/share 
WORK_STAT mode=0o755 uid=1001 gid=1001 size=4096 path=/tmp/packagekit-local-file-semantics/attacker-pkg/usr/share/pk-lfs-attacker 
WORK_STAT mode=0o644 uid=1001 gid=1001 size=29 path=/tmp/packagekit-local-file-semantics/attacker-pkg/usr/share/pk-lfs-attacker/payload.txt 
WORK_STAT mode=0o644 uid=1001 gid=1001 size=214 path=/tmp/packagekit-local-file-semantics/original/manifest 
ACTIVE_DRIVER_DONE
ACTIVE_DRIVER_COMPLETED=1

== openvt transcript ==
openvt: Couldn't deallocate console 9

== root-side post-run proof ==
ROOT_MARKER_ABSENT /root/packagekit_lfs_root_marker
ROOT_MARKER_ABSENT /root/packagekit_lfs_root_marker.attacker_postinst
ROOT_MARKER_ABSENT /root/packagekit_lfs_root_marker.rootonly_postinst
dpkg-query: no packages found matching pk-lfs-attacker
dpkg-query: no packages found matching pk-lfs-rootonly

== root-side cache reachability and content proof ==

== root-side transaction db rows mentioning probe/root paths ==
DB_ROOT_STAT mode=0o644 uid=0 gid=0 size=32768

== root-side offline/prepared state before cleanup ==
OFFLINE_ROOT missing /system-update
OFFLINE_ROOT missing /var/lib/PackageKit/offline-update-action
OFFLINE_ROOT missing /var/lib/PackageKit/offline-update-competed
OFFLINE_ROOT missing /var/lib/PackageKit/prepared-update
OFFLINE_ROOT missing /var/lib/PackageKit/prepared-upgrade

== root-owned files under attacker workdir ==
WORK_ROOT_CHECK -rw-r--r-- root:root 38 /tmp/packagekit-local-file-semantics/openvt.out -> 
WORK_ROOT_CHECK lrwxrwxrwx attacker:attacker 11 /tmp/packagekit-local-file-semantics/link-shadow -> /etc/shadow
WORK_ROOT_CHECK lrwxrwxrwx attacker:attacker 34 /tmp/packagekit-local-file-semantics/link-root-deb -> /root/packagekit_lfs_root_only.deb
WORK_ROOT_CHECK lrwxrwxrwx attacker:attacker 36 /tmp/packagekit-local-file-semantics/link-root-secret -> /root/packagekit_lfs_root_secret.txt
WORK_ROOT_CHECK lrwxrwxrwx attacker:attacker 56 /tmp/packagekit-local-file-semantics/link-attacker-deb -> /tmp/packagekit-local-file-semantics/pk-lfs-attacker.deb

== packagekit journal tail ==
May 17 19:20:21 bf51bb670420 PackageKit[19923]: daemon start
May 17 19:20:21 bf51bb670420 systemd[1]: Started packagekit.service - PackageKit Daemon.
May 17 19:20:21 bf51bb670420 PackageKit[19923]: uid 1002 is trying to obtain org.freedesktop.packagekit.system-sources-refresh auth (only_trusted:0)
May 17 19:20:21 bf51bb670420 PackageKit[19923]: uid 1002 obtained auth for org.freedesktop.packagekit.system-sources-refresh
May 17 19:20:31 bf51bb670420 PackageKit[19923]: refresh-cache transaction /29_acdcebab from uid 1002 finished with failed after 9863ms
May 17 19:20:36 bf51bb670420 PackageKit[19923]: get-updates transaction /30_cecdcbcb from uid 1002 finished with success after 4828ms
May 17 19:20:41 bf51bb670420 PackageKit[19923]: install-files transaction /31_bedadded from uid 1002 finished with success after 4316ms
May 17 19:20:42 bf51bb670420 PackageKit[19923]: uid 1002 is trying to obtain org.freedesktop.packagekit.package-install-untrusted auth (only_trusted:0)
May 17 19:20:42 bf51bb670420 PackageKit[19923]: uid 1002 failed to obtain auth
May 17 19:20:42 bf51bb670420 systemd[1]: Stopping packagekit.service - PackageKit Daemon...
May 17 19:20:42 bf51bb670420 systemd[1]: packagekit.service: Deactivated successfully.
May 17 19:20:42 bf51bb670420 systemd[1]: Stopped packagekit.service - PackageKit Daemon.
May 17 19:20:42 bf51bb670420 systemd[1]: packagekit.service: Consumed 13.079s CPU time.
May 17 19:20:42 bf51bb670420 systemd[1]: Starting packagekit.service - PackageKit Daemon...
May 17 19:20:42 bf51bb670420 PackageKit[20151]: daemon start
May 17 19:20:42 bf51bb670420 systemd[1]: Started packagekit.service - PackageKit Daemon.
May 17 19:20:44 bf51bb670420 systemd[1]: Stopping packagekit.service - PackageKit Daemon...
May 17 19:20:44 bf51bb670420 systemd[1]: packagekit.service: Deactivated successfully.
May 17 19:20:44 bf51bb670420 systemd[1]: Stopped packagekit.service - PackageKit Daemon.
May 17 19:20:44 bf51bb670420 systemd[1]: Starting packagekit.service - PackageKit Daemon...
May 17 19:20:44 bf51bb670420 PackageKit[20310]: daemon start
May 17 19:20:44 bf51bb670420 systemd[1]: Started packagekit.service - PackageKit Daemon.
May 17 19:25:49 bf51bb670420 PackageKit[20310]: daemon quit
May 17 19:25:49 bf51bb670420 systemd[1]: packagekit.service: Deactivated successfully.
May 17 19:36:18 bf51bb670420 systemd[1]: Starting packagekit.service - PackageKit Daemon...
May 17 19:36:18 bf51bb670420 PackageKit[28532]: daemon start
May 17 19:36:18 bf51bb670420 systemd[1]: Started packagekit.service - PackageKit Daemon.
May 17 19:36:19 bf51bb670420 systemd[1]: Stopping packagekit.service - PackageKit Daemon...
May 17 19:36:19 bf51bb670420 systemd[1]: packagekit.service: Deactivated successfully.
May 17 19:36:19 bf51bb670420 systemd[1]: Stopped packagekit.service - PackageKit Daemon.
May 17 19:36:19 bf51bb670420 systemd[1]: Starting packagekit.service - PackageKit Daemon...
May 17 19:36:19 bf51bb670420 PackageKit[28608]: daemon start
May 17 19:36:19 bf51bb670420 systemd[1]: Started packagekit.service - PackageKit Daemon.
May 17 19:37:14 bf51bb670420 PackageKit[28608]: get-details-local transaction /33_dbdcdeca from uid 1001 finished with success after 4649ms
May 17 19:37:19 bf51bb670420 PackageKit[28608]: get-details-local transaction /34_cebcbeea from uid 1001 finished with success after 4115ms
May 17 19:37:19 bf51bb670420 PackageKit[28608]: get-files-local transaction /35_bbeaeaae from uid 1001 finished with success after 0ms
May 17 19:37:19 bf51bb670420 systemd[1]: Stopping packagekit.service - PackageKit Daemon...
May 17 19:37:19 bf51bb670420 systemd[1]: packagekit.service: Deactivated successfully.
May 17 19:37:19 bf51bb670420 systemd[1]: Stopped packagekit.service - PackageKit Daemon.
May 17 19:37:19 bf51bb670420 systemd[1]: packagekit.service: Consumed 10.861s CPU time.
May 17 19:37:19 bf51bb670420 systemd[1]: Starting packagekit.service - PackageKit Daemon...
May 17 19:37:19 bf51bb670420 PackageKit[32233]: daemon start
May 17 19:37:19 bf51bb670420 systemd[1]: Started packagekit.service - PackageKit Daemon.
May 17 19:37:19 bf51bb670420 systemd[1]: Stopping packagekit.service - PackageKit Daemon...
May 17 19:37:19 bf51bb670420 systemd[1]: packagekit.service: Deactivated successfully.
May 17 19:37:19 bf51bb670420 systemd[1]: Stopped packagekit.service - PackageKit Daemon.
May 17 19:37:19 bf51bb670420 systemd[1]: Starting packagekit.service - PackageKit Daemon...
May 17 19:37:19 bf51bb670420 PackageKit[32264]: daemon start
May 17 19:37:19 bf51bb670420 systemd[1]: Started packagekit.service - PackageKit Daemon.
May 17 19:37:37 bf51bb670420 PackageKit[32264]: get-details-local transaction /38_ecbdacbc from uid 1001 finished with success after 5130ms
May 17 19:37:37 bf51bb670420 PackageKit[32264]: get-files-local transaction /39_bbdabedd from uid 1001 finished with success after 0ms
May 17 19:37:42 bf51bb670420 PackageKit[32264]: install-files transaction /56_ccdcbcdb from uid 1001 finished with failed after 4610ms
May 17 19:37:47 bf51bb670420 systemd[1]: Stopping packagekit.service - PackageKit Daemon...
May 17 19:37:47 bf51bb670420 systemd[1]: packagekit.service: Deactivated successfully.
May 17 19:37:47 bf51bb670420 systemd[1]: Stopped packagekit.service - PackageKit Daemon.
May 17 19:37:47 bf51bb670420 systemd[1]: packagekit.service: Consumed 10.157s CPU time.
May 17 19:37:47 bf51bb670420 systemd[1]: Starting packagekit.service - PackageKit Daemon...
May 17 19:37:47 bf51bb670420 PackageKit[32401]: daemon start
May 17 19:37:47 bf51bb670420 systemd[1]: Started packagekit.service - PackageKit Daemon.
May 17 19:37:47 bf51bb670420 systemd[1]: Stopping packagekit.service - PackageKit Daemon...
May 17 19:37:47 bf51bb670420 systemd[1]: packagekit.service: Deactivated successfully.
May 17 19:37:47 bf51bb670420 systemd[1]: Stopped packagekit.service - PackageKit Daemon.
May 17 19:37:47 bf51bb670420 systemd[1]: Starting packagekit.service - PackageKit Daemon...
May 17 19:37:47 bf51bb670420 PackageKit[32477]: daemon start
May 17 19:37:47 bf51bb670420 systemd[1]: Started packagekit.service - PackageKit Daemon.
May 17 19:38:09 bf51bb670420 systemd[1]: Stopping packagekit.service - PackageKit Daemon...
May 17 19:38:09 bf51bb670420 systemd[1]: packagekit.service: Deactivated successfully.
May 17 19:38:09 bf51bb670420 systemd[1]: Stopped packagekit.service - PackageKit Daemon.
May 17 19:38:09 bf51bb670420 systemd[1]: Starting packagekit.service - PackageKit Daemon...
May 17 19:38:09 bf51bb670420 PackageKit[33910]: daemon start
May 17 19:38:09 bf51bb670420 systemd[1]: Started packagekit.service - PackageKit Daemon.
May 17 19:38:09 bf51bb670420 systemd[1]: Stopping packagekit.service - PackageKit Daemon...
May 17 19:38:09 bf51bb670420 systemd[1]: packagekit.service: Deactivated successfully.
May 17 19:38:09 bf51bb670420 systemd[1]: Stopped packagekit.service - PackageKit Daemon.
May 17 19:38:09 bf51bb670420 systemd[1]: Starting packagekit.service - PackageKit Daemon...
May 17 19:38:09 bf51bb670420 PackageKit[33941]: daemon start
May 17 19:38:10 bf51bb670420 systemd[1]: Started packagekit.service - PackageKit Daemon.
May 17 19:39:31 bf51bb670420 systemd[1]: Stopping packagekit.service - PackageKit Daemon...
May 17 19:39:31 bf51bb670420 systemd[1]: packagekit.service: Deactivated successfully.
May 17 19:39:31 bf51bb670420 systemd[1]: Stopped packagekit.service - PackageKit Daemon.
May 17 19:39:31 bf51bb670420 systemd[1]: Starting packagekit.service - PackageKit Daemon...
May 17 19:39:31 bf51bb670420 PackageKit[34758]: daemon start
May 17 19:39:31 bf51bb670420 systemd[1]: Started packagekit.service - PackageKit Daemon.
May 17 19:40:00 bf51bb670420 systemd[1]: Stopping packagekit.service - PackageKit Daemon...
May 17 19:40:00 bf51bb670420 systemd[1]: packagekit.service: Deactivated successfully.
May 17 19:40:00 bf51bb670420 systemd[1]: Stopped packagekit.service - PackageKit Daemon.
May 17 19:40:00 bf51bb670420 systemd[1]: Starting packagekit.service - PackageKit Daemon...
May 17 19:40:00 bf51bb670420 PackageKit[35050]: daemon start
May 17 19:40:00 bf51bb670420 systemd[1]: Started packagekit.service - PackageKit Daemon.
May 17 19:46:09 bf51bb670420 systemd[1]: Stopping packagekit.service - PackageKit Daemon...
May 17 19:46:09 bf51bb670420 systemd[1]: packagekit.service: Deactivated successfully.
May 17 19:46:09 bf51bb670420 systemd[1]: Stopped packagekit.service - PackageKit Daemon.
May 17 19:46:09 bf51bb670420 systemd[1]: Starting packagekit.service - PackageKit Daemon...
May 17 19:46:09 bf51bb670420 PackageKit[53171]: daemon start
May 17 19:46:09 bf51bb670420 systemd[1]: Started packagekit.service - PackageKit Daemon.
May 17 19:46:09 bf51bb670420 systemd[1]: Stopping packagekit.service - PackageKit Daemon...
May 17 19:46:09 bf51bb670420 systemd[1]: packagekit.service: Deactivated successfully.
May 17 19:46:09 bf51bb670420 systemd[1]: Stopped packagekit.service - PackageKit Daemon.
May 17 19:46:10 bf51bb670420 systemd[1]: Starting packagekit.service - PackageKit Daemon...
May 17 19:46:10 bf51bb670420 PackageKit[53247]: daemon start
May 17 19:46:10 bf51bb670420 systemd[1]: Started packagekit.service - PackageKit Daemon.
May 17 19:46:12 bf51bb670420 PackageKit[53247]: get-details-local transaction /66_ccadbbca from uid 1001 finished with success after 2092ms
May 17 19:46:12 bf51bb670420 PackageKit[53247]: get-files-local transaction /67_abcecdbd from uid 1001 finished with success after 0ms
May 17 19:46:15 bf51bb670420 PackageKit[53247]: get-details-local transaction /68_ecaabebb from uid 1001 finished with success after 2114ms
May 17 19:46:15 bf51bb670420 PackageKit[53247]: get-files-local transaction /69_aeaeacdd from uid 1001 finished with success after 0ms
May 17 19:46:17 bf51bb670420 PackageKit[53247]: get-details-local transaction /70_eabdbaba from uid 1001 finished with success after 1979ms
May 17 19:46:18 bf51bb670420 PackageKit[53247]: get-files-local transaction /71_dbcacdcc from uid 1001 finished with success after 0ms
May 17 19:46:20 bf51bb670420 PackageKit[53247]: get-details-local transaction /72_adaabeac from uid 1001 finished with success after 2158ms
May 17 19:46:21 bf51bb670420 PackageKit[53247]: get-files-local transaction /73_beeebccb from uid 1001 finished with success after 0ms
May 17 19:46:24 bf51bb670420 PackageKit[53247]: get-details-local transaction /74_beccecbc from uid 1001 finished with success after 3100ms
May 17 19:46:24 bf51bb670420 PackageKit[53247]: get-files-local transaction /75_dccdeade from uid 1001 finished with success after 3ms
May 17 19:46:30 bf51bb670420 PackageKit[53247]: install-files transaction /86_bedbbbcd from uid 1001 finished with success after 4951ms
May 17 19:46:33 bf51bb670420 PackageKit[53247]: install-files transaction /87_baddeddd from uid 1001 finished with failed after 3142ms
May 17 19:46:37 bf51bb670420 PackageKit[53247]: install-files transaction /88_cabccddb from uid 1001 finished with failed after 3157ms
May 17 19:46:41 bf51bb670420 PackageKit[53247]: install-files transaction /89_abaaeeae from uid 1001 finished with success after 3790ms
May 17 19:46:44 bf51bb670420 PackageKit[53247]: install-files transaction /90_dbdceccc from uid 1001 finished with failed after 3233ms
May 17 19:46:45 bf51bb670420 PackageKit[53247]: uid 1001 is trying to obtain org.freedesktop.packagekit.package-install-untrusted auth (only_trusted:0)
May 17 19:46:45 bf51bb670420 PackageKit[53247]: uid 1001 failed to obtain auth
May 17 19:46:45 bf51bb670420 PackageKit[53247]: uid 1001 is trying to obtain org.freedesktop.packagekit.package-install-untrusted auth (only_trusted:0)
May 17 19:46:45 bf51bb670420 PackageKit[53247]: uid 1001 failed to obtain auth

== cleanup verification ==
CLEANUP_ABSENT /tmp/packagekit-local-file-semantics
CLEANUP_ABSENT /root/packagekit_lfs_root_secret.txt
CLEANUP_ABSENT /root/packagekit_lfs_root_only.deb
CLEANUP_ABSENT /root/packagekit_lfs_root_marker
CLEANUP_ABSENT /root/packagekit_lfs_root_marker.attacker_postinst
CLEANUP_ABSENT /root/packagekit_lfs_root_marker.rootonly_postinst
CLEANUP_ABSENT /system-update
CLEANUP_ABSENT /var/lib/PackageKit/offline-update-action
CLEANUP_ABSENT /var/lib/PackageKit/offline-update-competed
CLEANUP_ABSENT /var/lib/PackageKit/prepared-update
CLEANUP_ABSENT /var/lib/PackageKit/prepared-upgrade
dpkg-query: no packages found matching pk-lfs-attacker
dpkg-query: no packages found matching pk-lfs-rootonly
active
active
active
running

Host log: /Users/andrewmohawk/Documents/UbuntuLPE/ubuntu24-server-lpe/logs/packagekit-local-file-semantics-20260517.out
