## target proof
PRETTY_NAME="Ubuntu 24.04.4 LTS"
NAME="Ubuntu"
VERSION_ID="24.04"
VERSION="24.04.4 LTS (Noble Numbat)"
VERSION_CODENAME=noble
ID=ubuntu
ID_LIKE=debian
HOME_URL="https://www.ubuntu.com/"
Linux 508d797cbad0 6.10.14-linuxkit #1 SMP Sat May 17 08:28:57 UTC 2025 aarch64 aarch64 aarch64 GNU/Linux
uid=1001(attacker) gid=1001(attacker) groups=1001(attacker)
uid=1002(selfauth) gid=1002(selfauth) groups=1002(selfauth)
landscape-common	24.02-0ubuntu5.7	ii 
libpam-modules:arm64	1.5.3-5ubuntu5.5	ii 
login	1:4.13+dfsg1-4ubuntu3.2	ii 
python3-twisted	24.3.0-1ubuntu0.1	ii 
systemd	255.4-1ubuntu8.15	ii 

## code/config anchors
    27	session    required     pam_loginuid.so
    28	
    29	# Prints the message of the day upon successful login.
    30	# (Replaces the `MOTD_FILE' option in login.defs)
    31	# This includes a dynamically generated part from /run/motd.dynamic
    32	# and a static (admin-editable) part from /etc/motd.
    33	session    optional   pam_motd.so motd=/run/motd.dynamic
    34	session    optional   pam_motd.so noupdate
    35	
    36	# SELinux needs to intervene at login time to ensure that the process

     1	#!/bin/sh
     2	
     3	# don't try refresh this more than once per minute
     4	# Due to cpu consumption and login delays (LP: #1893716)
     5	CACHE="/var/lib/landscape/landscape-sysinfo.cache"
     6	HAS_CACHE="FALSE"
     7	CACHE_NEEDS_UPDATE="FALSE"
     8	
     9	[ -r "$CACHE" ] && HAS_CACHE="TRUE"
    10	[ -z "$(find "$CACHE" -newermt 'now-1 minutes' 2> /dev/null)" ] && CACHE_NEEDS_UPDATE="TRUE"
    11	
    12	if [ "$HAS_CACHE" = "TRUE" ] && [ "$CACHE_NEEDS_UPDATE" = "FALSE" ]; then
    13	    cat "$CACHE"
    14	else
    15	    SYSINFO=""
    16	
    17	    # pam_motd does not carry the environment
    18	    [ -f /etc/default/locale ] && . /etc/default/locale
    19	    export LANG
    20	    CORES=$(grep -c ^processor /proc/cpuinfo 2>/dev/null)
    21	    [ "$CORES" -eq "0" ] && CORES=1
    22	    THRESHOLD="${CORES:-1}.0"
    23	
    24	    if [ $(echo "`cut -f1 -d ' ' /proc/loadavg` < $THRESHOLD" | bc) -eq 1 ]; then
    25	        SYSINFO=$(printf "\n System information as of %s\n\n%s\n" \
    26	            "$(/bin/date)" \
    27	            "$(/usr/bin/landscape-sysinfo)")
    28	        echo "$SYSINFO" 2>/dev/null >"$CACHE" || true
    29	        chmod 0644 "$CACHE" 2>/dev/null || true
    30	    else
    31	        SYSINFO=$(printf "\n System information disabled due to load higher than %s\n" "$THRESHOLD")
    32	
    33	        if [ "$HAS_CACHE" = "TRUE" ]; then
    34	            if ! grep -q "System information as of" $CACHE 2>/dev/null; then

    29	class SysInfoConfiguration(BaseConfiguration):
    30	    """Specialized configuration for the Landscape sysinfo tool."""
    31	
    32	    version = VERSION
    33	
    34	    default_config_filenames = ("/etc/landscape/client.conf",)
    35	    if os.getuid() != 0:
    36	        default_config_filenames += (
    37	            os.path.expanduser("~/.landscape/sysinfo.conf"),
    38	        )
    39	    default_data_dir = "/var/lib/landscape/client/"
    83	    def get_plugins(self):
    84	        if self.sysinfo_plugins is None:
    85	            include = ALL_PLUGINS
    86	        else:
    87	            include = self.get_plugin_names(self.sysinfo_plugins)
    88	        if self.exclude_sysinfo_plugins is None:
    89	            exclude = []
    90	        else:
    91	            exclude = self.get_plugin_names(self.exclude_sysinfo_plugins)
    92	        plugins = [x for x in include if x not in exclude]
    93	        return [
    94	            namedClass(
    95	                f"landscape.sysinfo.{plugin_name.lower()}.{plugin_name}",
    96	            )()
    97	            for plugin_name in plugins
    98	        ]
   101	def get_landscape_log_directory(landscape_dir=None):
   102	    """
   103	    Work out the correct path to store logs in depending on the effective
   104	    user id of the current process.
   105	    """
   106	    if landscape_dir is None:
   107	        if os.getuid() == 0:
   108	            landscape_dir = "/var/log/landscape"
   109	        else:
   110	            landscape_dir = os.path.expanduser("~/.landscape")

## user-controlled sysinfo canary
drwxr-xr-x selfauth:selfauth /home/selfauth/.landscape
-rw-r--r-- selfauth:selfauth /home/selfauth/.landscape/sysinfo.conf
-rwxr-xr-x selfauth:selfauth /home/selfauth/.bash_profile
[sysinfo]
sysinfo-plugins = TestPlugin
width = 80

## force stale/missing root MOTD cache and perform real login
openvt: Couldn't deallocate console 1

## login shell proof
uid=1002(selfauth) gid=1002(selfauth) groups=1002(selfauth)
HOME=/home/selfauth USER=selfauth LOGNAME=selfauth

## landscape root cache result
-rw-r--r-- root:root 247 /var/lib/landscape/landscape-sysinfo.cache
-rw-r--r-- selfauth:selfauth 247 /tmp/pam-motd-landscape-ruid/cache-after.txt

 System information as of Sat May 16 22:29:03 UTC 2026

  System load:    0.22      Processes:             27
  Usage of /home: unknown   Users logged in:       0
  Memory usage:   14%       IPv4 address for eth0: 172.17.0.2
  Swap usage:     0%
USER_CONFIG_IMPORTED=NO

## user log and root marker checks
-rw-r--r-- root:root /tmp/pam-motd-landscape-ruid/openvt.out
-rw-r--r-- selfauth:selfauth /home/selfauth/.landscape/sysinfo.conf
-rw-r--r-- selfauth:selfauth /tmp/pam-motd-landscape-ruid/cache-after.txt
-rw-rw-r-- selfauth:selfauth /tmp/pam-motd-landscape-ruid/cache-cp.err
-rw-rw-r-- selfauth:selfauth /tmp/pam-motd-landscape-ruid/login-env.txt
-rw-rw-r-- selfauth:selfauth /tmp/pam-motd-landscape-ruid/login-id.txt
-rw-rw-r-- selfauth:selfauth /tmp/pam-motd-landscape-ruid/user-log.err
sed: can't read /tmp/pam-motd-landscape-ruid/user-sysinfo.log: No such file or directory
ROOT_PROOF=NO
ls: cannot access '/root/pam-motd-landscape-ruid-root': No such file or directory
ls: cannot access '/tmp/pam-motd-landscape-ruid/root-visible.txt': No such file or directory
