
== target and scope ==
PRETTY_NAME="Ubuntu 24.04.4 LTS"
NAME="Ubuntu"
VERSION_ID="24.04"
VERSION="24.04.4 LTS (Noble Numbat)"
VERSION_CODENAME=noble
ID=ubuntu
ID_LIKE=debian
HOME_URL="https://www.ubuntu.com/"
Linux 508d797cbad0 6.10.14-linuxkit #1 SMP Sat May 17 08:28:57 UTC 2025 aarch64 aarch64 aarch64 GNU/Linux
uid=1001(attacker) gid=1001(attacker) groups=1001(attacker)
uid=1002(selfauth) gid=1002(selfauth) groups=1002(selfauth)
attacker : attacker
selfauth : selfauth
attacker:!...
selfauth:$y$j9T$S1zZl3X...
dbus	1.14.10-4ubuntu4.1	ii 
libpam-modules:arm64	1.5.3-5ubuntu5.5	ii 
libpam-runtime	1.5.3-5ubuntu5.5	ii 
libpam0g:arm64	1.5.3-5ubuntu5.5	ii 
login	1:4.13+dfsg1-4ubuntu3.2	ii 
passwd	1:4.13+dfsg1-4ubuntu3.2	ii 
polkitd	124-2ubuntu1.24.04.3	ii 
systemd	255.4-1ubuntu8.15	ii 
util-linux	2.39.3-9ubuntu6.5	ii 

== PAM and tty defaults ==
-- /etc/pam.d/login
     1	#
     2	# The PAM configuration file for the Shadow `login' service
     3	#
     4	
     5	# Enforce a minimal delay in case of failure (in microseconds).
     6	# (Replaces the `FAIL_DELAY' setting from login.defs)
     7	# Note that other modules may require another minimal delay. (for example,
     8	# to disable any delay, you should add the nodelay option to pam_unix)
     9	auth       optional   pam_faildelay.so  delay=3000000
    10	
    11	# Outputs an issue file prior to each login prompt (Replaces the
    12	# ISSUE_FILE option from login.defs). Uncomment for use
    13	# auth       required   pam_issue.so issue=/etc/issue
    14	
    15	# Disallows other than root logins when /etc/nologin exists
    16	# (Replaces the `NOLOGINS_FILE' option from login.defs)
    17	auth       requisite  pam_nologin.so
    18	
    19	# SELinux needs to be the first session rule. This ensures that any
    20	# lingering context has been cleared. Without this it is possible
    21	# that a module could execute code in the wrong domain.
    22	# When the module is present, "required" would be sufficient (When SELinux
    23	# is disabled, this returns success.)
    24	session [success=ok ignore=ignore module_unknown=ignore default=bad] pam_selinux.so close
    25	
    26	# Sets the loginuid process attribute
    27	session    required     pam_loginuid.so
    28	
    29	# Prints the message of the day upon successful login.
    30	# (Replaces the `MOTD_FILE' option in login.defs)
    31	# This includes a dynamically generated part from /run/motd.dynamic
    32	# and a static (admin-editable) part from /etc/motd.
    33	session    optional   pam_motd.so motd=/run/motd.dynamic
    34	session    optional   pam_motd.so noupdate
    35	
    36	# SELinux needs to intervene at login time to ensure that the process
    37	# starts in the proper default security context. Only sessions which are
    38	# intended to run in the user's context should be run after this.
    39	# pam_selinux.so changes the SELinux context of the used TTY and configures
    40	# SELinux in order to transition to the user context with the next execve()
    41	# call.
    42	session [success=ok ignore=ignore module_unknown=ignore default=bad] pam_selinux.so open
    43	# When the module is present, "required" would be sufficient (When SELinux
    44	# is disabled, this returns success.)
    45	
    46	# This module parses environment configuration file(s)
    47	# and also allows you to use an extended config
    48	# file /etc/security/pam_env.conf.
    49	# 
    50	# parsing /etc/environment needs "readenv=1"
    51	session       required   pam_env.so readenv=1
    52	# locale variables can also be set in /etc/default/locale
    53	# reading this file *in addition to /etc/environment* does not hurt
    54	session       required   pam_env.so readenv=1 envfile=/etc/default/locale
    55	
    56	# Standard Un*x authentication.
    57	@include common-auth
    58	
    59	# This allows certain extra groups to be granted to a user
    60	# based on things like time of day, tty, service, and user.
    61	# Please edit /etc/security/group.conf to fit your needs
    62	# (Replaces the `CONSOLE_GROUPS' option in login.defs)
    63	auth       optional   pam_group.so
    64	
    65	# Uncomment and edit /etc/security/time.conf if you need to set
    66	# time restraint on logins.
    67	# (Replaces the `PORTTIME_CHECKS_ENAB' option from login.defs
    68	# as well as /etc/porttime)
    69	# account    requisite  pam_time.so
    70	
    71	# Uncomment and edit /etc/security/access.conf if you need to
    72	# set access limits.
    73	# (Replaces /etc/login.access file)
    74	# account  required       pam_access.so
    75	
    76	# Sets up user limits according to /etc/security/limits.conf
    77	# (Replaces the use of /etc/limits in old login)
    78	session    required   pam_limits.so
    79	
    80	# Prints the last login info upon successful login
    81	# (Replaces the `LASTLOG_ENAB' option from login.defs)
    82	session    optional   pam_lastlog.so
    83	
    84	# Prints the status of the user's mailbox upon successful login
    85	# (Replaces the `MAIL_CHECK_ENAB' option from login.defs). 
    86	#
    87	# This also defines the MAIL environment variable
    88	# However, userdel also needs MAIL_DIR and MAIL_FILE variables
    89	# in /etc/login.defs to make sure that removing a user 
    90	# also removes the user's mail spool file.
    91	# See comments in /etc/login.defs
    92	session    optional   pam_mail.so standard
    93	
    94	# Create a new session keyring.
    95	session    optional   pam_keyinit.so force revoke
    96	
    97	# Standard Un*x account and session
    98	@include common-account
    99	@include common-session
   100	@include common-password
-- /etc/pam.d/su
     1	#
     2	# The PAM configuration file for the Shadow `su' service
     3	#
     4	
     5	# This allows root to su without passwords (normal operation)
     6	auth       sufficient pam_rootok.so
     7	
     8	# Uncomment this to force users to be a member of group wheel
     9	# before they can use `su'. You can also add "group=foo"
    10	# to the end of this line if you want to use a group other
    11	# than the default "wheel" (but this may have side effect of
    12	# denying "root" user, unless she's a member of "foo" or explicitly
    13	# permitted earlier by e.g. "sufficient pam_rootok.so").
    14	# (Replaces the `SU_WHEEL_ONLY' option from login.defs)
    15	# auth       required   pam_wheel.so
    16	
    17	# Uncomment this if you want wheel members to be able to
    18	# su without a password.
    19	# auth       sufficient pam_wheel.so trust
    20	
    21	# Uncomment this if you want members of a specific group to not
    22	# be allowed to use su at all.
    23	# auth       required   pam_wheel.so deny group=nosu
    24	
    25	# Uncomment and edit /etc/security/time.conf if you need to set
    26	# time restrainst on su usage.
    27	# (Replaces the `PORTTIME_CHECKS_ENAB' option from login.defs
    28	# as well as /etc/porttime)
    29	# account    requisite  pam_time.so
    30	
    31	# This module parses environment configuration file(s)
    32	# and also allows you to use an extended config
    33	# file /etc/security/pam_env.conf.
    34	# 
    35	# parsing /etc/environment needs "readenv=1"
    36	session       required   pam_env.so readenv=1
    37	# locale variables are also kept into /etc/default/locale in etch
    38	# reading this file *in addition to /etc/environment* does not hurt
    39	session       required   pam_env.so readenv=1 envfile=/etc/default/locale
    40	
    41	# Defines the MAIL environment variable
    42	# However, userdel also needs MAIL_DIR and MAIL_FILE variables
    43	# in /etc/login.defs to make sure that removing a user 
    44	# also removes the user's mail spool file.
    45	# See comments in /etc/login.defs
    46	#
    47	# "nopen" stands to avoid reporting new mail when su'ing to another user
    48	session    optional   pam_mail.so nopen
    49	
    50	# Sets up user limits according to /etc/security/limits.conf
    51	# (Replaces the use of /etc/limits in old login)
    52	session    required   pam_limits.so
    53	
    54	# The standard Unix authentication modules, used with
    55	# NIS (man nsswitch) as well as normal /etc/passwd and
    56	# /etc/shadow entries.
    57	@include common-auth
    58	@include common-account
    59	@include common-session
    60	
    61	
-- /etc/pam.d/common-session
     1	#
     2	# /etc/pam.d/common-session - session-related modules common to all services
     3	#
     4	# This file is included from other service-specific PAM config files,
     5	# and should contain a list of modules that define tasks to be performed
     6	# at the start and end of interactive sessions.
     7	#
     8	# As of pam 1.0.1-6, this file is managed by pam-auth-update by default.
     9	# To take advantage of this, it is recommended that you configure any
    10	# local modules either before or after the default block, and use
    11	# pam-auth-update to manage selection of other modules.  See
    12	# pam-auth-update(8) for details.
    13	
    14	# here are the per-package modules (the "Primary" block)
    15	session	[default=1]			pam_permit.so
    16	# here's the fallback if no module succeeds
    17	session	requisite			pam_deny.so
    18	# prime the stack with a positive return value if there isn't one already;
    19	# this avoids us returning an error just because nothing sets a success code
    20	# since the modules above will each just jump around
    21	session	required			pam_permit.so
    22	# The pam_umask module will set the umask according to the system default in
    23	# /etc/login.defs and user settings, solving the problem of different
    24	# umask settings with different shells, display managers, remote sessions etc.
    25	# See "man pam_umask".
    26	session optional			pam_umask.so
    27	# and here are more per-package modules (the "Additional" block)
    28	session	required	pam_unix.so 
    29	session	optional	pam_systemd.so 
    30	# end of pam-auth-update config
-- /etc/pam.d/other
     1	#
     2	# /etc/pam.d/other - specify the PAM fallback behaviour
     3	#
     4	# Note that this file is used for any unspecified service; for example
     5	#if /etc/pam.d/cron  specifies no session modules but cron calls
     6	#pam_open_session, the session module out of /etc/pam.d/other is
     7	#used.  If you really want nothing to happen then use pam_permit.so or
     8	#pam_deny.so as appropriate.
     9	
    10	# We fall back to the system default in /etc/pam.d/common-*
    11	# 
    12	
    13	@include common-auth
    14	@include common-account
    15	@include common-password
    16	@include common-session
35:MAIL_DIR        /var/mail
102:ENV_SUPATH	PATH=/usr/local/sbin:/usr/local/bin:/usr/sbin:/usr/bin:/sbin:/bin
103:ENV_PATH	PATH=/usr/local/bin:/usr/bin:/bin:/usr/local/games:/usr/games
123:TTYGROUP	tty
124:TTYPERM		0600
151:UMASK		022
156:HOME_MODE	0750
-rwxr-xr-x 755 root:root regular file /usr/bin/login
-rwsr-xr-x 4755 root:root regular file /usr/bin/su
-rwxr-xr-x 755 root:root regular file /usr/bin/loginctl
-rwxr-xr-x 755 root:root regular file /usr/bin/openvt
crw--w---- 620 root:tty character special file /dev/tty1
drwxr-xr-x 755 root:root directory /run/user
drwxr-xr-x 755 root:root directory /run/systemd/users
drwxr-xr-x 755 root:root directory /run/systemd/sessions
drwxr-xr-x 755 root:root directory /var/lib/systemd/linger
-rw-rw-r-- 664 root:utmp 4400 regular file /run/utmp
-rw-rw-r-- 664 root:utmp 22800 regular file /var/log/wtmp
-rw-rw---- 660 root:utmp 1600 regular file /var/log/btmp
-rw-rw-r-- 664 root:utmp 0 regular empty file /var/log/lastlog
drwxrwsr-x 2775 root:mail 4096 directory /var/mail
drwxrwsr-x 2775 root:mail 4096 directory /var/spool/mail
db0f493f56bbcc83dc1f6a213a742bcbe508c9072a885d7a3ac156220bfb18bb  /run/utmp
ccbea95d202b491acbcda1ba4a71b5b492d9d6df7553eddd489e61d94e7ee387  /var/log/wtmp
e3b0c44298fc1c149afbf4c8996fb92427ae41e4649b934ca495991b7852b855  /var/log/lastlog

== prepare passworded selfauth and hostile user inputs ==
f: /home/selfauth/.pam_environment
drwxr-xr-x root     root     /
drwxr-xr-x root     root     home
drwxr-x--- selfauth selfauth selfauth
-rw-r--r-- selfauth selfauth .pam_environment
f: /home/selfauth/.bash_profile
drwxr-xr-x root     root     /
drwxr-xr-x root     root     home
drwxr-x--- selfauth selfauth selfauth
-rw-r--r-- selfauth selfauth .bash_profile
f: /home/selfauth/.hushlogin
drwxr-xr-x root     root     /
drwxr-xr-x root     root     home
drwxr-x--- selfauth selfauth selfauth
lrwxrwxrwx selfauth selfauth .hushlogin -> /root/pam-login-env-race-hush-target
drwxr-xr-x root     root       /
drwx------ root     root       root
                                pam-login-env-race-hush-target - No such file or directory

== passworded login -p pty drive ==
Password: 
Welcome to Ubuntu 24.04.4 LTS (GNU/Linux 6.10.14-linuxkit aarch64)

 * Documentation:  https://help.ubuntu.com
 * Management:     https://landscape.canonical.com
 * Support:        https://ubuntu.com/pro

 System information as of Sat May 16 20:24:30 UTC 2026

  System load:    1.26      Processes:             27
  Usage of /home: unknown   Users logged in:       0
  Memory usage:   12%       IPv4 address for eth0: 172.17.0.2
  Swap usage:     0%


This system has been minimized by removing packages and content that are
not required on a system that users do not log into.

To restore this content, you can run the 'unminimize' command.

Expanded Security Maintenance for Applications is not enabled.

0 updates can be applied immediately.

Enable ESM Apps to receive additional future security updates.
See https://ubuntu.com/esm or run: sudo pro status


-bash: /root/pam-login-env-race-login-bash-profile.root: Permission denied
[?2004hselfauth@508d797cbad0:~$ env | sort | grep -E '^(PAM_LOGIN_ENV_RACE|PATH=|HOME=|XDG_RUNTIME_DIR=|DBUS_SESSION_BUS_ADDRESS=|TMPDIR=|BASH_ENV=|ENV=|MAIL=|PYTHONPATH=)' || true
[?2004lDBUS_SESSION_BUS_ADDRESS=unix:path=/run/user/1002/bus
HOME=/home/selfauth
MAIL=/var/mail/selfauth
PATH=/usr/local/sbin:/usr/local/bin:/usr/sbin:/usr/bin:/sbin:/bin:/usr/games:/usr/local/games:/snap/bin
PYTHONPATH=/home/selfauth/pam-login-env-race/py
TMPDIR=/home/selfauth/pam-login-env-race/tmp
XDG_RUNTIME_DIR=/run/user/1002
[?2004hselfauth@508d797cbad0:~$ id
[?2004luid=1002(selfauth) gid=1002(selfauth) groups=1002(selfauth)
[?2004hselfauth@508d797cbad0:~$ tty
[?2004l/dev/pts/0
[?2004hselfauth@508d797cbad0:~$ loginctl show-session $XDG_SESSION_ID -p Id -p Name -p User -p TTY -p Type -p Class -p State -p Remote -p Active 2>/dev/null || true
[?2004lId=37
User=1002
Name=selfauth
TTY=pts/0
Remote=no
Type=tty
Class=user
Active=yes
State=active
[?2004hselfauth@508d797cbad0:~$ exit
[?2004llogout

PYDRIVER_STATUS=0

== login -p marker results ==
DBUS_SESSION_BUS_ADDRESS=unix:path=/run/user/1002/bus
HOME=/home/selfauth
HUSHLOGIN=FALSE
LANG=C.UTF-8
LOGNAME=selfauth
MAIL=/var/mail/selfauth
PATH=/usr/local/sbin:/usr/local/bin:/usr/sbin:/usr/bin:/sbin:/bin:/usr/games:/usr/local/games:/snap/bin
PWD=/home/selfauth
PYTHONPATH=/home/selfauth/pam-login-env-race/py
SHELL=/bin/bash
SHLVL=1
TERM=xterm
TMPDIR=/home/selfauth/pam-login-env-race/tmp
USER=selfauth
XDG_DATA_DIRS=/usr/local/share:/usr/share:/var/lib/snapd/desktop
XDG_RUNTIME_DIR=/run/user/1002
XDG_SESSION_CLASS=user
XDG_SESSION_ID=37
XDG_SESSION_TYPE=tty
_=/usr/bin/env
tty_stat=crw------- selfauth:tty character special file /dev/pts/0
MISSING /tmp/pam-login-env-race-fake-*.uid
-rw-rw-r-- selfauth:selfauth /tmp/pam-login-env-race-login-bash-profile.uid
uid=1002(selfauth) gid=1002(selfauth) groups=1002(selfauth)
MISSING /tmp/pam-login-env-race-login-sitecustomize.uid
MISSING /tmp/pam-login-env-race-login-bashenv.uid
MISSING /root/pam-login-env-race-fake-*.root
MISSING /root/pam-login-env-race-login-bash-profile.root
MISSING /root/pam-login-env-race-login-sitecustomize.root
MISSING /root/pam-login-env-race-login-bashenv.root
b2d77bca65e552497a3dc07ac82cb857f1549f010b6dbcef994d922c2d85ee5c  /run/utmp
ccbea95d202b491acbcda1ba4a71b5b492d9d6df7553eddd489e61d94e7ee387  /var/log/wtmp
e3b0c44298fc1c149afbf4c8996fb92427ae41e4649b934ca495991b7852b855  /var/log/lastlog
Username         Port     From                                       Latest
selfauth                                                            **Never logged in**

== attacker-reachable su -p selfauth pty drive ==
Password: 
DBUS_SESSION_BUS_ADDRESS=unix:path=/run/user/1002/bus
HOME=/home/selfauth
MAIL=/var/mail/selfauth
PATH=/usr/local/sbin:/usr/local/bin:/usr/sbin:/usr/bin:/sbin:/bin:/usr/games:/usr/local/games:/snap/bin
XDG_RUNTIME_DIR=/run/user/1002
uid=1002(selfauth) gid=1002(selfauth) groups=1002(selfauth)
-rw-rw-r-- selfauth:selfauth /tmp/pam-login-env-race-su-systemctl.out
HOME=/home/selfauth
LANG=C.UTF-8
LOGNAME=selfauth
PATH=/usr/local/sbin:/usr/local/bin:/usr/sbin:/usr/bin:/sbin:/bin:/usr/games:/usr/local/games:/snap/bin:/snap/bin
SHELL=/bin/bash
USER=selfauth
XDG_RUNTIME_DIR=/run/user/1002
XDG_DATA_DIRS=/usr/local/share/:/usr/share/:/var/lib/snapd/desktop
DBUS_SESSION_BUS_ADDRESS=unix:path=/run/user/1002/bus
GSM_SKIP_SSH_AGENT_WORKAROUND=true
SSH_AUTH_SOCK=/run/user/1002/gnupg/S.gpg-agent.ssh
MISSING /root/pam-login-env-race-su-root

== pam_systemd runtime symlink restart race ==
-- runtime before planting
drwx------ selfauth:selfauth /run/user/1002 -> 
drwx------ selfauth:selfauth /run/user/1002/gnupg -> 
drwxr-xr-x selfauth:selfauth /run/user/1002/systemd -> 
srw-rw-rw- selfauth:selfauth /run/user/1002/bus -> 
srw-rw-rw- selfauth:selfauth /run/user/1002/pk-debconf-socket -> 
srw-rw-rw- selfauth:selfauth /run/user/1002/snapd-session-agent.socket -> 
-- selfauth plants symlinks over user-manager runtime entries
+ for p in systemd bus gnupg pk-debconf-socket snapd-session-agent.socket
+ rm -rf /run/user/1002/systemd
+ for p in systemd bus gnupg pk-debconf-socket snapd-session-agent.socket
+ rm -rf /run/user/1002/bus
+ for p in systemd bus gnupg pk-debconf-socket snapd-session-agent.socket
+ rm -rf /run/user/1002/gnupg
+ for p in systemd bus gnupg pk-debconf-socket snapd-session-agent.socket
+ rm -rf /run/user/1002/pk-debconf-socket
+ for p in systemd bus gnupg pk-debconf-socket snapd-session-agent.socket
+ rm -rf /run/user/1002/snapd-session-agent.socket
+ cat /tmp/pam-login-env-race-runtime-rm.err
+ ln -s /root/pam-login-env-race-runtime-canary/systemd-target /run/user/1002/systemd
+ ln -s /root/pam-login-env-race-runtime-canary/bus-target /run/user/1002/bus
+ ln -s /root/pam-login-env-race-runtime-canary/gnupg-target /run/user/1002/gnupg
+ ln -s /root/pam-login-env-race-runtime-canary/pk-target /run/user/1002/pk-debconf-socket
+ find /run/user/1002 -maxdepth 1 -printf '%M %u:%g %p -> %l\n'
+ sort
drwx------ selfauth:selfauth /run/user/1002 -> 
lrwxrwxrwx selfauth:selfauth /run/user/1002/bus -> /root/pam-login-env-race-runtime-canary/bus-target
lrwxrwxrwx selfauth:selfauth /run/user/1002/gnupg -> /root/pam-login-env-race-runtime-canary/gnupg-target
lrwxrwxrwx selfauth:selfauth /run/user/1002/pk-debconf-socket -> /root/pam-login-env-race-runtime-canary/pk-target
lrwxrwxrwx selfauth:selfauth /run/user/1002/systemd -> /root/pam-login-env-race-runtime-canary/systemd-target
-- root restarts user@1002.service over planted symlinks
Job for user@1002.service failed because the control process exited with error code.
See "systemctl status user@1002.service" and "journalctl -xeu user@1002.service" for details.
x user@1002.service - User Manager for UID 1002
     Loaded: loaded (/usr/lib/systemd/system/user@.service; static)
    Drop-In: /usr/lib/systemd/system/user@.service.d
             `-10-login-barrier.conf, timeout.conf
     Active: failed (Result: exit-code) since Sat 2026-05-16 20:25:15 UTC; 1s ago
   Duration: 1.346s
       Docs: man:user@.service(5)
    Process: 248927 ExecStart=/usr/lib/systemd/systemd --user (code=exited, status=1/FAILURE)
   Main PID: 248927 (code=exited, status=1/FAILURE)
      Error: 13 (Permission denied)
        CPU: 7ms

May 16 20:25:15 508d797cbad0 systemd[1]: Starting user@1002.service - User Manager for UID 1002...
May 16 20:25:15 508d797cbad0 (systemd)[248927]: pam_unix(systemd-user:session): session opened for user selfauth(uid=1002) by selfauth(uid=0)
May 16 20:25:15 508d797cbad0 systemd[248927]: Failed to copy os-release for propagation, ignoring: Permission denied
May 16 20:25:15 508d797cbad0 systemd[248927]: Failed to allocate manager object: Permission denied
May 16 20:25:15 508d797cbad0 (sd-pam)[248928]: pam_unix(systemd-user:session): session closed for user selfauth
May 16 20:25:15 508d797cbad0 systemd[1]: user@1002.service: Main process exited, code=exited, status=1/FAILURE
May 16 20:25:15 508d797cbad0 systemd[1]: user@1002.service: Failed with result 'exit-code'.
May 16 20:25:15 508d797cbad0 systemd[1]: Failed to start user@1002.service - User Manager for UID 1002.

* user-runtime-dir@1002.service - User Runtime Directory /run/user/1002
     Loaded: loaded (/usr/lib/systemd/system/user-runtime-dir@.service; static)
     Active: inactive (dead) since Sat 2026-05-16 20:25:15 UTC; 1s ago
   Duration: 1.502s
       Docs: man:user@.service(5)
    Process: 248850 ExecStart=/usr/lib/systemd/systemd-user-runtime-dir start 1002 (code=exited, status=0/SUCCESS)
    Process: 248930 ExecStop=/usr/lib/systemd/systemd-user-runtime-dir stop 1002 (code=exited, status=0/SUCCESS)
   Main PID: 248850 (code=exited, status=0/SUCCESS)
        CPU: 3ms

May 16 20:25:14 508d797cbad0 systemd[1]: Starting user-runtime-dir@1002.service - User Runtime Directory /run/user/1002...
May 16 20:25:14 508d797cbad0 systemd[1]: Finished user-runtime-dir@1002.service - User Runtime Directory /run/user/1002.
May 16 20:25:15 508d797cbad0 systemd[1]: Stopping user-runtime-dir@1002.service - User Runtime Directory /run/user/1002...
May 16 20:25:15 508d797cbad0 systemd[1]: user-runtime-dir@1002.service: Deactivated successfully.
May 16 20:25:15 508d797cbad0 systemd[1]: Stopped user-runtime-dir@1002.service - User Runtime Directory /run/user/1002.
-- runtime after restart attempt
-- root canary after restart attempt
-rw-r--r-- root:root /root/pam-login-env-race-runtime-canary/canary -> 
-rw-r--r-- root:root /root/pam-login-env-race-runtime-canary/systemd-target/nested -> 
drwxr-xr-x root:root /root/pam-login-env-race-runtime-canary -> 
drwxr-xr-x root:root /root/pam-login-env-race-runtime-canary/gnupg-target -> 
drwxr-xr-x root:root /root/pam-login-env-race-runtime-canary/systemd-target -> 
canary_after_stop=present
-rw-r--r-- root:root /root/pam-login-env-race-runtime-canary/canary -> 
-rw-r--r-- root:root /root/pam-login-env-race-runtime-canary/systemd-target/nested -> 
drwxr-xr-x root:root /root/pam-login-env-race-runtime-canary -> 
drwxr-xr-x root:root /root/pam-login-env-race-runtime-canary/gnupg-target -> 
drwxr-xr-x root:root /root/pam-login-env-race-runtime-canary/systemd-target -> 

== linger and runtime path authorization ==
Could not enable linger: Interactive authentication required.
Failed to look up user ../root: No such process
total 12
drwxr-xr-x 2 root root 4096 May 16 20:25 .
drwxr-xr-x 1 root root 4096 May 16 20:04 ..
-rw-r--r-- 1 root root    0 May 16 20:25 selfauth
-rw-r--r-- 644 root:root regular empty file /var/lib/systemd/linger/selfauth

== root proof before cleanup ==
ROOT_PROOF=no

== cleanup verification ==
ABSENT /home/selfauth/pam-login-env-race
ABSENT /root/pam-login-env-race-runtime-canary
ABSENT /tmp/pam-login-env-race-login-shell.env
ABSENT /tmp/pam-login-env-race-su-systemctl.out
ABSENT /home/selfauth/.pam_environment
ABSENT /home/selfauth/.bash_profile
ABSENT /home/selfauth/.hushlogin
running
