## target and package proof
uid=0(root) gid=0(root) groups=0(root)
uid=1001(attacker) gid=1001(attacker) groups=1001(attacker)
uid=1002(selfauth) gid=1002(selfauth) groups=1002(selfauth)
PRETTY_NAME="Ubuntu 24.04.4 LTS"
NAME="Ubuntu"
VERSION_ID="24.04"
VERSION="24.04.4 LTS (Noble Numbat)"
VERSION_CODENAME=noble
ID=ubuntu
ID_LIKE=debian
HOME_URL="https://www.ubuntu.com/"
Linux 4f5b414436ae 6.10.14-linuxkit #1 SMP Sat May 17 08:28:57 UTC 2025 aarch64 aarch64 aarch64 GNU/Linux
dbus	1.14.10-4ubuntu4.1	ii 
libpam-modules:arm64	1.5.3-5ubuntu5.5	ii 
libpam-runtime	1.5.3-5ubuntu5.5	ii 
polkitd	124-2ubuntu1.24.04.3	ii 
systemd	255.4-1ubuntu8.15	ii 
## unit and config proof
# /usr/lib/systemd/system/pam_namespace.service
[Unit]
After=local-fs.target
Before=multi-user.target shutdown.target
Conflicts=shutdown.target
DefaultDependencies=no
Description=Make sure parent directories configured in /etc/security/namespace.conf for polyinstantiation exist
Documentation=man:pam_namespace(8)

[Service]
ExecStart=/usr/sbin/pam_namespace_helper
Type=oneshot

# /usr/lib/systemd/system/user-runtime-dir@.service
#  SPDX-License-Identifier: LGPL-2.1-or-later
#
#  This file is part of systemd.
#
#  systemd is free software; you can redistribute it and/or modify it
#  under the terms of the GNU Lesser General Public License as published by
#  the Free Software Foundation; either version 2.1 of the License, or
#  (at your option) any later version.

[Unit]
Description=User Runtime Directory /run/user/%i
Documentation=man:user@.service(5)
After=dbus.service
StopWhenUnneeded=yes
IgnoreOnIsolate=yes

[Service]
ExecStart=/usr/lib/systemd/systemd-user-runtime-dir start %i
ExecStop=/usr/lib/systemd/systemd-user-runtime-dir stop %i
Type=oneshot
RemainAfterExit=yes
Slice=user-%i.slice

# /usr/lib/systemd/system/user@.service
#  SPDX-License-Identifier: LGPL-2.1-or-later
#
#  This file is part of systemd.
#
#  systemd is free software; you can redistribute it and/or modify it
#  under the terms of the GNU Lesser General Public License as published by
#  the Free Software Foundation; either version 2.1 of the License, or
#  (at your option) any later version.

[Unit]
Description=User Manager for UID %i
Documentation=man:user@.service(5)
After=user-runtime-dir@%i.service dbus.service systemd-oomd.service
Requires=user-runtime-dir@%i.service
IgnoreOnIsolate=yes

[Service]
User=%i
PAMName=systemd-user
Type=notify-reload
ExecStart=/usr/lib/systemd/systemd --user
Slice=user-%i.slice
KillMode=mixed
Delegate=pids memory cpu
DelegateSubgroup=init.scope
TasksMax=infinity
TimeoutStopSec=120s
KeyringMode=inherit
OOMScoreAdjust=100
MemoryPressureWatch=skip

# /usr/lib/systemd/system/user@.service.d/10-login-barrier.conf
#  SPDX-License-Identifier: LGPL-2.1-or-later
#
#  This file is part of systemd.
#
#  systemd is free software; you can redistribute it and/or modify it
#  under the terms of the GNU Lesser General Public License as published by
#  the Free Software Foundation; either version 2.1 of the License, or
#  (at your option) any later version.

[Unit]
# Make sure user instances are started after logins are allowed. However this
# is not desirable for user@0.service since root should be able to log in
# earlier during the boot process especially if something goes wrong.
After=systemd-user-sessions.service

# /usr/lib/systemd/system/user@.service.d/timeout.conf
# Avoid long hangs during shutdown if user services fail/hang due to X.org
# going away too early
[Service]
TimeoutStopSec=5
UNIT FILE                 STATE  PRESET
pam_namespace.service     static -
user-runtime-dir@.service static -
user@.service             static -

3 unit files listed.
-rwxr-xr-x 755 root:root /usr/sbin/pam_namespace_helper type=regular file
-rwxr-xr-x 755 root:root /usr/lib/systemd/systemd-user-runtime-dir type=regular file
-rw-r--r-- 644 root:root /etc/security/namespace.conf type=regular file
drwxr-xr-x 755 root:root /var/lib/systemd/linger type=directory
drwxr-xr-x 755 root:root /run/user type=directory
drwxr-xr-x 755 root:root /run/systemd/users type=directory
drwxr-xr-x 755 root:root /run/systemd/sessions type=directory
#!/bin/sh

CONF=/etc/security/namespace.conf

# Match logic of process_line(), except lines with $HOME are ignored
# skip the leading white space, rip off the comments, ignore empty lines
sed -e 's/^[ 	]*//g' -e 's/#.*//g' -e '/.*\$HOME.*/d'  -e '/^$/d' < $CONF | \
    while read polydir instance_prefix method uids; do
	if [ ! -e "$instance_prefix" ]; then
	    echo "mkdir $instance_prefix"
	    mkdir --parents --mode=0 -Z "$instance_prefix"
	fi
    done

exit 0
# /etc/security/namespace.conf
#
# See /usr/share/doc/pam-*/txts/README.pam_namespace for more information.
#
# Uncommenting the following three lines will polyinstantiate
# /tmp, /var/tmp and user's home directories. /tmp and /var/tmp will
# be polyinstantiated based on the MLS level part of the security context as well as user
# name, Polyinstantion will not be performed for user root and adm for directories
# /tmp and /var/tmp, whereas home directories will be polyinstantiated for all users.
# The user name and context is appended to the instance prefix.
#
# Note that instance directories do not have to reside inside the
# polyinstantiated directory. In the examples below, instances of /tmp
# will be created in /tmp-inst directory, where as instances of /var/tmp
# and users home directories will reside within the directories that
# are being polyinstantiated.
#
# Instance parent directories must exist for the polyinstantiation
# mechanism to work. By default, they should be created with the mode
# of 000. pam_namespace module will enforce this mode unless it
# is explicitly called with an argument to ignore the mode of the
# instance parent. System administrators should use this argument with
# caution, as it will reduce security and isolation achieved by
# polyinstantiation. The parent directories (except $HOME) are created
# at boot by pam_namespace_helper, but in a live system, system
# administrators should create the parent directories before enabling
# them here.
#
#/tmp     /tmp-inst/       	level      root,adm
#/var/tmp /var/tmp/tmp-inst/   	level      root,adm
#$HOME    $HOME/$USER.inst/     level
/etc/pam.d/su:33:# file /etc/security/pam_env.conf.
/etc/pam.d/su:36:session       required   pam_env.so readenv=1
/etc/pam.d/su:39:session       required   pam_env.so readenv=1 envfile=/etc/default/locale
/etc/pam.d/runuser-l:4:-session	optional	pam_systemd.so
/etc/pam.d/login:48:# file /etc/security/pam_env.conf.
/etc/pam.d/login:51:session       required   pam_env.so readenv=1
/etc/pam.d/login:54:session       required   pam_env.so readenv=1 envfile=/etc/default/locale
/etc/pam.d/common-session:29:session	optional	pam_systemd.so 
/etc/pam.d/cron:8:# Read environment variables from pam_env's default files, /etc/environment
/etc/pam.d/cron:9:# and /etc/security/pam_env.conf.
/etc/pam.d/cron:10:session       required   pam_env.so
/etc/pam.d/cron:13:session       required   pam_env.so envfile=/etc/default/locale
/etc/pam.d/sudo-i:6:session    required   pam_env.so readenv=1 user_readenv=0
/etc/pam.d/sudo-i:7:session    required   pam_env.so readenv=1 envfile=/etc/default/locale user_readenv=0
/etc/pam.d/sudo:6:session    required   pam_env.so readenv=1 user_readenv=0
/etc/pam.d/sudo:7:session    required   pam_env.so readenv=1 envfile=/etc/default/locale user_readenv=0
/etc/security/namespace.conf:3:# See /usr/share/doc/pam-*/txts/README.pam_namespace for more information.
/etc/security/namespace.conf:20:# of 000. pam_namespace module will enforce this mode unless it
/etc/security/namespace.conf:25:# at boot by pam_namespace_helper, but in a live system, system
/etc/security/pam_env.conf:2:# This is the configuration file for pam_env, a PAM module to load in
/etc/security/pam_env.conf:7:#   Mmm. Perhaps you might like to write a pam_env module that reads a
/etc/security/pam_env.conf:31:# string is assumed. The OVERRIDE option tells pam_env that it should
## attacker cannot alter namespace/PAM/system unit config
### attacker: 
id
for p in /etc/security/namespace.conf /usr/sbin/pam_namespace_helper /etc/pam.d/common-session /etc/pam.d/login /usr/lib/systemd/system/pam_namespace.service /etc/systemd/system/pam_namespace.service.d/probe.conf /run/systemd/system/pam_namespace.service.d/probe.conf; do
  echo "--- $p"
  mkdir -p "$(dirname "$p")" 2>/tmp/pam_namespace_user_runtime_mkdir.err || true
  printf owned > "$p" 2>/tmp/pam_namespace_user_runtime_write.err
  echo "write_rc=$? err=$(cat /tmp/pam_namespace_user_runtime_write.err 2>/dev/null)"
done

uid=1001(attacker) gid=1001(attacker) groups=1001(attacker)
--- /etc/security/namespace.conf
bash: line 6: /etc/security/namespace.conf: Permission denied
write_rc=1 err=
--- /usr/sbin/pam_namespace_helper
bash: line 6: /usr/sbin/pam_namespace_helper: Permission denied
write_rc=1 err=
--- /etc/pam.d/common-session
bash: line 6: /etc/pam.d/common-session: Permission denied
write_rc=1 err=
--- /etc/pam.d/login
bash: line 6: /etc/pam.d/login: Permission denied
write_rc=1 err=
--- /usr/lib/systemd/system/pam_namespace.service
bash: line 6: /usr/lib/systemd/system/pam_namespace.service: Permission denied
write_rc=1 err=
--- /etc/systemd/system/pam_namespace.service.d/probe.conf
bash: line 6: /etc/systemd/system/pam_namespace.service.d/probe.conf: No such file or directory
write_rc=1 err=
--- /run/systemd/system/pam_namespace.service.d/probe.conf
bash: line 6: /run/systemd/system/pam_namespace.service.d/probe.conf: No such file or directory
write_rc=1 err=
rc=0
## pam_namespace helper direct and service boundaries
### attacker: 
mkdir -p "$HOME/pam_namespace_user_runtime/bin"
cat > "$HOME/pam_namespace_user_runtime/bin/sed" <<\EOF
#!/bin/sh
id > /tmp/pam_namespace_user_runtime_fake_sed
exec /usr/bin/sed "$@"
EOF
cat > "$HOME/pam_namespace_user_runtime/bin/mkdir" <<\EOF
#!/bin/sh
id > /tmp/pam_namespace_user_runtime_fake_mkdir
exec /usr/bin/mkdir "$@"
EOF
chmod 755 "$HOME/pam_namespace_user_runtime/bin/"*
PATH="$HOME/pam_namespace_user_runtime/bin:/usr/bin:/bin" /usr/sbin/pam_namespace_helper
echo helper_rc=$?
cat /tmp/pam_namespace_user_runtime_fake_sed 2>/dev/null || echo no_fake_sed
cat /tmp/pam_namespace_user_runtime_fake_mkdir 2>/dev/null || echo no_fake_mkdir

helper_rc=0
uid=1001(attacker) gid=1001(attacker) groups=1001(attacker)
no_fake_mkdir
rc=0
### attacker: systemctl start pam_namespace.service 2>&1; echo start_rc=$?
Failed to start pam_namespace.service: Interactive authentication required.
See system logs and 'systemctl status pam_namespace.service' for details.
start_rc=1
rc=0
### root: rm -f /tmp/pam_namespace_user_runtime_fake_sed /tmp/pam_namespace_user_runtime_fake_mkdir; systemctl start pam_namespace.service 2>&1; echo root_start_rc=$?; cat /tmp/pam_namespace_user_runtime_fake_sed /tmp/pam_namespace_user_runtime_fake_mkdir 2>/dev/null || true
root_start_rc=0
rc=0
## loginctl self-linger boundary
### attacker: loginctl enable-linger root 2>&1; echo root_linger_rc=$?
Could not enable linger: Interactive authentication required.
root_linger_rc=1
rc=0
### attacker: loginctl enable-linger ../root 2>&1; echo traversal_linger_rc=$?
Failed to look up user ../root: No such process
traversal_linger_rc=1
rc=0
### attacker: loginctl enable-linger attacker 2>&1; echo self_linger_rc=$?
self_linger_rc=0
rc=0
total 0
-rw-r--r-- 1 root root 0 May 16 18:06 attacker
-rw-r--r-- 644 root:root /var/lib/systemd/linger/attacker
○ user@1001.service - User Manager for UID 1001
     Loaded: loaded (/usr/lib/systemd/system/user@.service; static)
    Drop-In: /usr/lib/systemd/system/user@.service.d
             └─10-login-barrier.conf, timeout.conf
     Active: inactive (dead)
       Docs: man:user@.service(5)

May 16 18:06:45 4f5b414436ae systemd[767943]: Closed pk-debconf-helper.socket - debconf communication socket.
May 16 18:06:45 4f5b414436ae systemd[767943]: Closed snapd.session-agent.socket - REST API socket for snapd user session agent.
May 16 18:06:45 4f5b414436ae systemd[767943]: Closed gpg-agent-ssh.socket - GnuPG cryptographic agent (ssh-agent emulation).
May 16 18:06:45 4f5b414436ae systemd[767943]: Removed slice app.slice - User Application Slice.
May 16 18:06:45 4f5b414436ae systemd[767943]: Reached target shutdown.target - Shutdown.
May 16 18:06:45 4f5b414436ae systemd[767943]: Finished systemd-exit.service - Exit the Session.
May 16 18:06:45 4f5b414436ae systemd[767943]: Reached target exit.target - Exit the Session.
May 16 18:06:45 4f5b414436ae (sd-pam)[767944]: pam_unix(systemd-user:session): session closed for user attacker
May 16 18:06:45 4f5b414436ae systemd[1]: user@1001.service: Deactivated successfully.
May 16 18:06:45 4f5b414436ae systemd[1]: Stopped user@1001.service - User Manager for UID 1001.

● user-runtime-dir@1001.service - User Runtime Directory /run/user/1001
     Loaded: loaded (/usr/lib/systemd/system/user-runtime-dir@.service; static)
     Active: activating (start) since Sat 2026-05-16 18:06:58 UTC; 34ms ago
       Docs: man:user@.service(5)
   Main PID: 769400 (systemd-user-ru)
      Tasks: 1 (limit: 9517)
     Memory: 972.0K (peak: 1.5M)
        CPU: 3ms
     CGroup: /docker/4f5b414436aefb655c3e4b9b25b80c8483306cde6cc3186d655231e3631e5f6a/user.slice/user-1001.slice/user-runtime-dir@1001.service
             └─769400 /usr/lib/systemd/systemd-user-runtime-dir start 1001

May 16 18:06:58 4f5b414436ae systemd[1]: Starting user-runtime-dir@1001.service - User Runtime Directory /run/user/1001...
      143      0 drwxr-xr-x   2 root     root           40 May 16 18:06 /run/user
      147      0 drwxr-xr-x   2 root     root           60 May 16 18:06 /run/systemd/users
     7306      4 -rw-r--r--   1 root     root          197 May 16 18:06 /run/systemd/users/1001
      146      0 drwxr-xr-x   2 root     root           40 May 16 17:31 /run/systemd/sessions
### root: systemctl start user@1001.service; sleep 1; systemctl status user@1001.service user-runtime-dir@1001.service --no-pager -l 2>&1 | sed -n "1,140p"; find /run/user/1001 -maxdepth 2 -ls 2>/dev/null | sed -n "1,160p"
● user@1001.service - User Manager for UID 1001
     Loaded: loaded (/usr/lib/systemd/system/user@.service; static)
    Drop-In: /usr/lib/systemd/system/user@.service.d
             └─10-login-barrier.conf, timeout.conf
     Active: active (running) since Sat 2026-05-16 18:06:58 UTC; 1s ago
       Docs: man:user@.service(5)
   Main PID: 769413 (systemd)
     Status: "Ready."
      Tasks: 2
     Memory: 2.8M (peak: 5.7M)
        CPU: 57ms
     CGroup: /docker/4f5b414436aefb655c3e4b9b25b80c8483306cde6cc3186d655231e3631e5f6a/user.slice/user-1001.slice/user@1001.service
             └─init.scope
               ├─769413 /usr/lib/systemd/systemd --user
               └─769414 "(sd-pam)"

May 16 18:06:58 4f5b414436ae systemd[769413]: Listening on keyboxd.socket - GnuPG public key management service.
May 16 18:06:58 4f5b414436ae systemd[769413]: Listening on pk-debconf-helper.socket - debconf communication socket.
May 16 18:06:58 4f5b414436ae systemd[769413]: Listening on snapd.session-agent.socket - REST API socket for snapd user session agent.
May 16 18:06:58 4f5b414436ae systemd[769413]: Listening on dbus.socket - D-Bus User Message Bus Socket.
May 16 18:06:58 4f5b414436ae systemd[769413]: Listening on gpg-agent-ssh.socket - GnuPG cryptographic agent (ssh-agent emulation).
May 16 18:06:58 4f5b414436ae systemd[769413]: Reached target sockets.target - Sockets.
May 16 18:06:58 4f5b414436ae systemd[769413]: Reached target basic.target - Basic System.
May 16 18:06:58 4f5b414436ae systemd[769413]: Reached target default.target - Main User Target.
May 16 18:06:58 4f5b414436ae systemd[769413]: Startup finished in 49ms.
May 16 18:06:58 4f5b414436ae systemd[1]: Started user@1001.service - User Manager for UID 1001.

● user-runtime-dir@1001.service - User Runtime Directory /run/user/1001
     Loaded: loaded (/usr/lib/systemd/system/user-runtime-dir@.service; static)
     Active: active (exited) since Sat 2026-05-16 18:06:58 UTC; 1s ago
       Docs: man:user@.service(5)
    Process: 769400 ExecStart=/usr/lib/systemd/systemd-user-runtime-dir start 1001 (code=exited, status=0/SUCCESS)
   Main PID: 769400 (code=exited, status=0/SUCCESS)
        CPU: 3ms

May 16 18:06:58 4f5b414436ae systemd[1]: Starting user-runtime-dir@1001.service - User Runtime Directory /run/user/1001...
May 16 18:06:58 4f5b414436ae systemd[1]: Finished user-runtime-dir@1001.service - User Runtime Directory /run/user/1001.
        1      0 drwx------   4 attacker attacker      140 May 16 18:06 /run/user/1001
        2      0 drwxr-xr-x   6 attacker attacker      160 May 16 18:06 /run/user/1001/systemd
        3      0 drwxr-xr-x   3 attacker attacker      140 May 16 18:06 /run/user/1001/systemd/inaccessible
        9      0 drwxr-xr-x   3 attacker attacker       60 May 16 18:06 /run/user/1001/systemd/propagate
       12      0 drwxr-xr-x   2 attacker attacker       80 May 16 18:06 /run/user/1001/systemd/units
       15      0 drwxr-xr-x   3 attacker attacker      100 May 16 18:06 /run/user/1001/systemd/generator.late
       21      0 srwxrwxr-x   1 attacker attacker        0 May 16 18:06 /run/user/1001/systemd/notify
       22      0 srwx------   1 attacker attacker        0 May 16 18:06 /run/user/1001/systemd/private
       23      0 srw-rw-rw-   1 attacker attacker        0 May 16 18:06 /run/user/1001/bus
       25      0 drwx------   2 attacker attacker      160 May 16 18:06 /run/user/1001/gnupg
       26      0 srw-------   1 attacker attacker        0 May 16 18:06 /run/user/1001/gnupg/S.dirmngr
       27      0 srw-------   1 attacker attacker        0 May 16 18:06 /run/user/1001/gnupg/S.gpg-agent.browser
       28      0 srw-------   1 attacker attacker        0 May 16 18:06 /run/user/1001/gnupg/S.gpg-agent.extra
       30      0 srw-------   1 attacker attacker        0 May 16 18:06 /run/user/1001/gnupg/S.gpg-agent
       31      0 srw-------   1 attacker attacker        0 May 16 18:06 /run/user/1001/gnupg/S.keyboxd
       34      0 srw-------   1 attacker attacker        0 May 16 18:06 /run/user/1001/gnupg/S.gpg-agent.ssh
       32      0 srw-rw-rw-   1 attacker attacker        0 May 16 18:06 /run/user/1001/pk-debconf-socket
       33      0 srw-rw-rw-   1 attacker attacker        0 May 16 18:06 /run/user/1001/snapd-session-agent.socket
rc=0
## user manager stays uid1001
### attacker: 
export XDG_RUNTIME_DIR=/run/user/1001
export DBUS_SESSION_BUS_ADDRESS=unix:path=/run/user/1001/bus
id
ls -la /run/user/1001 2>&1 || true
systemctl --user status --no-pager 2>&1 | sed -n "1,80p"
systemctl --user set-environment PATH="$HOME/pam_namespace_user_runtime/bin:/usr/bin:/bin" 2>&1
systemd-run --user --unit=pam-namespace-user-runtime-probe /bin/sh -c "id > /tmp/pam_namespace_user_runtime_user_service_id; touch /root/pam_namespace_user_runtime_root_marker 2>/dev/null || true" 2>&1
sleep 1
systemctl --user status pam-namespace-user-runtime-probe.service --no-pager 2>&1 | sed -n "1,80p" || true
cat /tmp/pam_namespace_user_runtime_user_service_id 2>/dev/null || echo no_user_service_id
test -e /root/pam_namespace_user_runtime_root_marker && echo root_marker_seen || echo no_root_marker_from_user_service

uid=1001(attacker) gid=1001(attacker) groups=1001(attacker)
total 0
drwx------ 4 attacker attacker 140 May 16 18:06 .
drwxr-xr-x 3 root     root      60 May 16 18:06 ..
srw-rw-rw- 1 attacker attacker   0 May 16 18:06 bus
drwx------ 2 attacker attacker 160 May 16 18:06 gnupg
srw-rw-rw- 1 attacker attacker   0 May 16 18:06 pk-debconf-socket
srw-rw-rw- 1 attacker attacker   0 May 16 18:06 snapd-session-agent.socket
drwxr-xr-x 6 attacker attacker 160 May 16 18:06 systemd
● 4f5b414436ae
    State: running
    Units: 139 loaded (incl. loaded aliases)
     Jobs: 0 queued
   Failed: 0 units
    Since: Sat 2026-05-16 18:06:58 UTC; 1s ago
  systemd: 255.4-1ubuntu8.15
   CGroup: /docker/4f5b414436aefb655c3e4b9b25b80c8483306cde6cc3186d655231e3631e5f6a/user.slice/user-1001.slice/user@1001.service
           └─init.scope
             ├─769413 /usr/lib/systemd/systemd --user
             └─769414 "(sd-pam)"
Running as unit: pam-namespace-user-runtime-probe.service; invocation ID: 1cfafa78dfd44fcb9b869ef0a3d5391e
Unit pam-namespace-user-runtime-probe.service could not be found.
uid=1001(attacker) gid=1001(attacker) groups=1001(attacker)
no_root_marker_from_user_service
rc=0
## user runtime path abuse checks
### attacker: 
for p in /run/user /run/user/1001 /run/systemd/users /run/systemd/users/1001 /run/systemd/sessions /var/lib/systemd/linger/attacker; do
  echo "--- $p"
  stat -Lc "%A %a %U:%G %n type=%F" "$p" 2>&1 || true
  ln -s /root/pam_namespace_user_runtime_root_marker "$p.link" 2>&1 || true
  printf owned > "$p" 2>&1 || true
done

--- /run/user
drwxr-xr-x 755 root:root /run/user type=directory
ln: failed to create symbolic link '/run/user.link': Permission denied
bash: line 6: /run/user: Is a directory
--- /run/user/1001
drwx------ 700 attacker:attacker /run/user/1001 type=directory
ln: failed to create symbolic link '/run/user/1001.link': Permission denied
bash: line 6: /run/user/1001: Is a directory
--- /run/systemd/users
drwxr-xr-x 755 root:root /run/systemd/users type=directory
ln: failed to create symbolic link '/run/systemd/users.link': Permission denied
bash: line 6: /run/systemd/users: Is a directory
--- /run/systemd/users/1001
-rw-r--r-- 644 root:root /run/systemd/users/1001 type=regular file
ln: failed to create symbolic link '/run/systemd/users/1001.link': Permission denied
bash: line 6: /run/systemd/users/1001: Permission denied
--- /run/systemd/sessions
drwxr-xr-x 755 root:root /run/systemd/sessions type=directory
ln: failed to create symbolic link '/run/systemd/sessions.link': Permission denied
bash: line 6: /run/systemd/sessions: Is a directory
--- /var/lib/systemd/linger/attacker
-rw-r--r-- 644 root:root /var/lib/systemd/linger/attacker type=regular empty file
ln: failed to create symbolic link '/var/lib/systemd/linger/attacker.link': Permission denied
bash: line 6: /var/lib/systemd/linger/attacker: Permission denied
rc=0
## root proof before cleanup
ROOT_PROOF=no
uid=1001(attacker) gid=1001(attacker) groups=1001(attacker)
## cleanup and health
ABSENT /root/pam_namespace_user_runtime_root_marker
ABSENT /home/attacker/pam_namespace_user_runtime
ABSENT /var/lib/systemd/linger/attacker
ABSENT /var/lib/systemd/linger/selfauth
ABSENT /tmp/pam_namespace_user_runtime_user_service_id
running
