
===== target identity and package state =====
PRETTY_NAME="Ubuntu 24.04.4 LTS"
NAME="Ubuntu"
VERSION_ID="24.04"
VERSION="24.04.4 LTS (Noble Numbat)"
VERSION_CODENAME=noble
ID=ubuntu
ID_LIKE=debian
HOME_URL="https://www.ubuntu.com/"
SUPPORT_URL="https://help.ubuntu.com/"
BUG_REPORT_URL="https://bugs.launchpad.net/ubuntu/"
Linux bf51bb670420 6.10.14-linuxkit #1 SMP Sat May 17 08:28:57 UTC 2025 aarch64 aarch64 aarch64 GNU/Linux
uid=1001(attacker) gid=1001(attacker) groups=1001(attacker)
attacker : attacker
attacker:x:1001:1001::/home/attacker:/bin/bash
attacker:!...

packages:
base-files	13ubuntu10.4	ii 
fwupd	1.9.34-0ubuntu1~24.04.1	ii 
landscape-common	24.02-0ubuntu5.7	ii 
libpam-modules:arm64	1.5.3-5ubuntu5.5	ii 
libpam-runtime	1.5.3-5ubuntu5.5	ii 
libpam0g:arm64	1.5.3-5ubuntu5.5	ii 
login	1:4.13+dfsg1-4ubuntu3.2	ii 
openssh-client	1:9.6p1-3ubuntu13.16	ii 
openssh-server		un 
passwd	1:4.13+dfsg1-4ubuntu3.2	ii 
systemd	255.4-1ubuntu8.15	ii 
ubuntu-pro-client	37.2ubuntu~24.04	ii 
ubuntu-release-upgrader-core	1:24.04.28	ii 
update-manager-core	1:24.04.12	ii 
update-notifier-common	3.192.68.2	ii 
util-linux	2.39.3-9ubuntu6.5	ii 

===== default PAM/login/update-motd anchors =====
pam_motd references:
/etc/pam.d/login:33:session    optional   pam_motd.so motd=/run/motd.dynamic
/etc/pam.d/login:34:session    optional   pam_motd.so noupdate
--- /etc/pam.d/login
     1	#
     2	# The PAM configuration file for the Shadow `login' service
     3	#
     4	
     5	# Enforce a minimal delay in case of failure (in microseconds).
     6	# (Replaces the `FAIL_DELAY' setting from login.defs)
     7	# Note that other modules may require another minimal delay. (for example,
     8	# to disable any delay, you should add the nodelay option to pam_unix)
     9	auth       optional   pam_faildelay.so  delay=3000000
    10	
    11	# Outputs an issue file prior to each login prompt (Replaces the
    12	# ISSUE_FILE option from login.defs). Uncomment for use
    13	# auth       required   pam_issue.so issue=/etc/issue
    14	
    15	# Disallows other than root logins when /etc/nologin exists
    16	# (Replaces the `NOLOGINS_FILE' option from login.defs)
    17	auth       requisite  pam_nologin.so
    18	
    19	# SELinux needs to be the first session rule. This ensures that any
    20	# lingering context has been cleared. Without this it is possible
    21	# that a module could execute code in the wrong domain.
    22	# When the module is present, "required" would be sufficient (When SELinux
    23	# is disabled, this returns success.)
    24	session [success=ok ignore=ignore module_unknown=ignore default=bad] pam_selinux.so close
    25	
    26	# Sets the loginuid process attribute
    27	session    required     pam_loginuid.so
    28	
    29	# Prints the message of the day upon successful login.
    30	# (Replaces the `MOTD_FILE' option in login.defs)
    31	# This includes a dynamically generated part from /run/motd.dynamic
    32	# and a static (admin-editable) part from /etc/motd.
    33	session    optional   pam_motd.so motd=/run/motd.dynamic
    34	session    optional   pam_motd.so noupdate
    35	
    36	# SELinux needs to intervene at login time to ensure that the process
    37	# starts in the proper default security context. Only sessions which are
    38	# intended to run in the user's context should be run after this.
    39	# pam_selinux.so changes the SELinux context of the used TTY and configures
    40	# SELinux in order to transition to the user context with the next execve()
    41	# call.
    42	session [success=ok ignore=ignore module_unknown=ignore default=bad] pam_selinux.so open
    43	# When the module is present, "required" would be sufficient (When SELinux
    44	# is disabled, this returns success.)
    45	
    46	# This module parses environment configuration file(s)
    47	# and also allows you to use an extended config
    48	# file /etc/security/pam_env.conf.
    49	# 
    50	# parsing /etc/environment needs "readenv=1"
    51	session       required   pam_env.so readenv=1
    52	# locale variables can also be set in /etc/default/locale
    53	# reading this file *in addition to /etc/environment* does not hurt
    54	session       required   pam_env.so readenv=1 envfile=/etc/default/locale
    55	
    56	# Standard Un*x authentication.
    57	@include common-auth
    58	
    59	# This allows certain extra groups to be granted to a user
    60	# based on things like time of day, tty, service, and user.
    61	# Please edit /etc/security/group.conf to fit your needs
    62	# (Replaces the `CONSOLE_GROUPS' option in login.defs)
    63	auth       optional   pam_group.so
    64	
    65	# Uncomment and edit /etc/security/time.conf if you need to set
    66	# time restraint on logins.
    67	# (Replaces the `PORTTIME_CHECKS_ENAB' option from login.defs
    68	# as well as /etc/porttime)
    69	# account    requisite  pam_time.so
    70	
    71	# Uncomment and edit /etc/security/access.conf if you need to
    72	# set access limits.
    73	# (Replaces /etc/login.access file)
    74	# account  required       pam_access.so
    75	
    76	# Sets up user limits according to /etc/security/limits.conf
    77	# (Replaces the use of /etc/limits in old login)
    78	session    required   pam_limits.so
    79	
    80	# Prints the last login info upon successful login
    81	# (Replaces the `LASTLOG_ENAB' option from login.defs)
    82	session    optional   pam_lastlog.so
    83	
    84	# Prints the status of the user's mailbox upon successful login
    85	# (Replaces the `MAIL_CHECK_ENAB' option from login.defs). 
    86	#
    87	# This also defines the MAIL environment variable
    88	# However, userdel also needs MAIL_DIR and MAIL_FILE variables
    89	# in /etc/login.defs to make sure that removing a user 
    90	# also removes the user's mail spool file.
    91	# See comments in /etc/login.defs
    92	session    optional   pam_mail.so standard
    93	
    94	# Create a new session keyring.
    95	session    optional   pam_keyinit.so force revoke
    96	
    97	# Standard Un*x account and session
    98	@include common-account
    99	@include common-session
   100	@include common-password
--- /etc/pam.d/su
     1	#
     2	# The PAM configuration file for the Shadow `su' service
     3	#
     4	
     5	# This allows root to su without passwords (normal operation)
     6	auth       sufficient pam_rootok.so
     7	
     8	# Uncomment this to force users to be a member of group wheel
     9	# before they can use `su'. You can also add "group=foo"
    10	# to the end of this line if you want to use a group other
    11	# than the default "wheel" (but this may have side effect of
    12	# denying "root" user, unless she's a member of "foo" or explicitly
    13	# permitted earlier by e.g. "sufficient pam_rootok.so").
    14	# (Replaces the `SU_WHEEL_ONLY' option from login.defs)
    15	# auth       required   pam_wheel.so
    16	
    17	# Uncomment this if you want wheel members to be able to
    18	# su without a password.
    19	# auth       sufficient pam_wheel.so trust
    20	
    21	# Uncomment this if you want members of a specific group to not
    22	# be allowed to use su at all.
    23	# auth       required   pam_wheel.so deny group=nosu
    24	
    25	# Uncomment and edit /etc/security/time.conf if you need to set
    26	# time restrainst on su usage.
    27	# (Replaces the `PORTTIME_CHECKS_ENAB' option from login.defs
    28	# as well as /etc/porttime)
    29	# account    requisite  pam_time.so
    30	
    31	# This module parses environment configuration file(s)
    32	# and also allows you to use an extended config
    33	# file /etc/security/pam_env.conf.
    34	# 
    35	# parsing /etc/environment needs "readenv=1"
    36	session       required   pam_env.so readenv=1
    37	# locale variables are also kept into /etc/default/locale in etch
    38	# reading this file *in addition to /etc/environment* does not hurt
    39	session       required   pam_env.so readenv=1 envfile=/etc/default/locale
    40	
    41	# Defines the MAIL environment variable
    42	# However, userdel also needs MAIL_DIR and MAIL_FILE variables
    43	# in /etc/login.defs to make sure that removing a user 
    44	# also removes the user's mail spool file.
    45	# See comments in /etc/login.defs
    46	#
    47	# "nopen" stands to avoid reporting new mail when su'ing to another user
    48	session    optional   pam_mail.so nopen
    49	
    50	# Sets up user limits according to /etc/security/limits.conf
    51	# (Replaces the use of /etc/limits in old login)
    52	session    required   pam_limits.so
    53	
    54	# The standard Unix authentication modules, used with
    55	# NIS (man nsswitch) as well as normal /etc/passwd and
    56	# /etc/shadow entries.
    57	@include common-auth
    58	@include common-account
    59	@include common-session
    60	
    61	
--- /etc/pam.d/runuser
     1	#%PAM-1.0
     2	auth		sufficient	pam_rootok.so
     3	session		optional	pam_keyinit.so revoke
     4	session		required	pam_limits.so
     5	session		required	pam_unix.so
--- /etc/pam.d/runuser-l
     1	#%PAM-1.0
     2	auth		include		runuser
     3	session		optional	pam_keyinit.so force revoke
     4	-session	optional	pam_systemd.so
     5	session		include		runuser
--- /etc/pam.d/common-session
     1	#
     2	# /etc/pam.d/common-session - session-related modules common to all services
     3	#
     4	# This file is included from other service-specific PAM config files,
     5	# and should contain a list of modules that define tasks to be performed
     6	# at the start and end of interactive sessions.
     7	#
     8	# As of pam 1.0.1-6, this file is managed by pam-auth-update by default.
     9	# To take advantage of this, it is recommended that you configure any
    10	# local modules either before or after the default block, and use
    11	# pam-auth-update to manage selection of other modules.  See
    12	# pam-auth-update(8) for details.
    13	
    14	# here are the per-package modules (the "Primary" block)
    15	session	[default=1]			pam_permit.so
    16	# here's the fallback if no module succeeds
    17	session	requisite			pam_deny.so
    18	# prime the stack with a positive return value if there isn't one already;
    19	# this avoids us returning an error just because nothing sets a success code
    20	# since the modules above will each just jump around
    21	session	required			pam_permit.so
    22	# The pam_umask module will set the umask according to the system default in
    23	# /etc/login.defs and user settings, solving the problem of different
    24	# umask settings with different shells, display managers, remote sessions etc.
    25	# See "man pam_umask".
    26	session optional			pam_umask.so
    27	# and here are more per-package modules (the "Additional" block)
    28	session	required	pam_unix.so 
    29	session	optional	pam_systemd.so 
    30	# end of pam-auth-update config
--- /etc/pam.d/common-session-noninteractive
     1	#
     2	# /etc/pam.d/common-session-noninteractive - session-related modules
     3	# common to all non-interactive services
     4	#
     5	# This file is included from other service-specific PAM config files,
     6	# and should contain a list of modules that define tasks to be performed
     7	# at the start and end of all non-interactive sessions.
     8	#
     9	# As of pam 1.0.1-6, this file is managed by pam-auth-update by default.
    10	# To take advantage of this, it is recommended that you configure any
    11	# local modules either before or after the default block, and use
    12	# pam-auth-update to manage selection of other modules.  See
    13	# pam-auth-update(8) for details.
    14	
    15	# here are the per-package modules (the "Primary" block)
    16	session	[default=1]			pam_permit.so
    17	# here's the fallback if no module succeeds
    18	session	requisite			pam_deny.so
    19	# prime the stack with a positive return value if there isn't one already;
    20	# this avoids us returning an error just because nothing sets a success code
    21	# since the modules above will each just jump around
    22	session	required			pam_permit.so
    23	# The pam_umask module will set the umask according to the system default in
    24	# /etc/login.defs and user settings, solving the problem of different
    25	# umask settings with different shells, display managers, remote sessions etc.
    26	# See "man pam_umask".
    27	session optional			pam_umask.so
    28	# and here are more per-package modules (the "Additional" block)
    29	session	required	pam_unix.so 
    30	# end of pam-auth-update config
--- /etc/pam.d/other
     1	#
     2	# /etc/pam.d/other - specify the PAM fallback behaviour
     3	#
     4	# Note that this file is used for any unspecified service; for example
     5	#if /etc/pam.d/cron  specifies no session modules but cron calls
     6	#pam_open_session, the session module out of /etc/pam.d/other is
     7	#used.  If you really want nothing to happen then use pam_permit.so or
     8	#pam_deny.so as appropriate.
     9	
    10	# We fall back to the system default in /etc/pam.d/common-*
    11	# 
    12	
    13	@include common-auth
    14	@include common-account
    15	@include common-password
    16	@include common-session
--- /etc/pam.d/sshd MISSING

login-like binary modes:
-rwxr-xr-x root:root /usr/bin/login
-rwxr-xr-x root:root /bin/login
-rwsr-xr-x root:root /usr/bin/su
-rwsr-xr-x root:root /bin/su
-rwxr-xr-x root:root /usr/sbin/runuser
-rwxr-xr-x root:root /usr/bin/loginctl
-rwxr-xr-x root:root /usr/bin/ssh

update-motd scripts:
-rwxr-xr-x root:root /etc/update-motd.d/00-header
-rwxr-xr-x root:root /etc/update-motd.d/10-help-text
-rwxr-xr-x root:root /etc/update-motd.d/50-motd-news
-rwxr-xr-x root:root /etc/update-motd.d/60-unminimize
-rwxr-xr-x root:root /etc/update-motd.d/85-fwupd
-rwxr-xr-x root:root /etc/update-motd.d/90-updates-available
-rwxr-xr-x root:root /etc/update-motd.d/91-contract-ua-esm-status
-rwxr-xr-x root:root /etc/update-motd.d/91-release-upgrade
-rwxr-xr-x root:root /etc/update-motd.d/92-unattended-upgrades
-rwxr-xr-x root:root /etc/update-motd.d/95-hwe-eol
-rwxr-xr-x root:root /etc/update-motd.d/97-overlayroot
-rwxr-xr-x root:root /etc/update-motd.d/98-fsck-at-reboot
-rwxr-xr-x root:root /etc/update-motd.d/98-reboot-required
--- /etc/update-motd.d/00-header
#!/bin/sh
#
#    00-header - create the header of the MOTD
#    Copyright (C) 2009-2010 Canonical Ltd.
#
#    Authors: Dustin Kirkland <kirkland@canonical.com>
#
#    This program is free software; you can redistribute it and/or modify
#    it under the terms of the GNU General Public License as published by
#    the Free Software Foundation; either version 2 of the License, or
#    (at your option) any later version.
#
#    This program is distributed in the hope that it will be useful,
#    but WITHOUT ANY WARRANTY; without even the implied warranty of
#    MERCHANTABILITY or FITNESS FOR A PARTICULAR PURPOSE.  See the
#    GNU General Public License for more details.
#
#    You should have received a copy of the GNU General Public License along
#    with this program; if not, write to the Free Software Foundation, Inc.,
#    51 Franklin Street, Fifth Floor, Boston, MA 02110-1301 USA.

[ -r /etc/lsb-release ] && . /etc/lsb-release

if [ -z "$DISTRIB_DESCRIPTION" ] && [ -x /usr/bin/lsb_release ]; then
	# Fall back to using the very slow lsb_release utility
	DISTRIB_DESCRIPTION=$(lsb_release -s -d)
fi

printf "Welcome to %s (%s %s %s)\n" "$DISTRIB_DESCRIPTION" "$(uname -o)" "$(uname -r)" "$(uname -m)"
--- /etc/update-motd.d/10-help-text
#!/bin/sh
#
#    10-help-text - print the help text associated with the distro
#    Copyright (C) 2009-2010 Canonical Ltd.
#
#    Authors: Dustin Kirkland <kirkland@canonical.com>,
#             Brian Murray <brian@canonical.com>
#
#    This program is free software; you can redistribute it and/or modify
#    it under the terms of the GNU General Public License as published by
#    the Free Software Foundation; either version 2 of the License, or
#    (at your option) any later version.
#
#    This program is distributed in the hope that it will be useful,
#    but WITHOUT ANY WARRANTY; without even the implied warranty of
#    MERCHANTABILITY or FITNESS FOR A PARTICULAR PURPOSE.  See the
#    GNU General Public License for more details.
#
#    You should have received a copy of the GNU General Public License along
#    with this program; if not, write to the Free Software Foundation, Inc.,
#    51 Franklin Street, Fifth Floor, Boston, MA 02110-1301 USA.

printf "\n"
printf " * Documentation:  https://help.ubuntu.com\n"
printf " * Management:     https://landscape.canonical.com\n"
printf " * Support:        https://ubuntu.com/pro\n"
--- /etc/update-motd.d/50-landscape-sysinfo
#!/bin/sh

# don't try refresh this more than once per minute
# Due to cpu consumption and login delays (LP: #1893716)
CACHE="/var/lib/landscape/landscape-sysinfo.cache"
HAS_CACHE="FALSE"
CACHE_NEEDS_UPDATE="FALSE"

[ -r "$CACHE" ] && HAS_CACHE="TRUE"
[ -z "$(find "$CACHE" -newermt 'now-1 minutes' 2> /dev/null)" ] && CACHE_NEEDS_UPDATE="TRUE"

if [ "$HAS_CACHE" = "TRUE" ] && [ "$CACHE_NEEDS_UPDATE" = "FALSE" ]; then
    cat "$CACHE"
else
    SYSINFO=""

    # pam_motd does not carry the environment
    [ -f /etc/default/locale ] && . /etc/default/locale
    export LANG
    CORES=$(grep -c ^processor /proc/cpuinfo 2>/dev/null)
    [ "$CORES" -eq "0" ] && CORES=1
    THRESHOLD="${CORES:-1}.0"

    if [ $(echo "`cut -f1 -d ' ' /proc/loadavg` < $THRESHOLD" | bc) -eq 1 ]; then
        SYSINFO=$(printf "\n System information as of %s\n\n%s\n" \
            "$(/bin/date)" \
            "$(/usr/bin/landscape-sysinfo)")
        echo "$SYSINFO" 2>/dev/null >"$CACHE" || true
        chmod 0644 "$CACHE" 2>/dev/null || true
    else
        SYSINFO=$(printf "\n System information disabled due to load higher than %s\n" "$THRESHOLD")

        if [ "$HAS_CACHE" = "TRUE" ]; then
            if ! grep -q "System information as of" $CACHE 2>/dev/null; then
                # do not replace a formerly good result due to load
                echo "$SYSINFO" 2>/dev/null >"$CACHE" || true
                chmod 0644 "$CACHE" 2>/dev/null || true
            else
                SYSINFO=$(cat "$CACHE")
            fi
        fi
    fi

    printf "%s\n" "$SYSINFO"
fi

exit 0
--- /etc/update-motd.d/50-motd-news
#!/bin/sh
#
#    50-motd-news - print the live news from the Ubuntu wire
#    Copyright (C) 2016-2020 Canonical Ltd.
#    Copyright (C) 2016-2017 Dustin Kirkland
#
#    Authors: Dustin Kirkland <kirkland@canonical.com>
#             Steve Langasek <steve.langasek@canonical.com>
#
#    This program is free software; you can redistribute it and/or modify
#    it under the terms of the GNU General Public License as published by
#    the Free Software Foundation; either version 2 of the License, or
#    (at your option) any later version.
#
#    This program is distributed in the hope that it will be useful,
#    but WITHOUT ANY WARRANTY; without even the implied warranty of
#    MERCHANTABILITY or FITNESS FOR A PARTICULAR PURPOSE.  See the
#    GNU General Public License for more details.
#
#    You should have received a copy of the GNU General Public License along
#    with this program; if not, write to the Free Software Foundation, Inc.,
#    51 Franklin Street, Fifth Floor, Boston, MA 02110-1301 USA.

##############################################################################
# This program could be rewritten in C or Golang for faster performance.
# Or it could be rewritten in Python or another higher level language
# for more modularity.
# However, I've insisted on shell here for transparency!
#                                                                     - Dustin
##############################################################################

# Source the local configuration
[ -r /etc/default/motd-news ] && . /etc/default/motd-news

# Exit immediately, unless we're enabled
# This makes this script very easy to disable in /etc/default/motd-news configuration
[ "$ENABLED" = "1" ] || exit 0

# Ensure sane defaults
[ -n "$URLS" ] || URLS="https://motd.ubuntu.com"
[ -n "$WAIT" ] || WAIT=5
[ -n "$CACHE" ] || CACHE="/var/cache/motd-news"
[ "$1" = "--force" ] && FORCED=1

# Ensure we print safely, maximum of the first 10 lines,
# maximum of the first 80 chars per line, no control chars
safe_print() {
	cat "$1" | head -n 10 | tr -d '\000-\011\013\014\016-\037' | cut -c -80
}


# If we're not forcing an update, and we have a cached motd-news file,
# then just print it and exit as quickly as possible, for login performance.
# Note that systemd should keep this cache file up to date, asynchronously
if [ "$FORCED" != "1" ]; then
  	if [ -r $CACHE ]; then
		echo
		safe_print $CACHE
	elif [ "$(id -u)" -eq 0 ]; then
		: > $CACHE
	fi
	exit 0
fi

# If we've made it here, we've been given the --force argument,
# probably from the systemd motd-news.service.  Let's update...

# Abort early if wget is missing
[ -x /usr/bin/wget ] || exit 0

# Generate our temp files, clean up when done
NEWS=$(mktemp) || exit 1
ERR=$(mktemp) || exit 1
CLOUD=$(mktemp) || exit 1
trap "rm -f $NEWS $ERR $CLOUD" HUP INT QUIT ILL TRAP KILL BUS TERM

# Construct a user agent, similar to Firefox/Chrome/Safari/IE to
# ensure a proper, tailored, accurate message of the day

# wget browser version, for debug purposes
wget_ver="$(dpkg -l wget | awk '$1 == "ii" { print($3); exit(0); }')"

# Distribution version, for messages releated to this Ubuntu release
. /etc/lsb-release
lsb=$(echo "$DISTRIB_DESCRIPTION" | sed -e "s/ /\//g")
codename="$DISTRIB_CODENAME"

# Kernel version and CPU type, for messages related to a particular revision or hardware
platform="$(uname -o)/$(uname -r)/$(uname -m)"
arch="$(uname -m)"
cpu="$(grep -m1 "^model name" /proc/cpuinfo | sed -e "s/.*: //" -e "s:\s\+:/:g")"
cloud_id="unknown"
if [ -x /usr/bin/cloud-id ]; then
    /usr/bin/cloud-id > "$CLOUD" 2>/dev/null
    if [ "$?" -eq "0" ]; then
        # sanitize it a bit, just in case
        cloud_id=$(cut -c -40 "${CLOUD}" | tr -c -d '[:alnum:]')
        if [ -z "${cloud_id}" ]; then
            cloud_id="unknown"
        fi
    fi
fi

# Piece together the user agent
USER_AGENT="wget/$wget_ver $lsb $platform $cpu cloud_id/$cloud_id"

# Loop over any configured URLs
for u in $URLS; do
	# Ensure https:// protocol, for security reasons
	case $u in
		https://*)
			true
		;;
		https://motd.ubuntu.com)
			u="$u/$codename/$arch"
		;;
		*)
			continue
		;;
	esac
	# If we're forced, set the wait to much higher (1 minute)
	[ "$FORCED" = "1" ] && WAIT=60
	# Fetch and print the news motd
	result=0
	not_found_is_ok=0
	wget --timeout "$WAIT" -U "$USER_AGENT" -O- --content-on-error "$u" >"$NEWS" 2>"$ERR" || result=$?
	# from wget's manpage: 8   Server issued an error response.
	if [ $result -eq 8 ]; then
		if grep -q "ERROR 404" "$ERR"; then
			# The server's 404 document is the generic, non cloud-specific, motd-news
			# content present in the index.txt file
			not_found_is_ok=1
		fi
	fi
	if [ $result -eq 0 ] || [ $not_found_is_ok -eq 1 ]; then
		echo
		# At most, 10 lines of text, remove control characters, print at most 80 characters per line
		safe_print "$NEWS"
		# Try to update the cache
		safe_print "$NEWS" 2>/dev/null >$CACHE || true
	else
		: > "$CACHE"
 	fi
done
rm -f "$NEWS" "$ERR" "$CLOUD"
exit 0
--- /etc/update-motd.d/60-unminimize
#!/bin/sh
#
# This file is not managed by a package.  If you no longer want to
# see this message you can safely remove the file.
echo ""
echo "This system has been minimized by removing packages and content that are"
echo "not required on a system that users do not log into."
echo ""
echo "To restore this content, you can run the 'unminimize' command."
--- /etc/update-motd.d/85-fwupd
#!/bin/sh

if [ -f /run/motd.d/85-fwupd ]; then
        cat /run/motd.d/85-fwupd
fi
--- /etc/update-motd.d/90-updates-available
#!/bin/sh

stamp="/var/lib/update-notifier/updates-available"

[ ! -r "$stamp" ] || cat "$stamp"

find $stamp -newermt 'now-7 days' 2> /dev/null | grep -q -m 1 '.' || /usr/share/update-notifier/notify-updates-outdated
--- /etc/update-motd.d/91-contract-ua-esm-status
#!/bin/sh
contract_status_stamp="/var/lib/ubuntu-advantage/messages/motd-contract-status"

[ ! -r "$contract_status_stamp" ] || cat "$contract_status_stamp"

auto_attach_stamp="/var/lib/ubuntu-advantage/messages/motd-auto-attach-status"

[ ! -r "$auto_attach_stamp" ] || cat "$auto_attach_stamp"
--- /etc/update-motd.d/91-release-upgrade
#!/bin/sh

# if the current release is under development there won't be a new one
[ -r /etc/lsb-release ] && . /etc/lsb-release
if [ -z "$DISTRIB_DESCRIPTION" ] && command -v lsb_release > /dev/null; then
    DISTRIB_DESCRIPTION=$(lsb_release -s -d)
fi

if [ "$(echo "$DISTRIB_DESCRIPTION" | cut -d' ' -f4)" = "(development" ]; then
    exit 0
fi

# if it is non-root user, skip
if [ $(id -u) -ne 0 ]; then
    exit 0
fi

if [ -x /usr/lib/ubuntu-release-upgrader/release-upgrade-motd ]; then
    exec /usr/lib/ubuntu-release-upgrader/release-upgrade-motd
fi
--- /etc/update-motd.d/92-unattended-upgrades
#!/bin/sh

if [ -x /usr/share/unattended-upgrades/update-motd-unattended-upgrades ]; then
    exec /usr/share/unattended-upgrades/update-motd-unattended-upgrades
fi
--- /etc/update-motd.d/95-hwe-eol
#!/bin/sh

# this stamp is created and updated by /usr/lib/update-notifier/update-motd-hwe-eol
stamp="/var/lib/update-notifier/hwe-eol"

# do not try to refresh this more than once per day
[ -z "$(find "$stamp" -newermt 'now-1 days' 2> /dev/null)" ] && exit 0

if [ -x /usr/lib/update-notifier/update-motd-hwe-eol ]; then
    exec /usr/lib/update-notifier/update-motd-hwe-eol
fi
--- /etc/update-motd.d/97-overlayroot
#!/bin/sh

(egrep "overlayroot|/media/root-ro|/media/root-rw" /proc/mounts 2>/dev/null | sort -r) || true
echo
--- /etc/update-motd.d/98-fsck-at-reboot
#!/bin/sh

if [ -x /usr/lib/update-notifier/update-motd-fsck-at-reboot ]; then
    exec /usr/lib/update-notifier/update-motd-fsck-at-reboot
fi--- /etc/update-motd.d/98-reboot-required
#!/bin/sh

if [ -x /usr/lib/update-notifier/update-motd-reboot-required ]; then
    exec /usr/lib/update-notifier/update-motd-reboot-required
fi
===== cache and state ownership / writable boundaries =====
drwxr-xr-x root:root directory /run
-rw-r--r-- root:root regular file /run/motd.dynamic
MISSING /run/motd.d
MISSING /etc/motd
drwxr-xr-x root:root directory /etc/update-motd.d
-rw-r--r-- root:root regular file /etc/default/motd-news
drwxr-xr-x root:root directory /var/cache
-rw-r--r-- root:root regular file /var/cache/motd-news
drwxr-xr-x landscape:landscape directory /var/lib/landscape
-rw-r--r-- root:root regular file /var/lib/landscape/landscape-sysinfo.cache
drwxr-xr-x root:root directory /var/lib/update-notifier
-rw-r--r-- root:root regular file /var/lib/update-notifier/updates-available
drwxr-xr-x root:root directory /var/lib/update-notifier/package-data-downloads
drwxr-xr-x root:root directory /var/lib/ubuntu-advantage
MISSING /var/lib/ubuntu-advantage/messages
drwxr-xr-x root:root directory /run/ubuntu-advantage
MISSING /var/lib/fwupd
MISSING /var/cache/fwupdmgr
drwxr-xr-x root:root directory /var/lib/apt/periodic
drwxr-xr-x root:root directory /var/lib/update-manager
drwxr-xr-x root:root directory /var/lib/ubuntu-release-upgrader

namei key paths:
f: /run/motd.dynamic
drwxr-xr-x root root /
drwxr-xr-x root root run
-rw-r--r-- root root motd.dynamic
f: /var/cache/motd-news
drwxr-xr-x root root /
drwxr-xr-x root root var
drwxr-xr-x root root cache
-rw-r--r-- root root motd-news
f: /var/lib/landscape/landscape-sysinfo.cache
drwxr-xr-x root      root      /
drwxr-xr-x root      root      var
drwxr-xr-x root      root      lib
drwxr-xr-x landscape landscape landscape
-rw-r--r-- root      root      landscape-sysinfo.cache
f: /var/lib/update-notifier/updates-available
drwxr-xr-x root      root      /
drwxr-xr-x root      root      var
drwxr-xr-x root      root      lib
drwxr-xr-x root      root      update-notifier
-rw-r--r-- root      root      updates-available
f: /var/lib/ubuntu-advantage/messages
drwxr-xr-x root      root      /
drwxr-xr-x root      root      var
drwxr-xr-x root      root      lib
drwxr-xr-x root      root      ubuntu-advantage
                                messages - No such file or directory
f: /var/lib/fwupd/pending.db
drwxr-xr-x root      root      /
drwxr-xr-x root      root      var
drwxr-xr-x root      root      lib
                                fwupd - No such file or directory

attacker symlink/write attempts into root cache/state paths:
-- /run/motd.dynamic
ln: failed to create symbolic link '/run/motd.dynamic': File exists
bash: line 1: /run/motd.dynamic: Permission denied
-rw-r--r-- root:root regular file /run/motd.dynamic
-- /var/cache/motd-news
ln: failed to create symbolic link '/var/cache/motd-news': File exists
bash: line 1: /var/cache/motd-news: Permission denied
-rw-r--r-- root:root regular file /var/cache/motd-news
-- /var/lib/landscape/landscape-sysinfo.cache
ln: failed to create symbolic link '/var/lib/landscape/landscape-sysinfo.cache': File exists
bash: line 1: /var/lib/landscape/landscape-sysinfo.cache: Permission denied
-rw-r--r-- root:root regular file /var/lib/landscape/landscape-sysinfo.cache
-- /var/lib/update-notifier/updates-available
ln: failed to create symbolic link '/var/lib/update-notifier/updates-available': File exists
bash: line 1: /var/lib/update-notifier/updates-available: Permission denied
-rw-r--r-- root:root regular file /var/lib/update-notifier/updates-available
-- /var/lib/ubuntu-advantage/messages/pam-probe
ln: failed to create symbolic link '/var/lib/ubuntu-advantage/messages/pam-probe': No such file or directory
bash: line 1: /var/lib/ubuntu-advantage/messages/pam-probe: No such file or directory
stat: cannot statx '/var/lib/ubuntu-advantage/messages/pam-probe': No such file or directory
-- /var/lib/fwupd/pending.db
ln: failed to create symbolic link '/var/lib/fwupd/pending.db': No such file or directory
bash: line 1: /var/lib/fwupd/pending.db: No such file or directory
stat: cannot statx '/var/lib/fwupd/pending.db': No such file or directory
rc=0

===== prepare hostile uid1001 payloads =====
-rw-r--r-- attacker:attacker /home/attacker/pam-update-motd-root-scripts-20260517/apt.conf
-rw-r--r-- attacker:attacker /home/attacker/pam-update-motd-root-scripts-20260517/evilhome/.landscape/sysinfo.conf
-rw-r--r-- attacker:attacker /home/attacker/pam-update-motd-root-scripts-20260517/py/sitecustomize.py
-rw-r--r-- attacker:attacker /home/attacker/pam-update-motd-root-scripts-20260517/shellenv.sh
-rwxr-xr-x attacker:attacker /home/attacker/pam-update-motd-root-scripts-20260517/bin/_payload_wrapper
-rwxr-xr-x attacker:attacker /home/attacker/pam-update-motd-root-scripts-20260517/evilhome/.bash_profile
drwxr-xr-x attacker:attacker /home/attacker/pam-update-motd-root-scripts-20260517
drwxr-xr-x attacker:attacker /home/attacker/pam-update-motd-root-scripts-20260517/bin
drwxr-xr-x attacker:attacker /home/attacker/pam-update-motd-root-scripts-20260517/evilhome
drwxr-xr-x attacker:attacker /home/attacker/pam-update-motd-root-scripts-20260517/evilhome/.landscape
drwxr-xr-x attacker:attacker /home/attacker/pam-update-motd-root-scripts-20260517/py
drwxr-xr-x attacker:attacker /home/attacker/pam-update-motd-root-scripts-20260517/ua-data
drwxr-xr-x attacker:attacker /home/attacker/pam-update-motd-root-scripts-20260517/xdg-cache
drwxr-xr-x attacker:attacker /home/attacker/pam-update-motd-root-scripts-20260517/xdg-config
lrwxrwxrwx attacker:attacker /home/attacker/pam-update-motd-root-scripts-20260517/bin/apt-check
lrwxrwxrwx attacker:attacker /home/attacker/pam-update-motd-root-scripts-20260517/bin/cat
lrwxrwxrwx attacker:attacker /home/attacker/pam-update-motd-root-scripts-20260517/bin/date
lrwxrwxrwx attacker:attacker /home/attacker/pam-update-motd-root-scripts-20260517/bin/fwupdmgr
lrwxrwxrwx attacker:attacker /home/attacker/pam-update-motd-root-scripts-20260517/bin/grep
lrwxrwxrwx attacker:attacker /home/attacker/pam-update-motd-root-scripts-20260517/bin/id
lrwxrwxrwx attacker:attacker /home/attacker/pam-update-motd-root-scripts-20260517/bin/landscape-sysinfo
lrwxrwxrwx attacker:attacker /home/attacker/pam-update-motd-root-scripts-20260517/bin/lsb_release
lrwxrwxrwx attacker:attacker /home/attacker/pam-update-motd-root-scripts-20260517/bin/mktemp
lrwxrwxrwx attacker:attacker /home/attacker/pam-update-motd-root-scripts-20260517/bin/pro
lrwxrwxrwx attacker:attacker /home/attacker/pam-update-motd-root-scripts-20260517/bin/python3
lrwxrwxrwx attacker:attacker /home/attacker/pam-update-motd-root-scripts-20260517/bin/sed
lrwxrwxrwx attacker:attacker /home/attacker/pam-update-motd-root-scripts-20260517/bin/systemctl
lrwxrwxrwx attacker:attacker /home/attacker/pam-update-motd-root-scripts-20260517/bin/touch
lrwxrwxrwx attacker:attacker /home/attacker/pam-update-motd-root-scripts-20260517/bin/uname

===== root-only impact canaries if env were injectable =====
motd-news CACHE canary as root:
rc=0
-rw-r--r-- root:root 0 /root/pam-update-motd-root-scripts-20260517.root

run-parts with hostile root env canary:
rc=0
Welcome to Ubuntu 24.04.4 LTS (GNU/Linux 6.10.14-linuxkit aarch64)

 * Documentation:  https://help.ubuntu.com
 * Management:     https://landscape.canonical.com
 * Support:        https://ubuntu.com/pro

 System information as of Sun May 17 19:17:03 UTC 2026

  System load:    4.1       Processes:             25
  Usage of /home: unknown   Users logged in:       0
  Memory usage:   16%       IPv4 address for eth0: 172.17.0.2
  Swap usage:     0%

ROOT_PATH_HIT name=uname uid=0 ruid=0 args=-o
ROOT_PATH_HIT name=uname uid=0 ruid=0 args=-r
ROOT_PATH_HIT name=uname uid=0 ruid=0 args=-m
ROOT_PATH_HIT name=cat uid=0 ruid=0 args=/var/lib/landscape/landscape-sysinfo.ca
ROOT_PATH_HIT name=cat uid=0 ruid=0 args=/root/pam-update-motd-root-scripts-2026

This system has been minimized by removing packages and content that are
not required on a system that users do not log into.

To restore this content, you can run the 'unminimize' command.

Expanded Security Maintenance for Applications is not enabled.

0 updates can be applied immediately.

Enable ESM Apps to receive additional future security updates.
See https://ubuntu.com/esm or run: sudo pro status


-rw-r--r-- root:root 878 /root/pam-update-motd-root-scripts-20260517.root
ROOT_PATH_HIT name=uname uid=0 ruid=0 args=-o
ROOT_PATH_HIT name=uname uid=0 ruid=0 args=-r
ROOT_PATH_HIT name=uname uid=0 ruid=0 args=-m
ROOT_PATH_HIT name=cat uid=0 ruid=0 args=/var/lib/landscape/landscape-sysinfo.cache
ROOT_PATH_HIT name=cat uid=0 ruid=0 args=/root/pam-update-motd-root-scripts-20260517.root
ROOT_PATH_HIT name=cat uid=0 ruid=0 args=/var/lib/update-notifier/updates-available
ROOT_PATH_HIT name=grep uid=0 ruid=0 args=-q -m 1 .
ROOT_PATH_HIT name=id uid=0 ruid=0 args=-u
ROOT_PATH_HIT name=date uid=0 ruid=0 args=+%s
ROOT_PATH_HIT name=grep uid=0 ruid=0 args=-E overlayroot|/media/root-ro|/media/root-rw /proc/mounts
ROOT_PATH_HIT name=id uid=0 ruid=0 args=-u
ROOT_PATH_HIT name=date uid=0 ruid=0 args=-d now - 3405.67 seconds +%s
ROOT_PATH_HIT name=date uid=0 ruid=0 args=+%s
ROOT_PATH_HIT name=cat uid=0 ruid=0 args=/var/lib/update-notifier/fsck-at-reboot

===== exact uid1001 reachable trigger attempts =====
rc=0

markers after uid1001 attempts:
stat: cannot statx '/root/pam-update-motd-root-scripts-20260517.root': No such file or directory
stat: cannot statx '/tmp/pam-update-motd-root-scripts-20260517.tmp': No such file or directory
sed: can't read /tmp/pam-update-motd-root-scripts-20260517.tmp: No such file or directory
sed: can't read /root/pam-update-motd-root-scripts-20260517.root: No such file or directory

===== real PAM login MOTD with hostile inherited env upper-bound =====
openvt_login_rc=8

login/openvt output:
openvt: Couldn't deallocate console 1

login shell env captured after PAM:
LOGIN_SHELL_START
uid=1001(attacker) gid=1001(attacker) groups=1001(attacker)
APT_CONFIG=/home/attacker/pam-update-motd-root-scripts-20260517/apt.conf
CACHE=/root/pam-update-motd-root-scripts-20260517.root
DBUS_SESSION_BUS_ADDRESS=unix:path=/run/user/1001/bus
DEBUGINFOD_URLS=https://debuginfod.ubuntu.com 
ENABLED=1
HOME=/home/attacker
HUSHLOGIN=FALSE
LANG=C.UTF-8
LOGNAME=attacker
MAIL=/var/mail/attacker
PATH=/usr/local/sbin:/usr/local/bin:/usr/sbin:/usr/bin:/sbin:/bin:/usr/games:/usr/local/games:/snap/bin
PWD=/home/attacker
PYTHONPATH=/home/attacker/pam-update-motd-root-scripts-20260517/py
SHELL=/bin/bash
SHLVL=1
TERM=linux
UA_CONFIG_FILE=/home/attacker/pam-update-motd-root-scripts-20260517/uaclient.conf
UA_DATA_DIR=/home/attacker/pam-update-motd-root-scripts-20260517/ua-data
URLS=https://example.invalid
USER=attacker
XDG_CACHE_HOME=/home/attacker/pam-update-motd-root-scripts-20260517/xdg-cache
XDG_CONFIG_HOME=/home/attacker/pam-update-motd-root-scripts-20260517/xdg-config
XDG_DATA_DIRS=/usr/local/share:/usr/share:/var/lib/snapd/desktop
XDG_RUNTIME_DIR=/run/user/1001
XDG_SEAT=seat0
XDG_SESSION_CLASS=user
XDG_SESSION_ID=51
XDG_SESSION_TYPE=tty
XDG_VTNR=1
_=/usr/bin/env
/bin/ls: cannot access '/root/pam-update-motd-root-scripts-20260517.root': Permission denied

markers after PAM login:
stat: cannot statx '/root/pam-update-motd-root-scripts-20260517.root': No such file or directory
stat: cannot statx '/tmp/pam-update-motd-root-scripts-20260517.tmp': No such file or directory
sed: can't read /tmp/pam-update-motd-root-scripts-20260517.tmp: No such file or directory
sed: can't read /root/pam-update-motd-root-scripts-20260517.root: No such file or directory

landscape/user HOME artifacts:
-rw-r--r-- attacker:attacker /home/attacker/pam-update-motd-root-scripts-20260517/apt.conf
-rw-r--r-- attacker:attacker /home/attacker/pam-update-motd-root-scripts-20260517/evilhome/.landscape/sysinfo.conf
-rw-r--r-- attacker:attacker /home/attacker/pam-update-motd-root-scripts-20260517/py/sitecustomize.py
-rw-r--r-- attacker:attacker /home/attacker/pam-update-motd-root-scripts-20260517/shellenv.sh
-rwxr-xr-x attacker:attacker /home/attacker/pam-update-motd-root-scripts-20260517/bin/_payload_wrapper
-rwxr-xr-x attacker:attacker /home/attacker/pam-update-motd-root-scripts-20260517/evilhome/.bash_profile
find: '/home/attacker/.landscape': No such file or directory
-rw-r--r-- root:root 247 /var/lib/landscape/landscape-sysinfo.cache
/home/attacker/pam-update-motd-root-scripts-20260517/py/sitecustomize.py:line = "PY_SITECUSTOMIZE uid=%s euid=%s cwd=%s\n" % (os.getuid(), os.geteuid(), os.getcwd())
/home/attacker/pam-update-motd-root-scripts-20260517/py/sitecustomize.py:        open('/root/pam-update-motd-root-scripts-20260517.root', 'a').write('ROOT_' + line)
/home/attacker/pam-update-motd-root-scripts-20260517/shellenv.sh:if [ "$(/usr/bin/id -u 2>/dev/null)" = 0 ]; then printf 'ROOT_SHELL_ENV_HIT\n' >> /root/pam-update-motd-root-scripts-20260517.root 2>/dev/null || true; fi
/home/attacker/pam-update-motd-root-scripts-20260517/apt.conf:APT::Update::Pre-Invoke { "sh -c 'echo ROOT_APT_CONFIG_HIT uid=$(id -u) >> /root/pam-update-motd-root-scripts-20260517.root'"; };
/home/attacker/pam-update-motd-root-scripts-20260517/apt.conf:DPkg::Pre-Invoke { "sh -c 'echo ROOT_DPKG_CONFIG_HIT uid=$(id -u) >> /root/pam-update-motd-root-scripts-20260517.root'"; };
/home/attacker/pam-update-motd-root-scripts-20260517/bin/sed:printf 'PATH_HIT name=%s uid=%s ruid=%s args=%s\n' "$name" "$uid" "$ruid" "$*" >> /tmp/pam-update-motd-root-scripts-20260517.tmp 2>/dev/null || true
/home/attacker/pam-update-motd-root-scripts-20260517/bin/sed:  printf 'ROOT_PATH_HIT name=%s uid=%s ruid=%s args=%s\n' "$name" "$uid" "$ruid" "$*" >> /root/pam-update-motd-root-scripts-20260517.root 2>/dev/null || true
/home/attacker/pam-update-motd-root-scripts-20260517/bin/lsb_release:printf 'PATH_HIT name=%s uid=%s ruid=%s args=%s\n' "$name" "$uid" "$ruid" "$*" >> /tmp/pam-update-motd-root-scripts-20260517.tmp 2>/dev/null || true
/home/attacker/pam-update-motd-root-scripts-20260517/bin/lsb_release:  printf 'ROOT_PATH_HIT name=%s uid=%s ruid=%s args=%s\n' "$name" "$uid" "$ruid" "$*" >> /root/pam-update-motd-root-scripts-20260517.root 2>/dev/null || true
/home/attacker/pam-update-motd-root-scripts-20260517/bin/cat:printf 'PATH_HIT name=%s uid=%s ruid=%s args=%s\n' "$name" "$uid" "$ruid" "$*" >> /tmp/pam-update-motd-root-scripts-20260517.tmp 2>/dev/null || true
/home/attacker/pam-update-motd-root-scripts-20260517/bin/cat:  printf 'ROOT_PATH_HIT name=%s uid=%s ruid=%s args=%s\n' "$name" "$uid" "$ruid" "$*" >> /root/pam-update-motd-root-scripts-20260517.root 2>/dev/null || true
/home/attacker/pam-update-motd-root-scripts-20260517/bin/pro:printf 'PATH_HIT name=%s uid=%s ruid=%s args=%s\n' "$name" "$uid" "$ruid" "$*" >> /tmp/pam-update-motd-root-scripts-20260517.tmp 2>/dev/null || true
/home/attacker/pam-update-motd-root-scripts-20260517/bin/pro:  printf 'ROOT_PATH_HIT name=%s uid=%s ruid=%s args=%s\n' "$name" "$uid" "$ruid" "$*" >> /root/pam-update-motd-root-scripts-20260517.root 2>/dev/null || true
/home/attacker/pam-update-motd-root-scripts-20260517/bin/apt-check:printf 'PATH_HIT name=%s uid=%s ruid=%s args=%s\n' "$name" "$uid" "$ruid" "$*" >> /tmp/pam-update-motd-root-scripts-20260517.tmp 2>/dev/null || true
/home/attacker/pam-update-motd-root-scripts-20260517/bin/apt-check:  printf 'ROOT_PATH_HIT name=%s uid=%s ruid=%s args=%s\n' "$name" "$uid" "$ruid" "$*" >> /root/pam-update-motd-root-scripts-20260517.root 2>/dev/null || true
/home/attacker/pam-update-motd-root-scripts-20260517/bin/_payload_wrapper:printf 'PATH_HIT name=%s uid=%s ruid=%s args=%s\n' "$name" "$uid" "$ruid" "$*" >> /tmp/pam-update-motd-root-scripts-20260517.tmp 2>/dev/null || true
/home/attacker/pam-update-motd-root-scripts-20260517/bin/_payload_wrapper:  printf 'ROOT_PATH_HIT name=%s uid=%s ruid=%s args=%s\n' "$name" "$uid" "$ruid" "$*" >> /root/pam-update-motd-root-scripts-20260517.root 2>/dev/null || true
/home/attacker/pam-update-motd-root-scripts-20260517/bin/touch:printf 'PATH_HIT name=%s uid=%s ruid=%s args=%s\n' "$name" "$uid" "$ruid" "$*" >> /tmp/pam-update-motd-root-scripts-20260517.tmp 2>/dev/null || true
/home/attacker/pam-update-motd-root-scripts-20260517/bin/touch:  printf 'ROOT_PATH_HIT name=%s uid=%s ruid=%s args=%s\n' "$name" "$uid" "$ruid" "$*" >> /root/pam-update-motd-root-scripts-20260517.root 2>/dev/null || true
/home/attacker/pam-update-motd-root-scripts-20260517/bin/python3:printf 'PATH_HIT name=%s uid=%s ruid=%s args=%s\n' "$name" "$uid" "$ruid" "$*" >> /tmp/pam-update-motd-root-scripts-20260517.tmp 2>/dev/null || true
/home/attacker/pam-update-motd-root-scripts-20260517/bin/python3:  printf 'ROOT_PATH_HIT name=%s uid=%s ruid=%s args=%s\n' "$name" "$uid" "$ruid" "$*" >> /root/pam-update-motd-root-scripts-20260517.root 2>/dev/null || true
/home/attacker/pam-update-motd-root-scripts-20260517/bin/id:printf 'PATH_HIT name=%s uid=%s ruid=%s args=%s\n' "$name" "$uid" "$ruid" "$*" >> /tmp/pam-update-motd-root-scripts-20260517.tmp 2>/dev/null || true
/home/attacker/pam-update-motd-root-scripts-20260517/bin/id:  printf 'ROOT_PATH_HIT name=%s uid=%s ruid=%s args=%s\n' "$name" "$uid" "$ruid" "$*" >> /root/pam-update-motd-root-scripts-20260517.root 2>/dev/null || true
/home/attacker/pam-update-motd-root-scripts-20260517/bin/mktemp:printf 'PATH_HIT name=%s uid=%s ruid=%s args=%s\n' "$name" "$uid" "$ruid" "$*" >> /tmp/pam-update-motd-root-scripts-20260517.tmp 2>/dev/null || true
/home/attacker/pam-update-motd-root-scripts-20260517/bin/mktemp:  printf 'ROOT_PATH_HIT name=%s uid=%s ruid=%s args=%s\n' "$name" "$uid" "$ruid" "$*" >> /root/pam-update-motd-root-scripts-20260517.root 2>/dev/null || true
/home/attacker/pam-update-motd-root-scripts-20260517/bin/fwupdmgr:printf 'PATH_HIT name=%s uid=%s ruid=%s args=%s\n' "$name" "$uid" "$ruid" "$*" >> /tmp/pam-update-motd-root-scripts-20260517.tmp 2>/dev/null || true
/home/attacker/pam-update-motd-root-scripts-20260517/bin/fwupdmgr:  printf 'ROOT_PATH_HIT name=%s uid=%s ruid=%s args=%s\n' "$name" "$uid" "$ruid" "$*" >> /root/pam-update-motd-root-scripts-20260517.root 2>/dev/null || true
/home/attacker/pam-update-motd-root-scripts-20260517/bin/uname:printf 'PATH_HIT name=%s uid=%s ruid=%s args=%s\n' "$name" "$uid" "$ruid" "$*" >> /tmp/pam-update-motd-root-scripts-20260517.tmp 2>/dev/null || true
/home/attacker/pam-update-motd-root-scripts-20260517/bin/uname:  printf 'ROOT_PATH_HIT name=%s uid=%s ruid=%s args=%s\n' "$name" "$uid" "$ruid" "$*" >> /root/pam-update-motd-root-scripts-20260517.root 2>/dev/null || true
/home/attacker/pam-update-motd-root-scripts-20260517/bin/date:printf 'PATH_HIT name=%s uid=%s ruid=%s args=%s\n' "$name" "$uid" "$ruid" "$*" >> /tmp/pam-update-motd-root-scripts-20260517.tmp 2>/dev/null || true
/home/attacker/pam-update-motd-root-scripts-20260517/bin/date:  printf 'ROOT_PATH_HIT name=%s uid=%s ruid=%s args=%s\n' "$name" "$uid" "$ruid" "$*" >> /root/pam-update-motd-root-scripts-20260517.root 2>/dev/null || true
/home/attacker/pam-update-motd-root-scripts-20260517/bin/landscape-sysinfo:printf 'PATH_HIT name=%s uid=%s ruid=%s args=%s\n' "$name" "$uid" "$ruid" "$*" >> /tmp/pam-update-motd-root-scripts-20260517.tmp 2>/dev/null || true
/home/attacker/pam-update-motd-root-scripts-20260517/bin/landscape-sysinfo:  printf 'ROOT_PATH_HIT name=%s uid=%s ruid=%s args=%s\n' "$name" "$uid" "$ruid" "$*" >> /root/pam-update-motd-root-scripts-20260517.root 2>/dev/null || true
/home/attacker/pam-update-motd-root-scripts-20260517/bin/systemctl:printf 'PATH_HIT name=%s uid=%s ruid=%s args=%s\n' "$name" "$uid" "$ruid" "$*" >> /tmp/pam-update-motd-root-scripts-20260517.tmp 2>/dev/null || true
/home/attacker/pam-update-motd-root-scripts-20260517/bin/systemctl:  printf 'ROOT_PATH_HIT name=%s uid=%s ruid=%s args=%s\n' "$name" "$uid" "$ruid" "$*" >> /root/pam-update-motd-root-scripts-20260517.root 2>/dev/null || true
/home/attacker/pam-update-motd-root-scripts-20260517/bin/grep:printf 'PATH_HIT name=%s uid=%s ruid=%s args=%s\n' "$name" "$uid" "$ruid" "$*" >> /tmp/pam-update-motd-root-scripts-20260517.tmp 2>/dev/null || true
/home/attacker/pam-update-motd-root-scripts-20260517/bin/grep:  printf 'ROOT_PATH_HIT name=%s uid=%s ruid=%s args=%s\n' "$name" "$uid" "$ruid" "$*" >> /root/pam-update-motd-root-scripts-20260517.root 2>/dev/null || true
/home/attacker/pam-update-motd-root-scripts-20260517/evilhome/.landscape/sysinfo.conf:sysinfo-plugins = Hostname,TestPlugin
/tmp/pam-update-motd-root-scripts-20260517.root-runparts.out:ROOT_PATH_HIT name=uname uid=0 ruid=0 args=-o
/tmp/pam-update-motd-root-scripts-20260517.root-runparts.out:ROOT_PATH_HIT name=uname uid=0 ruid=0 args=-r
/tmp/pam-update-motd-root-scripts-20260517.root-runparts.out:ROOT_PATH_HIT name=uname uid=0 ruid=0 args=-m
/tmp/pam-update-motd-root-scripts-20260517.root-runparts.out:ROOT_PATH_HIT name=cat uid=0 ruid=0 args=/var/lib/landscape/landscape-sysinfo.ca
/tmp/pam-update-motd-root-scripts-20260517.root-runparts.out:ROOT_PATH_HIT name=cat uid=0 ruid=0 args=/root/pam-update-motd-root-scripts-2026

===== root systemd timer/service triggers with uid1001 payload present but clean manager env =====
system manager env excerpt:
PATH=/usr/local/sbin:/usr/local/bin:/usr/sbin:/usr/bin:/snap/bin
-- root systemctl start motd-news.service
rc=0
-- root systemctl start update-notifier-motd.service
rc=0
-- root systemctl start apt-news.service
rc=0
-- root systemctl start esm-cache.service
rc=0
-- root systemctl start fwupd-refresh.service
Job for fwupd-refresh.service failed because the control process exited with error code.
See "systemctl status fwupd-refresh.service" and "journalctl -xeu fwupd-refresh.service" for details.
rc=1
-- root systemctl start update-notifier-download.service
rc=0

markers after root systemd triggers:
stat: cannot statx '/root/pam-update-motd-root-scripts-20260517.root': No such file or directory
stat: cannot statx '/tmp/pam-update-motd-root-scripts-20260517.tmp': No such file or directory
sed: can't read /root/pam-update-motd-root-scripts-20260517.root: No such file or directory
sed: can't read /tmp/pam-update-motd-root-scripts-20260517.tmp: No such file or directory

===== final health before cleanup =====
degraded
● fwupd-refresh.service loaded failed failed Refresh fwupd metadata and update motd
● udisks2.service       loaded failed failed Disk Manager
ROOT_PROOF=NO
TMP_USER_MARKERS=0

===== supplement exact uid1001 reachability via ssh/login/su/runuser/systemd =====
-- attacker identity and hostile env
uid=1001(attacker) gid=1001(attacker) groups=1001(attacker)
APT_CONFIG=/home/attacker/pam-update-motd-root-scripts-20260517-reach/apt.conf
CACHE=/root/pam-update-motd-root-scripts-20260517.root
ENABLED=1
HOME=/home/attacker/pam-update-motd-root-scripts-20260517-reach/home
PATH=/home/attacker/pam-update-motd-root-scripts-20260517-reach/bin:/usr/local/sbin:/usr/local/bin:/usr/sbin:/usr/bin:/sbin:/bin
PYTHONPATH=/home/attacker/pam-update-motd-root-scripts-20260517-reach/py
URLS=https://example.invalid
-- direct update-motd run-parts as uid1001
direct_runparts_rc=0
Welcome to Ubuntu 24.04.4 LTS (GNU/Linux 6.10.14-linuxkit aarch64)

 * Documentation:  https://help.ubuntu.com
 * Management:     https://landscape.canonical.com
 * Support:        https://ubuntu.com/pro

 System information as of Sun May 17 19:18:29 UTC 2026

  System load:    1.45      Processes:             24
  Usage of /home: unknown   Users logged in:       0
  Memory usage:   17%       IPv4 address for eth0: 172.17.0.2
  Swap usage:     0%

This system has been minimized by removing packages and content that are
not required on a system that users do not log into.

To restore this content, you can run the 'unminimize' command.

Expanded Security Maintenance for Applications is not enabled.

0 updates can be applied immediately.

Enable ESM Apps to receive additional future security updates.
See https://ubuntu.com/esm or run: sudo pro status


-- direct login from uid1001
login: Cannot possibly work without effective root
login_rc=1
login: Cannot possibly work without effective root
login_p_rc=1
-- setuid su from uid1001
Password: su: Authentication failure
su_self_rc=1
Password: su: Authentication failure
su_root_rc=1
-- runuser from uid1001
runuser: may not be used by non-root users
runuser_root_rc=1
-- ssh localhost from uid1001
ssh: connect to host localhost port 22: Connection refused
ssh_rc=255
-- systemd manager/service attempts from uid1001
Failed to set environment: Access denied
systemctl_setenv_rc=1
Failed to start motd-news.service: Interactive authentication required.
See system logs and 'systemctl status motd-news.service' for details.
systemctl_start_motd-news.service_rc=1
Failed to start update-notifier-motd.service: Interactive authentication required.
See system logs and 'systemctl status update-notifier-motd.service' for details.
systemctl_start_update-notifier-motd.service_rc=1
Failed to start apt-news.service: Interactive authentication required.
See system logs and 'systemctl status apt-news.service' for details.
systemctl_start_apt-news.service_rc=1
Failed to start esm-cache.service: Interactive authentication required.
See system logs and 'systemctl status esm-cache.service' for details.
systemctl_start_esm-cache.service_rc=1
Failed to start fwupd-refresh.service: Interactive authentication required.
See system logs and 'systemctl status fwupd-refresh.service' for details.
systemctl_start_fwupd-refresh.service_rc=1
Failed to start update-notifier-download.service: Interactive authentication required.
See system logs and 'systemctl status update-notifier-download.service' for details.
systemctl_start_update-notifier-download.service_rc=1
-- loginctl active/logind assumption from uid1001
loginctl_enable_linger_rc=0
State=opening
Linger=yes
loginctl_show_user_rc=0
-- marker visibility from uid1001
/bin/ls: cannot access '/root/pam-update-motd-root-scripts-20260517.root': Permission denied
-rw-r--r-- 1 attacker attacker 677 May 17 19:18 /tmp/pam-update-motd-root-scripts-20260517.tmp
UID1001_PATH_HIT name=uname uid=1001 ruid=1001 args=-o
UID1001_PATH_HIT name=uname uid=1001 ruid=1001 args=-r
UID1001_PATH_HIT name=uname uid=1001 ruid=1001 args=-m
UID1001_PATH_HIT name=cat uid=1001 ruid=1001 args=/var/lib/landscape/landscape-sysinfo.cache
UID1001_PATH_HIT name=id uid=1001 ruid=1001 args=-u
UID1001_PATH_HIT name=cat uid=1001 ruid=1001 args=/var/lib/update-notifier/updates-available
UID1001_PATH_HIT name=grep uid=1001 ruid=1001 args=-q -m 1 .
UID1001_PATH_HIT name=id uid=1001 ruid=1001 args=-u
UID1001_PATH_HIT name=grep uid=1001 ruid=1001 args=-E overlayroot|/media/root-ro|/media/root-rw /proc/mounts
UID1001_PATH_HIT name=id uid=1001 ruid=1001 args=-u

-- root marker check after supplement --
stat: cannot statx '/root/pam-update-motd-root-scripts-20260517.root': No such file or directory
-rw-r--r-- attacker:attacker 677 /tmp/pam-update-motd-root-scripts-20260517.tmp
sed: can't read /root/pam-update-motd-root-scripts-20260517.root: No such file or directory
UID1001_PATH_HIT name=uname uid=1001 ruid=1001 args=-o
UID1001_PATH_HIT name=uname uid=1001 ruid=1001 args=-r
UID1001_PATH_HIT name=uname uid=1001 ruid=1001 args=-m
UID1001_PATH_HIT name=cat uid=1001 ruid=1001 args=/var/lib/landscape/landscape-sysinfo.cache
UID1001_PATH_HIT name=id uid=1001 ruid=1001 args=-u
UID1001_PATH_HIT name=cat uid=1001 ruid=1001 args=/var/lib/update-notifier/updates-available
UID1001_PATH_HIT name=grep uid=1001 ruid=1001 args=-q -m 1 .
UID1001_PATH_HIT name=id uid=1001 ruid=1001 args=-u
UID1001_PATH_HIT name=grep uid=1001 ruid=1001 args=-E overlayroot|/media/root-ro|/media/root-rw /proc/mounts
UID1001_PATH_HIT name=id uid=1001 ruid=1001 args=-u
ROOT_PROOF_SUPPLEMENT=NO

-- cleanup health --
running
