[2026-05-16T17:13:19+00:00] identity
uid=1001(attacker) gid=1001(attacker) groups=1001(attacker)
uid=1002(selfauth) gid=1002(selfauth) groups=1002(selfauth)
[2026-05-16T17:13:19+00:00] package versions
    dbus	1.14.10-4ubuntu4.1	ii 
    pkexec		un 
    polkitd	124-2ubuntu1.24.04.3	ii 
    python3-update-manager	1:24.04.12	ii 
    ubuntu-release-upgrader-core	1:24.04.28	ii 
    update-manager-core	1:24.04.12	ii 
    update-notifier-common	3.192.68.2	ii 
[2026-05-16T17:13:19+00:00] default files
-rwxr-xr-x root:root /usr/bin/do-release-upgrade
-rwxr-xr-x root:root /usr/lib/ubuntu-release-upgrader/do-partial-upgrade
-rwxr-xr-x root:root /usr/lib/update-notifier/cddistupgrader
-rw-r--r-- root:root /usr/share/polkit-1/actions/com.ubuntu.release-upgrader.policy
-rw-r--r-- root:root /usr/share/polkit-1/actions/com.ubuntu.update-notifier.policy
    pkexec=ABSENT
[2026-05-16T17:13:19+00:00] policy snippets
    /usr/share/polkit-1/actions/com.ubuntu.release-upgrader.policy:10:  <action id="com.ubuntu.release-upgrader.release-upgrade">
    /usr/share/polkit-1/actions/com.ubuntu.release-upgrader.policy:133:    <annotate key="org.freedesktop.policykit.exec.path">/usr/bin/do-release-upgrade</annotate>
    /usr/share/polkit-1/actions/com.ubuntu.release-upgrader.policy:137:      <allow_any>no</allow_any>
    /usr/share/polkit-1/actions/com.ubuntu.release-upgrader.policy:138:      <allow_inactive>no</allow_inactive>
    /usr/share/polkit-1/actions/com.ubuntu.release-upgrader.policy:139:      <allow_active>auth_admin</allow_active>
    /usr/share/polkit-1/actions/com.ubuntu.release-upgrader.policy:143:  <action id="com.ubuntu.release-upgrader.partial-upgrade">
    /usr/share/polkit-1/actions/com.ubuntu.release-upgrader.policy:263:    <annotate key="org.freedesktop.policykit.exec.path">/usr/lib/ubuntu-release-upgrader/do-partial-upgrade</annotate>
    /usr/share/polkit-1/actions/com.ubuntu.release-upgrader.policy:267:      <allow_any>no</allow_any>
    /usr/share/polkit-1/actions/com.ubuntu.release-upgrader.policy:268:      <allow_inactive>no</allow_inactive>
    /usr/share/polkit-1/actions/com.ubuntu.release-upgrader.policy:269:      <allow_active>auth_admin</allow_active>
    /usr/share/polkit-1/actions/com.ubuntu.update-notifier.policy:7:  <action id="com.ubuntu.update-notifier.pkexec.cddistupgrader">
    /usr/share/polkit-1/actions/com.ubuntu.update-notifier.policy:71:      <allow_any>auth_admin</allow_any>
    /usr/share/polkit-1/actions/com.ubuntu.update-notifier.policy:72:      <allow_inactive>auth_admin</allow_inactive>
    /usr/share/polkit-1/actions/com.ubuntu.update-notifier.policy:73:      <allow_active>auth_admin</allow_active>
    /usr/share/polkit-1/actions/com.ubuntu.update-notifier.policy:75:    <annotate key="org.freedesktop.policykit.exec.path">/usr/lib/update-notifier/cddistupgrader</annotate>
    /usr/share/polkit-1/actions/com.ubuntu.update-notifier.policy:79:  <action id="com.ubuntu.update-notifier.pkexec.package-system-locked">
    /usr/share/polkit-1/actions/com.ubuntu.update-notifier.policy:140:      <allow_any>no</allow_any>
    /usr/share/polkit-1/actions/com.ubuntu.update-notifier.policy:141:      <allow_inactive>yes</allow_inactive>
    /usr/share/polkit-1/actions/com.ubuntu.update-notifier.policy:142:      <allow_active>yes</allow_active>
    /usr/share/polkit-1/actions/com.ubuntu.update-notifier.policy:144:    <annotate key="org.freedesktop.policykit.exec.path">/usr/lib/update-notifier/package-system-locked</annotate>
[2026-05-16T17:13:19+00:00] system dbus release-upgrader exposure
[2026-05-16T17:13:19+00:00] attacker direct helper execution
[2026-05-16T17:13:19+00:00] CMD runuser -u attacker -- env -i HOME=/home/attacker USER=attacker LOGNAME=attacker SHELL=/bin/bash PATH=/tmp/release-upgrader-pkexec/bin:/usr/local/sbin:/usr/local/bin:/usr/sbin:/usr/bin:/sbin:/bin PYTHONPATH=/tmp/release-upgrader-pkexec/py /usr/bin/do-release-upgrade --help
    Usage: do-release-upgrade [options]
    
    Options:
      -h, --help            show this help message and exit
      -V, --version         Show version and exit
      -d, --devel-release   If using the latest supported release, upgrade to the
                            development release
      --data-dir=DATA_DIR   Directory that contains the data files
      -p, --proposed        Try upgrading to the latest release using the upgrader
                            from $distro-proposed
      -m MODE, --mode=MODE  Run in a special upgrade mode. Currently 'desktop' for
                            regular upgrades of a desktop system and 'server' for
                            server systems are supported.
      -f FRONTEND, --frontend=FRONTEND
                            Run the specified frontend
      -c, --check-dist-upgrade-only
                            Check only if a new distribution release is available
                            and report the result via the exit code
      --allow-third-party   Try the upgrade with third party mirrors and
                            repositories enabled instead of commenting them out.
      -q, --quiet           
      -e ENV, --env=ENV     A comma-separated list of environment variables (e.g.
                            VAR1=VALUE1,VAR2=VALUE2) that should be set during the
                            upgrade.
[2026-05-16T17:13:19+00:00] RC 0
[2026-05-16T17:13:19+00:00] CMD runuser -u attacker -- env -i HOME=/home/attacker USER=attacker LOGNAME=attacker SHELL=/bin/bash PATH=/tmp/release-upgrader-pkexec/bin:/usr/local/sbin:/usr/local/bin:/usr/sbin:/usr/bin:/sbin:/bin PYTHONPATH=/tmp/release-upgrader-pkexec/py /usr/bin/do-release-upgrade -f DistUpgradeViewNonInteractive -m server -q
[2026-05-16T17:13:19+00:00] RC 1
[2026-05-16T17:13:19+00:00] CMD runuser -u attacker -- env -i HOME=/home/attacker USER=attacker LOGNAME=attacker SHELL=/bin/bash PATH=/tmp/release-upgrader-pkexec/bin:/usr/local/sbin:/usr/local/bin:/usr/sbin:/usr/bin:/sbin:/bin PYTHONPATH=/tmp/release-upgrader-pkexec/py /usr/lib/ubuntu-release-upgrader/do-partial-upgrade
    WARNING:root:estimate_kernel_initrd_size_in_boot() returned '0' for kernel?
    WARNING:root:estimate_kernel_initrd_size_in_boot() returned '0' for initrd?
    Traceback (most recent call last):
      File "/usr/lib/ubuntu-release-upgrader/do-partial-upgrade", line 97, in <module>
        os.execv("/usr/bin/pkexec", ["pkexec"] + sys.argv)
    FileNotFoundError: [Errno 2] No such file or directory
[2026-05-16T17:13:19+00:00] RC 1
[2026-05-16T17:13:19+00:00] CMD runuser -u attacker -- env -i HOME=/home/attacker USER=attacker LOGNAME=attacker SHELL=/bin/bash PATH=/tmp/release-upgrader-pkexec/bin:/usr/local/sbin:/usr/local/bin:/usr/sbin:/usr/bin:/sbin:/bin PYTHONPATH=/tmp/release-upgrader-pkexec/py /usr/lib/update-notifier/cddistupgrader
    tar (child): /*.tar.gz: Cannot open: No such file or directory
    tar (child): Error is not recoverable: exiting now
    tar: Child returned status 2
    tar: Error is not recoverable: exiting now
    can't find file to patch at input line 4
    Perhaps you should have used the -p or --strip option?
    The text leading up to this was:
    --------------------------
    |=== modified file 'UpdateManager/Core/DistUpgradeFetcherCore.py'
    |--- UpdateManager/Core/DistUpgradeFetcherCore.py	2011-07-15 15:32:30 +0000
    |+++ UpdateManager/Core/DistUpgradeFetcherCore.py	2011-11-01 13:22:16 +0000
    --------------------------
    File to patch: 
    Skip this patch? [y] 
    Skipping patch.
    3 out of 3 hunks ignored
    /usr/lib/update-notifier/cddistupgrader: 31: /tmp/distupgrade.8xAT4U/*: not found
[2026-05-16T17:13:19+00:00] RC 127
[2026-05-16T17:13:19+00:00] attacker cannot use pkexec path when pkexec absent
[2026-05-16T17:13:19+00:00] CMD runuser -u attacker -- sh -lc command -v pkexec || true; pkexec /usr/bin/do-release-upgrade --help
    sh: 1: pkexec: not found
[2026-05-16T17:13:19+00:00] RC 127
[2026-05-16T17:13:19+00:00] attacker systemd start attempts
[2026-05-16T17:13:19+00:00] CMD runuser -u attacker -- systemctl start update-notifier-motd.service
    Failed to start update-notifier-motd.service: Interactive authentication required.
    See system logs and 'systemctl status update-notifier-motd.service' for details.
[2026-05-16T17:13:19+00:00] RC 1
[2026-05-16T17:13:19+00:00] CMD runuser -u attacker -- systemctl start update-notifier-download.service
    Failed to start update-notifier-download.service: Interactive authentication required.
    See system logs and 'systemctl status update-notifier-download.service' for details.
[2026-05-16T17:13:19+00:00] RC 1
[2026-05-16T17:13:19+00:00] root marker proof
ROOT_PROOF=no
[2026-05-16T17:13:19+00:00] cleanup
running
