
===== target and default helper proof =====
+ cat /etc/os-release | sed -n "1,8p"; uname -a; id attacker; groups attacker
PRETTY_NAME="Ubuntu 24.04.4 LTS"
NAME="Ubuntu"
VERSION_ID="24.04"
VERSION="24.04.4 LTS (Noble Numbat)"
VERSION_CODENAME=noble
ID=ubuntu
ID_LIKE=debian
HOME_URL="https://www.ubuntu.com/"
Linux 508d797cbad0 6.10.14-linuxkit #1 SMP Sat May 17 08:28:57 UTC 2025 aarch64 aarch64 aarch64 GNU/Linux
uid=1001(attacker) gid=1001(attacker) groups=1001(attacker)
attacker : attacker
rc=0
+ dpkg-query -W -f='${binary:Package}\t${Version}\t${Architecture}\t${source:Package}\t${source:Version}\n' mtr-tiny libgstreamer1.0-0 openssh-client libutempter0 fuse3 util-linux libmount1 2>&1
fuse3	3.14.0-5build1	arm64	fuse3	3.14.0-5build1
libgstreamer1.0-0:arm64	1.24.2-1ubuntu0.1	arm64	gstreamer1.0	1.24.2-1ubuntu0.1
libmount1:arm64	2.39.3-9ubuntu6.5	arm64	util-linux	2.39.3-9ubuntu6.5
libutempter0:arm64	1.2.1-3build1	arm64	libutempter	1.2.1-3build1
mtr-tiny	0.95-1.1ubuntu0.1	arm64	mtr	0.95-1.1ubuntu0.1
openssh-client	1:9.6p1-3ubuntu13.16	arm64	openssh	1:9.6p1-3ubuntu13.16
util-linux	2.39.3-9ubuntu6.5	arm64	util-linux	2.39.3-9ubuntu6.5
rc=0
+ dpkg -V mtr-tiny libgstreamer1.0-0 openssh-client libutempter0 fuse3 util-linux 2>&1; echo dpkg_verify_rc=$?
missing     /usr/share/man/man8/mtr-packet.8.gz
missing     /usr/share/man/man8/mtr.8.gz
missing     /usr/share/doc/openssh-client/NEWS.Debian.gz
missing     /usr/share/doc/openssh-client/OVERVIEW.gz
missing     /usr/share/doc/openssh-client/README
missing     /usr/share/doc/openssh-client/README.Debian.gz
missing     /usr/share/doc/openssh-client/README.dns
missing     /usr/share/doc/openssh-client/README.tun.gz
missing     /usr/share/man/man1/scp.1.gz
missing     /usr/share/man/man1/sftp.1.gz
missing     /usr/share/man/man1/ssh-add.1.gz
missing     /usr/share/man/man1/ssh-agent.1.gz
missing     /usr/share/man/man1/ssh-argv0.1.gz
missing     /usr/share/man/man1/ssh-copy-id.1.gz
missing     /usr/share/man/man1/ssh-keygen.1.gz
missing     /usr/share/man/man1/ssh-keyscan.1.gz
missing     /usr/share/man/man1/ssh.1.gz
missing     /usr/share/man/man5/ssh_config.5.gz
missing     /usr/share/man/man8/ssh-keysign.8.gz
missing     /usr/share/man/man8/ssh-pkcs11-helper.8.gz
missing     /usr/share/man/man8/ssh-sk-helper.8.gz
missing     /usr/share/man/man1/slogin.1.gz
missing     /usr/share/man/man1/fusermount3.1.gz
missing     /usr/share/man/man8/mount.fuse3.8.gz
missing     /usr/share/man/man1/fusermount.1.gz
missing     /usr/share/man/man8/mount.fuse.8.gz
missing     /usr/share/doc/util-linux/00-about-docs.txt
missing     /usr/share/doc/util-linux/AUTHORS.gz
missing     /usr/share/doc/util-linux/PAM-configuration.txt
missing     /usr/share/doc/util-linux/README.Debian
missing     /usr/share/doc/util-linux/blkid.txt
missing     /usr/share/doc/util-linux/cal.txt
missing     /usr/share/doc/util-linux/col.txt
missing     /usr/share/doc/util-linux/deprecated.txt
missing     /usr/share/doc/util-linux/examples/getopt-example.bash
missing     /usr/share/doc/util-linux/examples/getopt-example.tcsh
missing     /usr/share/doc/util-linux/getopt.txt
missing     /usr/share/doc/util-linux/getopt_changelog.txt
missing     /usr/share/doc/util-linux/howto-build-sys.txt
missing     /usr/share/doc/util-linux/howto-compilation.txt
missing     /usr/share/doc/util-linux/howto-contribute.txt.gz
missing     /usr/share/doc/util-linux/howto-debug.txt
missing     /usr/share/doc/util-linux/howto-man-page.txt
missing     /usr/share/doc/util-linux/howto-pull-request.txt.gz
missing     /usr/share/doc/util-linux/howto-tests.txt
missing     /usr/share/doc/util-linux/howto-usage-function.txt.gz
missing     /usr/share/doc/util-linux/hwclock.txt
missing     /usr/share/doc/util-linux/modems-with-agetty.txt
missing     /usr/share/doc/util-linux/mount.txt
missing     /usr/share/doc/util-linux/parse-date.txt.gz
missing     /usr/share/doc/util-linux/pg.txt
missing     /usr/share/doc/util-linux/poeigl.txt.gz
missing     /usr/share/doc/util-linux/release-schedule.txt
missing     /usr/share/doc/util-linux/releases/v2.13-ReleaseNotes.gz
missing     /usr/share/doc/util-linux/releases/v2.14-ReleaseNotes.gz
missing     /usr/share/doc/util-linux/releases/v2.15-ReleaseNotes.gz
missing     /usr/share/doc/util-linux/releases/v2.16-ReleaseNotes.gz
missing     /usr/share/doc/util-linux/releases/v2.17-ReleaseNotes.gz
missing     /usr/share/doc/util-linux/releases/v2.18-ReleaseNotes.gz
missing     /usr/share/doc/util-linux/releases/v2.19-ReleaseNotes.gz
missing     /usr/share/doc/util-linux/releases/v2.20-ReleaseNotes.gz
missing     /usr/share/doc/util-linux/releases/v2.21-ReleaseNotes.gz
missing     /usr/share/doc/util-linux/releases/v2.22-ReleaseNotes.gz
missing     /usr/share/doc/util-linux/releases/v2.23-ReleaseNotes.gz
missing     /usr/share/doc/util-linux/releases/v2.24-ReleaseNotes.gz
missing     /usr/share/doc/util-linux/releases/v2.25-ReleaseNotes.gz
missing     /usr/share/doc/util-linux/releases/v2.26-ReleaseNotes.gz
missing     /usr/share/doc/util-linux/releases/v2.27-ReleaseNotes.gz
missing     /usr/share/doc/util-linux/releases/v2.28-ReleaseNotes.gz
missing     /usr/share/doc/util-linux/releases/v2.29-ReleaseNotes.gz
missing     /usr/share/doc/util-linux/releases/v2.30-ReleaseNotes.gz
missing     /usr/share/doc/util-linux/releases/v2.31-ReleaseNotes.gz
missing     /usr/share/doc/util-linux/releases/v2.32-ReleaseNotes.gz
missing     /usr/share/doc/util-linux/releases/v2.33-ReleaseNotes.gz
missing     /usr/share/doc/util-linux/releases/v2.34-ReleaseNotes.gz
missing     /usr/share/doc/util-linux/releases/v2.35-ReleaseNotes.gz
missing     /usr/share/doc/util-linux/releases/v2.36-ReleaseNotes.gz
missing     /usr/share/doc/util-linux/releases/v2.37-ReleaseNotes.gz
missing     /usr/share/doc/util-linux/releases/v2.38-ReleaseNotes.gz
missing     /usr/share/doc/util-linux/releases/v2.39-ReleaseNotes.gz
missing     /usr/share/doc/util-linux/releases/v2.39.1-ReleaseNotes.gz
missing     /usr/share/doc/util-linux/releases/v2.39.2-ReleaseNotes
missing     /usr/share/doc/util-linux/releases/v2.39.3-ReleaseNotes.gz
missing     /usr/share/man/man1/choom.1.gz
missing     /usr/share/man/man1/chrt.1.gz
missing     /usr/share/man/man1/dmesg.1.gz
missing     /usr/share/man/man1/fallocate.1.gz
missing     /usr/share/man/man1/flock.1.gz
missing     /usr/share/man/man1/getopt.1.gz
missing     /usr/share/man/man1/hardlink.1.gz
missing     /usr/share/man/man1/ionice.1.gz
missing     /usr/share/man/man1/ipcmk.1.gz
missing     /usr/share/man/man1/ipcrm.1.gz
missing     /usr/share/man/man1/ipcs.1.gz
missing     /usr/share/man/man1/last.1.gz
missing     /usr/share/man/man1/lscpu.1.gz
missing     /usr/share/man/man1/lsipc.1.gz
missing     /usr/share/man/man1/lslogins.1.gz
missing     /usr/share/man/man1/lsmem.1.gz
missing     /usr/share/man/man1/mcookie.1.gz
missing     /usr/share/man/man1/mesg.1.gz
missing     /usr/share/man/man1/more.1.gz
missing     /usr/share/man/man1/mountpoint.1.gz
missing     /usr/share/man/man1/namei.1.gz
missing     /usr/share/man/man1/nsenter.1.gz
missing     /usr/share/man/man1/prlimit.1.gz
missing     /usr/share/man/man1/rename.ul.1.gz
missing     /usr/share/man/man1/rev.1.gz
missing     /usr/share/man/man1/runuser.1.gz
missing     /usr/share/man/man1/setpriv.1.gz
missing     /usr/share/man/man1/setsid.1.gz
missing     /usr/share/man/man1/setterm.1.gz
missing     /usr/share/man/man1/su.1.gz
missing     /usr/share/man/man1/taskset.1.gz
missing     /usr/share/man/man1/uclampset.1.gz
missing     /usr/share/man/man1/unshare.1.gz
missing     /usr/share/man/man1/utmpdump.1.gz
missing     /usr/share/man/man1/whereis.1.gz
missing     /usr/share/man/man5/adjtime_config.5.gz
missing     /usr/share/man/man5/terminal-colors.d.5.gz
missing     /usr/share/man/man8/addpart.8.gz
missing     /usr/share/man/man8/agetty.8.gz
missing     /usr/share/man/man8/blkdiscard.8.gz
missing     /usr/share/man/man8/blkid.8.gz
missing     /usr/share/man/man8/blkzone.8.gz
missing     /usr/share/man/man8/blockdev.8.gz
missing     /usr/share/man/man8/chcpu.8.gz
missing     /usr/share/man/man8/chmem.8.gz
missing     /usr/share/man/man8/ctrlaltdel.8.gz
missing     /usr/share/man/man8/delpart.8.gz
missing     /usr/share/man/man8/findfs.8.gz
missing     /usr/share/man/man8/findmnt.8.gz
missing     /usr/share/man/man8/fsck.8.gz
missing     /usr/share/man/man8/fsck.cramfs.8.gz
missing     /usr/share/man/man8/fsck.minix.8.gz
missing     /usr/share/man/man8/fsfreeze.8.gz
missing     /usr/share/man/man8/fstrim.8.gz
missing     /usr/share/man/man8/isosize.8.gz
missing     /usr/share/man/man8/ldattach.8.gz
missing     /usr/share/man/man8/lsblk.8.gz
missing     /usr/share/man/man8/lslocks.8.gz
missing     /usr/share/man/man8/lsns.8.gz
missing     /usr/share/man/man8/mkfs.8.gz
missing     /usr/share/man/man8/mkfs.bfs.8.gz
missing     /usr/share/man/man8/mkfs.cramfs.8.gz
missing     /usr/share/man/man8/mkfs.minix.8.gz
missing     /usr/share/man/man8/mkswap.8.gz
missing     /usr/share/man/man8/partx.8.gz
missing     /usr/share/man/man8/pivot_root.8.gz
missing     /usr/share/man/man8/readprofile.8.gz
missing     /usr/share/man/man8/resizepart.8.gz
missing     /usr/share/man/man8/rtcwake.8.gz
missing     /usr/share/man/man8/setarch.8.gz
missing     /usr/share/man/man8/sulogin.8.gz
missing     /usr/share/man/man8/swaplabel.8.gz
missing     /usr/share/man/man8/switch_root.8.gz
missing     /usr/share/man/man8/wdctl.8.gz
missing     /usr/share/man/man8/wipefs.8.gz
missing     /usr/share/man/man8/zramctl.8.gz
missing     /usr/share/man/man1/lastb.1.gz
missing     /usr/share/man/man8/getty.8.gz
missing     /usr/share/man/man8/linux32.8.gz
missing     /usr/share/man/man8/linux64.8.gz
dpkg_verify_rc=0
rc=0
+ stat -c '%A %a %U:%G %n' /usr/bin/mtr-packet '/usr/lib/aarch64-linux-gnu/gstreamer1.0/gstreamer-1.0/gst-ptp-helper' /usr/bin/ssh-agent '/usr/lib/aarch64-linux-gnu/utempter/utempter' /usr/bin/fusermount3 /usr/bin/mount /usr/bin/umount 2>&1
-rwxr-xr-x 755 root:root /usr/bin/mtr-packet
-rwxr-xr-x 755 root:root /usr/lib/aarch64-linux-gnu/gstreamer1.0/gstreamer-1.0/gst-ptp-helper
-rwxr-sr-x 2755 root:_ssh /usr/bin/ssh-agent
-rwxr-sr-x 2755 root:utmp /usr/lib/aarch64-linux-gnu/utempter/utempter
-rwsr-xr-x 4755 root:root /usr/bin/fusermount3
-rwsr-xr-x 4755 root:root /usr/bin/mount
-rwsr-xr-x 4755 root:root /usr/bin/umount
rc=0
+ getcap -v /usr/bin/mtr-packet '/usr/lib/aarch64-linux-gnu/gstreamer1.0/gstreamer-1.0/gst-ptp-helper' /usr/bin/ssh-agent '/usr/lib/aarch64-linux-gnu/utempter/utempter' /usr/bin/fusermount3 /usr/bin/mount /usr/bin/umount 2>&1
/usr/bin/mtr-packet cap_net_raw=ep
/usr/lib/aarch64-linux-gnu/gstreamer1.0/gstreamer-1.0/gst-ptp-helper cap_net_bind_service,cap_net_admin,cap_sys_nice=ep
/usr/bin/ssh-agent
/usr/lib/aarch64-linux-gnu/utempter/utempter
/usr/bin/fusermount3
/usr/bin/mount
/usr/bin/umount
rc=0
+ find / -xdev \( -group _ssh -o -group utmp \) -printf "%m %u:%g %p\n" 2>/dev/null | sort
2755 root:_ssh /usr/bin/ssh-agent
2755 root:utmp /usr/lib/aarch64-linux-gnu/utempter/utempter
660 root:utmp /var/log/btmp
664 root:utmp /tmp/rhp-residual-helper-parser-root/run.utmp.bak
664 root:utmp /tmp/rhp-residual-helper-parser-root/wtmp.bak
664 root:utmp /var/log/lastlog
664 root:utmp /var/log/wtmp
rc=0
+ sysctl fs.protected_symlinks fs.protected_hardlinks fs.protected_regular fs.protected_fifos kernel.unprivileged_userns_clone 2>&1
fs.protected_symlinks = 1
fs.protected_hardlinks = 1
fs.protected_regular = 2
fs.protected_fifos = 1
sysctl: cannot stat /proc/sys/kernel/unprivileged_userns_clone: No such file or directory
rc=1
+ systemctl is-system-running 2>&1; systemctl --failed --no-legend 2>&1 || true
running
rc=0

===== best-effort source parser and trust-boundary grep =====
+ curl mtr
curl_rc=0 path=/tmp/rhp-residual-helper-parser-root/src/mtr.tgz
--- mtr-0.95/packet/cmdparse.c
    27	    NUL terminate the whitespace separated tokens in the command string.
    29	    Fill the tokens array with pointers to the tokens, and return the
    30	    number of tokens found.
    33	int tokenize_command(
    34	    char **tokens,
    35	    int max_tokens,
    38	    int token_count = 0;
    45	                /*  Take care not to exceed the token array length  */
    46	                if (token_count >= max_tokens) {
    50	                tokens[token_count++] = &command_string[i];
    61	    return token_count;
    70	    tokens, and the command_t will use pointers to the contents of
    75	int parse_command(
    79	    char *tokens[MAX_COMMAND_TOKENS];
    80	    int token_count;
    86	    token_count =
    87	        tokenize_command(tokens, MAX_COMMAND_TOKENS, command_string);
    88	    if (token_count < 2) {
    93	    /*  Expect the command token to be a numerical value  */
    95	    command->token = strtol(tokens[0], NULL, 10);
   100	    command->command_name = tokens[1];
   103	       The tokens beyond the command name are expected to be in
   107	    command->argument_count = 0;
   108	    while (i < token_count) {
   110	        if (i + 1 >= token_count) {
   115	        /*  It's an error if we get more arguments than we have space for  */
   116	        if (command->argument_count >= MAX_COMMAND_ARGUMENTS) {
   121	        command->argument_name[command->argument_count] = tokens[i];
   122	        command->argument_value[command->argument_count] = tokens[i + 1];
   123	        command->argument_count++;
--- mtr-0.95/packet/command.c
    65	/*  Returns a feature support string for a particular probe protocol  */
    67	const char *check_protocol_support(
    69	    int protocol)
    71	    if (is_protocol_supported(net_state, protocol)) {
    78	/*  Return a feature support string for an IP protocol version  */
    91	/*  Given a feature name, return a string for the check-support reply  */
   109	    if (!strcmp(feature, "send-probe")) {
   114	        return check_protocol_support(net_state, IPPROTO_ICMP);
   118	        return check_protocol_support(net_state, IPPROTO_UDP);
   122	        return check_protocol_support(net_state, IPPROTO_TCP);
   126	        return check_protocol_support(net_state, IPPROTO_SCTP);
   130	#ifdef SO_MARK
   131	    if (!strcmp(feature, "mark")) {
   139	/*  Handle a check-support request by checking for a particular feature  */
   150	        printf("%d invalid-argument\n", command->token);
   193	    if (!strcmp(name, "protocol")) {
   195	            param->protocol = IPPROTO_ICMP;
   197	            param->protocol = IPPROTO_UDP;
   199	            param->protocol = IPPROTO_TCP;
   202	            param->protocol = IPPROTO_SCTP;
   211	        param->dest_port = strtol(value, &endstr, 10);
   219	        param->local_port = strtol(value, &endstr, 10);
   236	        param->type_of_service = strtol(value, &endstr, 10);
   242	    /*  The Linux packet mark for mark-based routing  */
   243	    if (!strcmp(name, "mark")) {
   244	        param->routing_mark = strtol(value, &endstr, 10);
   250	    /*  The size of the packet (including headers)  */
   251	    if (!strcmp(name, "size")) {
   252	        param->packet_size = strtol(value, &endstr, 10);
   260	        param->bit_pattern = strtol(value, &endstr, 10);
   267	    if (!strcmp(name, "ttl")) {
   268	        param->ttl = strtol(value, &endstr, 10);
   275	    if (!strcmp(name, "timeout")) {
   276	        param->timeout = strtol(value, &endstr, 10);
   297	        printf("%d invalid-argument reason ip-version-not-supported\n",
   303	    if (!is_protocol_supported(net_state, param->protocol)) {
   304	        printf("%d invalid-argument reason protocol-not-supported\n",
   313	/*  Handle "send-probe" commands  */
   325	    memset(&param, 0, sizeof(struct probe_param_t));
   327	    param.protocol = IPPROTO_ICMP;
   328	    param.ttl = 255;
   329	    param.packet_size = 64;
   330	    param.timeout = 10;
   338	            printf("%d invalid-argument\n", command->token);
   360	    if (!strcmp(command->command_name, "check-support")) {
   362	    } else if (!strcmp(command->command_name, "send-probe")) {
   366	        printf("%d unknown-command\n", command->token);
   445	    memset(command_buffer, 0, sizeof(struct command_buffer_t));
--- mtr-0.95/packet/probe_unix.c
    35	#include <sys/socket.h>
    45	/*  A wrapper around sendto for mixed IPv4 and IPv6 sending  */
    56	    int send_socket = 0;
    65	            if (net_state->platform.ip6_socket_raw) {
    66	                send_socket = net_state->platform.icmp6_send_socket;
    68	                send_socket = net_state->platform.ip6_txrx_icmp_socket;
    71	            if (net_state->platform.ip6_socket_raw) {
    72	                send_socket = net_state->platform.udp6_send_socket;
    73	                /* we got a ipv6 udp raw socket
    79	                send_socket = net_state->platform.ip6_txrx_udp_socket;
    90	        if (net_state->platform.ip4_socket_raw) {
    91	            send_socket = net_state->platform.ip4_send_socket;
    95	                    send_socket = net_state->platform.ip4_tmp_icmp_socket;;
    97	                    send_socket = net_state->platform.ip4_txrx_icmp_socket;
   100	                send_socket = net_state->platform.ip4_txrx_udp_socket;
   110	    if (send_socket == 0) {
   115	    return sendto(send_socket, packet, packet_size, 0,
   142	     *  in some cases due to sendto() returning EPERM. */
   200	    socket results in an error.
   207	    int sctp_socket;
   209	    sctp_socket = socket(AF_INET, SOCK_STREAM, IPPROTO_SCTP);
   210	    if (sctp_socket != -1) {
   211	        close(sctp_socket);
   218	/*  Set a socket to non-blocking mode  */
   219	void set_socket_nonblocking(
   220	    int socket)
   224	    flags = fcntl(socket, F_GETFL, 0);
   226	        error(EXIT_FAILURE, errno, "Unexpected socket F_GETFL error");
   229	    if (fcntl(socket, F_SETFL, flags | O_NONBLOCK)) {
   230	        error(EXIT_FAILURE, errno, "Unexpected socket F_SETFL O_NONBLOCK error");
   234	/*  Open the raw sockets for sending/receiving IPv4 packets  */
   236	int open_ip4_sockets_raw(
   239	    int send_socket;
   240	    int recv_socket;
   243	    send_socket = socket(AF_INET, SOCK_RAW, IPPROTO_RAW);
   244	    if (send_socket == -1) {
   245	        send_socket = socket(AF_INET, SOCK_RAW, IPPROTO_ICMP);
   246	        if (send_socket == -1) {
   255	    if (setsockopt
   256	        (send_socket, IPPROTO_IP, IP_HDRINCL, &trueopt, sizeof(int))) {
   258	        close(send_socket);
   263	       Open a second socket with IPPROTO_ICMP because we are only
   266	    recv_socket = socket(AF_INET, SOCK_RAW, IPPROTO_ICMP);
   267	    if (recv_socket == -1) {
   268	        close(send_socket);
   273	    net_state->platform.ip4_socket_raw = true;
   274	    net_state->platform.ip4_send_socket = send_socket;
   275	    net_state->platform.ip4_recv_socket = recv_socket;
   281	/*  Open DGRAM sockets for sending/receiving IPv4 packets  */
   283	int open_ip4_sockets_dgram(
   286	    int udp_socket;
   287	    int icmp_socket, icmp_tmp_socket;
   292	    icmp_socket = socket(AF_INET, SOCK_DGRAM, IPPROTO_ICMP);
   293	    if (icmp_socket == -1) {
   297	    if (setsockopt(icmp_socket, SOL_IP, IP_RECVERR, &val, sizeof(val)) < 0) {
   302	    udp_socket = socket(AF_INET, SOCK_DGRAM, IPPROTO_UDP);
   303	    if (udp_socket == -1) {
   304	        close(icmp_socket);
   308	    if (setsockopt(udp_socket, SOL_IP, IP_RECVERR, &val, sizeof(val)) < 0) {
   309	        close(icmp_socket);
   310	        close(udp_socket);
   315	    icmp_tmp_socket = socket(AF_INET, SOCK_DGRAM, IPPROTO_ICMP);
   316	    if (icmp_tmp_socket == -1) {
   317	        close(icmp_socket);
   318	        close(udp_socket);
   323	    net_state->platform.ip4_socket_raw = false;
   324	    net_state->platform.ip4_txrx_icmp_socket = icmp_socket;
   325	    net_state->platform.ip4_tmp_icmp_socket = icmp_tmp_socket;
   326	    net_state->platform.ip4_txrx_udp_socket = udp_socket;
   332	/*  Open the raw sockets for sending/receiving IPv6 packets  */
   334	int open_ip6_sockets_raw(
   337	    int send_socket_icmp;
   338	    int send_socket_udp;
   339	    int recv_socket;
   341	    send_socket_icmp = socket(AF_INET6, SOCK_RAW, IPPROTO_ICMPV6);
   342	    if (send_socket_icmp == -1) {
   346	    send_socket_udp = socket(AF_INET6, SOCK_RAW, IPPROTO_UDP);
   347	    if (send_socket_udp == -1) {
   348	        close(send_socket_icmp);
   353	    recv_socket = socket(AF_INET6, SOCK_RAW, IPPROTO_ICMPV6);
   354	    if (recv_socket == -1) {
   355	        close(send_socket_icmp);
   356	        close(send_socket_udp);
   362	    net_state->platform.ip6_socket_raw = true;
   363	    net_state->platform.icmp6_send_socket = send_socket_icmp;
   364	    net_state->platform.udp6_send_socket = send_socket_udp;
   365	    net_state->platform.ip6_recv_socket = recv_socket;
   371	/*  Open DGRAM sockets for sending/receiving IPv6 packets  */
   373	int open_ip6_sockets_dgram(
   376	    int icmp_socket;
   377	    int udp_socket;
   382	    icmp_socket = socket(AF_INET6, SOCK_DGRAM, IPPROTO_ICMPV6);
   383	    if (icmp_socket == -1) {
   387	    if (setsockopt(icmp_socket, SOL_IPV6, IPV6_RECVERR, &val, sizeof(val)) < 0) {
   392	    udp_socket = socket(AF_INET6, SOCK_DGRAM, IPPROTO_UDP);
   393	    if (udp_socket == -1) {
   394	        close(icmp_socket);
   398	    if (setsockopt(udp_socket, SOL_IPV6, IPV6_RECVERR, &val, sizeof(val)) < 0) {
   399	        close(icmp_socket);
   400	        close(udp_socket);
   406	    net_state->platform.ip6_socket_raw = false;
   407	    net_state->platform.ip6_txrx_icmp_socket = icmp_socket;
   408	    net_state->platform.ip6_txrx_udp_socket = udp_socket;
   416	    happens with elevated privileges, this is kept as minimal
   419	void init_net_state_privileged(
   429	    if (open_ip4_sockets_raw(net_state)) {
   431	        /* fall back to using unprivileged sockets */
   432	        if (open_ip4_sockets_dgram(net_state)) {
   437	    if (open_ip6_sockets_raw(net_state)) {
   439	        /* fall back to using unprivileged sockets */
   440	        if (open_ip6_sockets_dgram(net_state)) {
   447	       If we couldn't open either IPv4 or IPv6 sockets, we can't do
   452	        error(0, ip4_err, "Failure to open IPv4 sockets");
   453	        error(0, ip6_err, "Failure to open IPv6 sockets");
   460	    at normal privilege levels.
   465	    if (net_state->platform.ip4_socket_raw) {
   466	        set_socket_nonblocking(net_state->platform.ip4_recv_socket);
   468	        set_socket_nonblocking(net_state->platform.ip4_txrx_icmp_socket);
   469	        set_socket_nonblocking(net_state->platform.ip4_txrx_udp_socket);
   471	    if (net_state->platform.ip6_socket_raw) {
+ curl gst
curl_rc=0 path=/tmp/rhp-residual-helper-parser-root/src/gstreamer.tar.xz
--- gstreamer-1.24.2/libs/gst/helpers/ptp/main.rs
    13	//! interfaces. Privileges are dropped after these operations are done.
    16	//! everything received there to stdout, while forwarding everything received
    17	//! on stdin to those sockets.
    18	//! Additionally it provides the MAC address of a network interface via stdout
    37	mod thread;
    61	fn create_socket(port: u16, iface: &net::InterfaceInfo, ttl: u32) -> Result<UdpSocket, Error> {
    79	fn list_interfaces(args: &args::Args) -> Result<Vec<net::InterfaceInfo>, Error> {
   120	    let args = args::parse_args().context("Failed parsing commandline parameters")?;
   122	    let ifaces = list_interfaces(&args).context("Failed listing interfaces")?;
   128	        let event_socket = create_socket(PTP_EVENT_PORT, iface, args.ttl)
   130	        let general_socket = create_socket(PTP_GENERAL_PORT, iface, args.ttl)
   134	            net::join_multicast_v4(socket, &PTP_MULTICAST_ADDR, iface)
   157	    thread::set_priority().context("Failed to set thread priority")?;
   159	    privileges::drop().context("Failed dropping privileges")?;
   171	            buf.write_all(&clock_id).expect("Too small clock ID buffer");
   175	        poll.stdout()
   176	            .write_all(&clock_id_data)
   177	            .context("Failed writing to stdout")?;
   180	    // Now read-write from stdin/stdout and the sockets
   182	    // We assume that stdout never blocks and stdin receives a complete valid packet whenever it is
   183	    // ready and never blocks in the middle of a packet.
   185	    let mut stdinout_buffer = [0u8; 8192 + 4 + 8];
   190	        // If any of the sockets are ready, continue reading packets from them until no more
   191	        // packets are left and directly forward them to stdout.
   192	        'next_socket: for (idx, type_, socket) in poll_res.ready_sockets() {
   200	                let (read, addr) = match res {
   207	                            "Failed reading from {:?} socket for interface {}",
   212	                    Ok((read, addr)) => (read, addr),
   219	                        read,
   227	                let buf = &socket_buffer[..read];
   270	                    let mut buf = &mut stdinout_buffer[..(read + 4 + 8)];
   271	                    buf.write_u16be(read as u16 + 1 + 8)
   272	                        .expect("Too small stdout buffer");
   278	                    .expect("Too small stdout buffer");
   279	                    buf.write_u8(idx as u8).expect("Too small stdout buffer");
   280	                    buf.write_u64be(recv_time).expect("Too small stdout buffer");
   281	                    buf.write_all(&socket_buffer[..read])
   282	                        .expect("Too small stdout buffer");
   283	                    assert!(buf.is_empty(), "Too big stdout buffer",);
   286	                let buf = &stdinout_buffer[..(read + 4 + 8)];
   288	                    .stdout()
   289	                    .write_all(buf)
   290	                    .context("Failed writing to stdout")?;
   294	        // After handling the sockets check if a packet is available on stdin, read it and forward
   296	        if let Some(ref mut stdin) = poll_res.stdin() {
   297	            stdin
   298	                .read_exact(&mut stdinout_buffer[0..3])
   299	                .context("Failed reading packet header from stdin")?;
   301	            let size = u16::from_be_bytes([stdinout_buffer[0], stdinout_buffer[1]]);
   302	            if size as usize > stdinout_buffer.len() {
   303	                bail!("Invalid packet size on stdin {}", size);
   305	            let type_ = stdinout_buffer[2];
   307	            stdin
   308	                .read_exact(&mut stdinout_buffer[0..size as usize])
   309	                .context("Failed reading packet body from stdin")?;
   312	                warn!("Unexpected stdin message type {}", type_);
   320	            let buf = &mut &stdinout_buffer[..(size as usize)];
   322	            let idx = buf.read_u8().expect("Too small stdin buffer");
   324	                warn!("Unexpected stdin message interface index {}", idx);
   330	                    "Received {} bytes for {} socket for interface {} from stdin",
   341	            let main_send_time = buf.read_u64be().expect("Too small stdin buffer");
   348	                bail!("PTP message with unexpected clock identity on stdin");
   352	                trace!("Received PTP message from stdin {:#?}", ptp_message);
   388	                let mut buf = &mut stdinout_buffer[..(3 + 12)];
   389	                buf.write_u16be(12).expect("Too small stdout buffer");
   391	                    .expect("Too small stdout buffer");
   392	                buf.write_u64be(send_time).expect("Too small stdout buffer");
   394	                    .expect("Too small stdout buffer");
   396	                    .expect("Too small stdout buffer");
   398	                    .expect("Too small stdout buffer");
   399	                assert!(buf.is_empty(), "Too big stdout buffer",);
   402	            let buf = &stdinout_buffer[..(3 + 12)];
   404	                .stdout()
   405	                .write_all(buf)
   406	                .context("Failed writing to stdout")?;
--- gstreamer-1.24.2/libs/gst/helpers/ptp/privileges.rs
    20	    struct Cap(cap_t);
    23	        fn drop(&mut self) {
    24	            // SAFETY: The capabilities are valid by construction and are only dropped
    27	                let _ = cap_free(self.0);
    39	                let c = cap_get_proc();
    53	                if cap_clear(self.0) != 0 {
    67	                if cap_set_proc(self.0) != 0 {
    76	    pub fn drop() -> Result<(), Error> {
    97	#[cfg(ptp_helper_permissions = "setuid-root")]
    98	mod setuid_root {
   101	    use crate::{bail, error::Context, ffi::unix::setuid_root::*};
   190	    pub fn drop() -> Result<(), Error> {
   207	            if setgid(gid) != 0 {
   219	            if setuid(uid) != 0 {
   221	                let _ = setgid(old_gid);
   234	pub fn drop() -> Result<(), Error> {
   237	        setcap::drop()?;
   239	    #[cfg(ptp_helper_permissions = "setuid-root")]
   241	        setuid_root::drop()?;
--- gstreamer-1.24.2/libs/gst/helpers/ptp/net.rs
    16	/// Network interface information.
    18	    /// Name of the interface
    20	    /// Other name of the interface, if any
    24	    /// Unicast IPv4 address of the interface
    26	    /// Physical MAC address of the interface, if any
    38	    /// Returns information for all non-loopback, multicast-capable network interfaces.
    39	    pub fn query_interfaces() -> Result<Vec<InterfaceInfo>, Error> {
    46	                    // returns -1 on errors. It might return NULL if there are no network interfaces.
   107	        let ifaddrs = Ifaddrs::new().context("Failed getting interface addresses")?;
   112	            // SAFETY: ifa_name points to a NUL-terminated interface name string that is valid as
   116	            // Skip loopback interfaces, interfaces that are not up and interfaces that can't do
   120	                debug!("Interface {} is loopback interface", name);
   132	            // If the interface has no address then skip it. Only interfaces with IPv4 addresses
   139	            // Get the interface index from its name. If it has none then we can't use it to join
   140	            // the PTP multicast group reliable for this interface.
   143	            // ifa_name and will return the interface index or zero on error.
   157	                debug!("Interface {} has no valid interface index", name);
   162	            // MAC addresses for interfaces below.
   168	            // If this interface has an IPv4 address then retrieve and store it here.
   232	                        // interface name is at most IF_NAMESIZE (checked just above).
   265	    /// Create an `UdpSocket` and bind it to the given address but set `SO_REUSEADDR` and/or
   266	    /// `SO_REUSEPORT` before doing so.
   268	    /// `UdpSocket::bind()` does not allow setting custom options before binding.
   269	    pub fn create_udp_socket(
   287	        // SAFETY: Calling socket() is safe at any time and will simply fail if invalid parameters
   303	            let res = socket(AF_INET, ty, 0);
   310	        // SAFETY: A valid socket fd is passed to ioctl() and setsockopt() and the parameters to
   311	        // setsockopt() are according to the type expected by SO_NOSIGPIPE.
   314	            let res = ioctl(fd.0, FIOCLEX);
   320	            let res = setsockopt(
   332	        // SAFETY: A valid socket fd is passed here.
   336	                bind_to_interface(fd.0, iface);
   340	        // SAFETY: A valid socket fd is passed together with a valid sockaddr_in and its size.
   358	            let res = bind(
   371	    /// Join multicast address for a given interface.
   372	    pub fn join_multicast_v4(
   373	        socket: &UdpSocket,
   386	                imr_ifindex: iface.index as _,
   393	                if setsockopt(
   394	                    socket.as_raw_fd(),
   403	                        "Failed joining multicast group for interface {}",
   423	                    imr_ifindex: iface.index as _,
   430	                    if setsockopt(
   431	                        socket.as_raw_fd(),
   440	                            "Failed joining multicast group for interface {}",
   455	                    if setsockopt(
   456	                        socket.as_raw_fd(),
   465	                            "Failed joining multicast group for interface {}",
   475	                // SAFETY: Requires a valid in_addr struct or interface index in network byte order
   479	                    if setsockopt(
   480	                        socket.as_raw_fd(),
   489	                            "Failed joining multicast group for interface {}",
   503	            socket
   504	                .join_multicast_v4(addr, &iface.ip_addr)
   507	                        "Failed joining multicast group for interface {} at address {}",
   519	                if setsockopt(
   520	                    socket.as_raw_fd(),
   529	                        "Failed setting multicast interface {}",
   539	    /// Allow multiple sockets to bind to the same address / port.
   543	    /// SAFETY: Must be called with a valid socket fd.
   544	    unsafe fn set_reuse(socket: i32) {
   545	        // SAFETY: SO_REUSEADDR takes an i32 value that can be 0/false or 1/true and
   546	        // enables the given feature on the socket.
   552	            let res = setsockopt(
   553	                socket,
   555	                SO_REUSEADDR,
   560	                warn!("Failed to set SO_REUSEADDR on socket");
   566	            // SAFETY: SO_REUSEPORT takes an i32 value that can be 0/false or 1/true and
   567	            // enables the given feature on the socket.
   573	                let res = setsockopt(
   574	                    socket,
   576	                    SO_REUSEPORT,
   582	                    warn!("Failed to set SO_REUSEPORT on socket");
   588	    /// Bind the socket to a specific interface.
   592	    /// SAFETY: Must be called with a valid socket fd.
   594	    unsafe fn bind_to_interface(socket: i32, iface: &InterfaceInfo) {
   595	        // On Linux, go one step further and bind the socket completely to the socket if we
   599	            // SAFETY: The socket passed in must be valid and the SO_BINDTOIFINDEX socket option
   600	            // takes an `i32` that represents the interface index as parameter.
   603	                setsockopt(
   604	                    socket,
   606	                    SO_BINDTOIFINDEX,
   613	                warn!("Failed to set SO_BINDTOIFINDEX on socket, trying SO_BINDTODEVICE");
   617	                        "Interface name '{}' too long for SO_BINDTODEVICE",
   621	                    // SAFETY: The socket passed in must be valid and the SO_BINDTODEVICE socket option
   628	                        let res = setsockopt(
   629	                            socket,
   631	                            SO_BINDTODEVICE,
   637	                            warn!("Failed to set SO_BINDTODEVICE on socket");
   663	    /// Returns information for all non-loopback, multicast-capable network interfaces.
   664	    pub fn query_interfaces() -> Result<Vec<InterfaceInfo>, Error> {
   817	                debug!("Interface {} is receive-only interface", adaptername);
   831	                debug!("Interface {} is loopback interface", adaptername);
   840	            let index = unsafe { address.anonymous.anonymous.ifindex } as usize;
   841	            // Skip adapters that have no valid interface index as they can't be used to join the
   842	            // PTP multicast group reliably for this interface only.
   844	                debug!("Interface {} has no valid interface index", adaptername);
   875	                if addr.address.lpsocketaddr.is_null() {
   879	                // SAFETY: lpsocketaddr is a valid, non-NULL socket address and its family
   880	                // field can be read to distinguish IPv4 and other socket addresses
   881	                if unsafe { (*addr.address.lpsocketaddr).sa_family } != AF_INET as u16 {
   886	                    // SAFETY: lpsocketaddr is a valid, non-NULL IPv4 socket address as checked
   889	                        (*addr.address.lpsocketaddr)
   914	    /// Create an `UdpSocket` and bind it to the given address but set `SO_REUSEADDR` and/or
   915	    /// `SO_REUSEPORT` before doing so.
   917	    /// `UdpSocket::bind()` does not allow setting custom options before binding.
   918	    pub fn create_udp_socket(
   926	        let _ = UdpSocket::bind(SocketAddr::from((Ipv4Addr::UNSPECIFIED, 0)))?;
   928	        /// Helper struct to keep a raw socket and close it on drop
   933	                    // SAFETY: The socket is valid by construction.
   934	                    let _ = closesocket(self.0);
   941	        let socket = unsafe {
   956	        // SAFETY: A valid socket is passed here.
   958	            set_reuse(socket.0);
   961	        // SAFETY: A valid socket fd is passed together with a valid SOCKADDR and its size.
   973	            let res = bind(socket.0, &addr, mem::size_of_val(&addr) as _);
   979	        unsafe { Ok(UdpSocket::from_raw_socket(mem::ManuallyDrop::new(socket).0)) }
   982	    // Join multicast address for a given interface.
   983	    pub fn join_multicast_v4(
   984	        socket: &UdpSocket,
+ curl openssh
curl_rc=0 path=/tmp/rhp-residual-helper-parser-root/src/openssh.tgz
--- openssh-9.6p1/ssh-agent.c
    42	#include <sys/socket.h>
    90	#include "ssh-pkcs11.h"
   100	/* Maximum bytes to read from client socket */
   125	typedef struct socket_entry {
   133		int session_bind_attempted;
   136	u_int sockets_alloc = 0;
   137	SocketEntry *sockets = NULL;
   165	/* pid of process for which cleanup_socket is applicable */
   169	char socket_name[PATH_MAX];
   170	char socket_dir[PATH_MAX];
   176	 * Allows PKCS11 providers or SK keys that use non-internal providers to
   177	 * be added over a remote connection (identified by session-bind@openssh.com).
   200	close_socket(SocketEntry *e)
   476		debug3_f("entering: key %s comment \"%s\", %zu socket bindings, "
   481		if (e->session_bind_attempted && e->nsession_ids == 0) {
   482			error_f("previous session bind failed on socket");
   504			debug3_f("socketentry fd=%d, entry %zu %s, "
   521			/* Special handling for final recorded binding */
   528				 * If this is the case, make sure last binding is not
   536				error_f("tried to forward though signing bind");
   565	socket_is_remote(SocketEntry *e)
   567		return e->session_bind_attempted || (e->nsession_ids != 0);
   885			 * registered on the socket - it should have been bound by
   898			 * the one most recently bound to the socket. An exception is
  1381				if (socket_is_remote(e) && !remote_add_provider) {
  1551	#ifdef ENABLE_PKCS11
  1579		if (socket_is_remote(e) && !remote_add_provider) {
  1598		count = pkcs11_add_provider(canonical_provider, pin, &keys, &comments);
  1609				if (pkcs11_make_cert(keys[i], certs[j], &k) != 0)
  1673		if (pkcs11_del_provider(canonical_provider) == 0)
  1676			error_f("pkcs11_del_provider failed");
  1681	#endif /* ENABLE_PKCS11 */
  1684	process_ext_session_bind(SocketEntry *e)
  1694		e->session_bind_attempted = 1;
  1714				error_f("attempt to bind session ID to socket "
  1776		if (strcmp(name, "session-bind@openssh.com") == 0)
  1777			success = process_ext_session_bind(e);
  1797		if (socknum >= sockets_alloc)
  1798			fatal_f("sock %u >= allocated %u", socknum, sockets_alloc);
  1799		e = &sockets[socknum];
  1806			debug_f("socket %u (fd=%d) message too long %u > %u",
  1825		debug_f("socket %u (fd=%d) type %d", socknum, e->fd, type);
  1867	#ifdef ENABLE_PKCS11
  1875	#endif /* ENABLE_PKCS11 */
  1890	new_socket(sock_type type, int fd)
  1901		for (i = 0; i < sockets_alloc; i++)
  1902			if (sockets[i].type == AUTH_UNUSED) {
  1903				sockets[i].fd = fd;
  1904				if ((sockets[i].input = sshbuf_new()) == NULL ||
  1905				    (sockets[i].output = sshbuf_new()) == NULL ||
  1906				    (sockets[i].request = sshbuf_new()) == NULL)
  1908				sockets[i].type = type;
  1911		old_alloc = sockets_alloc;
  1912		new_alloc = sockets_alloc + 10;
  1913		sockets = xrecallocarray(sockets, old_alloc, new_alloc,
  1914		    sizeof(sockets[0]));
  1916			sockets[i].type = AUTH_UNUSED;
  1917		sockets_alloc = new_alloc;
  1918		sockets[old_alloc].fd = fd;
  1919		if ((sockets[old_alloc].input = sshbuf_new()) == NULL ||
  1920		    (sockets[old_alloc].output = sshbuf_new()) == NULL ||
  1921		    (sockets[old_alloc].request = sshbuf_new()) == NULL)
  1923		sockets[old_alloc].type = type;
  1927	handle_socket_read(u_int socknum)
  1936		fd = accept(sockets[socknum].fd, (struct sockaddr *)&sunaddr, &slen);
  1952		new_socket(AUTH_CONNECTION, fd);
  1963		if ((len = read(sockets[socknum].fd, buf, sizeof(buf))) <= 0) {
  1967				error_f("read error on socket %u (fd %d): %s",
  1968				    socknum, sockets[socknum].fd, strerror(errno));
  1972		if ((r = sshbuf_put(sockets[socknum].input, buf, len)) != 0)
  1990		if (sshbuf_len(sockets[socknum].output) == 0)
  1992		if ((len = write(sockets[socknum].fd,
  1993		    sshbuf_ptr(sockets[socknum].output),
  1994		    sshbuf_len(sockets[socknum].output))) <= 0) {
  1998				error_f("read error on socket %u (fd %d): %s",
  1999				    socknum, sockets[socknum].fd, strerror(errno));
  2003		if ((r = sshbuf_consume(sockets[socknum].output, len)) != 0)
  2017			/* Find sockets entry */
  2018			for (socknum = 0; socknum < sockets_alloc; socknum++) {
  2019				if (sockets[socknum].type != AUTH_SOCKET &&
  2020				    sockets[socknum].type != AUTH_CONNECTION)
  2022				if (pfd[i].fd == sockets[socknum].fd)
  2025			if (socknum >= sockets_alloc) {
  2026				error_f("no socket for fd %d", pfd[i].fd);
  2030			switch (sockets[socknum].type) {
  2039				if (handle_socket_read(socknum) == 0)
  2051					close_socket(&sockets[socknum]);
  2070		/* Count active sockets */
  2071		for (i = 0; i < sockets_alloc; i++) {
  2072			switch (sockets[i].type) {
  2080				fatal("Unknown socket type %d", sockets[i].type);
  2090		for (i = j = 0; i < sockets_alloc; i++) {
  2091			switch (sockets[i].type) {
  2095					    "skipping arming listener", npfd, maxfds);
  2098				pfd[j].fd = sockets[i].fd;
  2104				pfd[j].fd = sockets[i].fd;
  2110				if ((r = sshbuf_check_reserve(sockets[i].input,
  2112				    (r = sshbuf_check_reserve(sockets[i].output,
  2117				if (sshbuf_len(sockets[i].output) > 0)
  2141	cleanup_socket(void)
  2146		if (socket_name[0])
  2147			unlink(socket_name);
  2148		if (socket_dir[0])
  2149			rmdir(socket_dir);
  2155		cleanup_socket();
  2162		cleanup_socket();
  2163	#ifdef ENABLE_PKCS11
  2164		pkcs11_terminate();
  2178			cleanup_socket();
  2187		    "usage: ssh-agent [-c | -s] [-Dd] [-a bind_address] [-E fingerprint_hash]\n"
  2189		    "       ssh-agent [-a bind_address] [-E fingerprint_hash] [-O option]\n"
  2200		char *shell, *format, *pidstr, *agentsocket = NULL;
  2218		/* drop */
  2219		(void)setegid(getgid());
  2220		(void)setgid(getgid());
  2250				else if (strcmp(optarg, "allow-remote-pkcs11") == 0)
  2276				agentsocket = optarg;
  2332		 * stdio (3) + listener (1) + syslog (1 maybe) + connection (1) +
  2343		if (agentsocket == NULL) {
  2344			/* Create private directory for agent socket */
--- openssh-9.6p1/ssh-pkcs11-client.c
    59	 * Maintain a list of ssh-pkcs11-helper subprocesses. These may be looked up
    62	struct helper {
    72	static struct helper **helpers;
    73	static size_t nhelpers;
    75	static struct helper *
    76	helper_by_provider(const char *path)
    80		for (i = 0; i < nhelpers; i++) {
    81			if (helpers[i] == NULL || helpers[i]->path == NULL ||
    82			    helpers[i]->fd == -1)
    84			if (strcmp(helpers[i]->path, path) == 0)
    85				return helpers[i];
    90	static struct helper *
    91	helper_by_rsa(const RSA *rsa)
    98		for (i = 0; i < nhelpers; i++) {
    99			if (helpers[i] != NULL && helpers[i]->rsa_meth == meth)
   100				return helpers[i];
   107	static struct helper *
   108	helper_by_ec(const EC_KEY *ec)
   115		for (i = 0; i < nhelpers; i++) {
   116			if (helpers[i] != NULL && helpers[i]->ec_meth == meth)
   117				return helpers[i];
   125	helper_free(struct helper *helper)
   130		if (helper == NULL)
   132		if (helper->path == NULL || helper->ec_meth == NULL ||
   133		    helper->rsa_meth == NULL)
   134			fatal_f("inconsistent helper");
   135		debug3_f("free helper for provider %s", helper->path);
   136		for (i = 0; i < nhelpers; i++) {
   137			if (helpers[i] == helper) {
   139					fatal_f("helper recorded more than once");
   143				helpers[i - 1] = helpers[i];
   146			helpers = xrecallocarray(helpers, nhelpers,
   147			    nhelpers - 1, sizeof(*helpers));
   148			nhelpers--;
   150		free(helper->path);
   152		EC_KEY_METHOD_free(helper->ec_meth);
   154		RSA_meth_free(helper->rsa_meth);
   155		free(helper);
   159	helper_terminate(struct helper *helper)
   161		if (helper == NULL) {
   163		} else if (helper->fd == -1) {
   166			debug3_f("terminating helper for %s; "
   168			    helper->path, helper->nrsa, helper->nec);
   169			close(helper->fd);
   171			helper->fd = -1;
   172			helper->pid = -1;
   175		 * Don't delete the helper entry until there are no remaining keys
   179		if (helper->nrsa == 0 && helper->nec == 0)
   180			helper_free(helper);
   196			error("write to helper failed");
   212			error("read from helper failed: %u", len);
   224				error("response from helper failed.");
   247		debug3_f("terminating %zu helpers", nhelpers);
   248		for (i = 0; i < nhelpers; i++)
   249			helper_terminate(helpers[i]);
   260		struct helper *helper;
   262		if ((helper = helper_by_rsa(rsa)) == NULL || helper->fd == -1)
   263			fatal_f("no helper for PKCS11 key");
   264		debug3_f("signing with PKCS11 provider %s", helper->path);
   286		send_msg(helper->fd, msg);
   289		if (recv_msg(helper->fd, msg) == SSH2_AGENT_SIGN_RESPONSE) {
   308		struct helper *helper;
   310		if ((helper = helper_by_rsa(rsa)) == NULL)
   311			fatal_f("no helper for PKCS11 key");
   312		debug3_f("free PKCS11 RSA key for provider %s", helper->path);
   313		if (helper->rsa_finish != NULL)
   314			helper->rsa_finish(rsa);
   315		if (helper->nrsa == 0)
   317		helper->nrsa--;
   319		    helper->path, helper->nrsa, helper->nec);
   320		if (helper->nrsa == 0 && helper->nec == 0)
   321			helper_terminate(helper);
   337		struct helper *helper;
   339		if ((helper = helper_by_ec(ec)) == NULL || helper->fd == -1)
   340			fatal_f("no helper for PKCS11 key");
   341		debug3_f("signing with PKCS11 provider %s", helper->path);
   369		send_msg(helper->fd, msg);
   372		if (recv_msg(helper->fd, msg) == SSH2_AGENT_SIGN_RESPONSE) {
   390		struct helper *helper;
   392		if ((helper = helper_by_ec(ec)) == NULL)
   393			fatal_f("no helper for PKCS11 key");
   394		debug3_f("free PKCS11 ECDSA key for provider %s", helper->path);
   395		if (helper->ec_finish != NULL)
   396			helper->ec_finish(ec);
   397		if (helper->nec == 0)
   399		helper->nec--;
   401		    helper->path, helper->nrsa, helper->nec);
   402		if (helper->nrsa == 0 && helper->nec == 0)
   403			helper_terminate(helper);
   407	/* redirect private key crypto operations to the ssh-pkcs11-helper */
   409	wrap_key(struct helper *helper, struct sshkey *k)
   411		debug3_f("wrap %s for provider %s", sshkey_type(k), helper->path);
   413			RSA_set_method(k->rsa, helper->rsa_meth);
   414			if (helper->nrsa++ >= INT_MAX)
   418			EC_KEY_set_method(k->ecdsa, helper->ec_meth);
   419			if (helper->nec++ >= INT_MAX)
   426		    helper->path, helper->nrsa, helper->nec);
   437		struct helper *helper = NULL;
   452			if ((helper = helper_by_rsa(priv->rsa)) == NULL ||
   453			    helper->fd == -1)
   454				fatal_f("no helper for PKCS11 RSA key");
   457			RSA_set_method(ret->rsa, helper->rsa_meth);
   458			if (helper->nrsa++ >= INT_MAX)
   461			if ((helper = helper_by_ec(priv->ecdsa)) == NULL ||
   462			    helper->fd == -1)
   463				fatal_f("no helper for PKCS11 EC key");
   466			EC_KEY_set_method(ret->ecdsa, helper->ec_meth);
   467			if (helper->nec++ >= INT_MAX)
   477		    helper->path, helper->nrsa, helper->nec);
   484	pkcs11_start_helper_methods(struct helper *helper)
   501		EC_KEY_METHOD_get_init(ec_meth, &ec_init, &helper->ec_finish,
   509		helper->rsa_finish = RSA_meth_get_finish(rsa_meth);
   510		if (!RSA_meth_set1_name(rsa_meth, "ssh-pkcs11-helper") ||
   515		helper->ec_meth = ec_meth;
   516		helper->rsa_meth = rsa_meth;
   520	static struct helper *
   521	pkcs11_start_helper(const char *path)
   525		struct helper *helper;
   528		if (nhelpers >= INT_MAX)
   529			fatal_f("too many helpers");
+ curl utempter
curl_rc=0 path=/tmp/rhp-residual-helper-parser-root/src/libutempter.tgz
--- libutempter-1.2.1/utempter.c
     4	  A privileged helper for utmp/wtmp updates.
    36	#include <utmp.h>
    40	#define DEV_PREFIX	"/dev/"
    41	#define DEV_PREFIX_LEN	(sizeof(DEV_PREFIX) - 1)
    51		if (strncmp(device, DEV_PREFIX, DEV_PREFIX_LEN))
    63		if (getuid() != stb.st_uid)
    68	validate_hostname(const char *host)
    71			if (!(p == host ? isgraph : isprint)((unsigned char) p[0]))
    77	write_uwtmp_record(const char *user, const char *term, const char *host,
    78			   pid_t pid, int add)
    80		struct utmp ut;
   103		if (add)
   114		if (!pututline(&ut))
   115			fatal_error("pututline: %s", strerror(errno));
   118		(void) updwtmp(_PATH_WTMP, &ut);
   120		debug_msg("utmp/wtmp record %s for terminal '%s'",
   121			  add ? "added" : "removed", term);
   126	main(int argc, const char *argv[])
   131		int add = 0, i;
   144		if (!strcmp(argv[1], "add")) {
   147			add = 1;
   148		} else if (!strcmp(argv[1], "del")) {
   151			add = 0;
   155		host = argv[2];
   161		pw = getpwuid(getuid());
   163			fatal_error("cannot find a valid user with uid=%u", getuid());
   165		device = ptsname(STDIN_FILENO);
   171			validate_hostname(host);
   173		return write_uwtmp_record(pw->pw_name, device + DEV_PREFIX_LEN, host,
   174					  pid, add);
--- libutempter-1.2.1/iface.c
    52	do_child(int master_fd, const char *path, char *const *argv)
    54		if ((dup2(master_fd, STDIN_FILENO) != STDIN_FILENO)
    55		    || (dup2(master_fd, STDOUT_FILENO) != STDOUT_FILENO)) {
    60		execv(path, argv);
    61		print_dbg("execv: %s", strerror(errno));
    73			if (setgid(sgid))
    76			(void) execv(path, argv);
    84	execute_helper(int master_fd, const char *const argv[])
   101				do_child(master_fd, argv[0], (char *const *) argv);
   121	utempter_add_record(int master_fd, const char *hostname)
   129		int status = execute_helper(master_fd, args);
   132			saved_fd = master_fd;
   138	utempter_remove_record(int master_fd)
   145		int status = execute_helper(master_fd, args);
   147		if (master_fd == saved_fd)
   159			return utempter_remove_record(saved_fd);
   163	utempter_set_helper(const char *pathname)
   172		  const char *hostname, int master_fd)
   174		(void) utempter_add_record(master_fd, hostname);
   184	removeLineFromUtmp(const char *pty __attribute__((unused)), int master_fd)
   186		(void) utempter_remove_record(master_fd);
+ curl fuse3
curl_rc=0 path=/tmp/rhp-residual-helper-parser-root/src/fuse3.tar.xz
--- fuse-3.14.0/util/fusermount.c
    35	#define FUSE_COMMFD_ENV		"_FUSE_COMMFD"
    52	#ifndef UMOUNT_NOFOLLOW
    53	#define UMOUNT_NOFOLLOW	0x00000008	/* Don't follow symlink on umount */
    61	static int user_allow_other = 0;
    62	static int mount_max = 1000;
    80	static void drop_privs(void)
    83			oldfsuid = setfsuid(getuid());
    88	static void restore_privs(void)
    91			setfsuid(oldfsuid);
    98	 * Make sure that /etc/mtab is checked and updated atomically
   100	static int lock_umount(void)
   102		const char *mtab_lock = _PATH_MOUNTED ".fuselock";
   103		int mtablock;
   105		struct stat mtab_stat;
   107		/* /etc/mtab could be a symlink to /proc/mounts */
   108		if (lstat(_PATH_MOUNTED, &mtab_stat) == 0 && S_ISLNK(mtab_stat.st_mode))
   111		mtablock = open(mtab_lock, O_RDWR | O_CREAT, 0600);
   112		if (mtablock == -1) {
   113			fprintf(stderr, "%s: unable to open fuse lock file: %s\n",
   117		res = lockf(mtablock, F_LOCK, 0);
   119			fprintf(stderr, "%s: error getting lock: %s\n", progname,
   121			close(mtablock);
   125		return mtablock;
   128	static void unlock_umount(int mtablock)
   130		if (mtablock >= 0) {
   133			res = lockf(mtablock, F_ULOCK, 0);
   135				fprintf(stderr, "%s: error releasing lock: %s\n",
   138			close(mtablock);
   142	static int add_mount(const char *source, const char *mnt, const char *type,
   145		return fuse_mnt_add_mount(progname, source, mnt, type, opts);
   148	static int may_unmount(const char *mnt, int quiet)
   156		const char *mtab = _PATH_MOUNTED;
   162		fp = setmntent(mtab, "r");
   164			fprintf(stderr, "%s: failed to open %s: %s\n", progname, mtab,
   185				/* /etc/mtab is a link pointing to
   205					progname, mnt, mtab);
   218	 * unmounting that (umount(2) will follow symlinks).
   249		res = mount("", "/", "", MS_PRIVATE | MS_REC, NULL);
   275		res = mount(".", "/", "", MS_BIND | MS_REC, NULL);
   323	static int check_is_mount(const char *last, const char *mnt, const char *type)
   352	static int chdir_to_parent(char *copy, const char **lastp)
   377		res = chdir(parent);
   379			fprintf(stderr, "%s: failed to chdir to %s: %s\n",
   400	static int unmount_fuse_locked(const char *mnt, int quiet, int lazy)
   405		int umount_flags = (lazy ? UMOUNT_DETACH : 0) | UMOUNT_NOFOLLOW;
   408			res = may_unmount(mnt, quiet);
   419		drop_privs();
   420		res = chdir_to_parent(copy, &last);
   421		restore_privs();
   425		res = umount2(last, umount_flags);
   436		res = chdir("/");
   438			fprintf(stderr, "%s: failed to chdir to '/'\n", progname);
   442		return fuse_mnt_remove_mount(progname, mnt);
   448		int mtablock = lock_umount();
   450		res = unmount_fuse_locked(mnt, quiet, lazy);
   451		unlock_umount(mtablock);
   460		const char *mtab = _PATH_MOUNTED;
   461		FILE *fp = setmntent(mtab, "r");
   463			fprintf(stderr, "%s: failed to open %s: %s\n", progname, mtab,
   483	static int add_mount(const char *source, const char *mnt, const char *type,
   496		return fuse_mnt_umount(progname, mnt, mnt, lazy);
   516		if (strcmp(line, "user_allow_other") == 0)
   517			user_allow_other = 1;
   518		else if (sscanf(line, "mount_max = %i", &tmp) == 1)
   519			mount_max = tmp;
   722		return mount(source, target, filesystemtype, mountflags, data);
   726	static int do_mount(const char *mnt, const char **typep, mode_t rootmode,
   796				if (getuid() != 0 && !user_allow_other &&
   799					fprintf(stderr, "%s: option %.*s only allowed if 'user_allow_other' is set in %s\n", progname, len, s, FUSE_CONF);
   907		res = lstat(mnt, stbuf);
   919			res = chdir(mnt);
   922					"%s: failed to chdir to mountpoint: %s\n",
   927			res = lstat(mnt, stbuf);
   969			sprintf(procfile, "/proc/self/fd/%i", *mountpoint_fd);
  1064		drop_privs();
  1066		restore_privs();
  1099		drop_privs();
  1102		if (getuid() != 0 && mount_max != -1) {
  1104			if (mount_count >= mount_max) {
  1105				fprintf(stderr, "%s: too many FUSE filesystems mounted; mount_max=N can be set in %s\n", progname, FUSE_CONF);
  1111		restore_privs();
  1113			res = do_mount(real_mnt, type, stbuf.st_mode & S_IFMT,
  1122		res = chdir("/");
  1124			fprintf(stderr, "%s: failed to chdir to '/'\n", progname);
  1129			res = add_mount(source, mnt, *type, mnt_opts);
  1187	 * In the normal case (umount or fusermount -u), the filesystem
  1201	static int should_auto_unmount(const char *mnt, const char *type)
  1214		if (chdir_to_parent(copy, &last) == -1)
  1216		if (check_is_mount(last, mnt, type) == -1)
  1328		drop_privs();
  1331			res = chdir("/");
  1333				fprintf(stderr, "%s: failed to chdir to '/'\n", progname);
  1337		restore_privs();
  1345		commfd = getenv(FUSE_COMMFD_ENV);
  1372		res = chdir("/");
  1374			fprintf(stderr, "%s: failed to chdir to '/'\n", progname);
  1397		if (!should_auto_unmount(mnt, type)) {
  1405			res = umount2(mnt, lazy ? UMOUNT_DETACH : 0);
+ curl util-linux
curl_rc=0 path=/tmp/rhp-residual-helper-parser-root/src/util-linux.tar.xz
--- util-linux-2.39.3/sys-utils/mount.c
    53	static void suid_drop(struct libmnt_context *cxt)
    58		if (ruid != 0 && euid == 0 && drop_permissions() != 0)
    61		/* be paranoid and check it, setuid(0) has to fail */
    62		if (ruid != 0 && setuid(0) == 0)
    65		mnt_context_force_unrestricted(cxt);
   426	static int sanitize_paths(struct libmnt_context *cxt)
   436			char *np = canonicalize_path_restricted(p);
   445			char *np = canonicalize_path_restricted(p);
   523		fputs(_(" -N, --namespace <ns>    perform mount in another namespace\n"), out);
   682			{ "namespace",        required_argument, NULL, 'N'                   },
   693		__sanitize_env(&envs_removed);
   712			if (mnt_context_is_restricted(cxt) &&
   716				suid_drop(cxt);
   818					err(MNT_EX_SYSERR, _("failed to set target namespace to %s"), pid ? path : optarg);
   933		if (mnt_context_is_restricted(cxt) && types)
   934			suid_drop(cxt);
   964			if (mnt_context_is_restricted(cxt) &&
   967				suid_drop(cxt);
   980			 * sanitize_paths().
   992			if (mnt_context_is_restricted(cxt) &&
   995				suid_drop(cxt);
  1002			if (mnt_context_is_restricted(cxt))
  1003				suid_drop(cxt);
  1013		if (mnt_context_is_restricted(cxt) && sanitize_paths(cxt) != 0)
  1014			suid_drop(cxt);
  1027		    && mnt_context_is_restricted(cxt)
  1030			suid_drop(cxt);
--- util-linux-2.39.3/sys-utils/umount.c
    93		        "                           current namespace\n"), out);
   107		fputs(_(" -N, --namespace <ns>    perform umount in another namespace\n"), out);
   116	static void suid_drop(struct libmnt_context *cxt)
   121		if (ruid != 0 && euid == 0 && drop_permissions() != 0)
   124		/* be paranoid and check it, setuid(0) has to fail */
   125		if (ruid != 0 && setuid(0) == 0)
   128		mnt_context_force_unrestricted(cxt);
   237		    && mnt_context_is_restricted(cxt)
   242			suid_drop(cxt);
   261			err(MNT_EX_SYSERR, _("failed to switch namespace"));
   277			err(MNT_EX_SYSERR, _("failed to switch namespace"));
   450		p = canonicalize_path_restricted(path);
   498			{ "namespace",       required_argument, NULL, 'N'             },
   529			if (mnt_context_is_restricted(cxt) && !strchr("hdilqVv", c)) {
   538				suid_drop(cxt);
   599					err(MNT_EX_SYSERR, _("failed to set target namespace to %s"), pid ? path : optarg);
   642				if (mnt_context_is_restricted(cxt)
--- util-linux-2.39.3/libmount/src/context_mount.c
    65		if (mnt_context_is_restricted(cxt)) {
   183		* helpers.
   196		if (!mnt_context_is_restricted(cxt)) {
   325	 * mnt_context_helper_setopt() backend
   378	static int exec_helper(struct libmnt_context *cxt)
   387		assert(cxt->helper);
   390		DBG(CXT, ul_debugobj(cxt, "mount: executing helper %s", cxt->helper));
   413			/* Call helper with original user=<name> (aka "saved user")
   423			if (drop_permissions() != 0)
   431			args[i++] = cxt->helper;		/* 1 */
   449			    && !endswith(cxt->helper, type)) {
   462			execv(cxt->helper, (char * const *) args);
   470				cxt->helper_status = -1;
   473				cxt->helper_status = WIFEXITED(st) ? WEXITSTATUS(st) : -1;
   474				cxt->helper_exec_status = rc = 0;
   477					cxt->helper,
   478					cxt->helper_status, rc,
   484			cxt->helper_exec_status = rc = -errno;
   498	 *         >0 in case of mount(2) error (returns syscall errno),
   501	static int do_mount(struct libmnt_context *cxt, const char *try_type)
   514			rc = mnt_context_prepare_helper(cxt, "mount", try_type);
   519		if (cxt->helper)
   520			return exec_helper(cxt);
   539		 * mount(2) or others syscalls
   568		if (mnt_context_helper_executed(cxt))
   569			return mnt_context_get_helper_status(cxt) == 0;
   577	/* try mount(2) for all items in comma separated list of the filesystem @types */
   614				rc = do_mount(cxt, p);
   661			rc = do_mount(cxt, *fp);
   741	 * Prepare context for mounting, unnecessary for mnt_context_mount().
   745	int mnt_context_prepare_mount(struct libmnt_context *cxt)
   757		assert(cxt->helper_exec_status == 1);
   784			rc = mnt_context_prepare_helper(cxt, "mount", NULL);
   816	 * Call mount(2) or mount.type helper. Unnecessary for mnt_context_mount().
   821	 * If you want to call mount(2) for the same source and target with different
   823	 * again mnt_context_do_mount().
   825	 * WARNING: non-zero return code does not mean that mount(2) syscall or
   826	 *          mount.type helper wasn't successfully called.
   828	 * Check mnt_context_get_status() after error! See mnt_context_mount() for more
   832	 *         >0 in case of mount(2) error (returns syscall errno),
   835	int mnt_context_do_mount(struct libmnt_context *cxt)
   843		assert(cxt->helper_exec_status == 1);
   866				res = do_mount(cxt, NULL);
   880		DBG(CXT, ul_debugobj(cxt, "mnt_context_do_mount() done [rc=%d]", res));
   930	 * Mtab update, etc. Unnecessary for mnt_context_mount(), but should be called
   931	 * after mnt_context_do_mount(). See also mnt_context_set_syscall_status().
   935	int mnt_context_finalize_mount(struct libmnt_context *cxt)
   954	 * High-level, mounts the filesystem by mount(2) or fork()+exec(/sbin/mount.type).
   958	 *	mnt_context_prepare_mount(cxt);
   959	 *	mnt_context_do_mount(cxt);
   960	 *	mnt_context_finalize_mount(cxt);
   962	 * See also mnt_context_disable_helpers().
   969	 * WARNING: non-zero return code does not mean that mount(2) syscall or
   970	 *          mount.type helper wasn't successfully called.
   976	 *       rc = mnt_context_mount(cxt);
   978	 *       if (mnt_context_helper_executed(cxt))
   979	 *               return mnt_context_get_helper_status(cxt);
   986	 * or mnt_context_get_excode() to generate mount(8) compatible error
   991	 *       rc = mnt_context_mount(cxt);
  1000	 *         >0 in case of mount(2) error (returns syscall errno),
  1003	int mnt_context_mount(struct libmnt_context *cxt)
  1010		assert(cxt->helper_exec_status == 1);
  1017		rc = mnt_context_prepare_mount(cxt);
  1021			rc = mnt_context_do_mount(cxt);
  1042			    && !mnt_context_is_rwonly_mount(cxt)) {	/* no explicit read-write */
  1062		DBG(CXT, ul_debugobj(cxt, "mnt_context_mount() done [rc=%d]", rc));
  1071	 * @mntrc: returns the return code from mnt_context_mount()
  1082	 * then the mnt_context_next_mount() function returns zero, but the @ignored is
  1086	 * If mount(2) syscall or mount.type helper failed, then the
  1087	 * mnt_context_next_mount() function returns zero, but the @mntrc is non-zero.
  1091	 * See mnt_context_mount() for more details about errors and warnings.
  1094	 *         <0 in case of error (!= mount(2) errors)
  1097	int mnt_context_next_mount(struct libmnt_context *cxt,
  1176		 * mnt_context_next_mount() call only. Make sure that cxt has not set
  1217			rc = mnt_context_mount(cxt);
  1239	 * @mntrc: returns the return code from mnt_context_mount()
  1250	 * mnt_context_next_remount() function returns zero, but the @ignored is
  1258	 * If mount(2) syscall or mount.type helper failed, then the
  1259	 * mnt_context_next_mount() function returns zero, but the @mntrc is non-zero.
  1263	 * See mnt_context_mount() for more details about errors and warnings.
  1266	 *         <0 in case of error (!= mount(2) errors)
  1271	int mnt_context_next_remount(struct libmnt_context *cxt,
  1320		 * mnt_context_next_remount() call only. Make sure that cxt has not set
  1345			rc = mnt_context_mount(cxt);
  1408		int restricted = mnt_context_is_restricted(cxt);
  1412		if (mnt_context_helper_executed(cxt)) {
  1419			return mnt_context_get_helper_status(cxt);
  1431		mnt_context_get_mflags(cxt, &mflags);		/* mount(2) flags */
  1466					snprintf(buf, bufsz, restricted ?
  1522			 * mount(2) syscall success, but something else failed
  1570		 * mount(2) and other mount related syscalls errors
  1622				snprintf(buf, bufsz, _("mount(2) system call failed: %m"));
  1638				snprintf(buf, bufsz, _("mount(2) system call failed: %m"));
  1656					  "you might need a /sbin/mount.<type> helper program"));
  1660					  "missing codepage or helper program, or other error"),
  1714			else if (mnt_context_is_rwonly_mount(cxt))
  1722				snprintf(buf, bufsz, _("mount(2) system call failed: %m"));
  1745				snprintf(buf, bufsz, _("mount(2) system call failed: %m"));
  1765		cxt->restricted = 1;		/* emulate suid mount(8) */
  1773			cxt->restricted = 0;
  1810		cxt->restricted = 1;		/* emulate suid mount(8) */
  1818			cxt->restricted = 0;
--- util-linux-2.39.3/libmount/src/context_umount.c
    38	#ifndef UMOUNT_NOFOLLOW
    39	# define UMOUNT_NOFOLLOW  0x00000008	/* Don't follow symlink on umount */
    65		 * The mount table may be huge, and on systems with utab we have to
    68		 * table and utab are very tiny files.
   201	/* Check if there is something important in the utab file. The parsed utab is
   202	 * stored in context->utab and deallocated by mnt_free_context().
   208	static int has_utab_entry(struct libmnt_context *cxt, const char *target)
   218		if (!cxt->utab) {
   219			const char *path = mnt_get_utab_path();
   223			cxt->utab = mnt_new_table();
   224			if (!cxt->utab)
   226			cxt->utab->fmt = MNT_FMT_UTAB;
   227			if (mnt_table_parse_file(cxt->utab, path))
   231		/* paths in utab are canonicalized */
   236		while (mnt_table_next_fs(cxt->utab, &itr, &fs) == 0) {
   265		 * options for the target (e.g. helper=udisks to call /sbin/umount.udisks).
   271		if (mnt_context_is_restricted(cxt)
   279		    || has_utab_entry(cxt, tgt))
   430	static int prepare_helper_from_option(struct libmnt_context *cxt,
   448		return mnt_context_prepare_helper(cxt, "umount", suffix);
   516		if (!mnt_context_is_restricted(cxt))
   528		if (!mnt_context_is_nohelpers(cxt)) {
   529			rc = prepare_helper_from_option(cxt, "uhelper");
   532			if (rc == 0 && cxt->helper)
   533				return 0;	/* we'll call /sbin/umount.<uhelper> */
   617		 * Check user=<username> setting from utab if there is a user, owner or
   646			/* get "user=" from utab */
   668	static int exec_helper(struct libmnt_context *cxt)
   677		assert(cxt->helper);
   679		assert(cxt->helper_exec_status == 1);
   682			DBG(CXT, ul_debugobj(cxt, "fake mode: does not execute helper"));
   683			cxt->helper_exec_status = rc = 0;
   702			if (drop_permissions() != 0)
   710			args[i++] = cxt->helper;			/* 1 */
   725			    && !endswith(cxt->helper, type)) {
   739			execv(cxt->helper, (char * const *) args);
   747				cxt->helper_status = -1;
   750				cxt->helper_status = WIFEXITED(st) ? WEXITSTATUS(st) : -1;
   751				cxt->helper_exec_status = rc = 0;
   754					cxt->helper,
   755					cxt->helper_status, rc,
   761			cxt->helper_exec_status = rc = -errno;
   771	 * mnt_context_helper_setopt() backend.
   817	/* Check whether the kernel supports the UMOUNT_NOFOLLOW flag */
   824		res = umount2("", UMOUNT_NOFOLLOW);
   842		if (cxt->helper)
   843			return exec_helper(cxt);
   853		if (mnt_context_is_restricted(cxt) && !mnt_context_is_fake(cxt)) {
   856			 * -- chdir to the parent of the mountpoint and use NOFOLLOW
   860				flags |= UMOUNT_NOFOLLOW;
   862			rc = mnt_chdir_to_parent(target, &tgtbuf);
   953		assert(cxt->helper_exec_status == 1);
   956		free(cxt->helper);	/* be paranoid */
   957		cxt->helper = NULL;
   970		if (!rc && !mnt_context_is_nohelpers(cxt) && !cxt->helper) {
   971			/* on helper= mount option based helper */
   972			rc = prepare_helper_from_option(cxt, "helper");
   975			if (!cxt->helper)
   976				/* on fstype based helper */
   977				rc = mnt_context_prepare_helper(cxt, "umount", NULL);
   984			/* loop option explicitly specified in utab, detach this loop */
  1013	 * See also mnt_context_disable_helpers().
  1016	 *          umount.type helper wasn't successfully called.
  1031		assert(cxt->helper_exec_status == 1);
  1049			 *	- refresh in-memory utab stuff if remount rather than
  1100	 * See also mnt_context_disable_helpers().
  1103	 *          umount.type helper wasn't successfully called.
  1118		assert(cxt->helper_exec_status == 1);
  1160	 * If umount(2) syscall or umount.type helper failed, then the
  1237		if (mnt_context_helper_executed(cxt))
  1241			return mnt_context_get_helper_status(cxt);
  1278			 * (probably error in utab processing).
--- util-linux-2.39.3/libmount/src/hook_mkdir.c
    34	static int is_mkdir_required(struct libmnt_context *cxt, const char *tgt, mode_t *mode, int *rc)
    53		opt = mnt_optlist_get_named(ol, "X-mount.mkdir", cxt->map_userspace);
    55			opt = mnt_optlist_get_named(ol, "x-mount.mkdir", cxt->map_userspace);
    74				DBG(HOOK, ul_debug("failed to parse mkdir mode '%s'", mstr));
    85		DBG(HOOK, ul_debug("mkdir %s (%o) wanted", tgt, *mode));
   106		    && is_mkdir_required(cxt, tgt, &mode, &rc)) {
   111			if (!mnt_context_is_restricted(cxt)) {
   112				rc = ul_mkdir_p(tgt, mode);
   114					DBG(HOOK, ul_debugobj(hs, "mkdir %s failed: %m", tgt));
   131	const struct libmnt_hookset hookset_mkdir =
   133		.name = "__mkdir",

===== attacker live parser, race, env, and namespace probes =====
## attacker baseline
uid=1001(attacker) gid=1001(attacker) groups=1001(attacker)
Uid:	1001	1001	1001	1001
Gid:	1001	1001	1001	1001
Groups:	1001 
CapInh:	0000000000000000
CapPrm:	0000000000000000
CapEff:	0000000000000000
CapBnd:	000001ffffffffff
CapAmb:	0000000000000000
NoNewPrivs:	0
Seccomp:	0
GST_HELPER=/usr/lib/aarch64-linux-gnu/gstreamer1.0/gstreamer-1.0/gst-ptp-helper
UTEMPTER=/usr/lib/aarch64-linux-gnu/utempter/utempter
## mtr-packet retained cap_net_raw and line parser
mtr_pid=190602
Uid:	1001	1001	1001	1001
Gid:	1001	1001	1001	1001
Groups:	1001 
CapInh:	0000000000000000
CapPrm:	0000000000002000
CapEff:	0000000000002000
CapBnd:	000001ffffffffff
CapAmb:	0000000000000000
NoNewPrivs:	0
Seccomp:	0
190602: cap_net_raw=ep
mtr_wait_rc=0
1 feature-support support ok
2 feature-support support ok
5 invalid-argument
6 unknown-command
7 invalid-argument
3 reply ip-4 127.0.0.1 round-trip-time 55
4 reply ip-4 127.0.0.1 round-trip-time 31
mtr_env_rc=0
8 reply ip-4 127.0.0.1 round-trip-time 22
ERROR: ld.so: object '/home/attacker/residual-helper-parser/nope.so' from LD_PRELOAD cannot be preloaded (cannot open shared object file): ignored.
mtr did not create/read attacker env config path marker
## gst-ptp-helper argv/env and stdin protocol after capability drop
190612: =
clock_frame_len 11 clock_hex 0008020102030405060708
pid 190612
Uid:	1001	1001	1001	1001
Gid:	1001	1001	1001	1001
Groups:	1001
CapInh:	0000000000000000
CapPrm:	0000000000000000
CapEff:	0000000000000000
CapBnd:	000001ffffffffff
CapAmb:	0000000000000000
NoNewPrivs:	0
Seccomp:	0
ack_len 15 ack_hex 000c03000000d762f6799c01001234
valid_rc 0
valid_stderr_tail main.rs?gst_ptp_helper???~Binding to interface eth0?]?../libs/gst/helpers/ptp/main.rs?gst_ptp_helper???�Using clock ID [1, 2, 3, 4, 5, 6, 7, 8]?�?../libs/gst/helpers/ptp/main.rs?gst_ptp_helper??�Exited with error: Failed polling\n\nCaused by:\n\n  Hang up during polling on stdin for interface 1\n
bad_interface rc 0 stdout_hex  stderr_tail _helper::net::imp???xInterface lo is loopback interface?Q?../libs/gst/helpers/ptp/main.rs?gst_ptp_helper???gInterface eth0 filtered out?�?../libs/gst/helpers/ptp/main.rs?gst_ptp_helper??�Exited with error: Failed listing interfaces\n\nCaused by:\n\n  None of the selected network interfaces found\n
bad_clock rc 0 stdout_hex  stderr_tail ?�?../libs/gst/helpers/ptp/main.rs?gst_ptp_helper??�Exited with error: Failed parsing commandline parameters\n\nCaused by:\n\n  Clock ID not starting with 0x\n
oversize_stdin rc 0 stdout_hex 0008020102030405060708 stderr_tail main.rs?gst_ptp_helper???~Binding to interface eth0?]?../libs/gst/helpers/ptp/main.rs?gst_ptp_helper???�Using clock ID [1, 2, 3, 4, 5, 6, 7, 8]?�?../libs/gst/helpers/ptp/main.rs?gst_ptp_helper??�Exited with error: Failed polling\n\nCaused by:\n\n  Hang up during polling on stdin for interface 1\n
## ssh-agent setgid _ssh, socket paths, and retained helper exec
uid=1001(attacker) gid=1001(attacker) groups=1001(attacker)
Uid:	1001	1001	1001	1001
Gid:	1001	1001	1001	1001
Groups:	1001 
CapInh:	0000000000000000
CapPrm:	0000000000000000
CapEff:	0000000000000000
CapBnd:	000001ffffffffff
CapAmb:	0000000000000000
srw------- 1 1001 1001 0 May 16 20:20 /tmp/residual-helper-parser.agent.sock
ssh_add_rc=1
Enter passphrase for PKCS#11: Could not add card "/usr/lib/aarch64-linux-gnu/libc.so.6": agent refused operation
ssh_agent_command_rc=0
uid=1001(attacker) gid=1001(attacker) groups=1001(attacker)
Uid:	1001	1001	1001	1001
Gid:	1001	1001	1001	1001
Groups:	1001 
CapInh:	0000000000000000
CapPrm:	0000000000000000
CapEff:	0000000000000000
CapBnd:	000001ffffffffff
CapAmb:	0000000000000000
argv:
agentD_pid=190635
Uid:	1001	1001	1001	1001
Gid:	1001	1001	106	1001
Groups:	1001 
CapInh:	0000000000000000
CapPrm:	0000000000000000
CapEff:	0000000000000000
CapBnd:	000001ffffffffff
CapAmb:	0000000000000000
NoNewPrivs:	0
Seccomp:	0
190635: =
srw------- 1 1001 1001 0 May 16 20:20 /tmp/residual-helper-parser.agentD.sock
ssh_agent_symlink_rc=1
unix_listener: cannot bind to path /tmp/residual-helper-parser.agent.link: Address already in use
no root socket target from ssh-agent symlink path
## utempter tty/utmp parser boundary
utempter_direct_rc=1
attacker pts/0        May 16 20:20 (residual-helper-ok)
attacker pts/0        May 16 20:20 (../path-host)
attacker pts/0        May 16 20:20 (AAAAAAAAAAAAAAAAAAAAAAAAAAAAAAAAAAAAAAAAAAAAAAAAAAAAAAAAAAAAAAAAAAAAAAAAAAAAAAAAAAAAAAAAAAAAAAAAAAAAAAAAAAAAAAAAAAAAAAAAAAAAAAAAAAAAAAAAAAAAAAAAAAAAAAAAAAAAAAAAAAAAAAAAAAAAAAAAAAAAAAAAAAAAAAAAAAAAAAAAAAAAAAAAAAAAAAAAAAAAAAAAAAAAAAAAAAAAAAAAAAAAAAAAAAAAAAAA)
host b'residual-helper-ok' slave /dev/pts/0 uid 1001 gid 1001 groups [1001]
add_rc 1
del_rc 1
host b'../path-host' slave /dev/pts/0 uid 1001 gid 1001 groups [1001]
add_rc 1
del_rc 1
host b'bad\nhost' slave /dev/pts/0 uid 1001 gid 1001 groups [1001]
add_rc 0
del_rc 1
host b'AAAAAAAAAAAAAAAAAAAAAAAAAAAAAAAAAAAAAAAA' slave /dev/pts/0 uid 1001 gid 1001 groups [1001]
add_rc 1
del_rc 1
no stale active residual-helper utmp record
## fusermount3 COMMFD, symlink, allow_other, and swap-race probes
/tmp/residual-helper-parser.fuse-normal /dev/fuse fuse   rw,nosuid,nodev,relatime,user_id=1001,group_id=1001,default_permissions
normal rc 0 got_fd True out  err 
symlink_to_missing_root rc 1 got_fd False out  err /usr/bin/fusermount3: mountpoint /tmp/residual-helper-parser.fuse-link is not a directory or a regular file
allow_other rc 1 got_fd False out  err /usr/bin/fusermount3: option allow_other only allowed if 'user_allow_other' is set in /etc/fuse.conf
race_0 rc 1 got_fd False out  err /usr/bin/fusermount3: failed to access mountpoint /tmp/residual-helper-parser.fuse-race/mnt: No such file or directory
race_1 rc 1 got_fd False out  err /usr/bin/fusermount3: failed to access mountpoint /tmp/residual-helper-parser.fuse-race/mnt: No such file or directory
race_2 rc 1 got_fd False out  err /usr/bin/fusermount3: failed to access mountpoint /tmp/residual-helper-parser.fuse-race/mnt: No such file or directory
race_3 rc 1 got_fd False out  err /usr/bin/fusermount3: mountpoint /tmp/residual-helper-parser.fuse-race/mnt is not a directory or a regular file
race_4 rc 1 got_fd False out  err /usr/bin/fusermount3: failed to access mountpoint /tmp/residual-helper-parser.fuse-race/mnt: No such file or directory
race_5 rc 1 got_fd False out  err /usr/bin/fusermount3: mount failed: No such file or directory
race_6 rc 1 got_fd False out  err /usr/bin/fusermount3: mountpoint /tmp/residual-helper-parser.fuse-race/mnt is not a directory or a regular file
race_7 rc 1 got_fd False out  err /usr/bin/fusermount3: failed to access mountpoint /tmp/residual-helper-parser.fuse-race/mnt: No such file or directory
race_8 rc 1 got_fd False out  err /usr/bin/fusermount3: failed to access mountpoint /tmp/residual-helper-parser.fuse-race/mnt: No such file or directory
race_9 rc 1 got_fd False out  err /usr/bin/fusermount3: failed to access mountpoint /tmp/residual-helper-parser.fuse-race/mnt: No such file or directory
race_10 rc 1 got_fd False out  err /usr/bin/fusermount3: failed to access mountpoint /tmp/residual-helper-parser.fuse-race/mnt: No such file or directory
race_11 rc 1 got_fd False out  err /usr/bin/fusermount3: failed to access mountpoint /tmp/residual-helper-parser.fuse-race/mnt: No such file or directory
race_12 rc 1 got_fd False out  err /usr/bin/fusermount3: mountpoint /tmp/residual-helper-parser.fuse-race/mnt is not a directory or a regular file
race_13 rc 1 got_fd False out  err /usr/bin/fusermount3: failed to access mountpoint /tmp/residual-helper-parser.fuse-race/mnt: No such file or directory
race_14 rc 1 got_fd False out  err /usr/bin/fusermount3: mountpoint /tmp/residual-helper-parser.fuse-race/mnt is not a directory or a regular file
race_15 rc 1 got_fd False out  err /usr/bin/fusermount3: mount failed: No such file or directory
race_16 rc 1 got_fd False out  err /usr/bin/fusermount3: failed to access mountpoint /tmp/residual-helper-parser.fuse-race/mnt: No such file or directory
race_17 rc 1 got_fd False out  err /usr/bin/fusermount3: failed to access mountpoint /tmp/residual-helper-parser.fuse-race/mnt: No such file or directory
race_18 rc 1 got_fd False out  err /usr/bin/fusermount3: mountpoint /tmp/residual-helper-parser.fuse-race/mnt is not a directory or a regular file
race_19 rc 1 got_fd False out  err /usr/bin/fusermount3: failed to access mountpoint /tmp/residual-helper-parser.fuse-race/mnt: No such file or directory
race_mount_successes_on_attacker_path 0
root_race_target_exists False
## mount/umount helper, fstab parser, env, and namespace crossing
mount_fuse_helper_rc=23
uid=1001(attacker) gid=1001(attacker) groups=1001(attacker)
Uid:	1001	1001	1001	1001
Gid:	1001	1001	1001	1001
Groups:	1001 
CapInh:	0000000000000000
CapPrm:	0000000000000000
CapEff:	0000000000000000
CapBnd:	000001ffffffffff
CapAmb:	0000000000000000
argv: <none> </tmp/residual-helper-parser.mount-mnt> <-o> <rw,dev,suid>
mount_T_fstab_rc=32
mount: /tmp/residual-helper-parser.mount-leaf: must be superuser to use mount.
       dmesg(1) may have more information after failed mount system call.
mount_leaf drwxr-xr-x attacker:attacker /tmp/residual-helper-parser.mount-leaf
mount_env_rc=1
mount: /tmp/residual-helper-parser.mount-leaf: can't find in /etc/fstab.
mount_mkdir_rc=32
mount: /tmp/residual-helper-parser.mount-mkdir/leaf: must be superuser to use mount.
       dmesg(1) may have more information after failed mount system call.
mount_mkdir drwxr-xr-x attacker:attacker /tmp/residual-helper-parser.mount-mkdir
mount_mkdir drwxr-xr-x attacker:attacker /tmp/residual-helper-parser.mount-mkdir/leaf
mount_root_mkdir_rc=1
mount: /root/residual-helper-parser-mount-root/leaf: operation permitted for root only.
no root mkdir from mount --mkdir
mount_N_proc1_rc=2
mount: failed to set target namespace to /proc/1/ns/mnt: Permission denied
umount_N_proc1_rc=2
umount: failed to set target namespace to /proc/1/ns/mnt: Permission denied
umount_symlink_rc=32
umount: /: must be superuser to unmount.
userns_block_rc=0
userns_id
uid=0(root) gid=0(root) groups=0(root)
Uid:	0	0	0	0
Gid:	0	0	0	0
CapInh:	0000000000000000
CapPrm:	000001ffffffffff
CapEff:	000001ffffffffff
CapBnd:	000001ffffffffff
CapAmb:	0000000000000000
userns_mount_rc=0
inside_userns -rw-r--r-- 0:0 /tmp/residual-helper-parser.userns-mnt/inside
/tmp/residual-helper-parser.userns-mnt tmpfs  tmpfs  rw,relatime,uid=1001,gid=1001
no userns mount visible outside
userns tmpfs file not visible outside
## attacker root-proof checks before root cleanup
absent /root/residual-helper-parser-agent-target
absent /root/residual-helper-parser-fuse-race-target
absent /root/residual-helper-parser-mount-root

===== cleanup and post-run verification =====
+ test ! -e /root/residual-helper-parser-agent-target; echo root_agent_marker_absent_rc=$?
root_agent_marker_absent_rc=0
rc=0
+ test ! -e /root/residual-helper-parser-fuse-race-target; echo root_fuse_marker_absent_rc=$?
root_fuse_marker_absent_rc=0
rc=0
+ test ! -e /root/residual-helper-parser-mount-root; echo root_mount_marker_absent_rc=$?
root_mount_marker_absent_rc=0
rc=0
+ find /tmp /home/attacker -maxdepth 2 \( -name "residual-helper-parser*" \) -print 2>/dev/null
rc=0
+ who | grep -F residual-helper || true
rc=0
+ systemctl is-system-running 2>&1; systemctl --failed --no-legend 2>&1 || true
degraded
* user@1002.service loaded failed failed User Manager for UID 1002
rc=0

===== post-run failed-unit cleanup =====
running
