
===== target, default package, and helper metadata proof =====
+ docker_marker=inside-container; echo "$docker_marker"; cat /etc/os-release | sed -n "1,10p"; uname -a; id attacker; groups attacker
inside-container
PRETTY_NAME="Ubuntu 24.04.4 LTS"
NAME="Ubuntu"
VERSION_ID="24.04"
VERSION="24.04.4 LTS (Noble Numbat)"
VERSION_CODENAME=noble
ID=ubuntu
ID_LIKE=debian
HOME_URL="https://www.ubuntu.com/"
SUPPORT_URL="https://help.ubuntu.com/"
BUG_REPORT_URL="https://bugs.launchpad.net/ubuntu/"
Linux bf51bb670420 6.10.14-linuxkit #1 SMP Sat May 17 08:28:57 UTC 2025 aarch64 aarch64 aarch64 GNU/Linux
uid=1001(attacker) gid=1001(attacker) groups=1001(attacker)
attacker : attacker
rc=0
+ dpkg-query -W -f='${binary:Package}\t${Version}\t${Architecture}\t${db:Status-Abbrev}\t${source:Package}\t${source:Version}\n' ubuntu-minimal ubuntu-standard ubuntu-server libgstreamer1.0-0 openssh-client libutempter0 fuse3 mount util-linux passwd login libpam-modules libpam-modules-bin dbus dbus-daemon dbus-system-bus-common polkitd iputils-ping mtr-tiny 2>&1
dbus	1.14.10-4ubuntu4.1	arm64	ii 	dbus	1.14.10-4ubuntu4.1
dbus-daemon	1.14.10-4ubuntu4.1	arm64	ii 	dbus	1.14.10-4ubuntu4.1
dbus-system-bus-common	1.14.10-4ubuntu4.1	all	ii 	dbus	1.14.10-4ubuntu4.1
fuse3	3.14.0-5build1	arm64	ii 	fuse3	3.14.0-5build1
iputils-ping	3:20240117-1ubuntu0.1	arm64	ii 	iputils	3:20240117-1ubuntu0.1
libgstreamer1.0-0:arm64	1.24.2-1ubuntu0.1	arm64	ii 	gstreamer1.0	1.24.2-1ubuntu0.1
libpam-modules:arm64	1.5.3-5ubuntu5.5	arm64	ii 	pam	1.5.3-5ubuntu5.5
libpam-modules-bin	1.5.3-5ubuntu5.5	arm64	ii 	pam	1.5.3-5ubuntu5.5
libutempter0:arm64	1.2.1-3build1	arm64	ii 	libutempter	1.2.1-3build1
login	1:4.13+dfsg1-4ubuntu3.2	arm64	ii 	shadow	1:4.13+dfsg1-4ubuntu3.2
mount	2.39.3-9ubuntu6.5	arm64	ii 	util-linux	2.39.3-9ubuntu6.5
mtr-tiny	0.95-1.1ubuntu0.1	arm64	ii 	mtr	0.95-1.1ubuntu0.1
openssh-client	1:9.6p1-3ubuntu13.16	arm64	ii 	openssh	1:9.6p1-3ubuntu13.16
passwd	1:4.13+dfsg1-4ubuntu3.2	arm64	ii 	shadow	1:4.13+dfsg1-4ubuntu3.2
polkitd	124-2ubuntu1.24.04.3	arm64	ii 	policykit-1	124-2ubuntu1.24.04.3
ubuntu-minimal	1.539.2	arm64	ii 	ubuntu-meta	1.539.2
ubuntu-server	1.539.2	arm64	ii 	ubuntu-meta	1.539.2
ubuntu-standard	1.539.2	arm64	ii 	ubuntu-meta	1.539.2
util-linux	2.39.3-9ubuntu6.5	arm64	ii 	util-linux	2.39.3-9ubuntu6.5
rc=0
+ apt-mark showmanual | sort | grep -Ex "ubuntu-(minimal|standard|server)|openssh-client|fuse3|mtr-tiny|iputils-ping|dbus|polkitd|libutempter0|libgstreamer1.0-0|util-linux|mount|passwd|login|libpam-modules(-bin)?" || true
libpam-modules
libpam-modules-bin
login
mount
passwd
ubuntu-minimal
ubuntu-server
ubuntu-standard
util-linux
rc=0
+ apt-get -s full-upgrade 2>&1 | sed -n "1,80p"
Reading package lists...
Building dependency tree...
Reading state information...
Calculating upgrade...
0 upgraded, 0 newly installed, 0 to remove and 0 not upgraded.
rc=0
+ for p in libgstreamer1.0-0 openssh-client libutempter0 fuse3 mount util-linux passwd login libpam-modules libpam-modules-bin dbus dbus-daemon dbus-system-bus-common polkitd iputils-ping mtr-tiny; do printf "PKG_VERIFY %s " "$p"; dpkg -V "$p" >/tmp/dpkgv.$$ 2>&1; rc=$?; printf "rc=%s\n" "$rc"; sed "s/^/  /" /tmp/dpkgv.$$; rm -f /tmp/dpkgv.$$; done
PKG_VERIFY libgstreamer1.0-0 rc=0
PKG_VERIFY openssh-client rc=0
  missing     /usr/share/doc/openssh-client/NEWS.Debian.gz
  missing     /usr/share/doc/openssh-client/OVERVIEW.gz
  missing     /usr/share/doc/openssh-client/README
  missing     /usr/share/doc/openssh-client/README.Debian.gz
  missing     /usr/share/doc/openssh-client/README.dns
  missing     /usr/share/doc/openssh-client/README.tun.gz
  missing     /usr/share/man/man1/scp.1.gz
  missing     /usr/share/man/man1/sftp.1.gz
  missing     /usr/share/man/man1/ssh-add.1.gz
  missing     /usr/share/man/man1/ssh-agent.1.gz
  missing     /usr/share/man/man1/ssh-argv0.1.gz
  missing     /usr/share/man/man1/ssh-copy-id.1.gz
  missing     /usr/share/man/man1/ssh-keygen.1.gz
  missing     /usr/share/man/man1/ssh-keyscan.1.gz
  missing     /usr/share/man/man1/ssh.1.gz
  missing     /usr/share/man/man5/ssh_config.5.gz
  missing     /usr/share/man/man8/ssh-keysign.8.gz
  missing     /usr/share/man/man8/ssh-pkcs11-helper.8.gz
  missing     /usr/share/man/man8/ssh-sk-helper.8.gz
  missing     /usr/share/man/man1/slogin.1.gz
PKG_VERIFY libutempter0 rc=0
PKG_VERIFY fuse3 rc=0
  missing     /usr/share/man/man1/fusermount3.1.gz
  missing     /usr/share/man/man8/mount.fuse3.8.gz
  missing     /usr/share/man/man1/fusermount.1.gz
  missing     /usr/share/man/man8/mount.fuse.8.gz
PKG_VERIFY mount rc=0
  missing     /usr/share/doc/mount/examples/filesystems
  missing     /usr/share/doc/mount/examples/fstab
  missing     /usr/share/doc/mount/examples/mount.fstab
  missing     /usr/share/doc/mount/mount.txt
  missing     /usr/share/man/man5/fstab.5.gz
  missing     /usr/share/man/man8/losetup.8.gz
  missing     /usr/share/man/man8/mount.8.gz
  missing     /usr/share/man/man8/swapon.8.gz
  missing     /usr/share/man/man8/umount.8.gz
  missing     /usr/share/man/man8/swapoff.8.gz
PKG_VERIFY util-linux rc=0
  missing     /usr/share/doc/util-linux/00-about-docs.txt
  missing     /usr/share/doc/util-linux/AUTHORS.gz
  missing     /usr/share/doc/util-linux/PAM-configuration.txt
  missing     /usr/share/doc/util-linux/README.Debian
  missing     /usr/share/doc/util-linux/blkid.txt
  missing     /usr/share/doc/util-linux/cal.txt
  missing     /usr/share/doc/util-linux/col.txt
  missing     /usr/share/doc/util-linux/deprecated.txt
  missing     /usr/share/doc/util-linux/examples/getopt-example.bash
  missing     /usr/share/doc/util-linux/examples/getopt-example.tcsh
  missing     /usr/share/doc/util-linux/getopt.txt
  missing     /usr/share/doc/util-linux/getopt_changelog.txt
  missing     /usr/share/doc/util-linux/howto-build-sys.txt
  missing     /usr/share/doc/util-linux/howto-compilation.txt
  missing     /usr/share/doc/util-linux/howto-contribute.txt.gz
  missing     /usr/share/doc/util-linux/howto-debug.txt
  missing     /usr/share/doc/util-linux/howto-man-page.txt
  missing     /usr/share/doc/util-linux/howto-pull-request.txt.gz
  missing     /usr/share/doc/util-linux/howto-tests.txt
  missing     /usr/share/doc/util-linux/howto-usage-function.txt.gz
  missing     /usr/share/doc/util-linux/hwclock.txt
  missing     /usr/share/doc/util-linux/modems-with-agetty.txt
  missing     /usr/share/doc/util-linux/mount.txt
  missing     /usr/share/doc/util-linux/parse-date.txt.gz
  missing     /usr/share/doc/util-linux/pg.txt
  missing     /usr/share/doc/util-linux/poeigl.txt.gz
  missing     /usr/share/doc/util-linux/release-schedule.txt
  missing     /usr/share/doc/util-linux/releases/v2.13-ReleaseNotes.gz
  missing     /usr/share/doc/util-linux/releases/v2.14-ReleaseNotes.gz
  missing     /usr/share/doc/util-linux/releases/v2.15-ReleaseNotes.gz
  missing     /usr/share/doc/util-linux/releases/v2.16-ReleaseNotes.gz
  missing     /usr/share/doc/util-linux/releases/v2.17-ReleaseNotes.gz
  missing     /usr/share/doc/util-linux/releases/v2.18-ReleaseNotes.gz
  missing     /usr/share/doc/util-linux/releases/v2.19-ReleaseNotes.gz
  missing     /usr/share/doc/util-linux/releases/v2.20-ReleaseNotes.gz
  missing     /usr/share/doc/util-linux/releases/v2.21-ReleaseNotes.gz
  missing     /usr/share/doc/util-linux/releases/v2.22-ReleaseNotes.gz
  missing     /usr/share/doc/util-linux/releases/v2.23-ReleaseNotes.gz
  missing     /usr/share/doc/util-linux/releases/v2.24-ReleaseNotes.gz
  missing     /usr/share/doc/util-linux/releases/v2.25-ReleaseNotes.gz
  missing     /usr/share/doc/util-linux/releases/v2.26-ReleaseNotes.gz
  missing     /usr/share/doc/util-linux/releases/v2.27-ReleaseNotes.gz
  missing     /usr/share/doc/util-linux/releases/v2.28-ReleaseNotes.gz
  missing     /usr/share/doc/util-linux/releases/v2.29-ReleaseNotes.gz
  missing     /usr/share/doc/util-linux/releases/v2.30-ReleaseNotes.gz
  missing     /usr/share/doc/util-linux/releases/v2.31-ReleaseNotes.gz
  missing     /usr/share/doc/util-linux/releases/v2.32-ReleaseNotes.gz
  missing     /usr/share/doc/util-linux/releases/v2.33-ReleaseNotes.gz
  missing     /usr/share/doc/util-linux/releases/v2.34-ReleaseNotes.gz
  missing     /usr/share/doc/util-linux/releases/v2.35-ReleaseNotes.gz
  missing     /usr/share/doc/util-linux/releases/v2.36-ReleaseNotes.gz
  missing     /usr/share/doc/util-linux/releases/v2.37-ReleaseNotes.gz
  missing     /usr/share/doc/util-linux/releases/v2.38-ReleaseNotes.gz
  missing     /usr/share/doc/util-linux/releases/v2.39-ReleaseNotes.gz
  missing     /usr/share/doc/util-linux/releases/v2.39.1-ReleaseNotes.gz
  missing     /usr/share/doc/util-linux/releases/v2.39.2-ReleaseNotes
  missing     /usr/share/doc/util-linux/releases/v2.39.3-ReleaseNotes.gz
  missing     /usr/share/man/man1/choom.1.gz
  missing     /usr/share/man/man1/chrt.1.gz
  missing     /usr/share/man/man1/dmesg.1.gz
  missing     /usr/share/man/man1/fallocate.1.gz
  missing     /usr/share/man/man1/flock.1.gz
  missing     /usr/share/man/man1/getopt.1.gz
  missing     /usr/share/man/man1/hardlink.1.gz
  missing     /usr/share/man/man1/ionice.1.gz
  missing     /usr/share/man/man1/ipcmk.1.gz
  missing     /usr/share/man/man1/ipcrm.1.gz
  missing     /usr/share/man/man1/ipcs.1.gz
  missing     /usr/share/man/man1/last.1.gz
  missing     /usr/share/man/man1/lscpu.1.gz
  missing     /usr/share/man/man1/lsipc.1.gz
  missing     /usr/share/man/man1/lslogins.1.gz
  missing     /usr/share/man/man1/lsmem.1.gz
  missing     /usr/share/man/man1/mcookie.1.gz
  missing     /usr/share/man/man1/mesg.1.gz
  missing     /usr/share/man/man1/more.1.gz
  missing     /usr/share/man/man1/mountpoint.1.gz
  missing     /usr/share/man/man1/namei.1.gz
  missing     /usr/share/man/man1/nsenter.1.gz
  missing     /usr/share/man/man1/prlimit.1.gz
  missing     /usr/share/man/man1/rename.ul.1.gz
  missing     /usr/share/man/man1/rev.1.gz
  missing     /usr/share/man/man1/runuser.1.gz
  missing     /usr/share/man/man1/setpriv.1.gz
  missing     /usr/share/man/man1/setsid.1.gz
  missing     /usr/share/man/man1/setterm.1.gz
  missing     /usr/share/man/man1/su.1.gz
  missing     /usr/share/man/man1/taskset.1.gz
  missing     /usr/share/man/man1/uclampset.1.gz
  missing     /usr/share/man/man1/unshare.1.gz
  missing     /usr/share/man/man1/utmpdump.1.gz
  missing     /usr/share/man/man1/whereis.1.gz
  missing     /usr/share/man/man5/adjtime_config.5.gz
  missing     /usr/share/man/man5/terminal-colors.d.5.gz
  missing     /usr/share/man/man8/addpart.8.gz
  missing     /usr/share/man/man8/agetty.8.gz
  missing     /usr/share/man/man8/blkdiscard.8.gz
  missing     /usr/share/man/man8/blkid.8.gz
  missing     /usr/share/man/man8/blkzone.8.gz
  missing     /usr/share/man/man8/blockdev.8.gz
  missing     /usr/share/man/man8/chcpu.8.gz
  missing     /usr/share/man/man8/chmem.8.gz
  missing     /usr/share/man/man8/ctrlaltdel.8.gz
  missing     /usr/share/man/man8/delpart.8.gz
  missing     /usr/share/man/man8/findfs.8.gz
  missing     /usr/share/man/man8/findmnt.8.gz
  missing     /usr/share/man/man8/fsck.8.gz
  missing     /usr/share/man/man8/fsck.cramfs.8.gz
  missing     /usr/share/man/man8/fsck.minix.8.gz
  missing     /usr/share/man/man8/fsfreeze.8.gz
  missing     /usr/share/man/man8/fstrim.8.gz
  missing     /usr/share/man/man8/isosize.8.gz
  missing     /usr/share/man/man8/ldattach.8.gz
  missing     /usr/share/man/man8/lsblk.8.gz
  missing     /usr/share/man/man8/lslocks.8.gz
  missing     /usr/share/man/man8/lsns.8.gz
  missing     /usr/share/man/man8/mkfs.8.gz
  missing     /usr/share/man/man8/mkfs.bfs.8.gz
  missing     /usr/share/man/man8/mkfs.cramfs.8.gz
  missing     /usr/share/man/man8/mkfs.minix.8.gz
  missing     /usr/share/man/man8/mkswap.8.gz
  missing     /usr/share/man/man8/partx.8.gz
  missing     /usr/share/man/man8/pivot_root.8.gz
  missing     /usr/share/man/man8/readprofile.8.gz
  missing     /usr/share/man/man8/resizepart.8.gz
  missing     /usr/share/man/man8/rtcwake.8.gz
  missing     /usr/share/man/man8/setarch.8.gz
  missing     /usr/share/man/man8/sulogin.8.gz
  missing     /usr/share/man/man8/swaplabel.8.gz
  missing     /usr/share/man/man8/switch_root.8.gz
  missing     /usr/share/man/man8/wdctl.8.gz
  missing     /usr/share/man/man8/wipefs.8.gz
  missing     /usr/share/man/man8/zramctl.8.gz
  missing     /usr/share/man/man1/lastb.1.gz
  missing     /usr/share/man/man8/getty.8.gz
  missing     /usr/share/man/man8/linux32.8.gz
  missing     /usr/share/man/man8/linux64.8.gz
PKG_VERIFY passwd rc=0
  missing     /usr/share/doc/passwd/NEWS.Debian.gz
  missing     /usr/share/doc/passwd/README.Debian
  missing     /usr/share/doc/passwd/TODO.Debian
  missing     /usr/share/doc/passwd/examples/passwd.expire.cron
  missing     /usr/share/man/cs/man1
  missing     /usr/share/man/cs/man1/expiry.1.gz
  missing     /usr/share/man/cs/man1/gpasswd.1.gz
  missing     /usr/share/man/cs/man5/gshadow.5.gz
  missing     /usr/share/man/cs/man5/passwd.5.gz
  missing     /usr/share/man/cs/man5/shadow.5.gz
  missing     /usr/share/man/cs/man8/groupadd.8.gz
  missing     /usr/share/man/cs/man8/groupdel.8.gz
  missing     /usr/share/man/cs/man8/groupmod.8.gz
  missing     /usr/share/man/cs/man8/grpck.8.gz
  missing     /usr/share/man/cs/man8/vipw.8.gz
  missing     /usr/share/man/da/man1/chfn.1.gz
  missing     /usr/share/man/da/man5
  missing     /usr/share/man/da/man5/gshadow.5.gz
  missing     /usr/share/man/da/man8/groupdel.8.gz
  missing     /usr/share/man/da/man8/vipw.8.gz
  missing     /usr/share/man/de/man1/chage.1.gz
  missing     /usr/share/man/de/man1/chfn.1.gz
  missing     /usr/share/man/de/man1/chsh.1.gz
  missing     /usr/share/man/de/man1/expiry.1.gz
  missing     /usr/share/man/de/man1/gpasswd.1.gz
  missing     /usr/share/man/de/man1/passwd.1.gz
  missing     /usr/share/man/de/man5/gshadow.5.gz
  missing     /usr/share/man/de/man5/passwd.5.gz
  missing     /usr/share/man/de/man5/shadow.5.gz
  missing     /usr/share/man/de/man8/chgpasswd.8.gz
  missing     /usr/share/man/de/man8/chpasswd.8.gz
  missing     /usr/share/man/de/man8/groupadd.8.gz
  missing     /usr/share/man/de/man8/groupdel.8.gz
  missing     /usr/share/man/de/man8/groupmems.8.gz
  missing     /usr/share/man/de/man8/groupmod.8.gz
  missing     /usr/share/man/de/man8/grpck.8.gz
  missing     /usr/share/man/de/man8/newusers.8.gz
  missing     /usr/share/man/de/man8/pwck.8.gz
  missing     /usr/share/man/de/man8/pwconv.8.gz
  missing     /usr/share/man/de/man8/useradd.8.gz
  missing     /usr/share/man/de/man8/userdel.8.gz
  missing     /usr/share/man/de/man8/usermod.8.gz
  missing     /usr/share/man/de/man8/vipw.8.gz
  missing     /usr/share/man/fi
  missing     /usr/share/man/fi/man1
  missing     /usr/share/man/fi/man1/chfn.1.gz
  missing     /usr/share/man/fi/man1/chsh.1.gz
  missing     /usr/share/man/fr/man1/chage.1.gz
  missing     /usr/share/man/fr/man1/chfn.1.gz
  missing     /usr/share/man/fr/man1/chsh.1.gz
  missing     /usr/share/man/fr/man1/expiry.1.gz
  missing     /usr/share/man/fr/man1/gpasswd.1.gz
  missing     /usr/share/man/fr/man1/passwd.1.gz
  missing     /usr/share/man/fr/man5/gshadow.5.gz
  missing     /usr/share/man/fr/man5/passwd.5.gz
  missing     /usr/share/man/fr/man5/shadow.5.gz
  missing     /usr/share/man/fr/man5/subgid.5.gz
  missing     /usr/share/man/fr/man5/subuid.5.gz
  missing     /usr/share/man/fr/man8/chgpasswd.8.gz
  missing     /usr/share/man/fr/man8/chpasswd.8.gz
  missing     /usr/share/man/fr/man8/groupadd.8.gz
  missing     /usr/share/man/fr/man8/groupdel.8.gz
  missing     /usr/share/man/fr/man8/groupmems.8.gz
  missing     /usr/share/man/fr/man8/groupmod.8.gz
  missing     /usr/share/man/fr/man8/grpck.8.gz
  missing     /usr/share/man/fr/man8/newusers.8.gz
  missing     /usr/share/man/fr/man8/pwck.8.gz
  missing     /usr/share/man/fr/man8/pwconv.8.gz
  missing     /usr/share/man/fr/man8/useradd.8.gz
  missing     /usr/share/man/fr/man8/userdel.8.gz
  missing     /usr/share/man/fr/man8/usermod.8.gz
  missing     /usr/share/man/fr/man8/vipw.8.gz
  missing     /usr/share/man/hu/man1/chsh.1.gz
  missing     /usr/share/man/hu/man1/gpasswd.1.gz
  missing     /usr/share/man/hu/man1/passwd.1.gz
  missing     /usr/share/man/hu/man5
  missing     /usr/share/man/hu/man5/passwd.5.gz
  missing     /usr/share/man/id/man1/chsh.1.gz
  missing     /usr/share/man/id/man8
  missing     /usr/share/man/id/man8/useradd.8.gz
  missing     /usr/share/man/it/man1/chage.1.gz
  missing     /usr/share/man/it/man1/chfn.1.gz
  missing     /usr/share/man/it/man1/chsh.1.gz
  missing     /usr/share/man/it/man1/expiry.1.gz
  missing     /usr/share/man/it/man1/gpasswd.1.gz
  missing     /usr/share/man/it/man1/passwd.1.gz
  missing     /usr/share/man/it/man5/gshadow.5.gz
  missing     /usr/share/man/it/man5/passwd.5.gz
  missing     /usr/share/man/it/man5/shadow.5.gz
  missing     /usr/share/man/it/man8/chgpasswd.8.gz
  missing     /usr/share/man/it/man8/chpasswd.8.gz
  missing     /usr/share/man/it/man8/groupadd.8.gz
  missing     /usr/share/man/it/man8/groupdel.8.gz
  missing     /usr/share/man/it/man8/groupmems.8.gz
  missing     /usr/share/man/it/man8/groupmod.8.gz
  missing     /usr/share/man/it/man8/grpck.8.gz
  missing     /usr/share/man/it/man8/newusers.8.gz
  missing     /usr/share/man/it/man8/pwck.8.gz
  missing     /usr/share/man/it/man8/pwconv.8.gz
  missing     /usr/share/man/it/man8/useradd.8.gz
  missing     /usr/share/man/it/man8/userdel.8.gz
  missing     /usr/share/man/it/man8/usermod.8.gz
  missing     /usr/share/man/it/man8/vipw.8.gz
  missing     /usr/share/man/ja/man1/chage.1.gz
  missing     /usr/share/man/ja/man1/chfn.1.gz
  missing     /usr/share/man/ja/man1/chsh.1.gz
  missing     /usr/share/man/ja/man1/expiry.1.gz
  missing     /usr/share/man/ja/man1/gpasswd.1.gz
  missing     /usr/share/man/ja/man1/passwd.1.gz
  missing     /usr/share/man/ja/man5/passwd.5.gz
  missing     /usr/share/man/ja/man5/shadow.5.gz
  missing     /usr/share/man/ja/man8/chpasswd.8.gz
  missing     /usr/share/man/ja/man8/groupadd.8.gz
  missing     /usr/share/man/ja/man8/groupdel.8.gz
  missing     /usr/share/man/ja/man8/groupmod.8.gz
  missing     /usr/share/man/ja/man8/grpck.8.gz
  missing     /usr/share/man/ja/man8/newusers.8.gz
  missing     /usr/share/man/ja/man8/pwck.8.gz
  missing     /usr/share/man/ja/man8/pwconv.8.gz
  missing     /usr/share/man/ja/man8/useradd.8.gz
  missing     /usr/share/man/ja/man8/userdel.8.gz
  missing     /usr/share/man/ja/man8/usermod.8.gz
  missing     /usr/share/man/ja/man8/vipw.8.gz
  missing     /usr/share/man/ko/man1/chfn.1.gz
  missing     /usr/share/man/ko/man1/chsh.1.gz
  missing     /usr/share/man/ko/man5
  missing     /usr/share/man/ko/man5/passwd.5.gz
  missing     /usr/share/man/ko/man8
  missing     /usr/share/man/ko/man8/vipw.8.gz
  missing     /usr/share/man/man1/chage.1.gz
  missing     /usr/share/man/man1/chfn.1.gz
  missing     /usr/share/man/man1/chsh.1.gz
  missing     /usr/share/man/man1/expiry.1.gz
  missing     /usr/share/man/man1/gpasswd.1.gz
  missing     /usr/share/man/man1/passwd.1.gz
  missing     /usr/share/man/man5/gshadow.5.gz
  missing     /usr/share/man/man5/passwd.5.gz
  missing     /usr/share/man/man5/shadow.5.gz
  missing     /usr/share/man/man5/subgid.5.gz
  missing     /usr/share/man/man5/subuid.5.gz
  missing     /usr/share/man/man8/chgpasswd.8.gz
  missing     /usr/share/man/man8/chpasswd.8.gz
  missing     /usr/share/man/man8/cppw.8.gz
  missing     /usr/share/man/man8/groupadd.8.gz
  missing     /usr/share/man/man8/groupdel.8.gz
  missing     /usr/share/man/man8/groupmems.8.gz
  missing     /usr/share/man/man8/groupmod.8.gz
  missing     /usr/share/man/man8/grpck.8.gz
  missing     /usr/share/man/man8/newusers.8.gz
  missing     /usr/share/man/man8/pwck.8.gz
  missing     /usr/share/man/man8/pwconv.8.gz
  missing     /usr/share/man/man8/useradd.8.gz
  missing     /usr/share/man/man8/userdel.8.gz
  missing     /usr/share/man/man8/usermod.8.gz
  missing     /usr/share/man/man8/vipw.8.gz
  missing     /usr/share/man/pl/man1/chage.1.gz
  missing     /usr/share/man/pl/man1/chsh.1.gz
  missing     /usr/share/man/pl/man1/expiry.1.gz
  missing     /usr/share/man/pl/man8/groupadd.8.gz
  missing     /usr/share/man/pl/man8/groupdel.8.gz
  missing     /usr/share/man/pl/man8/groupmems.8.gz
  missing     /usr/share/man/pl/man8/groupmod.8.gz
  missing     /usr/share/man/pl/man8/grpck.8.gz
  missing     /usr/share/man/pl/man8/userdel.8.gz
  missing     /usr/share/man/pl/man8/usermod.8.gz
  missing     /usr/share/man/pl/man8/vipw.8.gz
  missing     /usr/share/man/pt_BR/man1/gpasswd.1.gz
  missing     /usr/share/man/pt_BR/man5/passwd.5.gz
  missing     /usr/share/man/pt_BR/man5/shadow.5.gz
  missing     /usr/share/man/pt_BR/man8/groupadd.8.gz
  missing     /usr/share/man/pt_BR/man8/groupdel.8.gz
  missing     /usr/share/man/pt_BR/man8/groupmod.8.gz
  missing     /usr/share/man/ru/man1/chage.1.gz
  missing     /usr/share/man/ru/man1/chfn.1.gz
  missing     /usr/share/man/ru/man1/chsh.1.gz
  missing     /usr/share/man/ru/man1/expiry.1.gz
  missing     /usr/share/man/ru/man1/gpasswd.1.gz
  missing     /usr/share/man/ru/man1/passwd.1.gz
  missing     /usr/share/man/ru/man5/gshadow.5.gz
  missing     /usr/share/man/ru/man5/passwd.5.gz
  missing     /usr/share/man/ru/man5/shadow.5.gz
  missing     /usr/share/man/ru/man8/chgpasswd.8.gz
  missing     /usr/share/man/ru/man8/chpasswd.8.gz
  missing     /usr/share/man/ru/man8/groupadd.8.gz
  missing     /usr/share/man/ru/man8/groupdel.8.gz
  missing     /usr/share/man/ru/man8/groupmems.8.gz
  missing     /usr/share/man/ru/man8/groupmod.8.gz
  missing     /usr/share/man/ru/man8/grpck.8.gz
  missing     /usr/share/man/ru/man8/newusers.8.gz
  missing     /usr/share/man/ru/man8/pwck.8.gz
  missing     /usr/share/man/ru/man8/pwconv.8.gz
  missing     /usr/share/man/ru/man8/useradd.8.gz
  missing     /usr/share/man/ru/man8/userdel.8.gz
  missing     /usr/share/man/ru/man8/usermod.8.gz
  missing     /usr/share/man/ru/man8/vipw.8.gz
  missing     /usr/share/man/sv/man1/chage.1.gz
  missing     /usr/share/man/sv/man1/chsh.1.gz
  missing     /usr/share/man/sv/man1/expiry.1.gz
  missing     /usr/share/man/sv/man1/passwd.1.gz
  missing     /usr/share/man/sv/man5/gshadow.5.gz
  missing     /usr/share/man/sv/man5/passwd.5.gz
  missing     /usr/share/man/sv/man8/groupadd.8.gz
  missing     /usr/share/man/sv/man8/groupdel.8.gz
  missing     /usr/share/man/sv/man8/groupmems.8.gz
  missing     /usr/share/man/sv/man8/groupmod.8.gz
  missing     /usr/share/man/sv/man8/grpck.8.gz
  missing     /usr/share/man/sv/man8/pwck.8.gz
  missing     /usr/share/man/sv/man8/userdel.8.gz
  missing     /usr/share/man/sv/man8/vipw.8.gz
  missing     /usr/share/man/tr/man1/chage.1.gz
  missing     /usr/share/man/tr/man1/chfn.1.gz
  missing     /usr/share/man/tr/man1/passwd.1.gz
  missing     /usr/share/man/tr/man5
  missing     /usr/share/man/tr/man5/passwd.5.gz
  missing     /usr/share/man/tr/man5/shadow.5.gz
  missing     /usr/share/man/tr/man8
  missing     /usr/share/man/tr/man8/groupadd.8.gz
  missing     /usr/share/man/tr/man8/groupdel.8.gz
  missing     /usr/share/man/tr/man8/groupmod.8.gz
  missing     /usr/share/man/tr/man8/useradd.8.gz
  missing     /usr/share/man/tr/man8/userdel.8.gz
  missing     /usr/share/man/tr/man8/usermod.8.gz
  missing     /usr/share/man/uk/man1/chage.1.gz
  missing     /usr/share/man/uk/man1/chfn.1.gz
  missing     /usr/share/man/uk/man1/chsh.1.gz
  missing     /usr/share/man/uk/man1/expiry.1.gz
  missing     /usr/share/man/uk/man1/gpasswd.1.gz
  missing     /usr/share/man/uk/man1/passwd.1.gz
  missing     /usr/share/man/uk/man5/gshadow.5.gz
  missing     /usr/share/man/uk/man5/passwd.5.gz
  missing     /usr/share/man/uk/man5/shadow.5.gz
  missing     /usr/share/man/uk/man8/chgpasswd.8.gz
  missing     /usr/share/man/uk/man8/chpasswd.8.gz
  missing     /usr/share/man/uk/man8/groupadd.8.gz
  missing     /usr/share/man/uk/man8/groupdel.8.gz
  missing     /usr/share/man/uk/man8/groupmems.8.gz
  missing     /usr/share/man/uk/man8/groupmod.8.gz
  missing     /usr/share/man/uk/man8/grpck.8.gz
  missing     /usr/share/man/uk/man8/newusers.8.gz
  missing     /usr/share/man/uk/man8/pwck.8.gz
  missing     /usr/share/man/uk/man8/pwconv.8.gz
  missing     /usr/share/man/uk/man8/useradd.8.gz
  missing     /usr/share/man/uk/man8/userdel.8.gz
  missing     /usr/share/man/uk/man8/usermod.8.gz
  missing     /usr/share/man/uk/man8/vipw.8.gz
  missing     /usr/share/man/zh_CN/man1/chage.1.gz
  missing     /usr/share/man/zh_CN/man1/chfn.1.gz
  missing     /usr/share/man/zh_CN/man1/chsh.1.gz
  missing     /usr/share/man/zh_CN/man1/expiry.1.gz
  missing     /usr/share/man/zh_CN/man1/gpasswd.1.gz
  missing     /usr/share/man/zh_CN/man1/passwd.1.gz
  missing     /usr/share/man/zh_CN/man5/gshadow.5.gz
  missing     /usr/share/man/zh_CN/man5/passwd.5.gz
  missing     /usr/share/man/zh_CN/man5/shadow.5.gz
  missing     /usr/share/man/zh_CN/man8/chgpasswd.8.gz
  missing     /usr/share/man/zh_CN/man8/chpasswd.8.gz
  missing     /usr/share/man/zh_CN/man8/groupadd.8.gz
  missing     /usr/share/man/zh_CN/man8/groupdel.8.gz
  missing     /usr/share/man/zh_CN/man8/groupmems.8.gz
  missing     /usr/share/man/zh_CN/man8/groupmod.8.gz
  missing     /usr/share/man/zh_CN/man8/grpck.8.gz
  missing     /usr/share/man/zh_CN/man8/newusers.8.gz
  missing     /usr/share/man/zh_CN/man8/pwck.8.gz
  missing     /usr/share/man/zh_CN/man8/pwconv.8.gz
  missing     /usr/share/man/zh_CN/man8/useradd.8.gz
  missing     /usr/share/man/zh_CN/man8/userdel.8.gz
  missing     /usr/share/man/zh_CN/man8/usermod.8.gz
  missing     /usr/share/man/zh_CN/man8/vipw.8.gz
  missing     /usr/share/man/zh_TW/man1/chfn.1.gz
  missing     /usr/share/man/zh_TW/man1/chsh.1.gz
  missing     /usr/share/man/zh_TW/man5
  missing     /usr/share/man/zh_TW/man5/passwd.5.gz
  missing     /usr/share/man/zh_TW/man8
  missing     /usr/share/man/zh_TW/man8/chpasswd.8.gz
  missing     /usr/share/man/zh_TW/man8/groupadd.8.gz
  missing     /usr/share/man/zh_TW/man8/groupdel.8.gz
  missing     /usr/share/man/zh_TW/man8/groupmod.8.gz
  missing     /usr/share/man/zh_TW/man8/useradd.8.gz
  missing     /usr/share/man/zh_TW/man8/userdel.8.gz
  missing     /usr/share/man/zh_TW/man8/usermod.8.gz
  missing     /usr/share/man/da/man8/vigr.8.gz
  missing     /usr/share/man/de/man8/grpconv.8.gz
  missing     /usr/share/man/de/man8/grpunconv.8.gz
  missing     /usr/share/man/de/man8/pwunconv.8.gz
  missing     /usr/share/man/de/man8/vigr.8.gz
  missing     /usr/share/man/fr/man8/grpconv.8.gz
  missing     /usr/share/man/fr/man8/grpunconv.8.gz
  missing     /usr/share/man/fr/man8/pwunconv.8.gz
  missing     /usr/share/man/fr/man8/vigr.8.gz
  missing     /usr/share/man/it/man8/grpconv.8.gz
  missing     /usr/share/man/it/man8/grpunconv.8.gz
  missing     /usr/share/man/it/man8/pwunconv.8.gz
  missing     /usr/share/man/it/man8/vigr.8.gz
  missing     /usr/share/man/ja/man8/grpconv.8.gz
  missing     /usr/share/man/ja/man8/grpunconv.8.gz
  missing     /usr/share/man/ja/man8/pwunconv.8.gz
  missing     /usr/share/man/ja/man8/vigr.8.gz
  missing     /usr/share/man/ko/man8/vigr.8.gz
  missing     /usr/share/man/man8/cpgr.8.gz
  missing     /usr/share/man/man8/grpconv.8.gz
  missing     /usr/share/man/man8/grpunconv.8.gz
  missing     /usr/share/man/man8/pwunconv.8.gz
  missing     /usr/share/man/man8/vigr.8.gz
  missing     /usr/share/man/pl/man8/vigr.8.gz
  missing     /usr/share/man/ru/man8/grpconv.8.gz
  missing     /usr/share/man/ru/man8/grpunconv.8.gz
  missing     /usr/share/man/ru/man8/pwunconv.8.gz
  missing     /usr/share/man/ru/man8/vigr.8.gz
  missing     /usr/share/man/sv/man8/vigr.8.gz
  missing     /usr/share/man/uk/man8/grpconv.8.gz
  missing     /usr/share/man/uk/man8/grpunconv.8.gz
  missing     /usr/share/man/uk/man8/pwunconv.8.gz
  missing     /usr/share/man/uk/man8/vigr.8.gz
  missing     /usr/share/man/zh_CN/man8/grpconv.8.gz
  missing     /usr/share/man/zh_CN/man8/grpunconv.8.gz
  missing     /usr/share/man/zh_CN/man8/pwunconv.8.gz
  missing     /usr/share/man/zh_CN/man8/vigr.8.gz
PKG_VERIFY login rc=0
  missing     /usr/share/doc/login/NEWS.Debian.gz
  missing     /usr/share/man/cs/man5/faillog.5.gz
  missing     /usr/share/man/cs/man8/faillog.8.gz
  missing     /usr/share/man/cs/man8/lastlog.8.gz
  missing     /usr/share/man/cs/man8/nologin.8.gz
  missing     /usr/share/man/da/man1/newgrp.1.gz
  missing     /usr/share/man/da/man1/sg.1.gz
  missing     /usr/share/man/da/man8/nologin.8.gz
  missing     /usr/share/man/de/man1/login.1.gz
  missing     /usr/share/man/de/man1/newgrp.1.gz
  missing     /usr/share/man/de/man1/sg.1.gz
  missing     /usr/share/man/de/man5/faillog.5.gz
  missing     /usr/share/man/de/man5/login.defs.5.gz
  missing     /usr/share/man/de/man8/faillog.8.gz
  missing     /usr/share/man/de/man8/lastlog.8.gz
  missing     /usr/share/man/de/man8/nologin.8.gz
  missing     /usr/share/man/fr/man1/login.1.gz
  missing     /usr/share/man/fr/man1/newgrp.1.gz
  missing     /usr/share/man/fr/man1/sg.1.gz
  missing     /usr/share/man/fr/man5/faillog.5.gz
  missing     /usr/share/man/fr/man5/login.defs.5.gz
  missing     /usr/share/man/fr/man8/faillog.8.gz
  missing     /usr/share/man/fr/man8/lastlog.8.gz
  missing     /usr/share/man/fr/man8/nologin.8.gz
  missing     /usr/share/man/hu/man1/login.1.gz
  missing     /usr/share/man/hu/man1/newgrp.1.gz
  missing     /usr/share/man/hu/man8
  missing     /usr/share/man/hu/man8/lastlog.8.gz
  missing     /usr/share/man/id/man1/login.1.gz
  missing     /usr/share/man/it/man1/login.1.gz
  missing     /usr/share/man/it/man1/newgrp.1.gz
  missing     /usr/share/man/it/man1/sg.1.gz
  missing     /usr/share/man/it/man5/faillog.5.gz
  missing     /usr/share/man/it/man5/login.defs.5.gz
  missing     /usr/share/man/it/man8/faillog.8.gz
  missing     /usr/share/man/it/man8/lastlog.8.gz
  missing     /usr/share/man/it/man8/nologin.8.gz
  missing     /usr/share/man/ja/man1/login.1.gz
  missing     /usr/share/man/ja/man1/newgrp.1.gz
  missing     /usr/share/man/ja/man5/faillog.5.gz
  missing     /usr/share/man/ja/man5/login.defs.5.gz
  missing     /usr/share/man/ja/man8/faillog.8.gz
  missing     /usr/share/man/ja/man8/lastlog.8.gz
  missing     /usr/share/man/ko/man1/login.1.gz
  missing     /usr/share/man/man1/login.1.gz
  missing     /usr/share/man/man1/newgrp.1.gz
  missing     /usr/share/man/man1/sg.1.gz
  missing     /usr/share/man/man5/faillog.5.gz
  missing     /usr/share/man/man5/login.defs.5.gz
  missing     /usr/share/man/man8/faillog.8.gz
  missing     /usr/share/man/man8/lastlog.8.gz
  missing     /usr/share/man/man8/nologin.8.gz
  missing     /usr/share/man/pl/man1/newgrp.1.gz
  missing     /usr/share/man/pl/man1/sg.1.gz
  missing     /usr/share/man/pl/man5/faillog.5.gz
  missing     /usr/share/man/pl/man8/faillog.8.gz
  missing     /usr/share/man/pl/man8/lastlog.8.gz
  missing     /usr/share/man/ru/man1/login.1.gz
  missing     /usr/share/man/ru/man1/newgrp.1.gz
  missing     /usr/share/man/ru/man1/sg.1.gz
  missing     /usr/share/man/ru/man5/faillog.5.gz
  missing     /usr/share/man/ru/man5/login.defs.5.gz
  missing     /usr/share/man/ru/man8/faillog.8.gz
  missing     /usr/share/man/ru/man8/lastlog.8.gz
  missing     /usr/share/man/ru/man8/nologin.8.gz
  missing     /usr/share/man/sv/man1/newgrp.1.gz
  missing     /usr/share/man/sv/man1/sg.1.gz
  missing     /usr/share/man/sv/man5/faillog.5.gz
  missing     /usr/share/man/sv/man8/faillog.8.gz
  missing     /usr/share/man/sv/man8/lastlog.8.gz
  missing     /usr/share/man/sv/man8/nologin.8.gz
  missing     /usr/share/man/tr/man1/login.1.gz
  missing     /usr/share/man/uk/man1/login.1.gz
  missing     /usr/share/man/uk/man1/newgrp.1.gz
  missing     /usr/share/man/uk/man1/sg.1.gz
  missing     /usr/share/man/uk/man5/faillog.5.gz
  missing     /usr/share/man/uk/man5/login.defs.5.gz
  missing     /usr/share/man/uk/man8/faillog.8.gz
  missing     /usr/share/man/uk/man8/lastlog.8.gz
  missing     /usr/share/man/uk/man8/nologin.8.gz
  missing     /usr/share/man/zh_CN/man1/login.1.gz
  missing     /usr/share/man/zh_CN/man1/newgrp.1.gz
  missing     /usr/share/man/zh_CN/man1/sg.1.gz
  missing     /usr/share/man/zh_CN/man5/faillog.5.gz
  missing     /usr/share/man/zh_CN/man5/login.defs.5.gz
  missing     /usr/share/man/zh_CN/man8/faillog.8.gz
  missing     /usr/share/man/zh_CN/man8/lastlog.8.gz
  missing     /usr/share/man/zh_CN/man8/nologin.8.gz
  missing     /usr/share/man/zh_TW/man1/newgrp.1.gz
  missing     /usr/share/man/hu/man1/sg.1.gz
  missing     /usr/share/man/ja/man1/sg.1.gz
PKG_VERIFY libpam-modules rc=0
  missing     /usr/share/doc/libpam-modules/examples/upperLOWER.c
  missing     /usr/share/man/man5/access.conf.5.gz
  missing     /usr/share/man/man5/faillock.conf.5.gz
  missing     /usr/share/man/man5/group.conf.5.gz
  missing     /usr/share/man/man5/limits.conf.5.gz
  missing     /usr/share/man/man5/namespace.conf.5.gz
  missing     /usr/share/man/man5/pam_env.conf.5.gz
  missing     /usr/share/man/man5/pwhistory.conf.5.gz
  missing     /usr/share/man/man5/sepermit.conf.5.gz
  missing     /usr/share/man/man5/time.conf.5.gz
  missing     /usr/share/man/man5/update-motd.5.gz
  missing     /usr/share/man/man8/pam_access.8.gz
  missing     /usr/share/man/man8/pam_debug.8.gz
  missing     /usr/share/man/man8/pam_deny.8.gz
  missing     /usr/share/man/man8/pam_echo.8.gz
  missing     /usr/share/man/man8/pam_env.8.gz
  missing     /usr/share/man/man8/pam_exec.8.gz
  missing     /usr/share/man/man8/pam_extrausers.8.gz
  missing     /usr/share/man/man8/pam_faildelay.8.gz
  missing     /usr/share/man/man8/pam_faillock.8.gz
  missing     /usr/share/man/man8/pam_filter.8.gz
  missing     /usr/share/man/man8/pam_ftp.8.gz
  missing     /usr/share/man/man8/pam_group.8.gz
  missing     /usr/share/man/man8/pam_issue.8.gz
  missing     /usr/share/man/man8/pam_keyinit.8.gz
  missing     /usr/share/man/man8/pam_limits.8.gz
  missing     /usr/share/man/man8/pam_listfile.8.gz
  missing     /usr/share/man/man8/pam_localuser.8.gz
  missing     /usr/share/man/man8/pam_loginuid.8.gz
  missing     /usr/share/man/man8/pam_mail.8.gz
  missing     /usr/share/man/man8/pam_mkhomedir.8.gz
  missing     /usr/share/man/man8/pam_motd.8.gz
  missing     /usr/share/man/man8/pam_namespace.8.gz
  missing     /usr/share/man/man8/pam_nologin.8.gz
  missing     /usr/share/man/man8/pam_permit.8.gz
  missing     /usr/share/man/man8/pam_pwhistory.8.gz
  missing     /usr/share/man/man8/pam_rhosts.8.gz
  missing     /usr/share/man/man8/pam_rootok.8.gz
  missing     /usr/share/man/man8/pam_securetty.8.gz
  missing     /usr/share/man/man8/pam_selinux.8.gz
  missing     /usr/share/man/man8/pam_sepermit.8.gz
  missing     /usr/share/man/man8/pam_setquota.8.gz
  missing     /usr/share/man/man8/pam_shells.8.gz
  missing     /usr/share/man/man8/pam_stress.8.gz
  missing     /usr/share/man/man8/pam_succeed_if.8.gz
  missing     /usr/share/man/man8/pam_time.8.gz
  missing     /usr/share/man/man8/pam_timestamp.8.gz
  missing     /usr/share/man/man8/pam_tty_audit.8.gz
  missing     /usr/share/man/man8/pam_umask.8.gz
  missing     /usr/share/man/man8/pam_unix.8.gz
  missing     /usr/share/man/man8/pam_userdb.8.gz
  missing     /usr/share/man/man8/pam_usertype.8.gz
  missing     /usr/share/man/man8/pam_warn.8.gz
  missing     /usr/share/man/man8/pam_wheel.8.gz
  missing     /usr/share/man/man8/pam_xauth.8.gz
PKG_VERIFY libpam-modules-bin rc=0
  missing     /usr/share/man/man5/environment.5.gz
  missing     /usr/share/man/man8/faillock.8.gz
  missing     /usr/share/man/man8/mkhomedir_helper.8.gz
  missing     /usr/share/man/man8/pam_namespace_helper.8.gz
  missing     /usr/share/man/man8/pam_timestamp_check.8.gz
  missing     /usr/share/man/man8/pwhistory_helper.8.gz
  missing     /usr/share/man/man8/unix_chkpwd.8.gz
  missing     /usr/share/man/man8/unix_update.8.gz
PKG_VERIFY dbus rc=0
  missing     /usr/share/doc/dbus/README.Debian
PKG_VERIFY dbus-daemon rc=0
  missing     /usr/share/man/man1/dbus-daemon.1.gz
  missing     /usr/share/man/man1/dbus-run-session.1.gz
PKG_VERIFY dbus-system-bus-common rc=0
  missing     /usr/share/doc/dbus-system-bus-common/AUTHORS.gz
  missing     /usr/share/doc/dbus-system-bus-common/NEWS.gz
  missing     /usr/share/doc/dbus-system-bus-common/README.gz
PKG_VERIFY polkitd rc=0
  missing     /usr/share/doc/polkitd/NEWS.md.gz
  missing     /usr/share/doc/polkitd/README.md
  missing     /usr/share/doc/polkitd/examples/50-local-allow.rules
  missing     /usr/share/doc/polkitd/examples/50-local-deny.rules
  missing     /usr/share/man/man1/pkaction.1.gz
  missing     /usr/share/man/man1/pkcheck.1.gz
  missing     /usr/share/man/man1/pkttyagent.1.gz
  missing     /usr/share/man/man8/polkit.8.gz
  missing     /usr/share/man/man8/polkitd.8.gz
PKG_VERIFY iputils-ping rc=0
  missing     /usr/share/man/man8/ping.8.gz
  missing     /usr/share/man/man8/ping4.8.gz
  missing     /usr/share/man/man8/ping6.8.gz
PKG_VERIFY mtr-tiny rc=0
  missing     /usr/share/man/man8/mtr-packet.8.gz
  missing     /usr/share/man/man8/mtr.8.gz
rc=0
+ printf 'GST=%s\nUTEMPTER=%s\nARCH=%s\n' '/usr/lib/aarch64-linux-gnu/gstreamer1.0/gstreamer-1.0/gst-ptp-helper' '/usr/lib/aarch64-linux-gnu/utempter/utempter' 'aarch64-linux-gnu'
GST=/usr/lib/aarch64-linux-gnu/gstreamer1.0/gstreamer-1.0/gst-ptp-helper
UTEMPTER=/usr/lib/aarch64-linux-gnu/utempter/utempter
ARCH=aarch64-linux-gnu
rc=0
+ dpkg -S '/usr/lib/aarch64-linux-gnu/gstreamer1.0/gstreamer-1.0/gst-ptp-helper' '/usr/lib/aarch64-linux-gnu/utempter/utempter' /usr/bin/ssh-agent /usr/lib/openssh/ssh-keysign /usr/bin/fusermount3 /usr/bin/mount /usr/bin/umount /usr/bin/ping /usr/bin/mtr-packet /usr/sbin/unix_chkpwd /usr/sbin/pam_extrausers_chkpwd /usr/lib/dbus-1.0/dbus-daemon-launch-helper /usr/lib/polkit-1/polkit-agent-helper-1 2>&1
libgstreamer1.0-0:arm64: /usr/lib/aarch64-linux-gnu/gstreamer1.0/gstreamer-1.0/gst-ptp-helper
libutempter0:arm64: /usr/lib/aarch64-linux-gnu/utempter/utempter
openssh-client: /usr/bin/ssh-agent
openssh-client: /usr/lib/openssh/ssh-keysign
dpkg-query: no path found matching pattern /usr/bin/fusermount3
mount: /usr/bin/mount
mount: /usr/bin/umount
iputils-ping: /usr/bin/ping
mtr-tiny: /usr/bin/mtr-packet
libpam-modules-bin: /usr/sbin/unix_chkpwd
libpam-modules-bin: /usr/sbin/pam_extrausers_chkpwd
dbus: /usr/lib/dbus-1.0/dbus-daemon-launch-helper
polkitd: /usr/lib/polkit-1/polkit-agent-helper-1
rc=1
+ stat -c '%A %a %U:%G %u:%g %s %n' '/usr/lib/aarch64-linux-gnu/gstreamer1.0/gstreamer-1.0/gst-ptp-helper' '/usr/lib/aarch64-linux-gnu/utempter/utempter' /usr/bin/ssh-agent /usr/lib/openssh/ssh-keysign /usr/bin/fusermount3 /usr/bin/mount /usr/bin/umount /usr/bin/ping /usr/bin/mtr-packet /usr/sbin/unix_chkpwd /usr/sbin/pam_extrausers_chkpwd /usr/lib/dbus-1.0/dbus-daemon-launch-helper /usr/lib/polkit-1/polkit-agent-helper-1 2>&1
-rwxr-xr-x 755 root:root 0:0 526528 /usr/lib/aarch64-linux-gnu/gstreamer1.0/gstreamer-1.0/gst-ptp-helper
-rwxr-sr-x 2755 root:utmp 0:43 67512 /usr/lib/aarch64-linux-gnu/utempter/utempter
-rwxr-sr-x 2755 root:_ssh 0:106 330008 /usr/bin/ssh-agent
-rwsr-xr-x 4755 root:root 0:0 330104 /usr/lib/openssh/ssh-keysign
-rwsr-xr-x 4755 root:root 0:0 67744 /usr/bin/fusermount3
-rwsr-xr-x 4755 root:root 0:0 67744 /usr/bin/mount
-rwsr-xr-x 4755 root:root 0:0 67744 /usr/bin/umount
-rwxr-xr-x 755 root:root 0:0 146992 /usr/bin/ping
-rwxr-xr-x 755 root:root 0:0 67672 /usr/bin/mtr-packet
-rwxr-sr-x 2755 root:shadow 0:42 67680 /usr/sbin/unix_chkpwd
-rwxr-sr-x 2755 root:shadow 0:42 67680 /usr/sbin/pam_extrausers_chkpwd
-rwsr-xr-- 4754 root:messagebus 0:103 67504 /usr/lib/dbus-1.0/dbus-daemon-launch-helper
-rwsr-xr-x 4755 root:root 0:0 67664 /usr/lib/polkit-1/polkit-agent-helper-1
rc=0
+ getcap -v '/usr/lib/aarch64-linux-gnu/gstreamer1.0/gstreamer-1.0/gst-ptp-helper' '/usr/lib/aarch64-linux-gnu/utempter/utempter' /usr/bin/ssh-agent /usr/lib/openssh/ssh-keysign /usr/bin/fusermount3 /usr/bin/mount /usr/bin/umount /usr/bin/ping /usr/bin/mtr-packet /usr/sbin/unix_chkpwd /usr/sbin/pam_extrausers_chkpwd /usr/lib/dbus-1.0/dbus-daemon-launch-helper /usr/lib/polkit-1/polkit-agent-helper-1 2>&1
/usr/lib/aarch64-linux-gnu/gstreamer1.0/gstreamer-1.0/gst-ptp-helper cap_net_bind_service,cap_net_admin,cap_sys_nice=ep
/usr/lib/aarch64-linux-gnu/utempter/utempter
/usr/bin/ssh-agent
/usr/lib/openssh/ssh-keysign
/usr/bin/fusermount3
/usr/bin/mount
/usr/bin/umount
/usr/bin/ping cap_net_raw=ep
/usr/bin/mtr-packet cap_net_raw=ep
/usr/sbin/unix_chkpwd
/usr/sbin/pam_extrausers_chkpwd
/usr/lib/dbus-1.0/dbus-daemon-launch-helper
/usr/lib/polkit-1/polkit-agent-helper-1
rc=0
+ find / -xdev \( -perm -4000 -o -perm -2000 -o -type f -exec getcap {} + \) -printf "%m %u:%g %p\n" 2>/dev/null | sort | sed -n "1,220p"
/usr/bin/mtr-packet cap_net_raw=ep
/usr/bin/ping cap_net_raw=ep
/usr/lib/aarch64-linux-gnu/gstreamer1.0/gstreamer-1.0/gst-ptp-helper cap_net_bind_service,cap_net_admin,cap_sys_nice=ep
/usr/lib/snapd/snap-confine cap_chown,cap_dac_override,cap_dac_read_search,cap_fowner,cap_setgid,cap_setuid,cap_sys_chroot,cap_sys_ptrace,cap_sys_admin,cap_sys_resource=p
2755 attacker:root /var/crash/202401010000
2755 root:_ssh /usr/bin/ssh-agent
2755 root:crontab /usr/bin/crontab
2755 root:shadow /usr/bin/chage
2755 root:shadow /usr/bin/expiry
2755 root:shadow /usr/sbin/pam_extrausers_chkpwd
2755 root:shadow /usr/sbin/unix_chkpwd
2755 root:systemd-journal /var/log/journal
2755 root:systemd-journal /var/log/journal/d1550bbf3ee64a61a434283f6f6d03db
2755 root:utmp /usr/lib/aarch64-linux-gnu/utempter/utempter
2775 root:mail /var/mail
2775 root:staff /var/local
2775 uuidd:uuidd /var/lib/libuuid
3777 root:root /var/crash
440 root:root /etc/sudoers
440 root:root /etc/sudoers.d/README
444 root:root /snap/README
444 root:root /usr/lib/udev/hwdb.bin
4754 root:messagebus /usr/lib/dbus-1.0/dbus-daemon-launch-helper
4755 root:root /usr/bin/chfn
4755 root:root /usr/bin/chsh
4755 root:root /usr/bin/fusermount3
4755 root:root /usr/bin/gpasswd
4755 root:root /usr/bin/mount
4755 root:root /usr/bin/newgrp
4755 root:root /usr/bin/passwd
4755 root:root /usr/bin/su
4755 root:root /usr/bin/sudo
4755 root:root /usr/bin/umount
4755 root:root /usr/lib/openssh/ssh-keysign
4755 root:root /usr/lib/polkit-1/polkit-agent-helper-1
600 attacker:attacker /home/attacker/.gnupg/pubring.kbx
600 root:root /etc/.pwd.lock
600 root:root /etc/iscsi/initiatorname.iscsi
600 root:root /etc/lvm/backup/uulvm.service
600 root:root /etc/security/opasswd
600 root:root /var/cache/debconf/passwords.dat
600 root:root /var/cache/ldconfig/aux-cache
600 root:root /var/lib/dpkg/triggers/Lock
600 root:root /var/lib/snapd/state.json
600 root:root /var/lib/ucf/cache/:etc:default:sysstat
600 selfauth:selfauth /home/selfauth/.bash_history
640 attacker:attacker /home/attacker/.cache/ubuntu-pro/ubuntu-pro.log
640 attacker:root /var/crash/_usr_lib_ubuntu-release-upgrader_do-partial-upgrade.1001.crash
640 root:adm /var/log/apport.log
640 root:adm /var/log/apt/term.log
640 root:adm /var/log/dmesg
640 root:adm /var/log/dmesg.0
640 root:root /etc/ufw/after.init
640 root:root /etc/ufw/after.rules
640 root:root /etc/ufw/after6.rules
640 root:root /etc/ufw/before.init
640 root:root /etc/ufw/before.rules
640 root:root /etc/ufw/before6.rules
640 root:root /etc/ufw/user.rules
640 root:root /etc/ufw/user6.rules
640 root:root /var/cache/apt/archives/lock
640 root:root /var/crash/_usr_sbin_xfs_scrub_all.0.crash
640 root:root /var/lib/apt/lists/lock
640 root:root /var/lib/dpkg/lock
640 root:root /var/lib/dpkg/lock-frontend
640 root:root /var/lib/logrotate/status
640 root:root /var/lib/ubuntu-advantage/apt-esm/var/lib/apt/lists/lock
640 root:root /var/log/ubuntu-advantage.log
640 root:shadow /etc/gshadow
640 root:shadow /etc/gshadow-
640 root:shadow /etc/shadow
640 root:shadow /etc/shadow-
640 root:systemd-journal /var/log/journal/d1550bbf3ee64a61a434283f6f6d03db/system.journal
640 root:systemd-journal /var/log/journal/d1550bbf3ee64a61a434283f6f6d03db/system@000652078318fed5-4e7ef31ea3e83352.journal~
640 root:systemd-journal /var/log/journal/d1550bbf3ee64a61a434283f6f6d03db/system@cb573503c1d24c49bc0c54790dde430a-0000000000001879-000652078317a15f.journal
640 root:systemd-journal /var/log/journal/d1550bbf3ee64a61a434283f6f6d03db/user-1001.journal
640 root:systemd-journal /var/log/journal/d1550bbf3ee64a61a434283f6f6d03db/user-1001@7e96848b3c2a4f20a64a4047085e46c2-000000000000076e-000651f72eac9fda.journal
640 root:systemd-journal /var/log/journal/d1550bbf3ee64a61a434283f6f6d03db/user-1002.journal
640 root:systemd-journal /var/log/journal/d1550bbf3ee64a61a434283f6f6d03db/user-1002@7e96848b3c2a4f20a64a4047085e46c2-0000000000000819-000651f745972922.journal
640 root:systemd-journal /var/log/journal/d1550bbf3ee64a61a434283f6f6d03db/user-31337.journal
640 syslog:adm /var/log/auth.log
640 syslog:adm /var/log/kern.log
640 syslog:adm /var/log/syslog
644 31337:root /tmp/trace31337.log
644 501:dialout /tmp/bcache-test.img
644 501:dialout /tmp/udisks-missing-goto-gdb.gdb
644 attacker:attacker /home/attacker/.bash_logout
644 attacker:attacker /home/attacker/.bashrc
644 attacker:attacker /home/attacker/.cache/motd.legal-displayed
644 attacker:attacker /home/attacker/.profile
644 attacker:attacker /home/attacker/altadm/attacker-home-alt
644 attacker:attacker /tmp/fileutils.py
644 attacker:attacker /tmp/hookutils.py
644 attacker:attacker /tmp/problem_report.py
644 attacker:attacker /tmp/pwn.deb
644 attacker:attacker /tmp/pwn/DEBIAN/control
644 attacker:attacker /tmp/report.py
644 landscape:landscape /var/lib/landscape/.cleanup.user
644 man:man /var/cache/man/CACHEDIR.TAG
644 man:man /var/cache/man/cs/CACHEDIR.TAG
644 man:man /var/cache/man/cs/index.db
644 man:man /var/cache/man/da/CACHEDIR.TAG
644 man:man /var/cache/man/da/index.db
644 man:man /var/cache/man/de/CACHEDIR.TAG
644 man:man /var/cache/man/de/index.db
644 man:man /var/cache/man/es/CACHEDIR.TAG
644 man:man /var/cache/man/es/index.db
644 man:man /var/cache/man/fr/CACHEDIR.TAG
644 man:man /var/cache/man/fr/index.db
644 man:man /var/cache/man/hu/CACHEDIR.TAG
644 man:man /var/cache/man/hu/index.db
644 man:man /var/cache/man/id/CACHEDIR.TAG
644 man:man /var/cache/man/id/index.db
644 man:man /var/cache/man/index.db
644 man:man /var/cache/man/it/CACHEDIR.TAG
644 man:man /var/cache/man/it/index.db
644 man:man /var/cache/man/ja/CACHEDIR.TAG
644 man:man /var/cache/man/ja/index.db
644 man:man /var/cache/man/ko/CACHEDIR.TAG
644 man:man /var/cache/man/ko/index.db
644 man:man /var/cache/man/nl/CACHEDIR.TAG
644 man:man /var/cache/man/nl/index.db
644 man:man /var/cache/man/pl/CACHEDIR.TAG
644 man:man /var/cache/man/pl/index.db
644 man:man /var/cache/man/pt/CACHEDIR.TAG
644 man:man /var/cache/man/pt/index.db
644 man:man /var/cache/man/pt_BR/CACHEDIR.TAG
644 man:man /var/cache/man/pt_BR/index.db
644 man:man /var/cache/man/ru/CACHEDIR.TAG
644 man:man /var/cache/man/ru/index.db
644 man:man /var/cache/man/sl/CACHEDIR.TAG
644 man:man /var/cache/man/sl/index.db
644 man:man /var/cache/man/sv/CACHEDIR.TAG
644 man:man /var/cache/man/sv/index.db
644 man:man /var/cache/man/tr/CACHEDIR.TAG
644 man:man /var/cache/man/tr/index.db
644 man:man /var/cache/man/uk/CACHEDIR.TAG
644 man:man /var/cache/man/uk/index.db
644 man:man /var/cache/man/zh_CN/CACHEDIR.TAG
644 man:man /var/cache/man/zh_CN/index.db
644 man:man /var/cache/man/zh_TW/CACHEDIR.TAG
644 man:man /var/cache/man/zh_TW/index.db
644 root:root /etc/.updated
644 root:root /etc/PackageKit/PackageKit.conf
644 root:root /etc/PackageKit/Vendor.conf
644 root:root /etc/X11/Xsession.d/20dbus_xdg-runtime
644 root:root /etc/X11/Xsession.d/90gpg-agent
644 root:root /etc/adduser.conf
644 root:root /etc/alternatives/README
644 root:root /etc/apparmor.d/1password
644 root:root /etc/apparmor.d/Discord
644 root:root /etc/apparmor.d/MongoDB_Compass
644 root:root /etc/apparmor.d/QtWebEngineProcess
644 root:root /etc/apparmor.d/abi/3.0
644 root:root /etc/apparmor.d/abi/4.0
644 root:root /etc/apparmor.d/abi/kernel-5.4-outoftree-network
644 root:root /etc/apparmor.d/abi/kernel-5.4-vanilla
644 root:root /etc/apparmor.d/abstractions/X
644 root:root /etc/apparmor.d/abstractions/apache2-common
644 root:root /etc/apparmor.d/abstractions/apparmor_api/change_profile
644 root:root /etc/apparmor.d/abstractions/apparmor_api/examine
644 root:root /etc/apparmor.d/abstractions/apparmor_api/find_mountpoint
644 root:root /etc/apparmor.d/abstractions/apparmor_api/introspect
644 root:root /etc/apparmor.d/abstractions/apparmor_api/is_enabled
644 root:root /etc/apparmor.d/abstractions/aspell
644 root:root /etc/apparmor.d/abstractions/audio
644 root:root /etc/apparmor.d/abstractions/authentication
644 root:root /etc/apparmor.d/abstractions/base
644 root:root /etc/apparmor.d/abstractions/bash
644 root:root /etc/apparmor.d/abstractions/consoles
644 root:root /etc/apparmor.d/abstractions/crypto
644 root:root /etc/apparmor.d/abstractions/cups-client
644 root:root /etc/apparmor.d/abstractions/dbus
644 root:root /etc/apparmor.d/abstractions/dbus-accessibility
644 root:root /etc/apparmor.d/abstractions/dbus-accessibility-strict
644 root:root /etc/apparmor.d/abstractions/dbus-network-manager-strict
644 root:root /etc/apparmor.d/abstractions/dbus-session
644 root:root /etc/apparmor.d/abstractions/dbus-session-strict
644 root:root /etc/apparmor.d/abstractions/dbus-strict
644 root:root /etc/apparmor.d/abstractions/dconf
644 root:root /etc/apparmor.d/abstractions/dovecot-common
644 root:root /etc/apparmor.d/abstractions/dri-common
644 root:root /etc/apparmor.d/abstractions/dri-enumerate
644 root:root /etc/apparmor.d/abstractions/enchant
644 root:root /etc/apparmor.d/abstractions/exo-open
644 root:root /etc/apparmor.d/abstractions/fcitx
644 root:root /etc/apparmor.d/abstractions/fcitx-strict
644 root:root /etc/apparmor.d/abstractions/fonts
644 root:root /etc/apparmor.d/abstractions/freedesktop.org
644 root:root /etc/apparmor.d/abstractions/gio-open
644 root:root /etc/apparmor.d/abstractions/gnome
644 root:root /etc/apparmor.d/abstractions/gnupg
644 root:root /etc/apparmor.d/abstractions/groff
644 root:root /etc/apparmor.d/abstractions/gtk
644 root:root /etc/apparmor.d/abstractions/gvfs-open
644 root:root /etc/apparmor.d/abstractions/hosts_access
644 root:root /etc/apparmor.d/abstractions/ibus
644 root:root /etc/apparmor.d/abstractions/kde
644 root:root /etc/apparmor.d/abstractions/kde-globals-write
644 root:root /etc/apparmor.d/abstractions/kde-icon-cache-write
644 root:root /etc/apparmor.d/abstractions/kde-language-write
644 root:root /etc/apparmor.d/abstractions/kde-open5
644 root:root /etc/apparmor.d/abstractions/kerberosclient
644 root:root /etc/apparmor.d/abstractions/ldapclient
644 root:root /etc/apparmor.d/abstractions/libpam-systemd
644 root:root /etc/apparmor.d/abstractions/likewise
644 root:root /etc/apparmor.d/abstractions/mdns
644 root:root /etc/apparmor.d/abstractions/mesa
644 root:root /etc/apparmor.d/abstractions/mir
644 root:root /etc/apparmor.d/abstractions/mozc
644 root:root /etc/apparmor.d/abstractions/mysql
644 root:root /etc/apparmor.d/abstractions/nameservice
644 root:root /etc/apparmor.d/abstractions/nis
644 root:root /etc/apparmor.d/abstractions/nss-systemd
644 root:root /etc/apparmor.d/abstractions/nvidia
644 root:root /etc/apparmor.d/abstractions/opencl
644 root:root /etc/apparmor.d/abstractions/opencl-common
644 root:root /etc/apparmor.d/abstractions/opencl-intel
644 root:root /etc/apparmor.d/abstractions/opencl-mesa
644 root:root /etc/apparmor.d/abstractions/opencl-nvidia
rc=0
+ find / -xdev \( -group _ssh -o -group utmp -o -group shadow -o -group messagebus \) -printf "%m %u:%g %p\n" 2>/dev/null | sort
2755 root:_ssh /usr/bin/ssh-agent
2755 root:shadow /usr/bin/chage
2755 root:shadow /usr/bin/expiry
2755 root:shadow /usr/sbin/pam_extrausers_chkpwd
2755 root:shadow /usr/sbin/unix_chkpwd
2755 root:utmp /usr/lib/aarch64-linux-gnu/utempter/utempter
4754 root:messagebus /usr/lib/dbus-1.0/dbus-daemon-launch-helper
640 root:shadow /etc/gshadow
640 root:shadow /etc/gshadow-
640 root:shadow /etc/shadow
640 root:shadow /etc/shadow-
660 root:utmp /var/log/btmp
664 root:utmp /tmp/setuid-cap-tail-20260517-root/run.utmp.bak
664 root:utmp /tmp/setuid-cap-tail-20260517-root/wtmp.bak
664 root:utmp /var/log/lastlog
664 root:utmp /var/log/wtmp
rc=0

===== attacker baseline and sensitive-state hashes =====
+ runuser -u attacker -- id; grep -E "^(Uid|Gid|Groups|Cap(Inh|Prm|Eff|Bnd|Amb)|NoNewPrivs|Seccomp):" /proc/self/status; for f in /etc/shadow /etc/gshadow /run/utmp /var/log/wtmp /var/log/btmp; do test -r "$f"; echo readable_rc:$f:$?; test -w "$f"; echo writable_rc:$f:$?; done
uid=1001(attacker) gid=1001(attacker) groups=1001(attacker)
Uid:	1001	1001	1001	1001
Gid:	1001	1001	1001	1001
Groups:	1001 
CapInh:	0000000000000000
CapPrm:	0000000000000000
CapEff:	0000000000000000
CapBnd:	000001ffffffffff
CapAmb:	0000000000000000
NoNewPrivs:	0
Seccomp:	0
readable_rc:/etc/shadow:1
writable_rc:/etc/shadow:1
readable_rc:/etc/gshadow:1
writable_rc:/etc/gshadow:1
readable_rc:/run/utmp:0
writable_rc:/run/utmp:1
readable_rc:/var/log/wtmp:0
writable_rc:/var/log/wtmp:1
readable_rc:/var/log/btmp:1
writable_rc:/var/log/btmp:1
rc=0
+ sha256sum /etc/passwd /etc/shadow /etc/group /etc/gshadow /run/utmp /var/log/wtmp /var/log/btmp 2>/dev/null | tee /tmp/setuid-cap-tail-20260517.before.sha256
e1468fa4ad17e48937e0fe2d6f1c64ea1d8477c339287f68bd3fc54aa9729ee0  /etc/passwd
11ae553af516257768d364fc633162128e094c33e1711ff7dc40df0a964880d5  /etc/shadow
dff213c60bbb531abd3fcb0cd75921179da142bd89f2d78661aaad71f4b66271  /etc/group
ae4b5b1eb4b8c82d5234358edc450e3bbef3b0f6ac528f1658ef689183a13c08  /etc/gshadow
6f5554ee5d316058ce430c55423a5212eecb626caceeb7997a368d682c58fe12  /run/utmp
3feddef21718e0b44c3ad2686be960484fe1f63771186be8caa6d3fffd6c1184  /var/log/wtmp
e88ffb31f27ecc80b2aae77fa7855ab0def528a63f6b3c96773af654beb1847c  /var/log/btmp
rc=0
+ sysctl fs.protected_symlinks fs.protected_hardlinks fs.protected_regular fs.protected_fifos kernel.unprivileged_userns_clone 2>&1
fs.protected_symlinks = 1
fs.protected_hardlinks = 1
fs.protected_regular = 2
fs.protected_fifos = 1
sysctl: cannot stat /proc/sys/kernel/unprivileged_userns_clone: No such file or directory
rc=1

===== gst-ptp-helper file-capability tail checks =====
+ runuser -u attacker -- mkdir -p '/home/attacker/setuid-cap-tail-20260517/gst' '/home/attacker/setuid-cap-tail-20260517/bin'; printf '#!/bin/sh\nid > /root/setuid-cap-tail-20260517-root\nid > /tmp/setuid-cap-tail-20260517.gst-fake-helper\n' > '/home/attacker/setuid-cap-tail-20260517/bin/gst-ptp-helper'; chmod 755 '/home/attacker/setuid-cap-tail-20260517/bin/gst-ptp-helper'
rc=0
+ runuser -u attacker -- env -i PATH='/home/attacker/setuid-cap-tail-20260517/bin:/usr/bin:/bin' HOME='/home/attacker/setuid-cap-tail-20260517' LD_PRELOAD='/home/attacker/setuid-cap-tail-20260517/nope.so' GST_PTP_HELPER='/home/attacker/setuid-cap-tail-20260517/bin/gst-ptp-helper' GST_PLUGIN_PATH='/home/attacker/setuid-cap-tail-20260517/plugins' GST_DEBUG_FILE='/home/attacker/setuid-cap-tail-20260517/gst/debug.log' '/usr/lib/aarch64-linux-gnu/gstreamer1.0/gstreamer-1.0/gst-ptp-helper' -i eth0 --clock-id 0x0102030405060708 </dev/null > /tmp/setuid-cap-tail-20260517.gst.stdout 2> /tmp/setuid-cap-tail-20260517.gst.stderr; echo gst_direct_rc=$?; xxd -p /tmp/setuid-cap-tail-20260517.gst.stdout 2>/dev/null || true; tail -c 500 /tmp/setuid-cap-tail-20260517.gst.stderr | tr '\000' '?'
gst_direct_rc=0
0008020102030405060708
_ptp_helper::net::imp???¯Interface eth0 has IPv4 address 172.17.0.2?a?../libs/gst/helpers/ptp/net.rs?gst_ptp_helper::net::imp???xInterface lo is loopback interface?O?../libs/gst/helpers/ptp/main.rs?gst_ptp_helper???~Binding to interface eth0?]?../libs/gst/helpers/ptp/main.rs?gst_ptp_helper???›Using clock ID [1, 2, 3, 4, 5, 6, 7, 8]?œ?../libs/gst/helpers/ptp/main.rs?gst_ptp_helper??¤Exited with error: Failed reading packet header from stdin

Caused by:

  failed to fill whole buffer
rc=0
+ runuser -u attacker -- python3 - <<'PY'
import os, select, struct, subprocess, time
helper = os.environ["GST"]
p = subprocess.Popen([helper, "-i", "eth0", "--clock-id", "0x0102030405060708"], stdin=subprocess.PIPE, stdout=subprocess.PIPE, stderr=subprocess.PIPE)
clock = p.stdout.read(11)
print("gst_pid", p.pid)
print("clock_len", len(clock), "clock_hex", clock.hex())
time.sleep(0.25)
with open(f"/proc/{p.pid}/status", "r", encoding="utf-8") as f:
    for line in f:
        if line.startswith(("Uid:", "Gid:", "Groups:", "CapInh:", "CapPrm:", "CapEff:", "CapBnd:", "CapAmb:", "NoNewPrivs:", "Seccomp:")):
            print(line.strip())
subprocess.run(["getpcaps", str(p.pid)], check=False)
ptp = bytearray(44)
ptp[0] = 1
ptp[1] = 2
ptp[2:4] = (44).to_bytes(2, "big")
ptp[20:28] = bytes.fromhex("0102030405060708")
ptp[28:30] = (1).to_bytes(2, "big")
ptp[30:32] = (0x517).to_bytes(2, "big")
ptp[32] = 1
body = bytes([0]) + (0).to_bytes(8, "big") + ptp
p.stdin.write(struct.pack(">HB", len(body), 0) + body)
p.stdin.flush()
ready, _, _ = select.select([p.stdout], [], [], 2)
ack = os.read(p.stdout.fileno(), 64) if ready else b""
print("ack_len", len(ack), "ack_hex", ack.hex())
p.stdin.close()
try:
    p.wait(timeout=2)
except subprocess.TimeoutExpired:
    p.kill(); p.wait()
print("gst_valid_rc", p.returncode)
print("gst_stderr_tail", p.stderr.read().decode("utf-8", "replace")[-400:].replace("\0", "?").replace("\n", "\\n"))
PY
27878: =
gst_pid 27878
clock_len 11 clock_hex 0008020102030405060708
Uid:	1001	1001	1001	1001
Gid:	1001	1001	1001	1001
Groups:	1001
CapInh:	0000000000000000
CapPrm:	0000000000000000
CapEff:	0000000000000000
CapBnd:	000001ffffffffff
CapAmb:	0000000000000000
NoNewPrivs:	0
Seccomp:	0
ack_len 15 ack_hex 000c0300000411356cb7ab01000517
gst_valid_rc 0
gst_stderr_tail /net.rs?gst_ptp_helper::net::imp???xInterface lo is loopback interface?O?../libs/gst/helpers/ptp/main.rs?gst_ptp_helper???~Binding to interface eth0?]?../libs/gst/helpers/ptp/main.rs?gst_ptp_helper???ï¿½Using clock ID [1, 2, 3, 4, 5, 6, 7, 8]?ï¿½?../libs/gst/helpers/ptp/main.rs?gst_ptp_helper??ï¿½Exited with error: Failed polling\n\nCaused by:\n\n  Hang up during polling on stdin for interface 1\n
rc=0
+ runuser -u attacker -- test -e /tmp/setuid-cap-tail-20260517.gst-fake-helper; echo gst_fake_helper_marker_rc=$?; test -e /root/setuid-cap-tail-20260517-root; echo gst_root_marker_rc=$?; find "$HOME/setuid-cap-tail-20260517/gst" -maxdepth 2 -type f -printf "%m %u:%g %p\n" 2>/dev/null || true
gst_fake_helper_marker_rc=1
gst_root_marker_rc=1
rc=0

===== ssh-agent setgid _ssh tail checks =====
+ runuser -u attacker -- mkdir -p '/home/attacker/setuid-cap-tail-20260517/agent/bin' '/home/attacker/setuid-cap-tail-20260517/agent/dir'; cat > '/home/attacker/setuid-cap-tail-20260517/agent/bin/pkcs11-helper' <<'EOF'
#!/bin/sh
{
  id
  grep -E '^(Uid|Gid|Groups|Cap(Inh|Prm|Eff|Bnd|Amb)):' /proc/self/status
  printf 'argv:'
  for a in "$@"; do printf ' <%s>' "$a"; done
  printf '\n'
} > /tmp/setuid-cap-tail-20260517.pkcs11-helper
id > '/root/setuid-cap-tail-20260517-root'
exit 1
EOF
chmod 755 '/home/attacker/setuid-cap-tail-20260517/agent/bin/pkcs11-helper'
rc=0
+ runuser -u attacker -- SSH_PKCS11_HELPER='/home/attacker/setuid-cap-tail-20260517/agent/bin/pkcs11-helper' timeout 10 /usr/bin/ssh-agent -a '/home/attacker/setuid-cap-tail-20260517/agent/dir/sock' sh -c 'echo agent_command_id; id; grep -E "^(Uid|Gid|Groups|Cap(Inh|Prm|Eff|Bnd|Amb)):" /proc/self/status; stat -c "%A %a %U:%G %n" "$SSH_AUTH_SOCK" "$(dirname "$SSH_AUTH_SOCK")"; ssh-add -s /usr/lib/aarch64-linux-gnu/libc.so.6 </dev/null >/tmp/setuid-cap-tail-20260517.sshadd.out 2>/tmp/setuid-cap-tail-20260517.sshadd.err; echo ssh_add_rc=$?; cat /tmp/setuid-cap-tail-20260517.sshadd.err'; echo ssh_agent_command_rc=$?; cat /tmp/setuid-cap-tail-20260517.pkcs11-helper 2>/dev/null || echo no_pkcs11_marker
agent_command_id
uid=1001(attacker) gid=1001(attacker) groups=1001(attacker)
Uid:	1001	1001	1001	1001
Gid:	1001	1001	1001	1001
Groups:	1001 
CapInh:	0000000000000000
CapPrm:	0000000000000000
CapEff:	0000000000000000
CapBnd:	000001ffffffffff
CapAmb:	0000000000000000
srw------- 600 attacker:attacker /home/attacker/setuid-cap-tail-20260517/agent/dir/sock
drwxr-xr-x 755 attacker:attacker /home/attacker/setuid-cap-tail-20260517/agent/dir
ssh_add_rc=1
Enter passphrase for PKCS#11: Could not add card "/usr/lib/aarch64-linux-gnu/libc.so.6": agent refused operation
ssh_agent_command_rc=0
uid=1001(attacker) gid=1001(attacker) groups=1001(attacker)
Uid:	1001	1001	1001	1001
Gid:	1001	1001	1001	1001
Groups:	1001 
CapInh:	0000000000000000
CapPrm:	0000000000000000
CapEff:	0000000000000000
CapBnd:	000001ffffffffff
CapAmb:	0000000000000000
argv:
rc=0
+ runuser -u attacker -- ln -s /root/setuid-cap-tail-20260517-agent-sock '/home/attacker/setuid-cap-tail-20260517/agent/link.sock'; /usr/bin/ssh-agent -D -a '/home/attacker/setuid-cap-tail-20260517/agent/link.sock' >/tmp/setuid-cap-tail-20260517.agent-link.out 2>/tmp/setuid-cap-tail-20260517.agent-link.err & pid=$!; sleep 0.5; echo agent_link_pid=$pid; grep -E '^(Uid|Gid|Groups|Cap(Inh|Prm|Eff|Bnd|Amb)):' /proc/$pid/status 2>&1 || true; getpcaps $pid 2>&1 || true; kill $pid 2>/dev/null; wait $pid 2>/dev/null; echo agent_link_wait_rc=$?; cat /tmp/setuid-cap-tail-20260517.agent-link.err; test -e /root/setuid-cap-tail-20260517-agent-sock; echo root_agent_sock_rc=$?
agent_link_pid=27921
grep: /proc/27921/status: No such file or directory
Failed to get cap's for process 27921: (No such process)
agent_link_wait_rc=1
unix_listener: cannot bind to path /home/attacker/setuid-cap-tail-20260517/agent/link.sock: Address already in use
root_agent_sock_rc=1
rc=0
+ test -e /root/setuid-cap-tail-20260517-root; echo ssh_agent_root_marker_rc=$?
ssh_agent_root_marker_rc=1
rc=0

===== utempter setgid utmp environment, PTY, and accounting bounds =====
+ runuser -u attacker -- python3 - <<'PY'
import ctypes, os, pty, subprocess, sys, time
home = "/home/attacker/setuid-cap-tail-20260517/utempter"
os.makedirs(home, exist_ok=True)
os.environ["UTMP_FILE"] = home + "/attacker.utmp"
os.environ["WTMP_FILE"] = home + "/attacker.wtmp"
os.environ["LD_PRELOAD"] = home + "/nope.so"
master, slave = pty.openpty()
slave_name = os.ttyname(slave)
print("pty_slave", slave_name)
print("slave_stat", subprocess.check_output(["stat", "-c", "%A %U:%G %n", slave_name], text=True).strip())
lib = ctypes.CDLL("libutempter.so.0")
lib.utempter_add_record.argtypes = [ctypes.c_int, ctypes.c_char_p]
lib.utempter_remove_record.argtypes = [ctypes.c_int]
for host in [b"tail-host", b"../root/escape", b"bad\nhost"]:
    rc = lib.utempter_add_record(master, host)
    print("add_record", repr(host), "rc", rc)
    time.sleep(0.1)
    rem = lib.utempter_remove_record(master)
    print("remove_record", repr(host), "rc", rem)
os.close(master)
os.close(slave)
for path in [home + "/attacker.utmp", home + "/attacker.wtmp", "/root/setuid-cap-tail-20260517-root"]:
    print("path_exists", path, os.path.exists(path))
PY
who | grep setuid-cap-tail || true
find "$HOME/setuid-cap-tail-20260517/utempter" -maxdepth 1 -type f -printf "%m %u:%g %s %p\n" 2>/dev/null || true
ERROR: ld.so: object '/home/attacker/setuid-cap-tail-20260517/utempter/nope.so' from LD_PRELOAD cannot be preloaded (cannot open shared object file): ignored.
pty_slave /dev/pts/0
slave_stat crw--w---- attacker:tty /dev/pts/0
add_record b'tail-host' rc 1
remove_record b'tail-host' rc 1
add_record b'../root/escape' rc 1
remove_record b'../root/escape' rc 1
add_record b'bad\nhost' rc 0
remove_record b'bad\nhost' rc 1
path_exists /home/attacker/setuid-cap-tail-20260517/utempter/attacker.utmp False
path_exists /home/attacker/setuid-cap-tail-20260517/utempter/attacker.wtmp False
path_exists /root/setuid-cap-tail-20260517-root False
rc=0
+ runuser -u attacker -- printf 'x\n' | env UTMP_FILE='/home/attacker/setuid-cap-tail-20260517/utempter/utmp.env' WTMP_FILE='/home/attacker/setuid-cap-tail-20260517/utempter/wtmp.env' LD_PRELOAD='/home/attacker/setuid-cap-tail-20260517/utempter/nope.so' '/usr/lib/aarch64-linux-gnu/utempter/utempter' add bad-host 2>&1; echo direct_utempter_rc=$?; find '/home/attacker/setuid-cap-tail-20260517/utempter' -maxdepth 1 -type f -printf '%m %u:%g %s %p\n' 2>/dev/null || true
direct_utempter_rc=1
rc=0
+ sha256sum /run/utmp /var/log/wtmp 2>/dev/null; cp -a "$ROOT_BASE/run.utmp.bak" /run/utmp 2>/dev/null || true; cp -a "$ROOT_BASE/wtmp.bak" /var/log/wtmp 2>/dev/null || true; sha256sum /run/utmp /var/log/wtmp 2>/dev/null
d383cd023b811b4d8aee00b5ad7702808ca9038a09a59c77e0a22666bf463588  /run/utmp
d2f73e8c9b0f29cc7f4908c472395177d592481923fb40dd550d8c4dfc6fe310  /var/log/wtmp
6f5554ee5d316058ce430c55423a5212eecb626caceeb7997a368d682c58fe12  /run/utmp
3feddef21718e0b44c3ad2686be960484fe1f63771186be8caa6d3fffd6c1184  /var/log/wtmp
rc=0

===== ssh-keysign setuid root disabled-global-config checks =====
+ runuser -u attacker -- mkdir -p '/home/attacker/setuid-cap-tail-20260517/keysign/.ssh' '/home/attacker/setuid-cap-tail-20260517/keysign/bin'; cat > '/home/attacker/setuid-cap-tail-20260517/keysign/ssh_config' <<'EOF'
Host *
    EnableSSHKeysign yes
    HostbasedAuthentication yes
    ProxyCommand sh -c 'id > /tmp/setuid-cap-tail-20260517.proxy-id; exit 1'
    Match exec "id > /tmp/setuid-cap-tail-20260517.match-id"
EOF
HOME='/home/attacker/setuid-cap-tail-20260517/keysign' PATH='/home/attacker/setuid-cap-tail-20260517/keysign/bin:/usr/bin:/bin' LD_PRELOAD='/home/attacker/setuid-cap-tail-20260517/keysign/nope.so' /usr/lib/openssh/ssh-keysign </dev/null > /tmp/setuid-cap-tail-20260517.keysign.out 2> /tmp/setuid-cap-tail-20260517.keysign.err; echo direct_keysign_rc=$?; cat /tmp/setuid-cap-tail-20260517.keysign.out /tmp/setuid-cap-tail-20260517.keysign.err
direct_keysign_rc=255
ssh-keysign not enabled in /etc/ssh/ssh_config
rc=0
+ runuser -u attacker -- HOME='/home/attacker/setuid-cap-tail-20260517/keysign' ssh -F '/home/attacker/setuid-cap-tail-20260517/keysign/ssh_config' -oBatchMode=yes -oConnectTimeout=1 127.0.0.1 true >/tmp/setuid-cap-tail-20260517.ssh.out 2>/tmp/setuid-cap-tail-20260517.ssh.err; echo ssh_client_rc=$?; cat /tmp/setuid-cap-tail-20260517.match-id /tmp/setuid-cap-tail-20260517.proxy-id 2>/dev/null || true; tail -n 20 /tmp/setuid-cap-tail-20260517.ssh.err
ssh_client_rc=255
uid=1001(attacker) gid=1001(attacker) groups=1001(attacker)
uid=1001(attacker) gid=1001(attacker) groups=1001(attacker)
Connection closed by UNKNOWN port 65535
rc=0
+ ls -l /etc/ssh/ssh_host_* 2>&1; grep -RIn "^[[:space:]]*[^#[:space:]]" /etc/ssh 2>/dev/null || true; test -e /root/setuid-cap-tail-20260517-root; echo keysign_root_marker_rc=$?
ls: cannot access '/etc/ssh/ssh_host_*': No such file or directory
/etc/ssh/ssh_config:19:Include /etc/ssh/ssh_config.d/*.conf
/etc/ssh/ssh_config:21:Host *
/etc/ssh/ssh_config:51:    SendEnv LANG LC_*
/etc/ssh/ssh_config:52:    HashKnownHosts yes
/etc/ssh/ssh_config:53:    GSSAPIAuthentication yes
keysign_root_marker_rc=1
rc=0

===== fusermount3, mount, and umount semantic tail checks =====
+ ls -l /dev/fuse /etc/fuse.conf /etc/mtab /run/mount /run/mount/utab /run/mount/utab.lock 2>&1; findmnt -no TARGET,FSTYPE,OPTIONS /run/mount 2>&1 || true; grep -n "^[^#]" /etc/fuse.conf 2>/dev/null || true
crw-rw-rw- 1 root root 10, 229 May 17 19:16 /dev/fuse
-rw-r--r-- 1 root root     694 Apr  8  2024 /etc/fuse.conf
lrwxrwxrwx 1 root root      19 May 16 22:51 /etc/mtab -> ../proc/self/mounts
-rw-r--r-- 1 root root       0 May 17 19:32 /run/mount/utab
-rw-r--r-- 1 root root       0 May 17 18:56 /run/mount/utab.lock

/run/mount:
total 0
-rw-r--r-- 1 root root 0 May 17 19:32 utab
-rw-r--r-- 1 root root 0 May 17 18:56 utab.lock
rc=0
+ runuser -u attacker -- python3 - <<'PY'
import array, os, socket, subprocess, time
base="/tmp/setuid-cap-tail-20260517/fuse"
mnt="/tmp/setuid-cap-tail-20260517/fuse-mnt"
os.makedirs(base, exist_ok=True)
os.makedirs(mnt, exist_ok=True)
parent, child = socket.socketpair()
env=os.environ.copy()
env["_FUSE_COMMFD"]=str(child.fileno())
env["LD_PRELOAD"]="/home/attacker/setuid-cap-tail-20260517/fuse/nope.so"
cmd=["/usr/bin/fusermount3", "-o", "rw,suid,dev,exec", mnt]
p=subprocess.Popen(cmd, pass_fds=(child.fileno(),), env=env, stdout=subprocess.PIPE, stderr=subprocess.PIPE)
child.close()
parent.settimeout(3)
fds=array.array("i")
got=False
try:
    msg, anc, flags, addr = parent.recvmsg(1, socket.CMSG_LEN(fds.itemsize))
    for level, typ, data in anc:
        if level == socket.SOL_SOCKET and typ == socket.SCM_RIGHTS:
            fds.frombytes(data[:fds.itemsize])
            got=True
except Exception as exc:
    print("fuse_recv_exc", type(exc).__name__, str(exc))
out, err = p.communicate(timeout=5)
print("fusermount_rc", p.returncode, "got_fd", got, "fds", list(fds))
print("fusermount_stdout", out.decode("utf-8", "replace").replace("\n", "\\n"))
print("fusermount_stderr", err.decode("utf-8", "replace").replace("\n", "\\n"))
if got:
    os.close(fds[0])
subprocess.run(["findmnt", "-no", "TARGET,FSTYPE,OPTIONS", mnt], check=False)
subprocess.run(["fusermount3", "-u", mnt], check=False)
PY
/tmp/setuid-cap-tail-20260517/fuse-mnt fuse   rw,nosuid,nodev,relatime,user_id=1001,group_id=1001
fusermount_rc 0 got_fd True fds [4]
fusermount_stdout 
fusermount_stderr /usr/bin/fusermount3: unsafe option suid ignored\n/usr/bin/fusermount3: unsafe option dev ignored\n
rc=0
+ runuser -u attacker -- mkdir -p '/tmp/setuid-cap-tail-20260517/mount-src' '/tmp/setuid-cap-tail-20260517/mount-alt' '/tmp/setuid-cap-tail-20260517/fuse-root-owned'; ln -s / '/tmp/setuid-cap-tail-20260517/fuse-link'; /usr/bin/fusermount3 -u '/tmp/setuid-cap-tail-20260517/fuse-link' 2>&1; echo fuse_unmount_symlink_rc=$?; /usr/bin/fusermount3 -o allow_other '/tmp/setuid-cap-tail-20260517/fuse-root-owned' 2>&1; echo fuse_allow_other_rc=$?
/usr/bin/fusermount3: entry for /tmp/setuid-cap-tail-20260517/fuse-link not found in /etc/mtab
fuse_unmount_symlink_rc=1
/usr/bin/fusermount3: old style mounting not supported
fuse_allow_other_rc=1
rc=0
+ runuser -u attacker -- cat > '/home/attacker/setuid-cap-tail-20260517/attacker.fstab' <<EOF
none /tmp/setuid-cap-tail-20260517/mount-alt/leaf tmpfs user,exec,suid,dev,x-mount.mkdir 0 0
/tmp/setuid-cap-tail-20260517/mount-src /tmp/setuid-cap-tail-20260517/mount-alt/bind none user,bind,x-mount.mkdir 0 0
EOF
/usr/bin/mount -T '/home/attacker/setuid-cap-tail-20260517/attacker.fstab' '/tmp/setuid-cap-tail-20260517/mount-alt/leaf' 2>&1; echo mount_attacker_fstab_rc=$?; stat -c '%A %U:%G %n' '/tmp/setuid-cap-tail-20260517/mount-alt' '/tmp/setuid-cap-tail-20260517/mount-alt/leaf' 2>&1; /usr/bin/mount --mkdir '/tmp/setuid-cap-tail-20260517/mount-src' '/root/setuid-cap-tail-20260517-mount/leaf' 2>&1; echo mount_root_mkdir_rc=$?; test -e /root/setuid-cap-tail-20260517-mount; echo root_mount_dir_rc=$?
mount: /tmp/setuid-cap-tail-20260517/mount-alt/leaf: must be superuser to use mount.
       dmesg(1) may have more information after failed mount system call.
mount_attacker_fstab_rc=32
drwxr-xr-x attacker:attacker /tmp/setuid-cap-tail-20260517/mount-alt
drwxr-xr-x attacker:attacker /tmp/setuid-cap-tail-20260517/mount-alt/leaf
mount: /root/setuid-cap-tail-20260517-mount/leaf: operation permitted for root only.
mount_root_mkdir_rc=1
root_mount_dir_rc=1
rc=0
+ runuser -u attacker -- /usr/bin/mount -N /proc/1/ns/mnt -t tmpfs tmpfs '/tmp/setuid-cap-tail-20260517/mount-alt/ns' 2>&1; echo mount_namespace_rc=$?; /usr/bin/umount -N /proc/1/ns/mnt '/tmp/setuid-cap-tail-20260517/fuse-link' 2>&1; echo umount_namespace_symlink_rc=$?; /usr/bin/umount '/tmp/setuid-cap-tail-20260517/fuse-link' 2>&1; echo umount_symlink_rc=$?
mount: failed to set target namespace to /proc/1/ns/mnt: Permission denied
mount_namespace_rc=2
umount: failed to set target namespace to /proc/1/ns/mnt: Permission denied
umount_namespace_symlink_rc=2
umount: /: must be superuser to unmount.
umount_symlink_rc=32
rc=0
+ ls -l /run/mount/utab /run/mount/utab.lock 2>&1; find /root -maxdepth 1 -name "setuid-cap-tail-20260517*" -printf "%m %u:%g %p\n" 2>/dev/null || true
-rw-r--r-- 1 root root 0 May 17 19:32 /run/mount/utab
-rw-r--r-- 1 root root 0 May 17 18:56 /run/mount/utab.lock
rc=0

===== ping and mtr-packet cap_net_raw tail checks =====
+ runuser -u attacker -- ping -V 2>&1; ping -c1 -W1 127.0.0.1 2>&1 | sed -n "1,20p"; ping -m 123 -c1 -W1 127.0.0.1 2>&1 | sed -n "1,30p"
ping from iputils 20240117
libcap: yes, IDN: yes, NLS: no, error.h: yes, getrandom(): yes, __fpending(): yes
PING 127.0.0.1 (127.0.0.1) 56(84) bytes of data.
64 bytes from 127.0.0.1: icmp_seq=1 ttl=64 time=0.023 ms

--- 127.0.0.1 ping statistics ---
1 packets transmitted, 1 received, 0% packet loss, time 0ms
rtt min/avg/max/mdev = 0.023/0.023/0.023/0.000 ms
ping: WARNING: failed to set mark: 123: Operation not permitted
PING 127.0.0.1 (127.0.0.1) 56(84) bytes of data.
ping: WARNING: failed to set mark: 123: Operation not permitted
64 bytes from 127.0.0.1: icmp_seq=1 ttl=64 time=0.018 ms

--- 127.0.0.1 ping statistics ---
1 packets transmitted, 1 received, 0% packet loss, time 0ms
rtt min/avg/max/mdev = 0.018/0.018/0.018/0.000 ms
rc=0
+ runuser -u attacker -- ping -i 1 -c 4 127.0.0.1 >/tmp/setuid-cap-tail-20260517.ping.out 2>/tmp/setuid-cap-tail-20260517.ping.err & pid=$!; sleep 0.3; echo ping_pid=$pid; grep -E "^(Uid|Gid|Groups|Cap(Inh|Prm|Eff|Bnd|Amb)|NoNewPrivs):" /proc/$pid/status 2>&1 || true; getpcaps $pid 2>&1 || true; wait $pid; echo ping_wait_rc=$?; cat /tmp/setuid-cap-tail-20260517.ping.err
ping_pid=28072
Uid:	1001	1001	1001	1001
Gid:	1001	1001	1001	1001
Groups:	1001 
CapInh:	0000000000000000
CapPrm:	0000000000000000
CapEff:	0000000000000000
CapBnd:	000001ffffffffff
CapAmb:	0000000000000000
NoNewPrivs:	0
28072: =
ping_wait_rc=0
rc=0
+ runuser -u attacker -- mkfifo /tmp/setuid-cap-tail-20260517.mtr.in; /usr/bin/mtr-packet </tmp/setuid-cap-tail-20260517.mtr.in >/tmp/setuid-cap-tail-20260517.mtr.out 2>/tmp/setuid-cap-tail-20260517.mtr.err & pid=$!; exec 9>/tmp/setuid-cap-tail-20260517.mtr.in; sleep 0.3; echo mtr_pid=$pid; grep -E "^(Uid|Gid|Groups|Cap(Inh|Prm|Eff|Bnd|Amb)|NoNewPrivs):" /proc/$pid/status 2>&1 || true; getpcaps $pid 2>&1 || true; printf "1 check-support feature send-probe\n2 check-support feature mark\n3 send-probe ip-4 127.0.0.1 protocol icmp size 64 timeout 1\n4 send-probe ip-4 127.0.0.1 protocol icmp mark 123 timeout 1\n5 send-probe ip-4 ../../etc/shadow protocol icmp timeout 1\n6 /bin/sh -c id\n" >&9; sleep 1; exec 9>&-; wait $pid; echo mtr_wait_rc=$?; cat /tmp/setuid-cap-tail-20260517.mtr.out /tmp/setuid-cap-tail-20260517.mtr.err 2>/dev/null
mtr_pid=28083
Uid:	1001	1001	1001	1001
Gid:	1001	1001	1001	1001
Groups:	1001 
CapInh:	0000000000000000
CapPrm:	0000000000002000
CapEff:	0000000000002000
CapBnd:	000001ffffffffff
CapAmb:	0000000000000000
NoNewPrivs:	0
28083: cap_net_raw=ep
mtr_wait_rc=0
1 feature-support support ok
2 feature-support support ok
5 invalid-argument
6 unknown-command
3 reply ip-4 127.0.0.1 round-trip-time 190
4 reply ip-4 127.0.0.1 round-trip-time 106
rc=0

===== unix_chkpwd and pam_extrausers_chkpwd setgid shadow tail checks =====
+ ls -ld /var/lib/extrausers 2>&1 || true; ls -l /etc/passwd /etc/shadow /etc/group /etc/gshadow 2>&1
ls: cannot access '/var/lib/extrausers': No such file or directory
-rw-r--r-- 1 root root    849 May 16 22:51 /etc/group
-rw-r----- 1 root shadow  721 May 16 22:51 /etc/gshadow
-rw-r--r-- 1 root root   1704 May 17 18:29 /etc/passwd
-rw-r----- 1 root shadow  937 May 16 22:59 /etc/shadow
rc=0
+ runuser -u attacker -- mkdir -p '/home/attacker/setuid-cap-tail-20260517/extrausers'; for h in /usr/sbin/unix_chkpwd /usr/sbin/pam_extrausers_chkpwd; do for user in attacker root '../etc/shadow' 'attacker
root' missinguser; do printf 'helper=%s user=%q\n' "$h" "$user"; printf 'wrong-password\n' | env EXTRAUSERS_DIR='/home/attacker/setuid-cap-tail-20260517/extrausers' PAM_EXTRAUSERS_DIR='/home/attacker/setuid-cap-tail-20260517/extrausers' GCONV_PATH='/home/attacker/setuid-cap-tail-20260517/gconv' LOCPATH='/home/attacker/setuid-cap-tail-20260517/locale' LD_PRELOAD='/home/attacker/setuid-cap-tail-20260517/nope.so' "$h" "$user" nullok 2>&1; echo helper_rc=$?; done; done
helper=/usr/sbin/unix_chkpwd user=attacker
helper_rc=7
helper=/usr/sbin/unix_chkpwd user=root
helper_rc=7
helper=/usr/sbin/unix_chkpwd user=../etc/shadow
helper_rc=9
helper=/usr/sbin/unix_chkpwd user=$'attacker\nroot'
helper_rc=9
helper=/usr/sbin/unix_chkpwd user=missinguser
helper_rc=9
helper=/usr/sbin/pam_extrausers_chkpwd user=attacker
helper_rc=7
helper=/usr/sbin/pam_extrausers_chkpwd user=root
helper_rc=7
helper=/usr/sbin/pam_extrausers_chkpwd user=../etc/shadow
helper_rc=7
helper=/usr/sbin/pam_extrausers_chkpwd user=$'attacker\nroot'
helper_rc=7
helper=/usr/sbin/pam_extrausers_chkpwd user=missinguser
helper_rc=7
rc=0
+ strace -f -qq -e trace=openat,setgid,setregid,setresgid,setuid,setreuid,setresuid,execve -s 160 -o /tmp/setuid-cap-tail-20260517.chkpwd.strace runuser -u attacker -- bash -lc "printf 'wrong-password\\n' | env EXTRAUSERS_DIR='/home/attacker/setuid-cap-tail-20260517/extrausers' /usr/sbin/unix_chkpwd attacker nullok >/tmp/setuid-cap-tail-20260517.unix.out 2>&1; printf 'wrong-password\\n' | env EXTRAUSERS_DIR='/home/attacker/setuid-cap-tail-20260517/extrausers' /usr/sbin/pam_extrausers_chkpwd attacker nullok >/tmp/setuid-cap-tail-20260517.extra.out 2>&1"; echo strace_rc=$?; sed -n '1,180p' /tmp/setuid-cap-tail-20260517.chkpwd.strace; echo unix_out; cat /tmp/setuid-cap-tail-20260517.unix.out; echo extra_out; cat /tmp/setuid-cap-tail-20260517.extra.out
strace_rc=7
28133 execve("/usr/sbin/runuser", ["runuser", "-u", "attacker", "--", "bash", "-lc", "printf 'wrong-password\\n' | env EXTRAUSERS_DIR='/home/attacker/setuid-cap-tail-20260517/extrausers' /usr/sbin/unix_chkpwd attacker nullok >/tmp/setuid-cap-tail-"...], 0xfffff2ffb030 /* 17 vars */) = 0
28133 openat(AT_FDCWD, "/etc/ld.so.cache", O_RDONLY|O_CLOEXEC) = 3
28133 openat(AT_FDCWD, "/lib/aarch64-linux-gnu/libpam.so.0", O_RDONLY|O_CLOEXEC) = 3
28133 openat(AT_FDCWD, "/lib/aarch64-linux-gnu/libpam_misc.so.0", O_RDONLY|O_CLOEXEC) = 3
28133 openat(AT_FDCWD, "/lib/aarch64-linux-gnu/libc.so.6", O_RDONLY|O_CLOEXEC) = 3
28133 openat(AT_FDCWD, "/lib/aarch64-linux-gnu/libaudit.so.1", O_RDONLY|O_CLOEXEC) = 3
28133 openat(AT_FDCWD, "/lib/aarch64-linux-gnu/libcap-ng.so.0", O_RDONLY|O_CLOEXEC) = 3
28133 openat(AT_FDCWD, "/proc/sys/kernel/cap_last_cap", O_RDONLY) = 3
28133 openat(AT_FDCWD, "/etc/nsswitch.conf", O_RDONLY|O_CLOEXEC) = 3
28133 openat(AT_FDCWD, "/etc/passwd", O_RDONLY|O_CLOEXEC) = 3
28133 openat(AT_FDCWD, "/etc/passwd", O_RDONLY|O_CLOEXEC) = 3
28133 openat(AT_FDCWD, "/etc/pam.d/runuser", O_RDONLY) = 3
28133 openat(AT_FDCWD, "/usr/lib/aarch64-linux-gnu/security/pam_rootok.so", O_RDONLY|O_CLOEXEC) = 4
28133 openat(AT_FDCWD, "/etc/ld.so.cache", O_RDONLY|O_CLOEXEC) = 4
28133 openat(AT_FDCWD, "/lib/aarch64-linux-gnu/libselinux.so.1", O_RDONLY|O_CLOEXEC) = 4
28133 openat(AT_FDCWD, "/lib/aarch64-linux-gnu/libpcre2-8.so.0", O_RDONLY|O_CLOEXEC) = 4
28133 openat(AT_FDCWD, "/proc/filesystems", O_RDONLY|O_CLOEXEC) = 4
28133 openat(AT_FDCWD, "/usr/lib/aarch64-linux-gnu/security/pam_keyinit.so", O_RDONLY|O_CLOEXEC) = 4
28133 openat(AT_FDCWD, "/usr/lib/aarch64-linux-gnu/security/pam_limits.so", O_RDONLY|O_CLOEXEC) = 4
28133 openat(AT_FDCWD, "/usr/lib/aarch64-linux-gnu/security/pam_unix.so", O_RDONLY|O_CLOEXEC) = 4
28133 openat(AT_FDCWD, "/etc/ld.so.cache", O_RDONLY|O_CLOEXEC) = 4
28133 openat(AT_FDCWD, "/lib/aarch64-linux-gnu/libcrypt.so.1", O_RDONLY|O_CLOEXEC) = 4
28133 openat(AT_FDCWD, "/etc/pam.d/other", O_RDONLY) = 3
28133 openat(AT_FDCWD, "/etc/pam.d/common-auth", O_RDONLY) = 4
28133 openat(AT_FDCWD, "/usr/lib/aarch64-linux-gnu/security/pam_deny.so", O_RDONLY|O_CLOEXEC) = 5
28133 openat(AT_FDCWD, "/usr/lib/aarch64-linux-gnu/security/pam_permit.so", O_RDONLY|O_CLOEXEC) = 5
28133 openat(AT_FDCWD, "/usr/lib/aarch64-linux-gnu/security/pam_cap.so", O_RDONLY|O_CLOEXEC) = 5
28133 openat(AT_FDCWD, "/etc/ld.so.cache", O_RDONLY|O_CLOEXEC) = 5
28133 openat(AT_FDCWD, "/lib/aarch64-linux-gnu/libcap.so.2", O_RDONLY|O_CLOEXEC) = 5
28133 openat(AT_FDCWD, "/etc/pam.d/common-account", O_RDONLY) = 4
28133 openat(AT_FDCWD, "/etc/pam.d/common-password", O_RDONLY) = 4
28133 openat(AT_FDCWD, "/etc/pam.d/common-session", O_RDONLY) = 4
28133 openat(AT_FDCWD, "/usr/lib/aarch64-linux-gnu/security/pam_umask.so", O_RDONLY|O_CLOEXEC) = 5
28133 openat(AT_FDCWD, "/usr/lib/aarch64-linux-gnu/security/pam_systemd.so", O_RDONLY|O_CLOEXEC) = 5
28133 openat(AT_FDCWD, "/etc/ld.so.cache", O_RDONLY|O_CLOEXEC) = 5
28133 openat(AT_FDCWD, "/lib/aarch64-linux-gnu/libm.so.6", O_RDONLY|O_CLOEXEC) = 5
28133 openat(AT_FDCWD, "/proc/sys/kernel/ngroups_max", O_RDONLY|O_CLOEXEC) = 3
28133 openat(AT_FDCWD, "/etc/group", O_RDONLY|O_CLOEXEC) = 3
28133 openat(AT_FDCWD, "/etc/ld.so.cache", O_RDONLY|O_CLOEXEC) = 3
28133 openat(AT_FDCWD, "/lib/aarch64-linux-gnu/libnss_systemd.so.2", O_RDONLY|O_CLOEXEC) = 3
28133 openat(AT_FDCWD, "/run/systemd/userdb/", O_RDONLY|O_NONBLOCK|O_CLOEXEC|O_DIRECTORY) = 3
28133 openat(AT_FDCWD, "/", O_RDONLY|O_CLOEXEC|O_PATH|O_DIRECTORY) = 3
28133 openat(3, "/", O_RDONLY|O_CLOEXEC|O_PATH|O_DIRECTORY) = 7
28133 openat(AT_FDCWD, "/", O_RDONLY|O_CLOEXEC|O_PATH|O_DIRECTORY) = 8
28133 openat(7, "etc", O_RDONLY|O_NOFOLLOW|O_CLOEXEC|O_PATH) = 9
28133 openat(9, "userdb", O_RDONLY|O_NOFOLLOW|O_CLOEXEC|O_PATH) = -1 ENOENT (No such file or directory)
28133 openat(AT_FDCWD, "/", O_RDONLY|O_CLOEXEC|O_PATH|O_DIRECTORY) = 3
28133 openat(3, "/", O_RDONLY|O_CLOEXEC|O_PATH|O_DIRECTORY) = 7
28133 openat(AT_FDCWD, "/", O_RDONLY|O_CLOEXEC|O_PATH|O_DIRECTORY) = 8
28133 openat(7, "run", O_RDONLY|O_NOFOLLOW|O_CLOEXEC|O_PATH) = 9
28133 openat(9, "userdb", O_RDONLY|O_NOFOLLOW|O_CLOEXEC|O_PATH) = -1 ENOENT (No such file or directory)
28133 openat(AT_FDCWD, "/", O_RDONLY|O_CLOEXEC|O_PATH|O_DIRECTORY) = 3
28133 openat(3, "/", O_RDONLY|O_CLOEXEC|O_PATH|O_DIRECTORY) = 7
28133 openat(AT_FDCWD, "/", O_RDONLY|O_CLOEXEC|O_PATH|O_DIRECTORY) = 8
28133 openat(7, "run", O_RDONLY|O_NOFOLLOW|O_CLOEXEC|O_PATH) = 9
28133 openat(9, "host", O_RDONLY|O_NOFOLLOW|O_CLOEXEC|O_PATH) = -1 ENOENT (No such file or directory)
28133 openat(AT_FDCWD, "/", O_RDONLY|O_CLOEXEC|O_PATH|O_DIRECTORY) = 3
28133 openat(3, "/", O_RDONLY|O_CLOEXEC|O_PATH|O_DIRECTORY) = 7
28133 openat(AT_FDCWD, "/", O_RDONLY|O_CLOEXEC|O_PATH|O_DIRECTORY) = 8
28133 openat(7, "usr", O_RDONLY|O_NOFOLLOW|O_CLOEXEC|O_PATH) = 9
28133 openat(9, "local", O_RDONLY|O_NOFOLLOW|O_CLOEXEC|O_PATH) = 7
28133 openat(7, "lib", O_RDONLY|O_NOFOLLOW|O_CLOEXEC|O_PATH) = 9
28133 openat(9, "userdb", O_RDONLY|O_NOFOLLOW|O_CLOEXEC|O_PATH) = -1 ENOENT (No such file or directory)
28133 openat(AT_FDCWD, "/", O_RDONLY|O_CLOEXEC|O_PATH|O_DIRECTORY) = 3
28133 openat(3, "/", O_RDONLY|O_CLOEXEC|O_PATH|O_DIRECTORY) = 7
28133 openat(AT_FDCWD, "/", O_RDONLY|O_CLOEXEC|O_PATH|O_DIRECTORY) = 8
28133 openat(7, "usr", O_RDONLY|O_NOFOLLOW|O_CLOEXEC|O_PATH) = 9
28133 openat(9, "lib", O_RDONLY|O_NOFOLLOW|O_CLOEXEC|O_PATH) = 7
28133 openat(7, "userdb", O_RDONLY|O_NOFOLLOW|O_CLOEXEC|O_PATH) = -1 ENOENT (No such file or directory)
28133 openat(AT_FDCWD, "/proc/sys/kernel/random/boot_id", O_RDONLY|O_NOCTTY|O_CLOEXEC) = 3
28133 openat(AT_FDCWD, "/etc/passwd", O_RDONLY|O_CLOEXEC) = 3
28133 setregid(1001, -1)                = 0
28133 setreuid(1001, -1)                = 0
28133 setreuid(0, -1)                   = 0
28133 setregid(0, -1)                   = 0
28133 openat(AT_FDCWD, "/etc/passwd", O_RDONLY|O_CLOEXEC) = 3
28133 openat(AT_FDCWD, "/proc/1/limits", O_RDONLY) = 3
28133 openat(AT_FDCWD, "/etc/security/limits.conf", O_RDONLY) = 3
28133 openat(AT_FDCWD, "/etc/security/limits.d", O_RDONLY|O_NONBLOCK|O_CLOEXEC|O_DIRECTORY) = 3
28133 openat(AT_FDCWD, "/etc/login.defs", O_RDONLY) = 3
28133 openat(AT_FDCWD, "/proc/self/loginuid", O_RDONLY) = 3
28133 openat(AT_FDCWD, "/etc/passwd", O_RDONLY|O_CLOEXEC) = 3
28133 openat(AT_FDCWD, "/etc/localtime", O_RDONLY|O_CLOEXEC) = 3
28134 setgid(1001)                      = 0
28134 setuid(1001)                      = 0
28134 openat(AT_FDCWD, "/etc/login.defs", O_RDONLY) = 4
28134 openat(AT_FDCWD, "/etc/default/runuser", O_RDONLY) = -1 ENOENT (No such file or directory)
28134 execve("/usr/local/sbin/bash", ["bash", "-lc", "printf 'wrong-password\\n' | env EXTRAUSERS_DIR='/home/attacker/setuid-cap-tail-20260517/extrausers' /usr/sbin/unix_chkpwd attacker nullok >/tmp/setuid-cap-tail-"...], 0xaaaae6a6d800 /* 19 vars */) = -1 ENOENT (No such file or directory)
28134 execve("/usr/local/bin/bash", ["bash", "-lc", "printf 'wrong-password\\n' | env EXTRAUSERS_DIR='/home/attacker/setuid-cap-tail-20260517/extrausers' /usr/sbin/unix_chkpwd attacker nullok >/tmp/setuid-cap-tail-"...], 0xaaaae6a6d800 /* 19 vars */) = -1 ENOENT (No such file or directory)
28134 execve("/usr/sbin/bash", ["bash", "-lc", "printf 'wrong-password\\n' | env EXTRAUSERS_DIR='/home/attacker/setuid-cap-tail-20260517/extrausers' /usr/sbin/unix_chkpwd attacker nullok >/tmp/setuid-cap-tail-"...], 0xaaaae6a6d800 /* 19 vars */) = -1 ENOENT (No such file or directory)
28134 execve("/usr/bin/bash", ["bash", "-lc", "printf 'wrong-password\\n' | env EXTRAUSERS_DIR='/home/attacker/setuid-cap-tail-20260517/extrausers' /usr/sbin/unix_chkpwd attacker nullok >/tmp/setuid-cap-tail-"...], 0xaaaae6a6d800 /* 19 vars */) = 0
28134 openat(AT_FDCWD, "/etc/ld.so.cache", O_RDONLY|O_CLOEXEC) = 3
28134 openat(AT_FDCWD, "/lib/aarch64-linux-gnu/libtinfo.so.6", O_RDONLY|O_CLOEXEC) = 3
28134 openat(AT_FDCWD, "/lib/aarch64-linux-gnu/libc.so.6", O_RDONLY|O_CLOEXEC) = 3
28134 openat(AT_FDCWD, "/dev/tty", O_RDWR|O_NONBLOCK) = -1 ENXIO (No such device or address)
28134 openat(AT_FDCWD, "/etc/nsswitch.conf", O_RDONLY|O_CLOEXEC) = 3
28134 openat(AT_FDCWD, "/etc/passwd", O_RDONLY|O_CLOEXEC) = 3
28134 openat(AT_FDCWD, "/etc/profile", O_RDONLY) = 3
28134 openat(AT_FDCWD, "/etc/profile.d/", O_RDONLY|O_NONBLOCK|O_CLOEXEC|O_DIRECTORY) = 3
28134 openat(AT_FDCWD, "/etc/profile.d/01-locale-fix.sh", O_RDONLY) = 3
28135 execve("/usr/bin/locale-check", ["/usr/bin/locale-check", "C.UTF-8"], 0xaaaaf7a44c90 /* 19 vars */) = 0
28135 openat(AT_FDCWD, "/etc/ld.so.cache", O_RDONLY|O_CLOEXEC) = 3
28135 openat(AT_FDCWD, "/lib/aarch64-linux-gnu/libc.so.6", O_RDONLY|O_CLOEXEC) = 3
28134 --- SIGCHLD {si_signo=SIGCHLD, si_code=CLD_EXITED, si_pid=28135, si_uid=1001, si_status=0, si_utime=0, si_stime=0} ---
28134 openat(AT_FDCWD, "/etc/profile.d/Z97-byobu.sh", O_RDONLY) = 3
28134 openat(AT_FDCWD, "/etc/profile.d/apps-bin-path.sh", O_RDONLY) = 3
28134 openat(AT_FDCWD, "/etc/profile.d/bash_completion.sh", O_RDONLY) = 3
28134 openat(AT_FDCWD, "/etc/profile.d/debuginfod.sh", O_RDONLY) = 3
28134 openat(AT_FDCWD, "/etc/profile.d/gawk.sh", O_RDONLY) = 3
28134 openat(AT_FDCWD, "/home/attacker/.bash_profile", O_RDONLY) = -1 ENOENT (No such file or directory)
28134 openat(AT_FDCWD, "/home/attacker/.bash_login", O_RDONLY) = -1 ENOENT (No such file or directory)
28134 openat(AT_FDCWD, "/home/attacker/.profile", O_RDONLY) = 3
28134 openat(AT_FDCWD, "/home/attacker/.bashrc", O_RDONLY) = 3
28137 openat(AT_FDCWD, "/tmp/setuid-cap-tail-20260517.unix.out", O_WRONLY|O_CREAT|O_TRUNC, 0666) = 3
28137 execve("/usr/bin/env", ["env", "EXTRAUSERS_DIR=/home/attacker/setuid-cap-tail-20260517/extrausers", "/usr/sbin/unix_chkpwd", "attacker", "nullok"], 0xaaaaf7a44c90 /* 19 vars */) = 0
28137 openat(AT_FDCWD, "/etc/ld.so.cache", O_RDONLY|O_CLOEXEC) = 3
28137 openat(AT_FDCWD, "/lib/aarch64-linux-gnu/libc.so.6", O_RDONLY|O_CLOEXEC) = 3
28137 execve("/usr/sbin/unix_chkpwd", ["/usr/sbin/unix_chkpwd", "attacker", "nullok"], 0xaaaac3bfe400 /* 20 vars */) = 0
28137 openat(AT_FDCWD, "/etc/ld.so.cache", O_RDONLY|O_CLOEXEC) = 3
28137 openat(AT_FDCWD, "/lib/aarch64-linux-gnu/libcrypt.so.1", O_RDONLY|O_CLOEXEC) = 3
28137 openat(AT_FDCWD, "/lib/aarch64-linux-gnu/libaudit.so.1", O_RDONLY|O_CLOEXEC) = 3
28137 openat(AT_FDCWD, "/lib/aarch64-linux-gnu/libc.so.6", O_RDONLY|O_CLOEXEC) = 3
28137 openat(AT_FDCWD, "/lib/aarch64-linux-gnu/libcap-ng.so.0", O_RDONLY|O_CLOEXEC) = 3
28137 openat(AT_FDCWD, "/proc/sys/kernel/cap_last_cap", O_RDONLY) = 3
28137 openat(AT_FDCWD, "/etc/nsswitch.conf", O_RDONLY|O_CLOEXEC) = 3
28137 openat(AT_FDCWD, "/etc/passwd", O_RDONLY|O_CLOEXEC) = 3
28137 openat(AT_FDCWD, "/etc/localtime", O_RDONLY|O_CLOEXEC) = 3
28137 openat(AT_FDCWD, "/etc/passwd", O_RDONLY|O_CLOEXEC) = 3
28137 openat(AT_FDCWD, "/etc/shadow", O_RDONLY|O_CLOEXEC) = 3
28134 --- SIGCHLD {si_signo=SIGCHLD, si_code=CLD_EXITED, si_pid=28136, si_uid=1001, si_status=0, si_utime=0, si_stime=0} ---
28139 openat(AT_FDCWD, "/tmp/setuid-cap-tail-20260517.extra.out", O_WRONLY|O_CREAT|O_TRUNC, 0666) = 3
28139 execve("/usr/bin/env", ["env", "EXTRAUSERS_DIR=/home/attacker/setuid-cap-tail-20260517/extrausers", "/usr/sbin/pam_extrausers_chkpwd", "attacker", "nullok"], 0xaaaaf7a44c90 /* 19 vars */) = 0
28139 openat(AT_FDCWD, "/etc/ld.so.cache", O_RDONLY|O_CLOEXEC) = 3
28139 openat(AT_FDCWD, "/lib/aarch64-linux-gnu/libc.so.6", O_RDONLY|O_CLOEXEC) = 3
28139 execve("/usr/sbin/pam_extrausers_chkpwd", ["/usr/sbin/pam_extrausers_chkpwd", "attacker", "nullok"], 0xaaaacf813400 /* 20 vars */) = 0
28139 openat(AT_FDCWD, "/etc/ld.so.cache", O_RDONLY|O_CLOEXEC) = 3
28139 openat(AT_FDCWD, "/lib/aarch64-linux-gnu/libcrypt.so.1", O_RDONLY|O_CLOEXEC) = 3
28139 openat(AT_FDCWD, "/lib/aarch64-linux-gnu/libaudit.so.1", O_RDONLY|O_CLOEXEC) = 3
28139 openat(AT_FDCWD, "/lib/aarch64-linux-gnu/libc.so.6", O_RDONLY|O_CLOEXEC) = 3
28139 openat(AT_FDCWD, "/lib/aarch64-linux-gnu/libcap-ng.so.0", O_RDONLY|O_CLOEXEC) = 3
28139 openat(AT_FDCWD, "/proc/sys/kernel/cap_last_cap", O_RDONLY) = 3
28139 openat(AT_FDCWD, "/etc/nsswitch.conf", O_RDONLY|O_CLOEXEC) = 3
28139 openat(AT_FDCWD, "/etc/passwd", O_RDONLY|O_CLOEXEC) = 3
28139 openat(AT_FDCWD, "/etc/localtime", O_RDONLY|O_CLOEXEC) = 3
28139 openat(AT_FDCWD, "/etc/passwd", O_RDONLY|O_CLOEXEC) = 3
28139 openat(AT_FDCWD, "/etc/shadow", O_RDONLY|O_CLOEXEC) = 3
28134 --- SIGCHLD {si_signo=SIGCHLD, si_code=CLD_EXITED, si_pid=28138, si_uid=1001, si_status=0, si_utime=0, si_stime=0} ---
28133 openat(AT_FDCWD, "/etc/login.defs", O_RDONLY) = 4
unix_out
extra_out
rc=0
+ runuser -u attacker -- find '/home/attacker/setuid-cap-tail-20260517/extrausers' -maxdepth 2 -printf '%m %u:%g %p\n' 2>/dev/null; test -e /var/lib/extrausers; echo var_lib_extrausers_exists_rc=$?
755 attacker:attacker /home/attacker/setuid-cap-tail-20260517/extrausers
var_lib_extrausers_exists_rc=1
rc=0

===== dbus and polkit helper current-state gap check =====
+ systemctl is-active dbus.service dbus.socket polkit.service 2>&1 || true; ls -l /run/dbus/system_bus_socket 2>&1; stat -c "%A %a %U:%G %n" /usr/lib/dbus-1.0/dbus-daemon-launch-helper /usr/lib/polkit-1/polkit-agent-helper-1 2>&1
active
active
active
srw-rw-rw- 1 root root 0 May 17 18:21 /run/dbus/system_bus_socket
-rwsr-xr-- 4754 root:messagebus /usr/lib/dbus-1.0/dbus-daemon-launch-helper
-rwsr-xr-x 4755 root:root /usr/lib/polkit-1/polkit-agent-helper-1
rc=0
+ runuser -u attacker -- /usr/lib/dbus-1.0/dbus-daemon-launch-helper com.ubuntu.SoftwareProperties 2>&1; echo dbus_helper_direct_rc=$?; printf "wrong\n" | /usr/lib/polkit-1/polkit-agent-helper-1 attacker fake-cookie 2>&1; echo polkit_helper_fake_cookie_rc=$?
bash: line 1: /usr/lib/dbus-1.0/dbus-daemon-launch-helper: Permission denied
dbus_helper_direct_rc=126
PAM_PROMPT_ECHO_OFF Password: 
polkit-agent-helper-1: pam_authenticate failed: Authentication failure
FAILURE
polkit_helper_fake_cookie_rc=1
rc=0
+ runuser -u attacker -- dbus-send --system --print-reply --dest=org.freedesktop.DBus / org.freedesktop.DBus.UpdateActivationEnvironment array:string:"PATH=/home/attacker/setuid-cap-tail-20260517/bin" 2>&1; echo dbus_update_env_rc=$?
Error org.freedesktop.DBus.Error.AccessDenied: Rejected send message, 3 matched rules; type="method_call", sender=":1.821" (uid=1001 pid=28173 comm="dbus-send --system --print-reply --dest=org.freede") interface="org.freedesktop.DBus" member="UpdateActivationEnvironment" error name="(unset)" requested_reply="0" destination="org.freedesktop.DBus" (bus)
dbus_update_env_rc=1
rc=0

===== post-probe integrity, cleanup, and root proof =====
+ sha256sum /etc/passwd /etc/shadow /etc/group /etc/gshadow /run/utmp /var/log/wtmp /var/log/btmp 2>/dev/null | tee /tmp/setuid-cap-tail-20260517.after.sha256; diff -u /tmp/setuid-cap-tail-20260517.before.sha256 /tmp/setuid-cap-tail-20260517.after.sha256 2>&1 || true
e1468fa4ad17e48937e0fe2d6f1c64ea1d8477c339287f68bd3fc54aa9729ee0  /etc/passwd
11ae553af516257768d364fc633162128e094c33e1711ff7dc40df0a964880d5  /etc/shadow
dff213c60bbb531abd3fcb0cd75921179da142bd89f2d78661aaad71f4b66271  /etc/group
ae4b5b1eb4b8c82d5234358edc450e3bbef3b0f6ac528f1658ef689183a13c08  /etc/gshadow
6f5554ee5d316058ce430c55423a5212eecb626caceeb7997a368d682c58fe12  /run/utmp
3feddef21718e0b44c3ad2686be960484fe1f63771186be8caa6d3fffd6c1184  /var/log/wtmp
e88ffb31f27ecc80b2aae77fa7855ab0def528a63f6b3c96773af654beb1847c  /var/log/btmp
rc=0
+ test -e /root/setuid-cap-tail-20260517-root; echo root_marker_exists_rc=$?; test -e /root/setuid-cap-tail-20260517-agent-sock; echo root_agent_sock_exists_rc=$?; test -e /root/setuid-cap-tail-20260517-mount; echo root_mount_dir_exists_rc=$?
root_marker_exists_rc=1
root_agent_sock_exists_rc=1
root_mount_dir_exists_rc=1
rc=0
+ test ! -e /tmp/setuid-cap-tail-20260517; echo tmp_work_removed_rc=$?; test ! -e /home/attacker/setuid-cap-tail-20260517; echo attacker_work_removed_rc=$?; find /tmp -maxdepth 1 -name "setuid-cap-tail-20260517*" -printf "%m %u:%g %p\n" 2>/dev/null || true; find /root -maxdepth 1 -name "setuid-cap-tail-20260517*" -printf "%m %u:%g %p\n" 2>/dev/null || true
tmp_work_removed_rc=0
attacker_work_removed_rc=0
rc=0
+ systemctl is-system-running 2>&1 || true; systemctl --failed --no-legend 2>&1 || true; pgrep -a -u attacker "ssh-agent|mtr-packet|gst-ptp-helper" 2>&1 || true
running
rc=0

ROOT_PROOF=NO
