# software-properties D-Bus local privilege probe
# container=ubuntu24-server-lpe-target
# started=2026-05-16T17:56:06Z

## target identity and package versions
PRETTY_NAME="Ubuntu 24.04.4 LTS"
NAME="Ubuntu"
VERSION_ID="24.04"
VERSION="24.04.4 LTS (Noble Numbat)"
VERSION_CODENAME=noble
ID=ubuntu
ID_LIKE=debian
HOME_URL="https://www.ubuntu.com/"
SUPPORT_URL="https://help.ubuntu.com/"
BUG_REPORT_URL="https://bugs.launchpad.net/ubuntu/"
PRIVACY_POLICY_URL="https://www.ubuntu.com/legal/terms-and-policies/privacy-policy"
UBUNTU_CODENAME=noble
LOGO=ubuntu-logo
--- uname
Linux 4f5b414436ae 6.10.14-linuxkit #1 SMP Sat May 17 08:28:57 UTC 2025 aarch64 aarch64 aarch64 GNU/Linux
--- users
uid=1001(attacker) gid=1001(attacker) groups=1001(attacker)
uid=1002(selfauth) gid=1002(selfauth) groups=1002(selfauth)
attacker : attacker
selfauth : selfauth
sudo:x:27:ubuntu
--- packages
apt	2.8.3	ii 
dbus	1.14.10-4ubuntu4.1	ii 
packagekit	1.2.8-2ubuntu1.5	ii 
pkexec		un 
policykit-1		un 
polkitd	124-2ubuntu1.24.04.3	ii 
python3-apt	2.7.7ubuntu5.2	ii 
python3-dbus	1.3.2-5build3	ii 
python3-software-properties	0.99.49.4	ii 
software-properties-common	0.99.49.4	ii 

## default service and policy files
-rwxr-xr-x root:root 2200 /usr/lib/software-properties/software-properties-dbus
    #!/usr/bin/env python3
    # -*- coding: utf-8 -*-
    #
    # Copyright © 2010 Harald Sitter <apachelogger@ubuntu.com>
    #
    # This program is free software; you can redistribute it and/or modify
    # it under the terms of the GNU General Public License as published by
    # the Free Software Foundation; either version 2 of the License, or
    # any later version.
    #
    # This program is distributed in the hope that it will be useful,
    # but WITHOUT ANY WARRANTY; without even the implied warranty of
    # MERCHANTABILITY or FITNESS FOR A PARTICULAR PURPOSE.  See the
    # GNU General Public License for more details.
    #
    # You should have received a copy of the GNU General Public License along
    # with this program; if not, write to the Free Software Foundation, Inc.,
    # 51 Franklin Street, Fifth Floor, Boston, MA 02110-1301 USA.
    
    import dbus
    import locale
    import logging
    import os
    import optparse
    import sys
    
    from gi.repository import GLib
    
    from softwareproperties.dbus.SoftwarePropertiesDBus import (
        SoftwarePropertiesDBus,
        )
    
    if __name__ == '__main__':
    
        if sys.getfilesystemencoding() == "ascii" and not "LANG" in os.environ:
            try:
                locale.setlocale(locale.LC_ALL, "C.UTF-8")
                os.putenv("LC_CTYPE", "C.UTF-8")
            except locale.Error:
                pass
    
    
        # parser
        parser = optparse.OptionParser()
        parser.add_option(
            '--debug', action='store_true', default=False,
            help="Enable debugging messages.")
        parser.add_option(
            '--datadir', default=None,
            help="Set alternative datadir (useful for debugging)")
        parser.add_option(
            '--session-bus', default=False, action="store_true",
            help="Run on the session bus (useful for testing)")
        (options, args) = parser.parse_args()
    
        if options.debug:
            logging.basicConfig(level=logging.DEBUG)
        else:
            logging.basicConfig(level=logging.INFO)
    
        # create the server
        dbus.mainloop.glib.DBusGMainLoop(set_as_default=True)
        datadir=options.datadir
        if options.session_bus:
            bus = dbus.SessionBus()
        else:
            bus = dbus.SystemBus()
        server = SoftwarePropertiesDBus(bus, datadir=datadir)
    
        mainloop = GLib.MainLoop()
        mainloop.run()
-rwxr-xr-x root:root 16422 /usr/bin/add-apt-repository
    #!/usr/bin/python3
    
    import apt_pkg
    import io
    import os
    import re
    import sys
    import gettext
    import locale
    import argparse
    import subprocess
    
    from softwareproperties.shortcuthandler import ShortcutException
    from softwareproperties.shortcuts import shortcut_handler
    from softwareproperties.ppa import PPAShortcutHandler
    from softwareproperties.cloudarchive import CloudArchiveShortcutHandler
    from softwareproperties.sourceslist import SourcesListShortcutHandler
    from softwareproperties.uri import URIShortcutHandler
    from softwareproperties.sourceutils import *
    
    
    from aptsources.sourceslist import SourcesList, SourceEntry
    from aptsources.distro import get_distro
    from copy import copy
    from gettext import gettext as _
    
    
    apt_pkg.init()
    
    SOURCESLIST = apt_pkg.config.find_file("Dir::Etc::sourcelist")
    
    
    class AddAptRepository(object):
        def __init__(self):
            gettext.textdomain("software-properties")
            self.distro = get_distro()
            self.sourceslist = SourcesList()
            self.distro.get_sources(self.sourceslist)
    
        def parse_args(self, args):
            description = "Only ONE of -P, -C, -U, -S, or old-style 'line' can be specified"
    
            parser = argparse.ArgumentParser(description=description)
            parser.add_argument("-d", "--debug", action="store_true",
                                help=_("Print debug"))
            parser.add_argument("-r", "--remove", action="store_true",
                                help=_("Disable repository"))
            parser.add_argument("-s", "--enable-source", action="count", default=0,
                                help=_("Allow downloading of the source packages from the repository"))
            parser.add_argument("-c", "--component", action="append", default=[],
                                help=_("Components to use with the repository"))
            parser.add_argument("-p", "--pocket",
                                help=_("Add entry for this pocket"))
            parser.add_argument("-y", "--yes", action="store_true",
                                help=_("Assume yes to all queries"))
            parser.add_argument("-n", "--no-update", dest="update", action="store_false",
                                help=_("Do not update package cache after adding"))
            parser.add_argument("-u", "--update", action="store_true", default=True,
                                help=argparse.SUPPRESS)
            parser.add_argument("-l", "--login", action="store_true",
                                help=_("Login to Launchpad."))
            parser.add_argument("--dry-run", action="store_true",
                                help=_("Don't actually make any changes."))
    
            group = parser.add_mutually_exclusive_group()
            group.add_argument("-L", "--list", action="store_true",
                               help=_("List currently configured repositories"))
            group.add_argument("-P", "--ppa",
                               help=_("PPA to add"))
            group.add_argument("-C", "--cloud",
                               help=_("Cloud Archive to add"))
            group.add_argument("-U", "--uri",
                               help=_("Archive URI to add"))
            group.add_argument("-S", "--sourceslist", nargs='+', default=[],
                               help=_("Full sources.list entry line to add"))
            group.add_argument("line", nargs='*', default=[],
                               help=_("sources.list line to add (deprecated)"))
    
            self.parser = parser
            self.options = self.parser.parse_args(args)
    
        @property
        def dry_run(self):
            return self.options.dry_run
    
        @property
        def enable_source(self):
            return self.options.enable_source > 0
    
        @property
        def components(self):
            return self.options.component
    
        @property
        def pocket(self):
            if self.options.pocket:
                return self.options.pocket.lower()
            return None
    
        @property
        def source_type(self):
            return self.distro.source_type
    
        @property
        def binary_type(self):
            return self.distro.binary_type
    
        def is_components(self, comps):
            if not comps:
                return False
            return set(comps.split()) <= set([comp.name for comp in self.distro.source_template.components])
    
        def apt_update(self):
            if self.options.update and not self.dry_run:
                # We prefer to run apt-get update here. The built-in update support
                # does not have any progress, and only works for shortcuts. Moving
                # it to something like save() and using apt.progress.text would
                # solve the problem, but the new errors might cause problems with
                # the dbus server or other users of the API. Also, it's unclear
                # how good the text progress is or how to pass it best.
                subprocess.run(['apt-get', 'update'])
    
        def prompt_user(self):
            if self.dry_run:
                print(_("DRY-RUN mode: no modifications will be made"))
                return
            if not self.options.yes and sys.stdin.isatty() and not "FORCE_ADD_APT_REPOSITORY" in os.environ:
                try:
                    input(_("Press [ENTER] to continue or Ctrl-c to cancel."))
                except KeyboardInterrupt:
                    print(_("Aborted."))
                    sys.exit(1)
    
        def prompt_user_shortcut(self, shortcut):
            '''Display more information about the shortcut / ppa info'''
            print(_("Repository: '%s'") % shortcut.SourceEntry().line)
            if shortcut.description:
                # strip ANSI escape sequences
                description = re.sub(r"(\x9B|\x1B\[)[0-?]*[ -/]*[@-~]",
                                     "", shortcut.description)
                print(_("Description:"))
                print(description)
            if shortcut.web_link:
                print(_("More info: %s") % shortcut.web_link)
            if self.options.remove:
                print(_("Removing repository."))
            else:
                print(_("Adding repository."))
            self.prompt_user()
    
        def _add_components(self, sources):
            components = {}
            for entry in sources:
                key = (entry.uri, entry.dist, entry.type)
                if key in components:
                    components[key] += entry.comps
                else:
                    components[key] = copy(entry.comps)
    
            for (uri, dist, type), comps in components.items():
                added = set(self.components) - set(comps)
                if added:
                    comps = list(set(comps) | set(self.components))
                    entry = self.sourceslist.add(
                        type=type,
                        dist=dist,
                        uri=uri,
                        orig_comps=comps,
                        file=SOURCESLIST
                    )
                    print(_("Added %s to: %s") % (' '.join(added), str(entry)))
    
        def _remove_components(self, sources):
            for entry in sources:
                removed = set(entry.comps) & set(self.components)
                if removed:
                    entry.comps = list(set(entry.comps) - set(self.components))
                    print(_("Removed %s from: %s") % (' '.join(removed), str(entry)))
                    if not entry.comps:
                        self.sourceslist.remove(entry)
-rw-r--r-- root:root 120 /usr/share/dbus-1/system-services/com.ubuntu.SoftwareProperties.service
    [D-BUS Service]
    Name=com.ubuntu.SoftwareProperties
    Exec=/usr/lib/software-properties/software-properties-dbus
    User=root
-rw-r--r-- root:root 662 /etc/dbus-1/system.d/com.ubuntu.SoftwareProperties.conf
    <!DOCTYPE busconfig PUBLIC
     "-//freedesktop//DTD D-BUS Bus Configuration 1.0//EN"
     "http://www.freedesktop.org/standards/dbus/1.0/busconfig.dtd">
    <busconfig>
    
      <policy user="root">
        <allow own="com.ubuntu.SoftwareProperties"/>
      </policy>
    
      <policy context="default">
        <allow send_destination="com.ubuntu.SoftwareProperties"
               send_interface="com.ubuntu.SoftwareProperties"/>
        <allow send_destination="com.ubuntu.SoftwareProperties"
               send_interface="org.freedesktop.DBus.Introspectable"/>
        <allow send_destination="com.ubuntu.DeviceDriver"
               send_interface="org.freedesktop.DBus.Properties"/>
      </policy>
    
    </busconfig>
    
-rw-r--r-- root:root 848 /usr/share/polkit-1/actions/com.ubuntu.softwareproperties.policy
    <?xml version="1.0" encoding="UTF-8"?>
    <!DOCTYPE policyconfig PUBLIC
     "-//freedesktop//DTD PolicyKit Policy Configuration 1.0//EN"
     "http://www.freedesktop.org/standards/PolicyKit/1.0/policyconfig.dtd">
    <policyconfig>
    
      <vendor>Software Properties</vendor>
      <vendor_url>https://launchpad.net/software-properties</vendor_url>
      <icon_name>software-properties</icon_name>
    
      <action id="com.ubuntu.softwareproperties.applychanges">
        <description gettext-domain="software-properties">Write Configuration</description>
        <message gettext-domain="software-properties">To change software repository settings, you need to authenticate.</message>
        <defaults>
          <allow_any>auth_admin</allow_any>
          <allow_inactive>auth_admin</allow_inactive>
          <allow_active>auth_admin_keep</allow_active>
        </defaults>
      </action>
    
    
    
    </policyconfig>
## dbus and polkit software-properties summary
/usr/lib/python3/dist-packages/softwareproperties/dbus/SoftwarePropertiesDBus.py:34:DBUS_BUS_NAME = 'com.ubuntu.SoftwareProperties'
/usr/lib/python3/dist-packages/softwareproperties/dbus/SoftwarePropertiesDBus.py:36:DBUS_INTERFACE_NAME = 'com.ubuntu.SoftwareProperties'
/usr/lib/python3/dist-packages/softwareproperties/dbus/SoftwarePropertiesDBus.py:47:    _dbus_error_name = 'com.ubuntu.SoftwareProperties.PermissionDeniedByPolicy'
/usr/lib/python3/dist-packages/softwareproperties/dbus/SoftwarePropertiesDBus.py:101:    @dbus.service.method(DBUS_INTERFACE_NAME,
/usr/lib/python3/dist-packages/softwareproperties/dbus/SoftwarePropertiesDBus.py:106:            sender, conn, "com.ubuntu.softwareproperties.applychanges")
/usr/lib/python3/dist-packages/softwareproperties/dbus/SoftwarePropertiesDBus.py:109:    @dbus.service.method(DBUS_INTERFACE_NAME,
/usr/lib/python3/dist-packages/softwareproperties/dbus/SoftwarePropertiesDBus.py:112:    def Reload(self, sender=None, conn=None):
/usr/lib/python3/dist-packages/softwareproperties/dbus/SoftwarePropertiesDBus.py:116:    @dbus.service.method(DBUS_INTERFACE_NAME,
/usr/lib/python3/dist-packages/softwareproperties/dbus/SoftwarePropertiesDBus.py:121:            sender, conn, "com.ubuntu.softwareproperties.applychanges")
/usr/lib/python3/dist-packages/softwareproperties/dbus/SoftwarePropertiesDBus.py:124:    @dbus.service.method(DBUS_INTERFACE_NAME,
/usr/lib/python3/dist-packages/softwareproperties/dbus/SoftwarePropertiesDBus.py:129:            sender, conn, "com.ubuntu.softwareproperties.applychanges")
/usr/lib/python3/dist-packages/softwareproperties/dbus/SoftwarePropertiesDBus.py:132:    @dbus.service.method(DBUS_INTERFACE_NAME,
/usr/lib/python3/dist-packages/softwareproperties/dbus/SoftwarePropertiesDBus.py:137:            sender, conn, "com.ubuntu.softwareproperties.applychanges")
/usr/lib/python3/dist-packages/softwareproperties/dbus/SoftwarePropertiesDBus.py:140:    @dbus.service.method(DBUS_INTERFACE_NAME,
/usr/lib/python3/dist-packages/softwareproperties/dbus/SoftwarePropertiesDBus.py:145:            sender, conn, "com.ubuntu.softwareproperties.applychanges")
/usr/lib/python3/dist-packages/softwareproperties/dbus/SoftwarePropertiesDBus.py:148:    @dbus.service.method(DBUS_INTERFACE_NAME,
/usr/lib/python3/dist-packages/softwareproperties/dbus/SoftwarePropertiesDBus.py:153:            sender, conn, "com.ubuntu.softwareproperties.applychanges")
/usr/lib/python3/dist-packages/softwareproperties/dbus/SoftwarePropertiesDBus.py:156:    @dbus.service.method(DBUS_INTERFACE_NAME,
/usr/lib/python3/dist-packages/softwareproperties/dbus/SoftwarePropertiesDBus.py:161:            sender, conn, "com.ubuntu.softwareproperties.applychanges")
/usr/lib/python3/dist-packages/softwareproperties/dbus/SoftwarePropertiesDBus.py:165:    @dbus.service.method(DBUS_INTERFACE_NAME,
/usr/lib/python3/dist-packages/softwareproperties/dbus/SoftwarePropertiesDBus.py:170:            sender, conn, "com.ubuntu.softwareproperties.applychanges")
/usr/lib/python3/dist-packages/softwareproperties/dbus/SoftwarePropertiesDBus.py:173:    @dbus.service.method(DBUS_INTERFACE_NAME,
/usr/lib/python3/dist-packages/softwareproperties/dbus/SoftwarePropertiesDBus.py:178:            sender, conn, "com.ubuntu.softwareproperties.applychanges")
/usr/lib/python3/dist-packages/softwareproperties/dbus/SoftwarePropertiesDBus.py:182:    @dbus.service.method(DBUS_INTERFACE_NAME,
/usr/lib/python3/dist-packages/softwareproperties/dbus/SoftwarePropertiesDBus.py:187:            sender, conn, "com.ubuntu.softwareproperties.applychanges")
/usr/lib/python3/dist-packages/softwareproperties/dbus/SoftwarePropertiesDBus.py:191:    @dbus.service.method(DBUS_INTERFACE_NAME,
/usr/lib/python3/dist-packages/softwareproperties/dbus/SoftwarePropertiesDBus.py:194:    def AddCdromSource(self, sender=None, conn=None):
/usr/lib/python3/dist-packages/softwareproperties/dbus/SoftwarePropertiesDBus.py:196:            sender, conn, "com.ubuntu.softwareproperties.applychanges")
/usr/lib/python3/dist-packages/softwareproperties/dbus/SoftwarePropertiesDBus.py:236:    @dbus.service.method(DBUS_INTERFACE_NAME,
/usr/lib/python3/dist-packages/softwareproperties/dbus/SoftwarePropertiesDBus.py:241:            sender, conn, "com.ubuntu.softwareproperties.applychanges")
/usr/lib/python3/dist-packages/softwareproperties/dbus/SoftwarePropertiesDBus.py:244:    @dbus.service.method(DBUS_INTERFACE_NAME,
/usr/lib/python3/dist-packages/softwareproperties/dbus/SoftwarePropertiesDBus.py:249:            sender, conn, "com.ubuntu.softwareproperties.applychanges")
/usr/lib/python3/dist-packages/softwareproperties/dbus/SoftwarePropertiesDBus.py:252:    @dbus.service.method(DBUS_INTERFACE_NAME,
/usr/lib/python3/dist-packages/softwareproperties/dbus/SoftwarePropertiesDBus.py:257:            sender, conn, "com.ubuntu.softwareproperties.applychanges")
/usr/lib/python3/dist-packages/softwareproperties/dbus/SoftwarePropertiesDBus.py:260:    @dbus.service.method(DBUS_INTERFACE_NAME,
/usr/lib/python3/dist-packages/softwareproperties/dbus/SoftwarePropertiesDBus.py:265:            sender, conn, "com.ubuntu.softwareproperties.applychanges")
/usr/lib/python3/dist-packages/softwareproperties/dbus/SoftwarePropertiesDBus.py:270:    @dbus.service.method(DBUS_INTERFACE_NAME,
/usr/lib/python3/dist-packages/softwareproperties/dbus/SoftwarePropertiesDBus.py:273:    def AddSourceFromLine(self, sourceLine, sender=None, conn=None):
/usr/lib/python3/dist-packages/softwareproperties/dbus/SoftwarePropertiesDBus.py:275:            sender, conn, "com.ubuntu.softwareproperties.applychanges")
/usr/lib/python3/dist-packages/softwareproperties/dbus/SoftwarePropertiesDBus.py:279:    @dbus.service.method(DBUS_INTERFACE_NAME,
/usr/lib/python3/dist-packages/softwareproperties/dbus/SoftwarePropertiesDBus.py:282:    def RemoveSource(self, source, sender=None, conn=None):
/usr/lib/python3/dist-packages/softwareproperties/dbus/SoftwarePropertiesDBus.py:284:            sender, conn, "com.ubuntu.softwareproperties.applychanges")
/usr/lib/python3/dist-packages/softwareproperties/dbus/SoftwarePropertiesDBus.py:289:    @dbus.service.method(DBUS_INTERFACE_NAME,
/usr/lib/python3/dist-packages/softwareproperties/dbus/SoftwarePropertiesDBus.py:292:    def AddKey(self, path, sender=None, conn=None):
/usr/lib/python3/dist-packages/softwareproperties/dbus/SoftwarePropertiesDBus.py:294:            sender, conn, "com.ubuntu.softwareproperties.applychanges")
/usr/lib/python3/dist-packages/softwareproperties/dbus/SoftwarePropertiesDBus.py:300:    @dbus.service.method(DBUS_INTERFACE_NAME,
/usr/lib/python3/dist-packages/softwareproperties/dbus/SoftwarePropertiesDBus.py:303:    def AddKeyFromData(self, keyData, sender=None, conn=None):
/usr/lib/python3/dist-packages/softwareproperties/dbus/SoftwarePropertiesDBus.py:305:            sender, conn, "com.ubuntu.softwareproperties.applychanges")
/usr/lib/python3/dist-packages/softwareproperties/dbus/SoftwarePropertiesDBus.py:311:    @dbus.service.method(DBUS_INTERFACE_NAME,
/usr/lib/python3/dist-packages/softwareproperties/dbus/SoftwarePropertiesDBus.py:314:    def RemoveKey(self, keyid, sender=None, conn=None):
/usr/lib/python3/dist-packages/softwareproperties/dbus/SoftwarePropertiesDBus.py:316:            sender, conn, "com.ubuntu.softwareproperties.applychanges")
/usr/lib/python3/dist-packages/softwareproperties/dbus/SoftwarePropertiesDBus.py:322:    @dbus.service.method(DBUS_INTERFACE_NAME,
/usr/lib/python3/dist-packages/softwareproperties/dbus/SoftwarePropertiesDBus.py:325:    def UpdateKeys(self, sender=None, conn=None):
/usr/lib/python3/dist-packages/softwareproperties/dbus/SoftwarePropertiesDBus.py:327:            sender, conn, "com.ubuntu.softwareproperties.applychanges")
/usr/lib/python3/dist-packages/softwareproperties/dbus/SoftwarePropertiesDBus.py:338:        (sender_keyword in @dbus.service.methods). conn is
/usr/lib/python3/dist-packages/softwareproperties/dbus/SoftwarePropertiesDBus.py:340:        @dbus.service.methods). privilege is the PolicyKit privilege string.
/usr/lib/python3/dist-packages/softwareproperties/dbus/SoftwarePropertiesDBus.py:367:            (is_auth, _, details) = self.polkit.CheckAuthorization(
--- parsed policy defaults
com.ubuntu.softwareproperties.applychanges	any=auth_admin	inactive=auth_admin	active=auth_admin_keep
--- polkit admin identity rules
/usr/share/polkit-1/rules.d/org.freedesktop.packagekit.rules
/usr/share/polkit-1/rules.d/systemd-networkd.rules
/usr/share/polkit-1/rules.d/org.freedesktop.bolt.rules
/usr/share/polkit-1/rules.d/50-default.rules
10:polkit.addAdminRule(function(action, subject) {
11:    return ["unix-group:sudo"];
/usr/share/polkit-1/rules.d/49-ubuntu-admin.rules
1:polkit.addAdminRule(function(action, subject) {
2:    return ["unix-group:sudo", "unix-group:admin"];
/usr/share/polkit-1/rules.d/org.freedesktop.fwupd.rules

## root-owned apt state before
-rw-r--r-- root:root 270 /etc/apt/sources.list
8ce6407d5487bed332b5fcb4aab26dacf3f516d811c26792efb0c67f06f1958b  /etc/apt/sources.list
-rw-r--r-- root:root 2559 /etc/apt/sources.list.d/ubuntu.sources
9fcfc0471807af385108d77aa63d0bdc3cc4f8e276a89f2bd9681f4bf8467a3f  /etc/apt/sources.list.d/ubuntu.sources
MISSING /etc/apt/trusted.gpg
drwxr-xr-x root:root 4096 /etc/apt/trusted.gpg.d
644 root:root /etc/apt/sources.list.d/ubuntu.sources -> 
644 root:root /etc/apt/trusted.gpg.d/ubuntu-keyring-2012-cdimage.gpg -> 
644 root:root /etc/apt/trusted.gpg.d/ubuntu-keyring-2018-archive.gpg -> 
755 root:root /etc/apt/keyrings -> 
755 root:root /etc/apt/sources.list.d -> 
755 root:root /etc/apt/trusted.gpg.d -> 

## reset D-Bus activation target to dormant
com.ubuntu.SoftwareProperties      - -               -               (activatable) -                           -       -

## attacker proves D-Bus activatability and method surface
$ runuser -u attacker -- bash -lc id\;\ busctl\ --system\ list\ --no-pager\ \|\ grep\ -i\ SoftwareProperties\ \|\|\ true\;\ timeout\ 8\ busctl\ --system\ introspect\ com.ubuntu.SoftwareProperties\ /\;\ echo\ introspect_rc=\$\?\;\ busctl\ --system\ list\ --no-pager\ \|\ grep\ -i\ SoftwareProperties\ \|\|\ true
uid=1001(attacker) gid=1001(attacker) groups=1001(attacker)
com.ubuntu.SoftwareProperties      - -               -               (activatable) -                           -       -
NAME                                TYPE      SIGNATURE RESULT/VALUE FLAGS
com.ubuntu.SoftwareProperties       interface -         -            -
.AddCdromSource                     method    -         -            -
.AddKey                             method    s         b            -
.AddKeyFromData                     method    s         b            -
.AddSourceFromLine                  method    s         -            -
.ChangeMainDownloadServer           method    v         -            -
.DisableChildSource                 method    s         -            -
.DisableComponent                   method    s         -            -
.DisableSourceCodeSources           method    -         -            -
.EnableChildSource                  method    s         -            -
.EnableComponent                    method    s         -            -
.EnableSourceCodeSources            method    -         -            -
.Reload                             method    -         -            -
.RemoveKey                          method    s         b            -
.RemoveSource                       method    s         -            -
.ReplaceSourceEntry                 method    ss        b            -
.Revert                             method    -         -            -
.SetPopconPariticipation            method    b         -            -
.SetReleaseUpgradesPolicy           method    i         -            -
.SetUpdateAutomationLevel           method    i         -            -
.SetUpdateInterval                  method    i         -            -
.ToggleSourceUse                    method    s         -            -
.UpdateKeys                         method    -         b            -
.AuthFailed                         signal    -         -            -
.CdromScanFailed                    signal    -         -            -
.ConfigModified                     signal    -         -            -
.KeysModified                       signal    -         -            -
.SourcesListModified                signal    -         -            -
org.freedesktop.DBus.Introspectable interface -         -            -
.Introspect                         method    -         s            -
introspect_rc=0
com.ubuntu.SoftwareProperties 762705 python3         root            :1.98347      dbus.service                -       -
rc=0

## root process after attacker activation
 762705 root     python3 /usr/lib/software-properties/software-properties-dbus
May 16 17:51:25 4f5b414436ae dbus-daemon[255]: [system] Activating service name='com.ubuntu.SoftwareProperties' requested by ':1.98218' (uid=1001 pid=757134 comm="gdbus introspect --system --dest com.ubuntu.Softwa") (using servicehelper)
May 16 17:51:25 4f5b414436ae dbus-daemon[255]: [system] Successfully activated service 'com.ubuntu.SoftwareProperties'
May 16 17:54:19 4f5b414436ae dbus-daemon[255]: [system] Activating service name='com.ubuntu.SoftwareProperties' requested by ':1.98280' (uid=1001 pid=760289 comm="busctl --system introspect com.ubuntu.SoftwareProp") (using servicehelper)
May 16 17:54:20 4f5b414436ae dbus-daemon[255]: [system] Successfully activated service 'com.ubuntu.SoftwareProperties'
May 16 17:55:17 4f5b414436ae dbus-daemon[255]: [system] Activating service name='com.ubuntu.SoftwareProperties' requested by ':1.98323' (uid=1001 pid=761693 comm="busctl --system introspect com.ubuntu.SoftwareProp") (using servicehelper)
May 16 17:55:17 4f5b414436ae dbus-daemon[255]: [system] Successfully activated service 'com.ubuntu.SoftwareProperties'
May 16 17:56:07 4f5b414436ae dbus-daemon[255]: [system] Activating service name='com.ubuntu.SoftwareProperties' requested by ':1.98346' (uid=1001 pid=762703 comm="busctl --system introspect com.ubuntu.SoftwareProp") (using servicehelper)
May 16 17:56:07 4f5b414436ae dbus-daemon[255]: [system] Successfully activated service 'com.ubuntu.SoftwareProperties'

## attacker unauthenticated read-only Reload
$ runuser -u attacker -- bash -lc gdbus\ call\ --system\ --dest\ com.ubuntu.SoftwareProperties\ --object-path\ /\ --method\ com.ubuntu.SoftwareProperties.Reload\;\ echo\ reload_rc=\$\?
()
reload_rc=0
rc=0

## attacker denied apt source write methods
$ runuser -u attacker -- bash -lc set\ -x\;\ gdbus\ call\ --system\ --dest\ com.ubuntu.SoftwareProperties\ --object-path\ /\ --method\ com.ubuntu.SoftwareProperties.AddSourceFromLine\ \"deb\ \[trusted=yes\]\ file:/tmp/software-properties-dbus-probe\ noble\ main\"\;\ echo\ addsource_rc=\$\?\;\ gdbus\ call\ --system\ --dest\ com.ubuntu.SoftwareProperties\ --object-path\ /\ --method\ com.ubuntu.SoftwareProperties.ReplaceSourceEntry\ \"deb\ http://example.invalid\ noble\ main\"\ \"deb\ \[trusted=yes\]\ file:/tmp/software-properties-dbus-probe\ noble\ main\"\;\ echo\ replace_rc=\$\?\;\ gdbus\ call\ --system\ --dest\ com.ubuntu.SoftwareProperties\ --object-path\ /\ --method\ com.ubuntu.SoftwareProperties.RemoveSource\ \"deb\ http://example.invalid\ noble\ main\"\;\ echo\ removesource_rc=\$\?
+ gdbus call --system --dest com.ubuntu.SoftwareProperties --object-path / --method com.ubuntu.SoftwareProperties.AddSourceFromLine 'deb [trusted=yes] file:/tmp/software-properties-dbus-probe noble main'
Error: GDBus.Error:com.ubuntu.SoftwareProperties.PermissionDeniedByPolicy: com.ubuntu.softwareproperties.applychanges
+ echo addsource_rc=1
addsource_rc=1
+ gdbus call --system --dest com.ubuntu.SoftwareProperties --object-path / --method com.ubuntu.SoftwareProperties.ReplaceSourceEntry 'deb http://example.invalid noble main' 'deb [trusted=yes] file:/tmp/software-properties-dbus-probe noble main'
Error: GDBus.Error:com.ubuntu.SoftwareProperties.PermissionDeniedByPolicy: com.ubuntu.softwareproperties.applychanges
+ echo replace_rc=1
replace_rc=1
+ gdbus call --system --dest com.ubuntu.SoftwareProperties --object-path / --method com.ubuntu.SoftwareProperties.RemoveSource 'deb http://example.invalid noble main'
Error: GDBus.Error:com.ubuntu.SoftwareProperties.PermissionDeniedByPolicy: com.ubuntu.softwareproperties.applychanges
+ echo removesource_rc=1
removesource_rc=1
rc=0

## attacker denied keyring and cdrom helper methods
$ runuser -u attacker -- bash -lc set\ -x\;\ printf\ \"not\ a\ real\ key\\n\"\ \>/tmp/software-properties-dbus-probe/attacker/attacker-key.asc\;\ ls\ -l\ /tmp/software-properties-dbus-probe/attacker/attacker-key.asc\;\ gdbus\ call\ --system\ --dest\ com.ubuntu.SoftwareProperties\ --object-path\ /\ --method\ com.ubuntu.SoftwareProperties.AddKey\ /tmp/software-properties-dbus-probe/attacker/attacker-key.asc\;\ echo\ addkey_rc=\$\?\;\ gdbus\ call\ --system\ --dest\ com.ubuntu.SoftwareProperties\ --object-path\ /\ --method\ com.ubuntu.SoftwareProperties.AddKeyFromData\ \"not\ a\ real\ key\"\;\ echo\ addkeydata_rc=\$\?\;\ gdbus\ call\ --system\ --dest\ com.ubuntu.SoftwareProperties\ --object-path\ /\ --method\ com.ubuntu.SoftwareProperties.RemoveKey\ DEADBEEF\;\ echo\ removekey_rc=\$\?\;\ gdbus\ call\ --system\ --dest\ com.ubuntu.SoftwareProperties\ --object-path\ /\ --method\ com.ubuntu.SoftwareProperties.UpdateKeys\;\ echo\ updatekeys_rc=\$\?\;\ gdbus\ call\ --system\ --dest\ com.ubuntu.SoftwareProperties\ --object-path\ /\ --method\ com.ubuntu.SoftwareProperties.AddCdromSource\;\ echo\ addcdrom_rc=\$\?
+ printf 'not a real key\n'
+ ls -l /tmp/software-properties-dbus-probe/attacker/attacker-key.asc
-rw-r--r-- 1 attacker attacker 15 May 16 17:56 /tmp/software-properties-dbus-probe/attacker/attacker-key.asc
+ gdbus call --system --dest com.ubuntu.SoftwareProperties --object-path / --method com.ubuntu.SoftwareProperties.AddKey /tmp/software-properties-dbus-probe/attacker/attacker-key.asc
Error: GDBus.Error:com.ubuntu.SoftwareProperties.PermissionDeniedByPolicy: com.ubuntu.softwareproperties.applychanges
+ echo addkey_rc=1
addkey_rc=1
+ gdbus call --system --dest com.ubuntu.SoftwareProperties --object-path / --method com.ubuntu.SoftwareProperties.AddKeyFromData 'not a real key'
Error: GDBus.Error:com.ubuntu.SoftwareProperties.PermissionDeniedByPolicy: com.ubuntu.softwareproperties.applychanges
+ echo addkeydata_rc=1
addkeydata_rc=1
+ gdbus call --system --dest com.ubuntu.SoftwareProperties --object-path / --method com.ubuntu.SoftwareProperties.RemoveKey DEADBEEF
Error: GDBus.Error:com.ubuntu.SoftwareProperties.PermissionDeniedByPolicy: com.ubuntu.softwareproperties.applychanges
+ echo removekey_rc=1
removekey_rc=1
+ gdbus call --system --dest com.ubuntu.SoftwareProperties --object-path / --method com.ubuntu.SoftwareProperties.UpdateKeys
Error: GDBus.Error:com.ubuntu.SoftwareProperties.PermissionDeniedByPolicy: com.ubuntu.softwareproperties.applychanges
+ echo updatekeys_rc=1
updatekeys_rc=1
+ gdbus call --system --dest com.ubuntu.SoftwareProperties --object-path / --method com.ubuntu.SoftwareProperties.AddCdromSource
Error: GDBus.Error:com.ubuntu.SoftwareProperties.PermissionDeniedByPolicy: com.ubuntu.softwareproperties.applychanges
+ echo addcdrom_rc=1
addcdrom_rc=1
rc=0

## attacker denied configuration setter methods
$ runuser -u attacker -- bash -lc set\ -x\;\ gdbus\ call\ --system\ --dest\ com.ubuntu.SoftwareProperties\ --object-path\ /\ --method\ com.ubuntu.SoftwareProperties.EnableComponent\ universe\;\ echo\ enable_rc=\$\?\;\ gdbus\ call\ --system\ --dest\ com.ubuntu.SoftwareProperties\ --object-path\ /\ --method\ com.ubuntu.SoftwareProperties.SetUpdateInterval\ 1\;\ echo\ interval_rc=\$\?\;\ gdbus\ call\ --system\ --dest\ com.ubuntu.SoftwareProperties\ --object-path\ /\ --method\ com.ubuntu.SoftwareProperties.SetReleaseUpgradesPolicy\ 0\;\ echo\ releasepolicy_rc=\$\?
+ gdbus call --system --dest com.ubuntu.SoftwareProperties --object-path / --method com.ubuntu.SoftwareProperties.EnableComponent universe
Error: GDBus.Error:com.ubuntu.SoftwareProperties.PermissionDeniedByPolicy: com.ubuntu.softwareproperties.applychanges
+ echo enable_rc=1
enable_rc=1
+ gdbus call --system --dest com.ubuntu.SoftwareProperties --object-path / --method com.ubuntu.SoftwareProperties.SetUpdateInterval 1
Error: GDBus.Error:com.ubuntu.SoftwareProperties.PermissionDeniedByPolicy: com.ubuntu.softwareproperties.applychanges
+ echo interval_rc=1
interval_rc=1
+ gdbus call --system --dest com.ubuntu.SoftwareProperties --object-path / --method com.ubuntu.SoftwareProperties.SetReleaseUpgradesPolicy 0
Error: GDBus.Error:com.ubuntu.SoftwareProperties.PermissionDeniedByPolicy: com.ubuntu.softwareproperties.applychanges
+ echo releasepolicy_rc=1
releasepolicy_rc=1
rc=0

## attacker polkit check without interaction
$ runuser -u attacker -- bash -lc pkcheck\ --action-id\ com.ubuntu.softwareproperties.applychanges\ --process\ \$\$\;\ echo\ pkcheck_rc=\$\?
Authorization requires authentication and -u wasn't passed.
pkcheck_rc=2
rc=0

## selfauth polkit and D-Bus trigger without sudo/admin
$ runuser -u selfauth -- bash -lc set\ -x\;\ id\;\ pkcheck\ --action-id\ com.ubuntu.softwareproperties.applychanges\ --process\ \$\$\ --allow-user-interaction\;\ echo\ pkcheck_interactive_rc=\$\?\;\ gdbus\ call\ --system\ --dest\ com.ubuntu.SoftwareProperties\ --object-path\ /\ --method\ com.ubuntu.SoftwareProperties.AddSourceFromLine\ \"deb\ \[trusted=yes\]\ file:/tmp/software-properties-dbus-probe\ noble\ main\"\;\ echo\ addsource_rc=\$\?
+ id
uid=1002(selfauth) gid=1002(selfauth) groups=1002(selfauth)
+ pkcheck --action-id com.ubuntu.softwareproperties.applychanges --process 762831 --allow-user-interaction
Authorization requires authentication but no agent is available.
+ echo pkcheck_interactive_rc=2
pkcheck_interactive_rc=2
+ gdbus call --system --dest com.ubuntu.SoftwareProperties --object-path / --method com.ubuntu.SoftwareProperties.AddSourceFromLine 'deb [trusted=yes] file:/tmp/software-properties-dbus-probe noble main'
Error: GDBus.Error:com.ubuntu.SoftwareProperties.PermissionDeniedByPolicy: com.ubuntu.softwareproperties.applychanges
+ echo addsource_rc=1
addsource_rc=1
rc=0

## attacker direct add-apt-repository helper invocation
$ runuser -u attacker -- bash -lc set\ -x\;\ printf\ \"#\!/bin/sh\\nid\ \>\ /tmp/software-properties-dbus-user-marker\\nexec\ /usr/bin/apt-get\ \\\"\\\$@\\\"\\n\"\ \>/tmp/software-properties-dbus-probe/attacker/bin/apt-get\;\ chmod\ +x\ /tmp/software-properties-dbus-probe/attacker/bin/apt-get\;\ ls\ -l\ /tmp/software-properties-dbus-probe/attacker/bin/apt-get\;\ PATH=\"/tmp/software-properties-dbus-probe/attacker/bin:/usr/local/sbin:/usr/local/bin:/usr/sbin:/usr/bin:/sbin:/bin\"\ add-apt-repository\ -y\ -n\ \"deb\ \[trusted=yes\]\ file:/tmp/software-properties-dbus-probe\ noble\ main\"\;\ echo\ addaptrepo_rc=\$\?\;\ ls\ -l\ /tmp/software-properties-dbus-user-marker\ 2\>\&1\ \|\|\ true
+ printf '#!/bin/sh\nid > /tmp/software-properties-dbus-user-marker\nexec /usr/bin/apt-get "$@"\n'
+ chmod +x /tmp/software-properties-dbus-probe/attacker/bin/apt-get
+ ls -l /tmp/software-properties-dbus-probe/attacker/bin/apt-get
-rwxr-xr-x 1 attacker attacker 84 May 16 17:56 /tmp/software-properties-dbus-probe/attacker/bin/apt-get
+ PATH=/tmp/software-properties-dbus-probe/attacker/bin:/usr/local/sbin:/usr/local/bin:/usr/sbin:/usr/bin:/sbin:/bin
+ add-apt-repository -y -n 'deb [trusted=yes] file:/tmp/software-properties-dbus-probe noble main'
Error: must run as root
+ echo addaptrepo_rc=1
addaptrepo_rc=1
+ ls -l /tmp/software-properties-dbus-user-marker
ls: cannot access '/tmp/software-properties-dbus-user-marker': No such file or directory
+ true
rc=0

## stop root service before direct system-bus helper ownership test

## attacker direct software-properties-dbus system-bus invocation
$ runuser -u attacker -- bash -lc set\ -x\;\ timeout\ 5\ /usr/lib/software-properties/software-properties-dbus\ --debug\;\ echo\ helper_rc=\$\?\;\ ps\ -eo\ pid\,user\,args\ \|\ grep\ -F\ software-properties-dbus\ \|\ grep\ -v\ grep\ \|\|\ true
+ timeout 5 /usr/lib/software-properties/software-properties-dbus --debug
Traceback (most recent call last):
  File "/usr/lib/software-properties/software-properties-dbus", line 68, in <module>
    server = SoftwarePropertiesDBus(bus, datadir=datadir)
             ^^^^^^^^^^^^^^^^^^^^^^^^^^^^^^^^^^^^^^^^^^^^
  File "/usr/lib/python3/dist-packages/softwareproperties/dbus/SoftwarePropertiesDBus.py", line 59, in __init__
    bus_name = dbus.service.BusName(DBUS_INTERFACE_NAME, bus=bus)
               ^^^^^^^^^^^^^^^^^^^^^^^^^^^^^^^^^^^^^^^^^^^^^^^^^^
  File "/usr/lib/python3/dist-packages/dbus/service.py", line 134, in __new__
    retval = bus.request_name(name, name_flags)
             ^^^^^^^^^^^^^^^^^^^^^^^^^^^^^^^^^^
  File "/usr/lib/python3/dist-packages/dbus/bus.py", line 299, in request_name
    return self.call_blocking(BUS_DAEMON_NAME, BUS_DAEMON_PATH,
           ^^^^^^^^^^^^^^^^^^^^^^^^^^^^^^^^^^^^^^^^^^^^^^^^^^^^
  File "/usr/lib/python3/dist-packages/dbus/connection.py", line 634, in call_blocking
    reply_message = self.send_message_with_reply_and_block(
                    ^^^^^^^^^^^^^^^^^^^^^^^^^^^^^^^^^^^^^^^
dbus.exceptions.DBusException: org.freedesktop.DBus.Error.AccessDenied: Connection ":1.98407" is not allowed to own the service "com.ubuntu.SoftwareProperties" due to security policies in the configuration file
+ echo helper_rc=1
helper_rc=1
+ ps -eo pid,user,args
+ grep -F software-properties-dbus
+ grep -v grep
+ true
rc=0

## attacker direct python module write attempt
$ runuser -u attacker -- bash -lc $'python3 - <<\'PY\'\nimport os\nfrom softwareproperties.SoftwareProperties import SoftwareProperties\nprint("uid", os.getuid())\nsp = SoftwareProperties(deb822=True)\ntry:\n    print("add_source_from_line", sp.add_source_from_line("deb [trusted=yes] file:/tmp/software-properties-dbus-probe noble main"))\n    sp.save_sourceslist()\n    print("save_sourceslist ok")\nexcept Exception as e:\n    print(type(e).__name__, str(e))\nPY\nls -l /etc/apt/sources.list.d /root/software_properties_dbus_root_marker 2>&1 || true'
uid 1001
add_source_from_line False
PermissionError [Errno 13] Permission denied: '/etc/apt/sources.list.save'
ls: cannot access '/root/software_properties_dbus_root_marker': Permission denied
/etc/apt/sources.list.d:
total 4
-rw-r--r-- 1 root root 2559 Apr 10 02:32 ubuntu.sources
rc=0

## root-owned apt state after
-rw-r--r-- root:root 270 /etc/apt/sources.list
8ce6407d5487bed332b5fcb4aab26dacf3f516d811c26792efb0c67f06f1958b  /etc/apt/sources.list
-rw-r--r-- root:root 2559 /etc/apt/sources.list.d/ubuntu.sources
9fcfc0471807af385108d77aa63d0bdc3cc4f8e276a89f2bd9681f4bf8467a3f  /etc/apt/sources.list.d/ubuntu.sources
MISSING /etc/apt/trusted.gpg
drwxr-xr-x root:root 4096 /etc/apt/trusted.gpg.d
644 root:root /etc/apt/sources.list.d/ubuntu.sources -> 
644 root:root /etc/apt/trusted.gpg.d/ubuntu-keyring-2012-cdimage.gpg -> 
644 root:root /etc/apt/trusted.gpg.d/ubuntu-keyring-2018-archive.gpg -> 
755 root:root /etc/apt/keyrings -> 
755 root:root /etc/apt/sources.list.d -> 
755 root:root /etc/apt/trusted.gpg.d -> 

## root marker proof
ROOT_PROOF=no

## cleanup
running
# finished=2026-05-16T17:56:12Z
