== target and sudo package ==
PRETTY_NAME="Ubuntu 24.04.4 LTS"
NAME="Ubuntu"
VERSION_ID="24.04"
VERSION="24.04.4 LTS (Noble Numbat)"
VERSION_CODENAME=noble
ID=ubuntu
ID_LIKE=debian
HOME_URL="https://www.ubuntu.com/"
Linux 4f5b414436ae 6.10.14-linuxkit #1 SMP Sat May 17 08:28:57 UTC 2025 aarch64 aarch64 aarch64 GNU/Linux
libc6:arm64	2.39-0ubuntu8.7
libnss-systemd:arm64	255.4-1ubuntu8.15
libpam-modules:arm64	1.5.3-5ubuntu5.5
sudo	1.9.15p5-3ubuntu5.24.04.2
  * SECURITY UPDATE: Local Privilege Escalation via host option
    - debian/patches/CVE-2025-32462.patch: only allow specifying a host
    - CVE-2025-32462
  * SECURITY UPDATE: Local Privilege Escalation via chroot option
    - debian/patches/CVE-2025-32463.patch: remove user-selected root
      directory chroot option.
    - CVE-2025-32463
== sudo binary mode and sudoers defaults ==
Sudo version 1.9.15p5
Configure options: --build=aarch64-linux-gnu --prefix=/usr --includedir=${prefix}/include --mandir=${prefix}/share/man --infodir=${prefix}/share/info --sysconfdir=/etc --localstatedir=/var --disable-option-checking --disable-silent-rules --libdir=${prefix}/lib/aarch64-linux-gnu --runstatedir=/run --disable-maintainer-mode --disable-dependency-tracking --with-all-insults --with-pam --with-pam-login --with-fqdn --with-logging=syslog --with-logfac=authpriv --with-devel --with-env-editor --with-editor=/usr/bin/editor --with-timeout=15 --with-password-timeout=0 --with-passprompt=[sudo] password for %p:  --with-tty-tickets --without-lecture --disable-root-mailer --with-sendmail=/usr/sbin/sendmail --with-rundir=/run/sudo --with-sssd --with-sssd-lib=/usr/lib/aarch64-linux-gnu --enable-zlib=system --enable-admin-flag --with-apparmor --with-selinux --with-linux-audit --enable-tmpfiles.d=/usr/lib/tmpfiles.d MVPROG=/bin/mv --with-exampledir=/usr/share/doc/sudo/examples
Sudoers policy plugin version 1.9.15p5
Sudoers file grammar version 50

Sudoers path: /etc/sudoers
Authentication methods: 'pam'
Syslog facility if syslog is being used for logging: authpriv
Syslog priority to use when user authenticates successfully: notice
Syslog priority to use when user authenticates unsuccessfully: alert
Send mail if user authentication fails
Send mail if the user is not in sudoers
Lecture user the first time they run sudo
Require users to authenticate by default
Root may run sudo
Allow some information gathering to give useful error messages
Require fully-qualified hostnames in the sudoers file
Visudo will honor the EDITOR environment variable
Set the LOGNAME and USER environment variables
Length at which to wrap log file lines (0 for no wrap): 80
Authentication timestamp timeout: 15.0 minutes
Password prompt timeout: 0.0 minutes
Number of tries to enter a password: 3
Umask to use or 0777 to use user's: 022
Path to mail program: /usr/sbin/sendmail
Flags for mail program: -t
Address to send mail to: root
Subject line for mail messages: *** SECURITY information for %h ***
Incorrect password message: Sorry, try again.
Path to lecture status dir: /var/lib/sudo/lectured
Path to authentication timestamp dir: /run/sudo/ts
Default password prompt: [sudo] password for %p: 
Default user to run commands as: root
Value to override user's $PATH with: /usr/local/sbin:/usr/local/bin:/usr/sbin:/usr/bin:/sbin:/bin:/snap/bin
Path to the editor for use by visudo: /usr/bin/editor
When to require a password for 'list' pseudocommand: any
When to require a password for 'verify' pseudocommand: all
File descriptors >= 3 will be closed before executing a command
Reset the environment to a default set of variables
Environment variables to check for safety:
	TZ
	TERM
	LINGUAS
	LC_*
	LANGUAGE
	LANG
	COLORTERM
Environment variables to remove:
	*=()*
	RUBYOPT
	RUBYLIB
	PYTHONUSERBASE
	PYTHONINSPECT
	PYTHONPATH
	PYTHONHOME
	TMPPREFIX
	ZDOTDIR
	READNULLCMD
	NULLCMD
	FPATH
	PERL5DB
	PERL5OPT
	PERL5LIB
	PERLLIB
	PERLIO_DEBUG
	JAVA_TOOL_OPTIONS
	SHELLOPTS
	BASHOPTS
	GLOBIGNORE
	PS4
	BASH_ENV
	ENV
	TERMCAP
	TERMPATH
	TERMINFO_DIRS
	TERMINFO
	_RLD*
	LD_*
	PATH_LOCALE
	NLSPATH
	HOSTALIASES
	RES_OPTIONS
	LOCALDOMAIN
	CDPATH
	IFS
Environment variables to preserve:
	XDG_CURRENT_DESKTOP
	XAUTHORIZATION
	XAUTHORITY
	PS2
-rwsr-xr-x 4755 root root /usr/bin/sudo
-rwsr-xr-x 4755 root root /usr/bin/sudoedit
-r--r----- 440 root root /etc/sudoers
drwxr-xr-x 755 root root /etc/sudoers.d
-r--r----- 440 root root /etc/sudoers.d/README -> 
#
# This file MUST be edited with the 'visudo' command as root.
#
# Please consider adding local content in /etc/sudoers.d/ instead of
# directly modifying this file.
#
# See the man page for details on how to write a sudoers file.
#
Defaults	env_reset
Defaults	mail_badpass
Defaults	secure_path="/usr/local/sbin:/usr/local/bin:/usr/sbin:/usr/bin:/sbin:/bin:/snap/bin"

# This fixes CVE-2005-4890 and possibly breaks some versions of kdesu
# (#1011624, https://bugs.kde.org/show_bug.cgi?id=452532)
Defaults	use_pty

# This preserves proxy settings from user environments of root
# equivalent users (group sudo)
#Defaults:%sudo env_keep += "http_proxy https_proxy ftp_proxy all_proxy no_proxy"

# This allows running arbitrary commands, but so does ALL, and it means
# different sudoers have their choice of editor respected.
#Defaults:%sudo env_keep += "EDITOR"

# Completely harmless preservation of a user preference.
#Defaults:%sudo env_keep += "GREP_COLOR"

# While you shouldn't normally run git as root, you need to with etckeeper
#Defaults:%sudo env_keep += "GIT_AUTHOR_* GIT_COMMITTER_*"

# Per-user preferences; root won't have sensible values for them.
#Defaults:%sudo env_keep += "EMAIL DEBEMAIL DEBFULLNAME"

# "sudo scp" or "sudo rsync" should be able to use your SSH agent.
#Defaults:%sudo env_keep += "SSH_AGENT_PID SSH_AUTH_SOCK"

# Ditto for GPG agent
#Defaults:%sudo env_keep += "GPG_AGENT_INFO"

# Host alias specification

# User alias specification

# Cmnd alias specification

# User privilege specification
root	ALL=(ALL:ALL) ALL

# Members of the admin group may gain root privileges
%admin ALL=(ALL) ALL

# Allow members of group sudo to execute any command
%sudo	ALL=(ALL:ALL) ALL

# See sudoers(5) for more information on "@include" directives:

@includedir /etc/sudoers.d
== attacker identity and excluded groups ==
uid=1001(attacker) gid=1001(attacker) groups=1001(attacker)
group: sudo:x:27:ubuntu
group: adm:x:4:ubuntu,syslog
group: lxd:x:101:
group: shadow:x:42:
group: root:x:0:
attacker_group_boundary=ok_not_privileged
== sudo state before probes ==
drwx--x--x 711 root root /run/sudo
drwx------ 700 root root /run/sudo/ts
absent /run/sudo/ts/attacker
drwxr-xr-x 755 root root /var/lib/sudo
drwxr-xr-x 755 root root /var/lib/sudo/lectured
absent /var/lib/sudo/lectured/attacker
-rw-r----- 640 syslog adm /var/log/auth.log
-rw-r----- 640 syslog adm /var/log/syslog
== sudo -k timestamp invalidation only ==
== sudo -n -l no password ==
sudo: a password is required
rc=1
== sudo -n -ll no password ==
sudo: a password is required
rc=1
== sudo -n -v no password ==
Sorry, user attacker may not run sudo on 4f5b414436ae.
rc=1
== sudo -n command denied ==
sudo: a password is required
rc=1
== sudo PATH command lookup denied before fake id exec ==
sudo: a password is required
rc=1
== sudo askpass no sudoers boundary ==
Sorry, try again.
Sorry, try again.
sudo: 3 incorrect password attempts
rc=1
== sudo -e editor denied before editor ==
sudo: a password is required
rc=1
== sudoedit editor denied before editor ==
sudoedit: a password is required
rc=1
== sudoedit shell/parser legacy form ==
/usr/bin/sudoedit: invalid option -- 's'
usage: sudoedit -h | -V
usage: sudoedit [-ABkNnS] [-r role] [-t type] [-C num] [-D directory]
                [-g group] [-h host] [-p prompt] [-R directory] [-T timeout]
                [-u user] file ...
rc=1
== locale and gconv env denied ==
sudo: a password is required
rc=1
== chroot recent parser list path denied ==
sudo: a password is required
rc=1
== chroot recent parser command path denied ==
sudo: a password is required
rc=1
== chdir option denied ==
sudo: a password is required
rc=1
== runas root denied ==
sudo: a password is required
rc=1
== runas numeric root denied ==
sudo: a password is required
rc=1
== runas negative id parser denied ==
sudo: unknown user #-1
sudo: error initializing audit plugin sudoers_audit
rc=1
== runas max uid parser denied ==
sudo: unknown user #4294967295
sudo: error initializing audit plugin sudoers_audit
rc=1
== host option localhost list denied ==
sudo: a password is required
rc=1
== host option current hostname list denied ==
sudo: a password is required
rc=1
== host option nonlocal list denied ==
sudo: unable to resolve host not-the-host: Name or service not known
sudo: a password is required
rc=1
== list another user privileges denied ==
sudo: a password is required
rc=1
== list self privileges denied ==
sudo: a password is required
rc=1
== sudoers include write/stat denied ==
-r--r----- 1 root root 1800 Jan 29  2024 /etc/sudoers
drwxr-xr-x 2 root root 4096 May 16 10:22 /etc/sudoers.d
-r--r----- 1 root root 1068 Jan 29  2024 /etc/sudoers.d/README
touch: cannot touch '/etc/sudoers.d/00-sudo-no-sudo-user-probe': Permission denied
ln: failed to create symbolic link '/etc/sudoers.d/00-sudo-no-sudo-user-probe': Permission denied
sudo: a password is required
rc=1
== sudo state after probes before cleanup ==
drwx--x--x 711 root root /run/sudo
drwx------ 700 root root /run/sudo/ts
absent /run/sudo/ts/attacker
drwxr-xr-x 755 root root /var/lib/sudo
drwxr-xr-x 755 root root /var/lib/sudo/lectured
absent /var/lib/sudo/lectured/attacker
-rw-r----- 640 syslog adm /var/log/auth.log
-rw-r----- 640 syslog adm /var/log/syslog
== marker check before cleanup ==
absent /root/sudo_no_sudo_user_root_marker
absent /root/sudo_no_sudo_user_editor_marker
absent /root/sudo_no_sudo_user_askpass_marker
absent /root/sudo_no_sudo_user_path_marker
absent /root/sudo_no_sudo_user_chroot_marker
absent /root/sudo_no_sudo_user_nss_marker
absent /root/sudo_no_sudo_user_gconv_marker
tmp_markers=present
-rw-r--r-- 1 attacker attacker 222 May 16 16:30 /tmp/sudo_no_sudo_user_path_marker
fake_askpass real=1001 effective=1001 args=[sudo] password for attacker: 
fake_askpass real=1001 effective=1001 args=[sudo] password for attacker: 
fake_askpass real=1001 effective=1001 args=[sudo] password for attacker: 
root_proof=no
== cleanup verification ==
cleanup_leftovers=absent
== systemd health ==
running
