
## target and packages
PRETTY_NAME="Ubuntu 24.04.4 LTS"
NAME="Ubuntu"
VERSION_ID="24.04"
VERSION="24.04.4 LTS (Noble Numbat)"
VERSION_CODENAME=noble
ID=ubuntu
ID_LIKE=debian
HOME_URL="https://www.ubuntu.com/"
Linux bf51bb670420 6.10.14-linuxkit #1 SMP Sat May 17 08:28:57 UTC 2025 aarch64 aarch64 aarch64 GNU/Linux
uid=1001(attacker) gid=1001(attacker) groups=1001(attacker)
libpam-modules:arm64	1.5.3-5ubuntu5.5	ii 
login	1:4.13+dfsg1-4ubuntu3.2	ii 
systemd	255.4-1ubuntu8.15	ii 

## default unit and nologin paths
ExecStart={ path=/usr/lib/systemd/systemd-user-sessions ; argv[]=/usr/lib/systemd/systemd-user-sessions start ; ignore_errors=no ; start_time=[Sat 2026-05-16 22:51:03 UTC] ; stop_time=[Sat 2026-05-16 22:51:03 UTC] ; pid=279 ; code=exited ; status=0 }
ExecStop={ path=/usr/lib/systemd/systemd-user-sessions ; argv[]=/usr/lib/systemd/systemd-user-sessions stop ; ignore_errors=no ; start_time=[n/a] ; stop_time=[n/a] ; pid=0 ; code=(null) ; status=0/0 }
User=
Group=
LoadState=loaded
ActiveState=active
SubState=exited
FragmentPath=/usr/lib/systemd/system/systemd-user-sessions.service
UnitFileState=static
# /usr/lib/systemd/system/systemd-user-sessions.service
#  SPDX-License-Identifier: LGPL-2.1-or-later
#
#  This file is part of systemd.
#
#  systemd is free software; you can redistribute it and/or modify it
#  under the terms of the GNU Lesser General Public License as published by
#  the Free Software Foundation; either version 2.1 of the License, or
#  (at your option) any later version.

[Unit]
Description=Permit User Sessions
Documentation=man:systemd-user-sessions.service(8)
After=remote-fs.target nss-user-lookup.target network.target home.mount

[Service]
Type=oneshot
RemainAfterExit=yes
ExecStart=/usr/lib/systemd/systemd-user-sessions start
ExecStop=/usr/lib/systemd/systemd-user-sessions stop
-rwxr-xr-x 755 root:root regular file /usr/lib/systemd/systemd-user-sessions -> '/usr/lib/systemd/systemd-user-sessions'
stat: cannot statx '/run/nologin': No such file or directory
stat: cannot statx '/etc/nologin': No such file or directory
drwxr-xr-x 755 root:root directory /run -> '/run'
drwxr-xr-x 755 root:root directory /etc -> '/etc'
/etc/pam.d/login:15:# Disallows other than root logins when /etc/nologin exists
/etc/pam.d/login:17:auth       requisite  pam_nologin.so

## attacker direct path
uid=1001(attacker) gid=1001(attacker) groups=1001(attacker)
write_run_nologin_rc=1
bash: line 4: /run/nologin: Permission denied
symlink_run_nologin_rc=1
ln: failed to create symbolic link '/run/nologin': Permission denied
rm_run_nologin_rc=0
Failed to restart systemd-user-sessions.service: Interactive authentication required.
See system logs and 'systemctl status systemd-user-sessions.service' for details.
restart_unit_rc=1
Failed to create /run/nologin: Permission denied
direct_stop_rc=1
direct_start_rc=0
ls: cannot access '/run/nologin': No such file or directory
ls: cannot access '/tmp/systemd_user_sessions_probe_root': No such file or directory

## root helper canary
root_stop_rc=0
-rw-r--r-- 644 root:root regular file 121 /run/nologin -> '/run/nologin'
System is going down. Unprivileged users are not permitted to log in anymore. For technical details, see pam_nologin(8).
root_start_rc=0
stat: cannot statx '/run/nologin': No such file or directory
-rw-r--r-- 644 root:root regular file /root/systemd_user_sessions_probe_root -> '/root/systemd_user_sessions_probe_root'
stat: cannot statx '/tmp/systemd_user_sessions_probe_root': No such file or directory

## root proof
ROOT_MARKER_PRESENT_ONLY_FROM_ROOT_CANARY
ls: cannot access '/tmp/systemd_user_sessions_probe_root': No such file or directory
ls: cannot access '/run/nologin': No such file or directory
-rw-r--r-- 1 root root 17 May 17 17:00 /root/systemd_user_sessions_probe_root

## cleanup and health
ls: cannot access '/root/systemd_user_sessions_probe_root': No such file or directory
ls: cannot access '/tmp/systemd_user_sessions_probe_root': No such file or directory
ls: cannot access '/run/nologin': No such file or directory
running
