
== target and package proof ==
PRETTY_NAME="Ubuntu 24.04.4 LTS"
NAME="Ubuntu"
VERSION_ID="24.04"
VERSION="24.04.4 LTS (Noble Numbat)"
VERSION_CODENAME=noble
ID=ubuntu
ID_LIKE=debian
HOME_URL="https://www.ubuntu.com/"
Linux bf51bb670420 6.10.14-linuxkit #1 SMP Sat May 17 08:28:57 UTC 2025 aarch64 aarch64 aarch64 GNU/Linux
uid=1001(attacker) gid=1001(attacker) groups=1001(attacker)
libpam-modules:arm64	1.5.3-5ubuntu5.5	ii 
libpam-systemd:arm64	255.4-1ubuntu8.15	ii 
login	1:4.13+dfsg1-4ubuntu3.2	ii 
systemd	255.4-1ubuntu8.15	ii 
systemd-sysv	255.4-1ubuntu8.15	ii 
util-linux	2.39.3-9ubuntu6.5	ii 

== default getty/login state ==
running
enabled
enabled-runtime
static
active
inactive
inactive
● getty@tty1.service - Getty on tty1
     Loaded: loaded (/usr/lib/systemd/system/getty@.service; enabled; preset: enabled)
     Active: active (running) since Sat 2026-05-16 22:51:03 UTC; 1min 59s ago
       Docs: man:agetty(8)
             man:systemd-getty-generator(8)
             https://0pointer.de/blog/projects/serial-console.html
   Main PID: 298 (agetty)
      Tasks: 1 (limit: 9517)
     Memory: 196.0K (peak: 1.6M)
        CPU: 8ms
     CGroup: /docker/bf51bb670420b556386b1dab94ce9cfc181e36dc1ddf0267171ade06c2318470/system.slice/system-getty.slice/getty@tty1.service
             └─298 /sbin/agetty -o "-p -- \\u" --noclear - linux

May 16 22:51:03 bf51bb670420 systemd[1]: Started getty@tty1.service - Getty on tty1.

== credential-importing code/config ==
    32	ConditionPathExists=/dev/tty0
    33	
    34	[Service]
    35	# the VT is cleared by TTYVTDisallocate
    36	# The '-o' option value tells agetty to replace 'login' arguments with an
    37	# option to preserve environment (-p), followed by '--' for safety, and then
    38	# the entered username.
    39	ExecStart=-/sbin/agetty -o '-p -- \\u' --noclear - $TERM
    40	Type=idle
    41	Restart=always
    42	RestartSec=0
    43	UtmpIdentifier=%I
    44	StandardInput=tty
    45	StandardOutput=tty
    46	TTYPath=/dev/%I
    47	TTYReset=yes
    48	TTYVHangup=yes
    49	TTYVTDisallocate=yes
    50	IgnoreSIGPIPE=no
    51	SendSIGHUP=yes
    52	ImportCredential=agetty.*
    53	ImportCredential=login.*
    54	
    55	# Unset locale for the console getty since the console has problems
    56	# displaying some internationalized messages.
    18	ConditionPathExists=/dev/console
    19	
    20	[Service]
    21	# The '-o' option value tells agetty to replace 'login' arguments with an option to preserve environment (-p),
    22	# followed by '--' for safety, and then the entered username.
    23	ExecStart=-/sbin/agetty -o '-p -- \\u' --noclear --keep-baud - 115200,38400,9600 $TERM
    24	Type=idle
    25	Restart=always
    26	UtmpIdentifier=cons
    27	StandardInput=tty
    28	StandardOutput=tty
    29	TTYPath=/dev/console
    30	TTYReset=yes
    31	TTYVHangup=yes
    32	IgnoreSIGPIPE=no
    33	SendSIGHUP=yes
    34	ImportCredential=agetty.*
    35	ImportCredential=login.*
    36	
    37	[Install]
    38	WantedBy=getty.target
        6      0 drwxr-xr-x   2 root     root           40 May 16 22:51 /run/credentials
find: '/run/credstore': No such file or directory
find: '/run/credstore.encrypted': No such file or directory
 19015387      4 drwx------   2 root     root         4096 Mar 24 13:45 /etc/credstore
 19015388      4 drwx------   2 root     root         4096 Mar 24 13:45 /etc/credstore.encrypted
drwxr-xr-x root:root /run/credentials
drwx------ root:root /etc/credstore
drwx------ root:root /etc/credstore.encrypted
-rwxr-xr-x root:root /sbin/agetty
-rwxr-xr-x root:root /usr/bin/login
-rwsr-xr-x root:root /usr/bin/su
    278 root     root     /usr/lib/systemd/systemd-logind
    298 root     root     /sbin/agetty -o -p -- \u --noclear - linux

== uid1001 credential injection attempts ==
uid=1001(attacker) gid=1001(attacker) groups=1001(attacker)
MKDIR /run/credentials/getty@tty1.service
mkdir: cannot create directory '/run/credentials/getty@tty1.service': Permission denied
mkdir_rc=1
MKDIR /run/credentials/console-getty.service
mkdir: cannot create directory '/run/credentials/console-getty.service': Permission denied
mkdir_rc=1
MKDIR /run/credstore
mkdir: cannot create directory '/run/credstore': Permission denied
mkdir_rc=1
MKDIR /run/credstore.encrypted
mkdir: cannot create directory '/run/credstore.encrypted': Permission denied
mkdir_rc=1
MKDIR /etc/credstore
mkdir_rc=0
MKDIR /etc/credstore.encrypted
mkdir_rc=0
WRITE /run/credentials/getty@tty1.service/agetty.autologin
write_rc=1
WRITE /run/credentials/getty@tty1.service/login.noauth
write_rc=1
WRITE /run/credentials/getty@tty1.service/login.motd
write_rc=1
WRITE /run/credentials/getty@tty1.service/login.issue
write_rc=1
WRITE /run/credentials/console-getty.service/agetty.autologin
write_rc=1
WRITE /run/credstore/agetty.autologin
write_rc=1
WRITE /run/credstore/login.noauth
write_rc=1
WRITE /etc/credstore/agetty.autologin
write_rc=1
WRITE /etc/credstore/login.noauth
write_rc=1
== system manager trigger attempts ==
Failed to restart getty@tty1.service: Interactive authentication required.
See system logs and 'systemctl status getty@tty1.service' for details.
restart_getty_rc=1
Failed to restart console-getty.service: Interactive authentication required.
See system logs and 'systemctl status console-getty.service' for details.
restart_console_rc=1
Failed to start transient service unit: Interactive authentication required.
systemd_run_rc=1
Call failed: Interactive authentication required.
busctl_start_rc=1
== direct helper execution stays unprivileged ==
login: Cannot possibly work without effective root
login_direct_rc=1
agetty_help_rc=0
-rw-r--r-- attacker:attacker 2197 /tmp/systemd_getty_agetty_help
root_marker_visible_to_attacker_rc=1
tmp_marker_rc=1

== root proof and cleanup ==
stat: cannot statx '/root/systemd_getty_credential_imports_root': No such file or directory
stat: cannot statx '/tmp/systemd_getty_credential_imports_root': No such file or directory
active
running
