system cache builder trust-boundary probe
target=ubuntu24-server-lpe-target attacker=attacker
2026-05-16T15:01:38-0400

## cleanup before probe
$ docker exec -i ubuntu24-server-lpe-target bash -s

## target identity and package versions
$ docker exec -i ubuntu24-server-lpe-target bash -s
PRETTY_NAME="Ubuntu 24.04.4 LTS"
NAME="Ubuntu"
VERSION_ID="24.04"
VERSION="24.04.4 LTS (Noble Numbat)"
VERSION_CODENAME=noble
ID=ubuntu
ID_LIKE=debian
HOME_URL="https://www.ubuntu.com/"
SUPPORT_URL="https://help.ubuntu.com/"
BUG_REPORT_URL="https://bugs.launchpad.net/ubuntu/"
PRIVACY_POLICY_URL="https://www.ubuntu.com/legal/terms-and-policies/privacy-policy"
UBUNTU_CODENAME=noble
LOGO=ubuntu-logo
Linux 4f5b414436ae 6.10.14-linuxkit #1 SMP Sat May 17 08:28:57 UTC 2025 aarch64 aarch64 aarch64 GNU/Linux
      1 root     systemd         /sbin/init
uid=1001(attacker) gid=1001(attacker) groups=1001(attacker)
uid=1001(attacker) gid=1001(attacker) groups=1001(attacker)
attacker
sudo: a password is required
sudo_rc=1

== package versions ==
bsdutils	1:2.39.3-9ubuntu6.5	arm64	ii 
console-setup	1.226ubuntu1	all	ii 
keyboard-configuration	1.226ubuntu1	all	ii 
kmod	31+20240202-2ubuntu7.2	arm64	ii 
libc-bin	2.39-0ubuntu8.7	arm64	ii 
libc6:arm64	2.39-0ubuntu8.7	arm64	ii 
locales	2.39-0ubuntu8.7	all	ii 
systemd	255.4-1ubuntu8.15	arm64	ii 
systemd-dev	255.4-1ubuntu8.15	all	ii 
systemd-hwe-hwdb	255.1.7	all	ii 
util-linux	2.39.3-9ubuntu6.5	arm64	ii 

== helper paths ==
/usr/sbin/ldconfig
/usr/bin/journalctl
/usr/bin/savelog
/usr/sbin/locale-gen
/usr/bin/localedef
/usr/bin/systemd-hwdb
/usr/bin/kmod
/usr/bin/systemd-tmpfiles

## default units, triggers, and implementation excerpts
$ docker exec -i ubuntu24-server-lpe-target bash -s
== systemd units ==
### ldconfig.service
Result=success
ExecStart={ path=/sbin/ldconfig ; argv[]=/sbin/ldconfig -X ; ignore_errors=no ; start_time=[n/a] ; stop_time=[n/a] ; pid=0 ; code=(null) ; status=0/0 }
Environment=
PassEnvironment=
User=
Group=
LoadState=loaded
ActiveState=active
SubState=exited
FragmentPath=/usr/lib/systemd/system/ldconfig.service
UnitFileState=static
ConditionResult=yes
### systemd-journal-catalog-update.service
Result=success
ExecStart={ path=journalctl ; argv[]=journalctl --update-catalog ; ignore_errors=no ; start_time=[n/a] ; stop_time=[n/a] ; pid=0 ; code=(null) ; status=0/0 }
Environment=
PassEnvironment=
User=
Group=
LoadState=loaded
ActiveState=active
SubState=exited
FragmentPath=/usr/lib/systemd/system/systemd-journal-catalog-update.service
UnitFileState=static
ConditionResult=yes
### dmesg.service
Result=success
ExecStartPre={ path=/usr/bin/savelog ; argv[]=/usr/bin/savelog -m640 -q -p -n -c 5 /var/log/dmesg ; ignore_errors=yes ; start_time=[n/a] ; stop_time=[n/a] ; pid=0 ; code=(null) ; status=0/0 }
ExecStart={ path=/bin/journalctl ; argv[]=/bin/journalctl --boot 0 --dmesg --output short-monotonic --quiet --no-pager --no-hostname ; ignore_errors=no ; start_time=[n/a] ; stop_time=[n/a] ; pid=0 ; code=(null) ; status=0/0 }
ExecStartPost={ path=/bin/chgrp ; argv[]=/bin/chgrp adm /var/log/dmesg ; ignore_errors=no ; start_time=[n/a] ; stop_time=[n/a] ; pid=0 ; code=(null) ; status=0/0 }
ExecStartPost={ path=/bin/chmod ; argv[]=/bin/chmod 0640 /var/log/dmesg ; ignore_errors=no ; start_time=[n/a] ; stop_time=[n/a] ; pid=0 ; code=(null) ; status=0/0 }
Environment=
PassEnvironment=
User=
Group=
LoadState=loaded
ActiveState=inactive
SubState=dead
FragmentPath=/usr/lib/systemd/system/dmesg.service
UnitFileState=enabled
ConditionResult=yes
### systemd-update-done.service
Result=success
ExecStart={ path=/usr/lib/systemd/systemd-update-done ; argv[]=/usr/lib/systemd/systemd-update-done ; ignore_errors=no ; start_time=[n/a] ; stop_time=[n/a] ; pid=0 ; code=(null) ; status=0/0 }
Environment=
PassEnvironment=
User=
Group=
LoadState=loaded
ActiveState=active
SubState=exited
FragmentPath=/usr/lib/systemd/system/systemd-update-done.service
UnitFileState=static
ConditionResult=yes
### systemd-hwdb-update.service
Result=success
ExecStart={ path=systemd-hwdb ; argv[]=systemd-hwdb update ; ignore_errors=no ; start_time=[n/a] ; stop_time=[n/a] ; pid=0 ; code=(null) ; status=0/0 }
Environment=
PassEnvironment=
User=
Group=
LoadState=loaded
ActiveState=inactive
SubState=dead
FragmentPath=/usr/lib/systemd/system/systemd-hwdb-update.service
UnitFileState=static
ConditionResult=no
### kmod-static-nodes.service
Result=success
ExecStart={ path=/usr/bin/kmod ; argv[]=/usr/bin/kmod static-nodes --format=tmpfiles --output=/run/tmpfiles.d/static-nodes.conf ; ignore_errors=no ; start_time=[n/a] ; stop_time=[n/a] ; pid=0 ; code=(null) ; status=0/0 }
Environment=
PassEnvironment=
User=
Group=
LoadState=loaded
ActiveState=inactive
SubState=dead
FragmentPath=/usr/lib/systemd/system/kmod-static-nodes.service
UnitFileState=static
ConditionResult=no

== unit source with line numbers ==
### /usr/lib/systemd/system/ldconfig.service
     1	#  SPDX-License-Identifier: LGPL-2.1-or-later
     2	#
     3	#  This file is part of systemd.
     4	#
     5	#  systemd is free software; you can redistribute it and/or modify it
     6	#  under the terms of the GNU Lesser General Public License as published by
     7	#  the Free Software Foundation; either version 2.1 of the License, or
     8	#  (at your option) any later version.
     9	
    10	[Unit]
    11	Description=Rebuild Dynamic Linker Cache
    12	Documentation=man:ldconfig(8)
    13	
    14	ConditionNeedsUpdate=|/etc
    15	ConditionFileNotEmpty=|!/etc/ld.so.cache
    16	
    17	DefaultDependencies=no
    18	After=local-fs.target
    19	Before=sysinit.target systemd-update-done.service
    20	Conflicts=shutdown.target initrd-switch-root.target
    21	Before=shutdown.target initrd-switch-root.target
    22	
    23	[Service]
    24	Type=oneshot
    25	RemainAfterExit=yes
    26	ExecStart=/sbin/ldconfig -X
### /usr/lib/systemd/system/systemd-journal-catalog-update.service
     1	#  SPDX-License-Identifier: LGPL-2.1-or-later
     2	#
     3	#  This file is part of systemd.
     4	#
     5	#  systemd is free software; you can redistribute it and/or modify it
     6	#  under the terms of the GNU Lesser General Public License as published by
     7	#  the Free Software Foundation; either version 2.1 of the License, or
     8	#  (at your option) any later version.
     9	
    10	[Unit]
    11	Description=Rebuild Journal Catalog
    12	Documentation=man:systemd-journald.service(8) man:journald.conf(5)
    13	
    14	ConditionNeedsUpdate=/var
    15	
    16	DefaultDependencies=no
    17	After=local-fs.target systemd-tmpfiles-setup.service
    18	Before=sysinit.target systemd-update-done.service
    19	Conflicts=shutdown.target
    20	Before=shutdown.target
    21	
    22	[Service]
    23	Type=oneshot
    24	RemainAfterExit=yes
    25	ExecStart=journalctl --update-catalog
    26	TimeoutSec=90s
### /usr/lib/systemd/system/dmesg.service
     1	[Unit]
     2	Description=Save initial kernel messages after boot
     3	
     4	[Service]
     5	Type=idle
     6	StandardOutput=file:/var/log/dmesg
     7	ExecStartPre=-/usr/bin/savelog -m640 -q -p -n -c 5 /var/log/dmesg
     8	ExecStart=/bin/journalctl --boot 0 --dmesg --output short-monotonic --quiet --no-pager --no-hostname
     9	ExecStartPost=/bin/chgrp adm /var/log/dmesg
    10	ExecStartPost=/bin/chmod 0640 /var/log/dmesg
    11	
    12	[Install]
    13	WantedBy=multi-user.target
### /usr/lib/systemd/system/systemd-update-done.service
     1	#  SPDX-License-Identifier: LGPL-2.1-or-later
     2	#
     3	#  This file is part of systemd.
     4	#
     5	#  systemd is free software; you can redistribute it and/or modify it
     6	#  under the terms of the GNU Lesser General Public License as published by
     7	#  the Free Software Foundation; either version 2.1 of the License, or
     8	#  (at your option) any later version.
     9	
    10	[Unit]
    11	Description=Update is Completed
    12	Documentation=man:systemd-update-done.service(8)
    13	DefaultDependencies=no
    14	Conflicts=shutdown.target
    15	After=local-fs.target
    16	Before=sysinit.target shutdown.target
    17	ConditionNeedsUpdate=|/etc
    18	ConditionNeedsUpdate=|/var
    19	
    20	[Service]
    21	Type=oneshot
    22	RemainAfterExit=yes
    23	ExecStart=/usr/lib/systemd/systemd-update-done
### /usr/lib/systemd/system/systemd-hwdb-update.service
     1	#  SPDX-License-Identifier: LGPL-2.1-or-later
     2	#
     3	#  This file is part of systemd.
     4	#
     5	#  systemd is free software; you can redistribute it and/or modify it
     6	#  under the terms of the GNU Lesser General Public License as published by
     7	#  the Free Software Foundation; either version 2.1 of the License, or
     8	#  (at your option) any later version.
     9	
    10	[Unit]
    11	Description=Rebuild Hardware Database
    12	Documentation=man:hwdb(7) man:systemd-hwdb(8)
    13	
    14	ConditionNeedsUpdate=/etc
    15	ConditionPathExists=|!/usr/lib/udev/hwdb.bin
    16	ConditionPathExists=|/etc/udev/hwdb.bin
    17	ConditionDirectoryNotEmpty=|/etc/udev/hwdb.d/
    18	
    19	DefaultDependencies=no
    20	After=systemd-remount-fs.service
    21	Before=sysinit.target systemd-update-done.service
    22	Conflicts=shutdown.target
    23	Before=shutdown.target
    24	
    25	[Service]
    26	Type=oneshot
    27	RemainAfterExit=yes
    28	ExecStart=systemd-hwdb update
    29	TimeoutSec=90s
### /usr/lib/systemd/system/kmod-static-nodes.service
     1	#  SPDX-License-Identifier: LGPL-2.1-or-later
     2	#
     3	#  This file is part of systemd.
     4	#
     5	#  systemd is free software; you can redistribute it and/or modify it
     6	#  under the terms of the GNU Lesser General Public License as published by
     7	#  the Free Software Foundation; either version 2.1 of the License, or
     8	#  (at your option) any later version.
     9	
    10	[Unit]
    11	Description=Create List of Static Device Nodes
    12	DefaultDependencies=no
    13	Before=sysinit.target systemd-tmpfiles-setup-dev-early.service
    14	ConditionCapability=CAP_SYS_MODULE
    15	ConditionFileNotEmpty=/lib/modules/%v/modules.devname
    16	
    17	[Service]
    18	Type=oneshot
    19	RemainAfterExit=yes
    20	ExecStart=/usr/bin/kmod static-nodes --format=tmpfiles --output=/run/tmpfiles.d/static-nodes.conf

== dpkg trigger and maintainer-script roots ==
### /var/lib/dpkg/info/libc-bin.postinst
-rwxr-xr-x 755 root:root /var/lib/dpkg/info/libc-bin.postinst
38:  ldconfig -r "$DPKG_ROOT/" || ldconfig --verbose -r "$DPKG_ROOT/"
### /var/lib/dpkg/info/libc-bin.triggers
-rw-r--r-- 644 root:root /var/lib/dpkg/info/libc-bin.triggers
1:# For standard directories the ldconfig call can be delayed, the dynamic
6:# /etc/ld.so.conf.d/, the call to ldconfig is essential and can not be
7:# skipped, otherwise libraries won't be found. Therefore declare ldconfig
9:interest-await ldconfig
### /var/lib/dpkg/info/locales.config
-rwxr-xr-x 755 root:root /var/lib/dpkg/info/locales.config
211:ln_CD UTF-8
353:if [ -f /usr/local/share/i18n/SUPPORTED ] ; then
354:    USER_LOCALES="$(sed -e '/^[a-zA-Z]/!d' -e 's/ *$//g' /usr/local/share/i18n/SUPPORTED)"
363:# List of supported locales (PROVIDED_LOCALES + USER_LOCALES + GEN_LOCALES)
364:SUPPORTED_LOCALES="$(printf '%s\n' "$PROVIDED_LOCALES" "$USER_LOCALES" "$GEN_LOCALES" | grep -v "^$" | sort -u | tr '\n' ',' | sed -e 's/, */, /g' -e 's/, *$//g')"
365:db_subst locales/locales_to_be_generated locales "$SUPPORTED_LOCALES"
369:    if [ -L $LG ] && [ "$(readlink $LG)" = "/usr/share/i18n/SUPPORTED" ]; then
379:if [ -n "$SUPPORTED_LOCALES" ] && [ -n "$DEFAULT_ENVIRONMENT" ]; then
380:  if echo "$SUPPORTED_LOCALES" | grep -q -e "\b$DEFAULT_ENVIRONMENT\b" ; then
403:            RET=$SUPPORTED_LOCALES
### /var/lib/dpkg/info/locales.postinst
-rwxr-xr-x 755 root:root /var/lib/dpkg/info/locales.postinst
16:        mv "$LEGACY_EE" "$EE"
19:        ln -sfr "$EE" "$LEGACY_EE"
32:        ln -s /usr/share/i18n/SUPPORTED $LG
34:        [ -L $LG ] && [ "$(readlink $LG)" = "/usr/share/i18n/SUPPORTED" ] && rm -f $LG
38:# of valid supported locales at /usr/share/i18n/SUPPORTED, and you can add
39:# user defined locales to /usr/local/share/i18n/SUPPORTED. If you change
40:# this file, you need to rerun locale-gen.
50:        if [ -f "/usr/local/share/i18n/SUPPORTED" ] ; then
51:            SUPPORTED_LOCALES="$(sed -e '/^[a-zA-Z]/!d' -e 's/ *$//g' /usr/share/i18n/SUPPORTED /usr/local/share/i18n/SUPPORTED | sort -u)"
53:            SUPPORTED_LOCALES="$(sed -e '/^[a-zA-Z]/!d' -e 's/ *$//g' /usr/share/i18n/SUPPORTED | sort -u)"
57:        echo "$SUPPORTED_LOCALES" | while read locale ; do
73:        locale-gen
### /usr/sbin/locale-gen
-rwxr-xr-x 755 root:root /usr/sbin/locale-gen
7:USER_LOCALES=/usr/local/share/i18n/locales
8:SUPPORTED=/var/lib/locales/supported.d
32:Usage: locale-gen [OPTIONS]
69:		echo "locale-gen: invalid option -- $option"
70:		echo "Try 'locale-gen --help' for more information."
119:  GENERATE="`cat $SUPPORTED/* $LOCALEGEN 2>/dev/null || true`"
123:    if [ -f "$SUPPORTED/$1" ]; then
124:      GENERATE="$GENERATE\n`cat $SUPPORTED/$1`"
125:    elif [ $IS_LANG = no ] && L=`grep "^${1/%.utf8/.UTF-8} " /usr/share/i18n/SUPPORTED`; then
129:    elif [ $IS_LANG = no ] && L=`grep "^${1%.[uU][tT][fF]*} UTF-8" /usr/share/i18n/SUPPORTED`; then
135:      L=`grep -E "^${1}( |[._@][^[:space:]]* )UTF-8" /usr/share/i18n/SUPPORTED || true`
160:	if [ -e "$USER_LOCALES/$locale" ]; then
161:		input="$USER_LOCALES/$locale"
166:		if [ -e "$USER_LOCALES/$input" ]; then
167:			input="$USER_LOCALES/$input"
170:	localedef $no_archive -i $input -c -f $charset $locale_alias $locale || :; \
### /usr/bin/savelog
-rwxr-xr-x 755 root:root /usr/bin/savelog
6:#	* uses `gzip' rather than `compress'
17:#	-m mode	  - chmod log files to mode
18:#	-u user	  - chown log files to user
19:#	-g group  - chgrp log files to group
28:#	-j        - use bzip2 instead of gzip
29:#	-J        - use xz instead of gzip
83:export PATH=$PATH:/sbin:/bin:/usr/sbin:/usr/bin
84:COMPRESS="gzip"
110:    echo "	-m mode	   - chmod log files to mode"
111:    echo "	-u user	   - chown log files to user"
112:    echo "	-g group   - chgrp log files to group"
121:    echo "	-j         - use bzip2 instead of gzip"
122:    echo "	-J         - use xz instead of gzip"
134:	chown -- "$user" "$1"
137:	chgrp -- "$group" "$1"
140:	chmod -- "$mode" "$1"
248: 		chmod 0755 -- "$savedir"
269:			mv -f -- "$newname.$cycle$DOT_Z" \
274:			mv -f -- "$newname.$cycle" "$newname.$oldcycle"
282:			mv -f -- "$newname.0" "$newfile"
288:			mv -f -- "$newname.0$DOT_Z" "$newfile"
318:		 chown --reference="$filename" -- "$filename.new"
319:		 chmod --reference="$filename" -- "$filename.new")
331:			if ln -f -- "$filename" "$newfilename"; then
332:				mv -f -- "$filename.new" "$filename"
339:			mv -f -- "$filename" "$newfilename"
345:		mv -- "$newfilename" "$newname.$DATUM"

## ownership and attacker writability boundary map
$ docker exec -i ubuntu24-server-lpe-target bash -s
== relevant roots ==
-rw-r--r-- 644 root:root regular file /etc/ld.so.conf -> '/etc/ld.so.conf'
drwxr-xr-x 755 root:root directory /etc/ld.so.conf.d -> '/etc/ld.so.conf.d'
-rw-r--r-- 644 root:root regular file /etc/ld.so.cache -> '/etc/ld.so.cache'
drwxr-xr-x 755 root:root directory /usr/local -> '/usr/local'
drwxr-xr-x 755 root:root directory /usr/local/lib -> '/usr/local/lib'
MISSING /usr/local/lib/aarch64-linux-gnu
drwxr-xr-x 755 root:root directory /lib -> '/lib'
drwxr-xr-x 755 root:root directory /usr/lib -> '/usr/lib'
drwxr-xr-x 755 root:root directory /usr/lib/aarch64-linux-gnu -> '/usr/lib/aarch64-linux-gnu'
drwxr-xr-x 755 root:root directory /usr/lib/systemd/catalog -> '/usr/lib/systemd/catalog'
MISSING /etc/systemd/catalog
MISSING /usr/local/lib/systemd/catalog
drwxr-xr-x 755 root:root directory /var/lib/systemd/catalog -> '/var/lib/systemd/catalog'
-rw-r--r-- 644 root:root regular file /var/lib/systemd/catalog/database -> '/var/lib/systemd/catalog/database'
drwxrwxr-x 775 root:syslog directory /var/log -> '/var/log'
-rw-r----- 640 root:adm regular file /var/log/dmesg -> '/var/log/dmesg'
-rw-r--r-- 644 root:root regular file /etc/locale.gen -> '/etc/locale.gen'
drwxr-xr-x 755 root:root directory /usr/share/i18n -> '/usr/share/i18n'
-rw-r--r-- 644 root:root regular file /usr/share/i18n/SUPPORTED -> '/usr/share/i18n/SUPPORTED'
drwxr-xr-x 755 root:root directory /usr/local/share -> '/usr/local/share'
MISSING /usr/local/share/i18n
MISSING /usr/local/share/i18n/SUPPORTED
drwxr-xr-x 755 root:root directory /etc/udev/hwdb.d -> '/etc/udev/hwdb.d'
drwxr-xr-x 755 root:root directory /usr/lib/udev/hwdb.d -> '/usr/lib/udev/hwdb.d'
-r--r--r-- 444 root:root regular file /usr/lib/udev/hwdb.bin -> '/usr/lib/udev/hwdb.bin'
MISSING /etc/udev/hwdb.bin
MISSING /run/tmpfiles.d
MISSING /run/tmpfiles.d/static-nodes.conf
MISSING /lib/modules/6.10.14-linuxkit
MISSING /lib/modules/6.10.14-linuxkit/modules.devname

== directory contents ==
-rw-r--r-- root:root /etc/ld.so.conf.d/aarch64-linux-gnu.conf -> 
-rw-r--r-- root:root /etc/ld.so.conf.d/libc.conf -> 
-rw-r--r-- root:root /usr/lib/systemd/catalog/systemd.be.catalog -> 
-rw-r--r-- root:root /usr/lib/systemd/catalog/systemd.be@latin.catalog -> 
-rw-r--r-- root:root /usr/lib/systemd/catalog/systemd.bg.catalog -> 
-rw-r--r-- root:root /usr/lib/systemd/catalog/systemd.catalog -> 
-rw-r--r-- root:root /usr/lib/systemd/catalog/systemd.da.catalog -> 
-rw-r--r-- root:root /usr/lib/systemd/catalog/systemd.de.catalog -> 
-rw-r--r-- root:root /usr/lib/systemd/catalog/systemd.fr.catalog -> 
-rw-r--r-- root:root /usr/lib/systemd/catalog/systemd.hr.catalog -> 
-rw-r--r-- root:root /usr/lib/systemd/catalog/systemd.hu.catalog -> 
-rw-r--r-- root:root /usr/lib/systemd/catalog/systemd.it.catalog -> 
-rw-r--r-- root:root /usr/lib/systemd/catalog/systemd.ko.catalog -> 
-rw-r--r-- root:root /usr/lib/systemd/catalog/systemd.pl.catalog -> 
-rw-r--r-- root:root /usr/lib/systemd/catalog/systemd.pt_BR.catalog -> 
-rw-r--r-- root:root /usr/lib/systemd/catalog/systemd.ru.catalog -> 
-rw-r--r-- root:root /usr/lib/systemd/catalog/systemd.sr.catalog -> 
-rw-r--r-- root:root /usr/lib/systemd/catalog/systemd.zh_CN.catalog -> 
-rw-r--r-- root:root /usr/lib/systemd/catalog/systemd.zh_TW.catalog -> 
-rw-r--r-- root:root /usr/lib/udev/hwdb.d/20-OUI.hwdb -> 
-rw-r--r-- root:root /usr/lib/udev/hwdb.d/20-acpi-vendor.hwdb -> 
-rw-r--r-- root:root /usr/lib/udev/hwdb.d/20-bluetooth-vendor-product.hwdb -> 
-rw-r--r-- root:root /usr/lib/udev/hwdb.d/20-dmi-id.hwdb -> 
-rw-r--r-- root:root /usr/lib/udev/hwdb.d/20-net-ifname.hwdb -> 
-rw-r--r-- root:root /usr/lib/udev/hwdb.d/20-pci-classes.hwdb -> 
-rw-r--r-- root:root /usr/lib/udev/hwdb.d/20-pci-vendor-model.hwdb -> 
-rw-r--r-- root:root /usr/lib/udev/hwdb.d/20-sdio-classes.hwdb -> 
-rw-r--r-- root:root /usr/lib/udev/hwdb.d/20-sdio-vendor-model.hwdb -> 
-rw-r--r-- root:root /usr/lib/udev/hwdb.d/20-usb-classes.hwdb -> 
-rw-r--r-- root:root /usr/lib/udev/hwdb.d/20-usb-vendor-model.hwdb -> 
-rw-r--r-- root:root /usr/lib/udev/hwdb.d/20-vmbus-class.hwdb -> 
-rw-r--r-- root:root /usr/lib/udev/hwdb.d/60-autosuspend-chromiumos.hwdb -> 
-rw-r--r-- root:root /usr/lib/udev/hwdb.d/60-autosuspend-fingerprint-reader.hwdb -> 
-rw-r--r-- root:root /usr/lib/udev/hwdb.d/60-autosuspend.hwdb -> 
-rw-r--r-- root:root /usr/lib/udev/hwdb.d/60-evdev.hwdb -> 
-rw-r--r-- root:root /usr/lib/udev/hwdb.d/60-input-id.hwdb -> 
-rw-r--r-- root:root /usr/lib/udev/hwdb.d/60-keyboard.hwdb -> 
-rw-r--r-- root:root /usr/lib/udev/hwdb.d/60-seat.hwdb -> 
-rw-r--r-- root:root /usr/lib/udev/hwdb.d/60-sensor.hwdb -> 
-rw-r--r-- root:root /usr/lib/udev/hwdb.d/70-analyzers.hwdb -> 
-rw-r--r-- root:root /usr/lib/udev/hwdb.d/70-av-production.hwdb -> 
-rw-r--r-- root:root /usr/lib/udev/hwdb.d/70-cameras.hwdb -> 
-rw-r--r-- root:root /usr/lib/udev/hwdb.d/70-joystick.hwdb -> 
-rw-r--r-- root:root /usr/lib/udev/hwdb.d/70-mouse.hwdb -> 
-rw-r--r-- root:root /usr/lib/udev/hwdb.d/70-pda.hwdb -> 
-rw-r--r-- root:root /usr/lib/udev/hwdb.d/70-pointingstick.hwdb -> 
-rw-r--r-- root:root /usr/lib/udev/hwdb.d/70-sound-card.hwdb -> 
-rw-r--r-- root:root /usr/lib/udev/hwdb.d/70-touchpad.hwdb -> 
-rw-r--r-- root:root /usr/lib/udev/hwdb.d/80-ieee1394-unit-function.hwdb -> 
-rw-r--r-- root:root /usr/lib/udev/hwdb.d/90-autosuspend-ubuntu.hwdb -> 
-rw-r--r-- root:root /usr/lib/udev/hwdb.d/90-hwe-ubuntu.hwdb -> 
-rw-r--r-- root:root /usr/lib/udev/hwdb.d/90-keyboard-ubuntu.hwdb -> 
-rw-r--r-- root:root /usr/lib/udev/hwdb.d/90-pci-vendor-model-ubuntu.hwdb -> 
-rw-r--r-- root:root /var/lib/systemd/catalog/database -> 
drwxr-xr-x root:root /etc/ld.so.conf.d -> 
drwxr-xr-x root:root /etc/udev/hwdb.d -> 
drwxr-xr-x root:root /usr/lib/systemd/catalog -> 
drwxr-xr-x root:root /usr/lib/udev/hwdb.d -> 
drwxr-xr-x root:root /usr/local/lib -> 
drwxr-xr-x root:root /usr/local/lib/python3.12 -> 
drwxr-xr-x root:root /usr/local/lib/python3.12/dist-packages -> 
drwxr-xr-x root:root /var/lib/systemd/catalog -> 

== attacker writable checks ==
uid=1001(attacker) gid=1001(attacker) groups=1001(attacker)
NO_W /etc/ld.so.conf.d
NO_W /usr/local
NO_W /usr/local/lib
MISSING /usr/local/lib/aarch64-linux-gnu
NO_W /usr/lib/systemd/catalog
MISSING /etc/systemd/catalog
MISSING /usr/local/lib/systemd/catalog
NO_W /var/lib/systemd/catalog
NO_W /var/lib/systemd/catalog/database
NO_W /var/log
NO_W /var/log/dmesg
NO_W /etc/locale.gen
NO_W /usr/share/i18n
NO_W /usr/share/i18n/SUPPORTED
NO_W /usr/local/share
MISSING /usr/local/share/i18n
MISSING /usr/local/share/i18n/SUPPORTED
NO_W /etc/udev/hwdb.d
NO_W /usr/lib/udev/hwdb.d
NO_W /usr/lib/udev/hwdb.bin
MISSING /etc/udev/hwdb.bin
MISSING /run/tmpfiles.d
MISSING /run/tmpfiles.d/static-nodes.conf
MISSING /lib/modules/6.10.14-linuxkit
MISSING /lib/modules/6.10.14-linuxkit/modules.devname
W /tmp
W /var/tmp

## attacker write, symlink, and direct helper attempts
$ docker exec -i ubuntu24-server-lpe-target runuser -u attacker -- bash -s
== write and symlink attempts into root cache/config inputs ==
write /etc/ld.so.conf.d/zz-system-cache-builders.conf -> bash: line 1: /etc/ld.so.conf.d/zz-system-cache-builders.conf: Permission denied
write /usr/local/lib/libsystem_cache_builders.so -> bash: line 1: /usr/local/lib/libsystem_cache_builders.so: Permission denied
mkdir /usr/local/lib/systemd/catalog -> mkdir: cannot create directory '/usr/local/lib/systemd': Permission denied
write /usr/local/lib/systemd/catalog/system-cache-builders.catalog -> bash: line 1: /usr/local/lib/systemd/catalog/system-cache-builders.catalog: No such file or directory
write /usr/lib/systemd/catalog/system-cache-builders.catalog -> bash: line 1: /usr/lib/systemd/catalog/system-cache-builders.catalog: Permission denied
mkdir /etc/systemd/catalog -> mkdir: cannot create directory '/etc/systemd/catalog': Permission denied
write /etc/systemd/catalog/system-cache-builders.catalog -> bash: line 1: /etc/systemd/catalog/system-cache-builders.catalog: No such file or directory
write /var/lib/systemd/catalog/database -> bash: line 1: /var/lib/systemd/catalog/database: Permission denied
write /var/log/dmesg -> bash: line 1: /var/log/dmesg: Permission denied
write /etc/locale.gen -> bash: line 1: /etc/locale.gen: Permission denied
mkdir /usr/local/share/i18n -> mkdir: cannot create directory '/usr/local/share/i18n': Permission denied
write /usr/local/share/i18n/SUPPORTED -> bash: line 1: /usr/local/share/i18n/SUPPORTED: No such file or directory
mkdir /usr/local/share/i18n/locales -> mkdir: cannot create directory '/usr/local/share/i18n': Permission denied
write /usr/local/share/i18n/locales/system_cache_builders -> bash: line 1: /usr/local/share/i18n/locales/system_cache_builders: No such file or directory
write /etc/udev/hwdb.d/90-system-cache-builders.hwdb -> bash: line 1: /etc/udev/hwdb.d/90-system-cache-builders.hwdb: Permission denied
write /usr/lib/udev/hwdb.d/90-system-cache-builders.hwdb -> bash: line 1: /usr/lib/udev/hwdb.d/90-system-cache-builders.hwdb: Permission denied
write /etc/udev/hwdb.bin -> bash: line 1: /etc/udev/hwdb.bin: Permission denied
write /usr/lib/udev/hwdb.bin -> bash: line 1: /usr/lib/udev/hwdb.bin: Permission denied
write /lib/modules/6.10.14-linuxkit/modules.devname -> bash: line 1: /lib/modules/6.10.14-linuxkit/modules.devname: No such file or directory
write /run/tmpfiles.d/static-nodes.conf -> bash: line 1: /run/tmpfiles.d/static-nodes.conf: No such file or directory
symlink /etc/ld.so.conf.d/zz-system-cache-builders.conf -> ln: failed to create symbolic link '/etc/ld.so.conf.d/zz-system-cache-builders.conf': Permission denied
symlink /var/lib/systemd/catalog/database -> ln: failed to create symbolic link '/var/lib/systemd/catalog/database': File exists
symlink /var/log/dmesg -> ln: failed to create symbolic link '/var/log/dmesg': File exists
symlink /etc/locale.gen -> ln: failed to create symbolic link '/etc/locale.gen': File exists
symlink /run/tmpfiles.d/static-nodes.conf -> ln: failed to create symbolic link '/run/tmpfiles.d/static-nodes.conf': No such file or directory

== attacker direct helper runs with hostile env ==
attacker_ldconfig_rc=0
attacker_journalctl_catalog_rc=0
attacker_savelog_rc=0
Generating locales (this might take a while)...
Generation complete.
attacker_locale_gen_rc=0
attacker_hwdb_rc=0
attacker_kmod_rc=0

== helper hits from direct attacker runs ==
ldconfig uid=1001 euid=1001 args=-n /home/attacker/system_cache_builders_probe/lib
uid=1001(attacker) gid=1001(attacker) groups=1001(attacker)
journalctl uid=1001 euid=1001 args=--update-catalog --root=/home/attacker/system_cache_builders_probe
uid=1001(attacker) gid=1001(attacker) groups=1001(attacker)
savelog uid=1001 euid=1001 args=-m640 -q -p -n -c 2 /home/attacker/system_cache_builders_probe/log/dmesg
uid=1001(attacker) gid=1001(attacker) groups=1001(attacker)
systemd-hwdb uid=1001 euid=1001 args=update --root=/home/attacker/system_cache_builders_probe
uid=1001(attacker) gid=1001(attacker) groups=1001(attacker)
kmod uid=1001 euid=1001 args=static-nodes --format=tmpfiles --output=/home/attacker/system_cache_builders_probe/static-nodes.conf
uid=1001(attacker) gid=1001(attacker) groups=1001(attacker)

## attacker attempts to trigger default root units
$ docker exec -i ubuntu24-server-lpe-target runuser -u attacker -- bash -s
### systemctl start ldconfig.service as uid1001
Failed to start ldconfig.service: Interactive authentication required.
See system logs and 'systemctl status ldconfig.service' for details.
rc=1
### systemctl start systemd-journal-catalog-update.service as uid1001
Failed to start systemd-journal-catalog-update.service: Interactive authentication required.
See system logs and 'systemctl status systemd-journal-catalog-update.service' for details.
rc=1
### systemctl start dmesg.service as uid1001
Failed to start dmesg.service: Interactive authentication required.
See system logs and 'systemctl status dmesg.service' for details.
rc=1
### systemctl start systemd-update-done.service as uid1001
Failed to start systemd-update-done.service: Interactive authentication required.
See system logs and 'systemctl status systemd-update-done.service' for details.
rc=1
### systemctl start systemd-hwdb-update.service as uid1001
Failed to start systemd-hwdb-update.service: Interactive authentication required.
See system logs and 'systemctl status systemd-hwdb-update.service' for details.
rc=1
### systemctl start kmod-static-nodes.service as uid1001
Failed to start kmod-static-nodes.service: Interactive authentication required.
See system logs and 'systemctl status kmod-static-nodes.service' for details.
rc=1

== attempts to poison root systemd environment ==
Failed to set environment: Access denied
setenv_path_rc=1
Failed to import environment: Access denied
importenv_rc=1

## root-triggered checks after hostile attacker state
$ docker exec -i ubuntu24-server-lpe-target bash -s
== root environment ==
LANG=C.UTF-8
PATH=/usr/local/sbin:/usr/local/bin:/usr/sbin:/usr/bin:/snap/bin
root PATH=/usr/local/sbin:/usr/local/bin:/usr/sbin:/usr/bin:/sbin:/bin TMPDIR=

== backup /var/log/dmesg ==
backup -rw-r----- 640 root:adm 41980 /tmp/system_cache_builders_probe.dmesg.backup

== direct default-root helper executions ==
root_ldconfig_rc=0
root_journalctl_catalog_rc=0
root_savelog_rc=0
Generating locales (this might take a while)...
Generation complete.
root_locale_gen_rc=0
root_hwdb_rc=0
Warning: /lib/modules/6.10.14-linuxkit/modules.devname not found - ignoring
root_kmod_rc=0

== default root unit starts ==
### root systemctl start ldconfig.service
rc=0
Result=success
ActiveState=active
SubState=exited
ConditionResult=yes
### root systemctl start systemd-journal-catalog-update.service
rc=0
Result=success
ActiveState=active
SubState=exited
ConditionResult=yes
### root systemctl start dmesg.service
rc=0
Result=success
ActiveState=active
SubState=start-post
ConditionResult=yes
### root systemctl start systemd-update-done.service
rc=0
Result=success
ActiveState=active
SubState=exited
ConditionResult=yes
### root systemctl start systemd-hwdb-update.service
rc=0
Result=success
ActiveState=inactive
SubState=dead
ConditionResult=no
### root systemctl start kmod-static-nodes.service
rc=0
Result=success
ActiveState=inactive
SubState=dead
ConditionResult=no

== root payload check ==
NO_HELPER_HITS_AFTER_ROOT
NO_ROOT_MARKER

## cleanup after probe and health check
$ docker exec -i ubuntu24-server-lpe-target bash -s
== remaining probe files ==
== health ==
running
0
