## target and package proof
uid=0(root) gid=0(root) groups=0(root)
uid=1001(attacker) gid=1001(attacker) groups=1001(attacker)
PRETTY_NAME="Ubuntu 24.04.4 LTS"
NAME="Ubuntu"
VERSION_ID="24.04"
VERSION="24.04.4 LTS (Noble Numbat)"
VERSION_CODENAME=noble
ID=ubuntu
ID_LIKE=debian
HOME_URL="https://www.ubuntu.com/"
Linux 4f5b414436ae 6.10.14-linuxkit #1 SMP Sat May 17 08:28:57 UTC 2025 aarch64 aarch64 aarch64 GNU/Linux
libsystemd0:arm64	255.4-1ubuntu8.15	ii 
systemd	255.4-1ubuntu8.15	ii 
systemd: /usr/lib/systemd/systemd-pcrextend
systemd: /usr/lib/systemd/systemd-pcrlock
systemd: /usr/lib/systemd/systemd-pstore
systemd: /usr/lib/systemd/systemd-storagetm
## unit proof
UNIT FILE                                    STATE    PRESET
systemd-pcrextend@.service                   static   -
systemd-pcrlock-file-system.service          disabled enabled
systemd-pcrlock-firmware-code.service        disabled enabled
systemd-pcrlock-firmware-config.service      disabled enabled
systemd-pcrlock-machine-id.service           disabled enabled
systemd-pcrlock-make-policy.service          disabled enabled
systemd-pcrlock-secureboot-authority.service disabled enabled
systemd-pcrlock-secureboot-policy.service    disabled enabled
systemd-pcrmachine.service                   static   -
systemd-pstore.service                       enabled  enabled
systemd-storagetm.service                    static   -
systemd-tpm2-setup.service                   static   -
systemd-pcrextend.socket                     disabled enabled

13 unit files listed.
# /usr/lib/systemd/system/systemd-pstore.service
#  SPDX-License-Identifier: LGPL-2.1-or-later
#
#  This file is part of systemd.
#
#  systemd is free software; you can redistribute it and/or modify it
#  under the terms of the GNU Lesser General Public License as published by
#  the Free Software Foundation; either version 2.1 of the License, or
#  (at your option) any later version.

[Unit]
Description=Platform Persistent Storage Archival
Documentation=man:systemd-pstore(8)
ConditionDirectoryNotEmpty=/sys/fs/pstore
ConditionVirtualization=!container
DefaultDependencies=no
Conflicts=shutdown.target
Before=sysinit.target shutdown.target
After=modprobe@efi_pstore.service
Wants=modprobe@efi_pstore.service

[Service]
Type=oneshot
ExecStart=/usr/lib/systemd/systemd-pstore
RemainAfterExit=yes
StateDirectory=systemd/pstore

[Install]
WantedBy=sysinit.target

# /usr/lib/systemd/system/systemd-pcrextend.socket
#  SPDX-License-Identifier: LGPL-2.1-or-later
#
#  This file is part of systemd.
#
#  systemd is free software; you can redistribute it and/or modify it
#  under the terms of the GNU Lesser General Public License as published by
#  the Free Software Foundation; either version 2.1 of the License, or
#  (at your option) any later version.

[Unit]
Description=TPM2 PCR Extension (Varlink)
Documentation=man:systemd-pcrextend(8)
DefaultDependencies=no
Before=sockets.target
ConditionSecurity=measured-uki

[Socket]
ListenStream=/run/systemd/io.systemd.PCRExtend
FileDescriptorName=varlink
SocketMode=0600
Accept=yes

[Install]
WantedBy=sockets.target

# /usr/lib/systemd/system/systemd-pcrextend@.service
#  SPDX-License-Identifier: LGPL-2.1-or-later
#
#  This file is part of systemd.
#
#  systemd is free software; you can redistribute it and/or modify it
#  under the terms of the GNU Lesser General Public License as published by
#  the Free Software Foundation; either version 2.1 of the License, or
#  (at your option) any later version.

[Unit]
Description=TPM2 PCR Extension (Varlink)
Documentation=man:systemd-pcrphase.service(8)
DefaultDependencies=no
Conflicts=shutdown.target initrd-switch-root.target
Before=shutdown.target initrd-switch-root.target

[Service]
Environment=LISTEN_FDNAMES=varlink
ExecStart=-/usr/lib/systemd/systemd-pcrextend

# /usr/lib/systemd/system/systemd-storagetm.service
#  SPDX-License-Identifier: LGPL-2.1-or-later
#
#  This file is part of systemd.
#
#  systemd is free software; you can redistribute it and/or modify it
#  under the terms of the GNU Lesser General Public License as published by
#  the Free Software Foundation; either version 2.1 of the License, or
#  (at your option) any later version.

[Unit]
Description=Storage Target Mode (NVMe-TCP)
Documentation=man:systemd-storagetm.service(8)
ConditionVirtualization=!container
DefaultDependencies=no
Wants=modprobe@nvmet_tcp.service modprobe@thunderbolt_net.service sys-kernel-config.mount
After=modprobe@nvmet_tcp.service modprobe@thunderbolt_net.service sys-kernel-config.mount plymouth-start.service
Conflicts=shutdown.target
Before=shutdown.target
FailureAction=reboot
SuccessAction=reboot

[Service]
Type=notify
RemainAfterExit=yes
StandardInput=tty
StandardOutput=tty
ExecStart=/usr/lib/systemd/systemd-storagetm --all

# /usr/lib/systemd/system/systemd-tpm2-setup.service
#  SPDX-License-Identifier: LGPL-2.1-or-later
#
#  This file is part of systemd.
#
#  systemd is free software; you can redistribute it and/or modify it
#  under the terms of the GNU Lesser General Public License as published by
#  the Free Software Foundation; either version 2.1 of the License, or
#  (at your option) any later version.

[Unit]
Description=TPM2 SRK Setup
Documentation=man:systemd-tpm2-setup.service(8)
DefaultDependencies=no
Conflicts=shutdown.target
After=systemd-tpm2-setup-early.service systemd-remount-fs.service
Before=sysinit.target shutdown.target
RequiresMountsFor=/var/lib/systemd/tpm2-srk-public-key.pem
ConditionSecurity=measured-uki
ConditionPathExists=!/etc/initrd-release

[Service]
Type=oneshot
RemainAfterExit=yes
ExecStart=/usr/lib/systemd/systemd-tpm2-setup

# /usr/lib/systemd/system/systemd-pcrmachine.service
#  SPDX-License-Identifier: LGPL-2.1-or-later
#
#  This file is part of systemd.
#
#  systemd is free software; you can redistribute it and/or modify it
#  under the terms of the GNU Lesser General Public License as published by
#  the Free Software Foundation; either version 2.1 of the License, or
#  (at your option) any later version.

[Unit]
Description=TPM2 PCR Machine ID Measurement
Documentation=man:systemd-pcrmachine.service(8)
DefaultDependencies=no
Conflicts=shutdown.target
Before=sysinit.target shutdown.target
ConditionPathExists=!/etc/initrd-release
ConditionSecurity=measured-uki

[Service]
Type=oneshot
RemainAfterExit=yes
ExecStart=/usr/lib/systemd/systemd-pcrextend --graceful --machine-id
--- systemd-pstore.service
ExecStart={ path=/usr/lib/systemd/systemd-pstore ; argv[]=/usr/lib/systemd/systemd-pstore ; ignore_errors=no ; start_time=[n/a] ; stop_time=[n/a] ; pid=0 ; code=(null) ; status=0/0 }
LoadState=loaded
ActiveState=inactive
SubState=dead
FragmentPath=/usr/lib/systemd/system/systemd-pstore.service
UnitFileState=enabled
ConditionResult=no
--- systemd-pcrextend.socket
Listen=/run/systemd/io.systemd.PCRExtend (Stream)
LoadState=loaded
ActiveState=inactive
SubState=dead
FragmentPath=/usr/lib/systemd/system/systemd-pcrextend.socket
UnitFileState=disabled
ConditionResult=no
--- systemd-pcrextend@foo.service
ExecStart={ path=/usr/lib/systemd/systemd-pcrextend ; argv[]=/usr/lib/systemd/systemd-pcrextend ; ignore_errors=yes ; start_time=[n/a] ; stop_time=[n/a] ; pid=0 ; code=(null) ; status=0/0 }
LoadState=loaded
ActiveState=inactive
SubState=dead
FragmentPath=/usr/lib/systemd/system/systemd-pcrextend@.service
UnitFileState=static
ConditionResult=no
--- systemd-pcrlock-file-system.service
ExecStart={ path=/usr/lib/systemd/systemd-pcrlock ; argv[]=/usr/lib/systemd/systemd-pcrlock lock-file-system ; ignore_errors=no ; start_time=[n/a] ; stop_time=[n/a] ; pid=0 ; code=(null) ; status=0/0 }
LoadState=loaded
ActiveState=inactive
SubState=dead
FragmentPath=/usr/lib/systemd/system/systemd-pcrlock-file-system.service
UnitFileState=disabled
ConditionResult=no
--- systemd-pcrlock-machine-id.service
ExecStart={ path=/usr/lib/systemd/systemd-pcrlock ; argv[]=/usr/lib/systemd/systemd-pcrlock lock-machine-id ; ignore_errors=no ; start_time=[n/a] ; stop_time=[n/a] ; pid=0 ; code=(null) ; status=0/0 }
LoadState=loaded
ActiveState=inactive
SubState=dead
FragmentPath=/usr/lib/systemd/system/systemd-pcrlock-machine-id.service
UnitFileState=disabled
ConditionResult=no
--- systemd-storagetm.service
ExecStart={ path=/usr/lib/systemd/systemd-storagetm ; argv[]=/usr/lib/systemd/systemd-storagetm --all ; ignore_errors=no ; start_time=[n/a] ; stop_time=[n/a] ; pid=0 ; code=(null) ; status=0/0 }
LoadState=loaded
ActiveState=inactive
SubState=dead
FragmentPath=/usr/lib/systemd/system/systemd-storagetm.service
UnitFileState=static
ConditionResult=no
--- systemd-tpm2-setup.service
ExecStart={ path=/usr/lib/systemd/systemd-tpm2-setup ; argv[]=/usr/lib/systemd/systemd-tpm2-setup ; ignore_errors=no ; start_time=[n/a] ; stop_time=[n/a] ; pid=0 ; code=(null) ; status=0/0 }
LoadState=loaded
ActiveState=inactive
SubState=dead
FragmentPath=/usr/lib/systemd/system/systemd-tpm2-setup.service
UnitFileState=static
ConditionResult=no
--- systemd-pcrmachine.service
ExecStart={ path=/usr/lib/systemd/systemd-pcrextend ; argv[]=/usr/lib/systemd/systemd-pcrextend --graceful --machine-id ; ignore_errors=no ; start_time=[n/a] ; stop_time=[n/a] ; pid=0 ; code=(null) ; status=0/0 }
LoadState=loaded
ActiveState=inactive
SubState=dead
FragmentPath=/usr/lib/systemd/system/systemd-pcrmachine.service
UnitFileState=static
ConditionResult=no
## filesystem proof
-rwxr-xr-x 755 root:root /usr/lib/systemd/systemd-pstore type=regular file
-rwxr-xr-x 755 root:root /usr/lib/systemd/systemd-pcrextend type=regular file
-rwxr-xr-x 755 root:root /usr/lib/systemd/systemd-pcrlock type=regular file
-rwxr-xr-x 755 root:root /usr/lib/systemd/systemd-storagetm type=regular file
-rwxr-xr-x 755 root:root /usr/lib/systemd/systemd-tpm2-setup type=regular file
dr-xr-xr-x 555 root:root /sys/fs/pstore type=directory
drwxr-xr-x 755 root:root /var/lib/systemd/pstore type=directory
MISSING /var/lib/systemd/pcrlock
MISSING /var/lib/systemd/tpm2-srk-public-key.pem
MISSING /run/systemd/io.systemd.PCRExtend
drwxr-xr-x 755 root:root /run/systemd type=directory
drwxr-xr-x 755 root:root /run/systemd/system type=directory
MISSING /etc/systemd/pcrlock.d
drwxr-xr-x 755 root:root /usr/lib/pcrlock.d type=directory
    17319      0 dr-xr-xr-x   2 root     root            0 May 16 15:18 /sys/fs/pstore
 19015326      4 drwxr-xr-x   2 root     root         4096 May 16 10:22 /var/lib/systemd/pstore
        3      0 drwxr-xr-x  21 root     root          540 May 16 18:07 /run/systemd
        4      0 drwxr-xr-x   3 root     root           80 May 16 18:04 /run/systemd/system
       28      0 drwxr-xr-x   2 root     root           60 May 16 18:04 /run/systemd/system/systemd-networkd.service.wants
     7256      4 -rw-r--r--   1 root     root          337 May 16 18:04 /run/systemd/system/netplan-ovs-cleanup.service
        5      0 dr-xr-xr-x   2 root     root           40 May 16 15:18 /run/systemd/mount-rootfs
        7      0 drwxr-xr-x   3 root     root          160 May 16 15:18 /run/systemd/inaccessible
        8      0 ----------   1 root     root            0 May 16 15:18 /run/systemd/inaccessible/reg
        9      0 d---------   2 root     root           40 May 16 15:18 /run/systemd/inaccessible/dir
       10      0 p---------   1 root     root            0 May 16 15:18 /run/systemd/inaccessible/fifo
       11      0 s---------   1 root     root            0 May 16 15:18 /run/systemd/inaccessible/sock
       12      0 c---------   1 root     root       0,   0 May 16 15:18 /run/systemd/inaccessible/chr
       13      0 b---------   1 root     root       0,   0 May 16 15:18 /run/systemd/inaccessible/blk
       14      0 drwxr-xr-x   8 root     root          160 May 16 18:07 /run/systemd/propagate
       15      0 drwxr-xr-x   2 root     root           60 May 16 15:18 /run/systemd/propagate/.os-release-stage
      121      0 drw-------   2 root     root           40 May 16 15:18 /run/systemd/propagate/systemd-udevd.service
      635      0 drw-------   2 root     root           40 May 16 15:18 /run/systemd/propagate/polkit.service
      639      0 drw-------   2 root     root           40 May 16 15:18 /run/systemd/propagate/systemd-logind.service
      730      0 drw-------   2 root     root           40 May 16 15:26 /run/systemd/propagate/uuidd.service
     7329      0 drw-------   2 root     root           40 May 16 18:07 /run/systemd/propagate/systemd-resolved.service
       17      0 drwxr-xr-x   2 root     root         1000 May 16 18:10 /run/systemd/units
       50      0 lrwxrwxrwx   1 root     root           32 May 16 15:18 /run/systemd/units/invocation:dev-hugepages.mount -> 86bb0d3c9a374be8b7eb2390aada45e3
       51      0 lrwxrwxrwx   1 root     root           32 May 16 15:18 /run/systemd/units/invocation:sys-kernel-debug.mount -> 2a0a8fd063924048ba4846e63921c410
       52      0 lrwxrwxrwx   1 root     root           32 May 16 15:18 /run/systemd/units/invocation:sys-kernel-tracing.mount -> 6651446e24564c38acbf8f3406152053
       53      0 lrwxrwxrwx   1 root     root           32 May 16 15:18 /run/systemd/units/invocation:systemd-journald.service -> e026dca1de50472682e5bbc09ac305e0
       54      0 lrwxrwxrwx   1 root     root           32 May 16 15:18 /run/systemd/units/invocation:keyboard-setup.service -> 9fc0fedfab0347a39023ae4971a06588
       62      0 lrwxrwxrwx   1 root     root           32 May 16 15:18 /run/systemd/units/invocation:systemd-modules-load.service -> c1cd937911644f889a656933404be558
       63      0 lrwxrwxrwx   1 root     root           32 May 16 15:18 /run/systemd/units/invocation:systemd-remount-fs.service -> 52613e4cd6384ca994786273286178fe
       64      0 lrwxrwxrwx   1 root     root           32 May 16 15:18 /run/systemd/units/invocation:systemd-tmpfiles-setup-dev-early.service -> dbdf5653e994425ba3bab3c9787e36c5
       65      0 lrwxrwxrwx   1 root     root           32 May 16 15:18 /run/systemd/units/invocation:systemd-udev-trigger.service -> 83eebe30d66245ccb4181f7b52c14858
       67      0 lrwxrwxrwx   1 root     root           32 May 16 15:18 /run/systemd/units/invocation:sys-fs-fuse-connections.mount -> 199f7d2dc8aa4c888ab71fb2863eb2fb
       68      0 lrwxrwxrwx   1 root     root           32 May 16 15:18 /run/systemd/units/invocation:sys-kernel-config.mount -> a35dd6a20b714f11b04c4f675846c513
       69      0 lrwxrwxrwx   1 root     root           32 May 16 15:18 /run/systemd/units/invocation:systemd-sysctl.service -> 7cc17bd44a3e43bab9dbae124f595e48
       96      0 lrwxrwxrwx   1 root     root           32 May 16 15:18 /run/systemd/units/invocation:systemd-journal-flush.service -> 297e0cb950ef42d6b7638e3eb5784f29
       97      0 lrwxrwxrwx   1 root     root           32 May 16 15:18 /run/systemd/units/invocation:systemd-sysusers.service -> 0be0f31d31234cb384938e23547bb34f
      101      0 lrwxrwxrwx   1 root     root           32 May 16 15:18 /run/systemd/units/invocation:systemd-tmpfiles-setup-dev.service -> 487ac224d9d34b49b93332850513a86f
      106      0 lrwxrwxrwx   1 root     root           32 May 16 15:18 /run/systemd/units/invocation:console-setup.service -> 07f30251051f4b15bcbb3f30a1e7af02
      107      0 lrwxrwxrwx   1 root     root           32 May 16 15:18 /run/systemd/units/invocation:finalrd.service -> 24705c7d9dd14af58c9513c81fac1a40
      108      0 lrwxrwxrwx   1 root     root           32 May 16 15:18 /run/systemd/units/invocation:ldconfig.service -> f8e9bd0652474a7f9557763307e0915a
      109      0 lrwxrwxrwx   1 root     root           32 May 16 15:18 /run/systemd/units/invocation:plymouth-read-write.service -> cdfe8095cd2b460d830d23baa3ecdefb
      114      0 lrwxrwxrwx   1 root     root           32 May 16 15:18 /run/systemd/units/invocation:systemd-binfmt.service -> e06ef8dd78ff4bbd967e5b41038d1208
      115      0 lrwxrwxrwx   1 root     root           32 May 16 15:18 /run/systemd/units/invocation:systemd-tmpfiles-setup.service -> fde1c158e6544756a3bb5bb1a20bcee8
      116      0 lrwxrwxrwx   1 root     root           32 May 16 15:18 /run/systemd/units/invocation:systemd-udevd.service -> b848afa6096844a28b9c9b02c031e499
      118      0 lrwxrwxrwx   1 root     root           32 May 16 15:18 /run/systemd/units/invocation:ufw.service -> 157940d0520d4fbd98e3fa030a7209a2
      127      0 lrwxrwxrwx   1 root     root           32 May 16 15:18 /run/systemd/units/invocation:proc-sys-fs-binfmt_misc.mount -> 128e4f1bc5864a0ba1b2ae5bf9f54c1f
      150      0 lrwxrwxrwx   1 root     root           32 May 16 15:18 /run/systemd/units/invocation:systemd-journal-catalog-update.service -> 0d483b64a19448f2bd46e265440dae5f
      153      0 lrwxrwxrwx   1 root     root           32 May 16 15:18 /run/systemd/units/invocation:systemd-update-utmp.service -> 1a6646bdc6de43498bbc19224c52b63e
      600      0 lrwxrwxrwx   1 root     root           32 May 16 15:18 /run/systemd/units/invocation:systemd-update-done.service -> 681c4ffae3a348249d953efbd32c4d4e
      609      0 lrwxrwxrwx   1 root     root           32 May 16 15:18 /run/systemd/units/invocation:cron.service -> 73a44586d868458fb7ae12039959062d
      610      0 lrwxrwxrwx   1 root     root           32 May 16 15:18 /run/systemd/units/invocation:dbus.service -> 25d5fe26cb654b849c7bece438fdeaf9
      621      0 lrwxrwxrwx   1 root     root           32 May 16 15:18 /run/systemd/units/invocation:polkit.service -> df212748bbad46c6880c173666d72460
      622      0 lrwxrwxrwx   1 root     root           32 May 16 15:18 /run/systemd/units/invocation:rsyslog.service -> 4b9c020a53bd455e8f5429aa7ad24121
      623      0 lrwxrwxrwx   1 root     root           32 May 16 15:18 /run/systemd/units/invocation:snapd.seeded.service -> a878562228e74f2f9f76f8d7150fab6e
      625      0 lrwxrwxrwx   1 root     root           32 May 16 15:18 /run/systemd/units/invocation:sysstat.service -> 3946f169018a4f3180ef44e3cb749924
      628      0 lrwxrwxrwx   1 root     root           32 May 16 15:18 /run/systemd/units/invocation:systemd-logind.service -> b20c499bfa71462e8d3b2b0698e3c30a
      630      0 lrwxrwxrwx   1 root     root           32 May 16 15:18 /run/systemd/units/invocation:systemd-user-sessions.service -> 52e482a2d3e243758adf6084544cc52b
      644      0 lrwxrwxrwx   1 root     root           32 May 16 15:18 /run/systemd/units/invocation:plymouth-quit-wait.service -> d62d9ca90bcd43d09bb52da38a8ba07a
      645      0 lrwxrwxrwx   1 root     root           32 May 16 15:18 /run/systemd/units/invocation:plymouth-quit.service -> 24547edbce0744d797f36d8e28f76251
      648      0 lrwxrwxrwx   1 root     root           32 May 16 15:18 /run/systemd/units/invocation:setvtrgb.service -> a8ea1139387549a59914d1d218fca242
      669      0 lrwxrwxrwx   1 root     root           32 May 16 15:18 /run/systemd/units/invocation:unattended-upgrades.service -> 66ea6b749fbb4453bf0ca20f7fd71170
      728      0 lrwxrwxrwx   1 root     root           32 May 16 15:26 /run/systemd/units/invocation:uuidd.service -> 96f857e56990465daf2f705ea21c6420
     3957      0 lrwxrwxrwx   1 root     root           32 May 16 16:43 /run/systemd/units/invocation:udisks2.service -> 479367abde954311955fb6dc995ac8c2
     4099      0 lrwxrwxrwx   1 root     root           32 May 16 16:51 /run/systemd/units/invocation:getty@tty2.service -> 67e797f75c9b464daccd1aeff66eab73
     4134      0 lrwxrwxrwx   1 root     root           32 May 16 16:52 /run/systemd/units/invocation:getty@tty3.service -> 77ffb181d2554636b8d0c3e61cef6ddd
     4197      0 lrwxrwxrwx   1 root     root           32 May 16 16:52 /run/systemd/units/invocation:getty@tty4.service -> bc43ce6210ad4b05929e91ae388e6fa7
     4243      0 lrwxrwxrwx   1 root     root           32 May 16 16:52 /run/systemd/units/invocation:getty@tty5.service -> 456fbc23c72641568214fbba41757c48
     5202      0 lrwxrwxrwx   1 root     root           32 May 16 16:56 /run/systemd/units/invocation:getty@tty6.service -> 7cfb82fecb7342c488f977dbecfb4c72
     6390      0 lrwxrwxrwx   1 root     root           32 May 16 17:15 /run/systemd/units/invocation:getty@tty1.service -> 8918363239624aa4bba4bbc89302c623
     7326      0 lrwxrwxrwx   1 root     root           32 May 16 18:07 /run/systemd/units/invocation:systemd-resolved.service -> 9766e7a0a76b41d7b5bb06d27a41df40
       18      0 -rw-r--r--   1 root     root            0 May 16 15:18 /run/systemd/show-status
       31      0 srwxrwxrwx   1 root     root            0 May 16 15:18 /run/systemd/notify
       32      0 srwx------   1 root     root            0 May 16 15:18 /run/systemd/private
       33      0 drwxr-xr-x   2 root     root           60 May 16 15:18 /run/systemd/userdb
       34      0 srw-rw-rw-   1 root     root            0 May 16 15:18 /run/systemd/userdb/io.systemd.DynamicUser
       35      0 srw-rw-rw-   1 root     root            0 May 16 15:18 /run/systemd/io.systemd.ManagedOOM
       36      0 -r--r--r--   1 root     root            0 May 16 18:04 /run/systemd/systemd-units-load
       37      0 drwxr-xr-x   2 root     root           40 May 16 15:18 /run/systemd/ask-password
       42      0 drwxr-xr-x   3 root     root          240 May 16 16:40 /run/systemd/journal
       43      0 srw-rw-rw-   1 root     root            0 May 16 15:18 /run/systemd/journal/syslog
       45      0 srw-rw-rw-   1 root     root            0 May 16 15:18 /run/systemd/journal/dev-log
       46      0 srw-rw-rw-   1 root     root            0 May 16 15:18 /run/systemd/journal/socket
       47      0 srw-rw-rw-   1 root     root            0 May 16 15:18 /run/systemd/journal/stdout
       71      0 srw-------   1 root     root            0 May 16 15:18 /run/systemd/journal/io.systemd.journal
       72      4 -rw-r--r--   1 root     root           24 May 16 15:18 /run/systemd/journal/seqnum
       73      4 -rw-r--r--   1 root     root            8 May 16 15:18 /run/systemd/journal/kernel-seqnum
       78      0 drwxr-xr-x   2 root     root          260 May 16 18:10 /run/systemd/journal/streams
      102      0 -rw-r--r--   1 root     root            0 May 16 15:18 /run/systemd/journal/flushed
     2785      4 -rw-r--r--   1 root     root           11 May 16 16:40 /run/systemd/journal/rotated
      105      0 srw-------   1 root     root            0 May 16 15:18 /run/systemd/io.systemd.sysext
      124      0 drwxr-xr-x   2 root     root           40 May 16 15:18 /run/systemd/incoming
      138      0 drwxr-xr-x   5 systemd-network systemd-network      100 May 16 15:18 /run/systemd/netif
      139      0 drwxr-xr-x   2 systemd-network systemd-network       40 May 16 15:18 /run/systemd/netif/links
      140      0 drwxr-xr-x   2 systemd-network systemd-network       40 May 16 15:18 /run/systemd/netif/leases
      141      0 drwxr-xr-x   2 systemd-network systemd-network       40 May 16 15:18 /run/systemd/netif/lldp
      145      0 drwxr-xr-x   2 root            root                  60 May 16 17:18 /run/systemd/seats
     6505      4 -rw-r--r--   1 root            root                 117 May 16 17:18 /run/systemd/seats/seat0
      146      0 drwxr-xr-x   2 root            root                  40 May 16 17:31 /run/systemd/sessions
      147      0 drwxr-xr-x   2 root            root                  40 May 16 18:07 /run/systemd/users
      148      0 drwxr-xr-x   2 root            root                  40 May 16 15:18 /run/systemd/machines
      149      0 drwxr-xr-x   2 root            root                  40 May 16 15:20 /run/systemd/shutdown
      155      0 drwxr-xr-x   2 systemd-resolve systemd-resolve      120 May 16 18:10 /run/systemd/resolve
     7336      4 -rw-r--r--   1 systemd-resolve systemd-resolve      920 May 16 18:07 /run/systemd/resolve/stub-resolv.conf
     7335      4 -rw-r--r--   1 systemd-resolve systemd-resolve      787 May 16 18:07 /run/systemd/resolve/resolv.conf
     7333      0 srw-rw-rw-   1 systemd-resolve systemd-resolve        0 May 16 18:07 /run/systemd/resolve/io.systemd.Resolve
     7334      0 srw-------   1 systemd-resolve systemd-resolve        0 May 16 18:07 /run/systemd/resolve/io.systemd.Resolve.Monitor
      638      0 drwxr-xr-x   2 root            root                  80 May 16 17:01 /run/systemd/inhibit
      674      0 prw-------   1 root            root                   0 May 16 15:18 /run/systemd/inhibit/1.ref
      675      4 -rw-r--r--   1 root            root                 204 May 16 15:18 /run/systemd/inhibit/1
      692      0 drwxr-xr-x   2 root            root                  40 May 16 17:31 /run/systemd/transient
     7252      0 drwxr-xr-x   4 root            root                 120 May 16 18:04 /run/systemd/generator
     7255      4 -rw-r--r--   1 root            root                 239 May 16 18:04 /run/systemd/generator/snap.mount
     7258      0 -rw-r--r--   1 root            root                   0 May 16 18:04 /run/systemd/generator/netplan.stamp
     7259      0 drwxr-xr-x   2 root            root                  60 May 16 18:04 /run/systemd/generator/local-fs.target.wants
     7261      0 drwxr-xr-x   2 root            root                  60 May 16 18:04 /run/systemd/generator/getty.target.wants
## attacker write and replacement attempts
### attacker: 
id
mkdir -p "$HOME/systemd_pcr_pstore_probe"
for p in /sys/fs/pstore/attacker /var/lib/systemd/pstore/attacker /var/lib/systemd/pcrlock/attacker /run/systemd/io.systemd.PCRExtend /run/systemd/system/systemd-pstore.service.d/probe.conf /etc/systemd/pcrlock.d/probe.conf /usr/lib/pcrlock.d/probe.conf; do
  echo "--- $p"
  mkdir -p "$(dirname "$p")" 2>/tmp/systemd_pcr_pstore_mkdir.err || true
  ln -sf /root/systemd_pcr_pstore_lpe_marker "$p" 2>/tmp/systemd_pcr_pstore_link.err
  echo "link_rc=$? err=$(cat /tmp/systemd_pcr_pstore_link.err 2>/dev/null)"
  printf owned > "$p" 2>/tmp/systemd_pcr_pstore_write.err
  echo "write_rc=$? err=$(cat /tmp/systemd_pcr_pstore_write.err 2>/dev/null)"
done

uid=1001(attacker) gid=1001(attacker) groups=1001(attacker)
--- /sys/fs/pstore/attacker
link_rc=1 err=ln: failed to create symbolic link '/sys/fs/pstore/attacker': No such file or directory
bash: line 9: /sys/fs/pstore/attacker: No such file or directory
write_rc=1 err=
--- /var/lib/systemd/pstore/attacker
link_rc=1 err=ln: failed to create symbolic link '/var/lib/systemd/pstore/attacker': Permission denied
bash: line 9: /var/lib/systemd/pstore/attacker: Permission denied
write_rc=1 err=
--- /var/lib/systemd/pcrlock/attacker
link_rc=1 err=ln: failed to create symbolic link '/var/lib/systemd/pcrlock/attacker': No such file or directory
bash: line 9: /var/lib/systemd/pcrlock/attacker: No such file or directory
write_rc=1 err=
--- /run/systemd/io.systemd.PCRExtend
link_rc=1 err=ln: failed to create symbolic link '/run/systemd/io.systemd.PCRExtend': Permission denied
bash: line 9: /run/systemd/io.systemd.PCRExtend: Permission denied
write_rc=1 err=
--- /run/systemd/system/systemd-pstore.service.d/probe.conf
link_rc=1 err=ln: failed to create symbolic link '/run/systemd/system/systemd-pstore.service.d/probe.conf': No such file or directory
bash: line 9: /run/systemd/system/systemd-pstore.service.d/probe.conf: No such file or directory
write_rc=1 err=
--- /etc/systemd/pcrlock.d/probe.conf
link_rc=1 err=ln: failed to create symbolic link '/etc/systemd/pcrlock.d/probe.conf': No such file or directory
bash: line 9: /etc/systemd/pcrlock.d/probe.conf: No such file or directory
write_rc=1 err=
--- /usr/lib/pcrlock.d/probe.conf
link_rc=1 err=ln: failed to create symbolic link '/usr/lib/pcrlock.d/probe.conf': Permission denied
bash: line 9: /usr/lib/pcrlock.d/probe.conf: Permission denied
write_rc=1 err=
rc=0
## attacker service/socket start attempts
### attacker: 
for u in systemd-pstore.service systemd-pcrextend.socket systemd-pcrlock-file-system.service systemd-pcrlock-machine-id.service systemd-tpm2-setup.service systemd-pcrmachine.service systemd-storagetm.service; do
  echo "--- start $u"
  systemctl start "$u" 2>&1
  echo start_rc=$?
done

--- start systemd-pstore.service
Failed to start systemd-pstore.service: Interactive authentication required.
See system logs and 'systemctl status systemd-pstore.service' for details.
start_rc=1
--- start systemd-pcrextend.socket
Failed to start systemd-pcrextend.socket: Interactive authentication required.
See system logs and 'systemctl status systemd-pcrextend.socket' for details.
start_rc=1
--- start systemd-pcrlock-file-system.service
Failed to start systemd-pcrlock-file-system.service: Interactive authentication required.
See system logs and 'systemctl status systemd-pcrlock-file-system.service' for details.
start_rc=1
--- start systemd-pcrlock-machine-id.service
Failed to start systemd-pcrlock-machine-id.service: Interactive authentication required.
See system logs and 'systemctl status systemd-pcrlock-machine-id.service' for details.
start_rc=1
--- start systemd-tpm2-setup.service
Failed to start systemd-tpm2-setup.service: Interactive authentication required.
See system logs and 'systemctl status systemd-tpm2-setup.service' for details.
start_rc=1
--- start systemd-pcrmachine.service
Failed to start systemd-pcrmachine.service: Interactive authentication required.
See system logs and 'systemctl status systemd-pcrmachine.service' for details.
start_rc=1
--- start systemd-storagetm.service
Failed to start systemd-storagetm.service: Interactive authentication required.
See system logs and 'systemctl status systemd-storagetm.service' for details.
start_rc=1
rc=0
## root condition check for low-risk socket/service
### root: systemctl start systemd-pcrextend.socket 2>&1; echo pcrextend_start_rc=$?; systemctl status systemd-pcrextend.socket --no-pager -l 2>&1 | sed -n "1,80p"; stat -Lc "%A %a %U:%G %n type=%F" /run/systemd/io.systemd.PCRExtend 2>&1 || true
pcrextend_start_rc=0
○ systemd-pcrextend.socket - TPM2 PCR Extension (Varlink)
     Loaded: loaded (/usr/lib/systemd/system/systemd-pcrextend.socket; disabled; preset: enabled)
     Active: inactive (dead)
  Condition: start condition unmet at Sat 2026-05-16 18:16:43 UTC; 3ms ago
             └─ ConditionSecurity=measured-uki was not met
       Docs: man:systemd-pcrextend(8)
     Listen: /run/systemd/io.systemd.PCRExtend (Stream)
   Accepted: 0; Connected: 0;

May 16 18:16:43 4f5b414436ae systemd[1]: systemd-pcrextend.socket - TPM2 PCR Extension (Varlink) was skipped because of an unmet condition check (ConditionSecurity=measured-uki).
stat: cannot statx '/run/systemd/io.systemd.PCRExtend': No such file or directory
rc=0
### attacker: 
python3 - <<PY
import socket
p="/run/systemd/io.systemd.PCRExtend"
s=socket.socket(socket.AF_UNIX, socket.SOCK_STREAM)
try:
    s.settimeout(2)
    s.connect(p)
    print("pcrextend_connect=connected")
    s.sendall(b"{\"method\":\"org.varlink.service.GetInfo\",\"parameters\":{}}\\0")
    print("pcrextend_recv=", s.recv(256))
except Exception as e:
    print("pcrextend_connect_error=", repr(e))
finally:
    s.close()
PY

pcrextend_connect_error= FileNotFoundError(2, 'No such file or directory')
rc=0
### root: systemctl start systemd-pstore.service 2>&1; echo pstore_start_rc=$?; systemctl status systemd-pstore.service --no-pager -l 2>&1 | sed -n "1,100p"
pstore_start_rc=0
○ systemd-pstore.service - Platform Persistent Storage Archival
     Loaded: loaded (/usr/lib/systemd/system/systemd-pstore.service; enabled; preset: enabled)
     Active: inactive (dead)
  Condition: start condition unmet at Sat 2026-05-16 18:16:43 UTC; 3ms ago
             └─ ConditionVirtualization=!container was not met
       Docs: man:systemd-pstore(8)

May 16 18:16:43 4f5b414436ae systemd[1]: systemd-pstore.service - Platform Persistent Storage Archival was skipped because of an unmet condition check (ConditionVirtualization=!container).
rc=0
## direct helper execution as attacker
### attacker: 
for cmd in \
  "/usr/lib/systemd/systemd-pstore" \
  "/usr/lib/systemd/systemd-pcrextend --graceful --machine-id" \
  "/usr/lib/systemd/systemd-pcrlock --help" \
  "/usr/lib/systemd/systemd-storagetm --help" \
  "/usr/lib/systemd/systemd-tpm2-setup --help"; do
  echo "--- $cmd"
  timeout 5s bash -lc "$cmd" 2>&1 | sed -n "1,80p"
  echo helper_rc=${PIPESTATUS[0]}
done
touch /root/systemd_pcr_pstore_lpe_marker 2>/dev/null || true
test -e /root/systemd_pcr_pstore_lpe_marker && echo direct_root_marker || echo no_direct_root_marker

--- /usr/lib/systemd/systemd-pstore
helper_rc=0
--- /usr/lib/systemd/systemd-pcrextend --graceful --machine-id
No complete TPM2 support detected, exiting gracefully.
helper_rc=0
--- /usr/lib/systemd/systemd-pcrlock --help
systemd-pcrlock  [OPTIONS...] COMMAND ...

Manage a TPM2 PCR lock.

[0mCommands:
  log                         Show measurement log
  cel                         Show measurement log in TCG CEL-JSON format
  list-components             List defined .pcrlock components
  predict                     Predict PCR values
  make-policy                 Predict PCR values and generate TPM2 policy from it
  remove-policy               Remove TPM2 policy

[0mProtections:
  lock-firmware-code          Generate a .pcrlock file from current firmware code
  unlock-firmware-code        Remove .pcrlock file for firmware code
  lock-firmware-config        Generate a .pcrlock file from current firmware configuration
  unlock-firmware-config      Remove .pcrlock file for firmware configuration
  lock-secureboot-policy      Generate a .pcrlock file from current SecureBoot policy
  unlock-secureboot-policy    Remove .pcrlock file for SecureBoot policy
  lock-secureboot-authority   Generate a .pcrlock file from current SecureBoot authority
  unlock-secureboot-authority Remove .pcrlock file for SecureBoot authority
  lock-gpt [DISK]             Generate a .pcrlock file from GPT header
  unlock-gpt                  Remove .pcrlock file for GPT header
  lock-pe [BINARY]            Generate a .pcrlock file from PE binary
  unlock-pe                   Remove .pcrlock file for PE binary
  lock-uki [UKI]              Generate a .pcrlock file from UKI PE binary
  unlock-uki                  Remove .pcrlock file for UKI PE binary
  lock-machine-id             Generate a .pcrlock file from current machine ID
  unlock-machine-id           Remove .pcrlock file for machine ID
  lock-file-system [PATH]     Generate a .pcrlock file from current root fs + /var/
  unlock-file-system [PATH]   Remove .pcrlock file for root fs + /var/
  lock-kernel-cmdline [FILE]  Generate a .pcrlock file from kernel command line
  unlock-kernel-cmdline       Remove .pcrlock file for kernel command line
  lock-kernel-initrd FILE     Generate a .pcrlock file from an initrd file
  unlock-kernel-initrd        Remove .pcrlock file for an initrd file
  lock-raw [FILE]             Generate a .pcrlock file from raw data
  unlock-raw                  Remove .pcrlock file for raw data

[0mOptions:
  -h --help                   Show this help
     --version                Print version
     --no-pager               Do not pipe output into a pager
     --json=pretty|short|off  Generate JSON output
     --raw-description        Show raw firmware record data as description in table
     --pcr=NR                 Generate .pcrlock for specified PCR
     --nv-index=NUMBER        Use the specified NV index, instead of a random one
     --components=PATH        Directory to read .pcrlock files from
     --location=STRING[:STRING]
                              Do not process components beyond this component name
     --recovery-pin=yes       Ask for a recovery PIN
     --pcrlock=PATH           .pcrlock file to write expected PCR measurement to
     --policy=PATH            JSON file to write policy output to
     --force                  Write policy even if it matches existing policy

See the systemd-pcrlock(8) man page for details.
helper_rc=0
--- /usr/lib/systemd/systemd-storagetm --help
systemd-storagetm [OPTIONS...] [DEVICE...]

Expose a block device or regular file as NVMe-TCP volume.

  -h --help            Show this help
     --version         Show package version
     --nqn=STRING      Select NQN (NVMe Qualified Name)
  -a --all             Expose all devices

See the systemd-storagetm(8) man page for details.
helper_rc=0
--- /usr/lib/systemd/systemd-tpm2-setup --help
systemd-tpm2-setup [OPTIONS...]

Set up the TPM2 Storage Root Key (SRK).

[0mOptions:
  -h --help               Show this help
     --version            Show package version
     --tpm2-device=PATH
                          Pick TPM2 device
     --early=BOOL         Store SRK public key in /run/ rather than /var/lib/

See the systemd-tpm2-setup(8) man page for details.
helper_rc=0
no_direct_root_marker
rc=0
## root proof before cleanup
ROOT_PROOF=no
## cleanup and health
ABSENT /root/systemd_pcr_pstore_lpe_marker
ABSENT /home/attacker/systemd_pcr_pstore_probe
ABSENT /tmp/systemd_pcr_pstore_write.err
ABSENT /tmp/systemd_pcr_pstore_link.err
ABSENT /tmp/systemd_pcr_pstore_mkdir.err
ABSENT /run/systemd/io.systemd.PCRExtend
running
