systemd LogControl1 and varlink gap probe
target=ubuntu24-server-lpe-target
2026-05-16T16:38:16-0400

## target identity, package, service proof
Linux 508d797cbad0 6.10.14-linuxkit #1 SMP Sat May 17 08:28:57 UTC 2025 aarch64 aarch64 aarch64 GNU/Linux
PRETTY_NAME="Ubuntu 24.04.4 LTS"
NAME="Ubuntu"
VERSION_ID="24.04"
VERSION="24.04.4 LTS (Noble Numbat)"
VERSION_CODENAME=noble
ID=ubuntu
ID_LIKE=debian
HOME_URL="https://www.ubuntu.com/"
SUPPORT_URL="https://help.ubuntu.com/"
BUG_REPORT_URL="https://bugs.launchpad.net/ubuntu/"
PRIVACY_POLICY_URL="https://www.ubuntu.com/legal/terms-and-policies/privacy-policy"
UBUNTU_CODENAME=noble
systemd 255 (255.4-1ubuntu8.15)
uid=1001(attacker) gid=1001(attacker) groups=1001(attacker)
attacker : attacker
dbus	1.14.10-4ubuntu4.1	arm64	ii 
dbus-daemon	1.14.10-4ubuntu4.1	arm64	ii 
dpkg-query: no packages found matching systemd-oomd
polkitd	124-2ubuntu1.24.04.3	arm64	ii 
systemd	255.4-1ubuntu8.15	arm64	ii 
systemd-resolved	255.4-1ubuntu8.15	arm64	ii 
systemd-sysv	255.4-1ubuntu8.15	arm64	ii 
systemd-timesyncd	255.4-1ubuntu8.15	arm64	ii 
static
enabled
enabled
not-found
active
active
inactive
inactive
MainPID=271
BusName=org.freedesktop.login1
ExecStart={ path=/usr/lib/systemd/systemd-logind ; argv[]=/usr/lib/systemd/systemd-logind ; ignore_errors=no ; start_time=[Sat 2026-05-16 20:04:41 UTC] ; stop_time=[n/a] ; pid=271 ; code=(null) ; status=0/0 }
User=
ActiveState=active
SubState=running
FragmentPath=/usr/lib/systemd/system/systemd-logind.service
UnitFileState=static
ConditionResult=yes
Conditions=[unprintable]

MainPID=105
BusName=org.freedesktop.resolve1
ExecStart={ path=/usr/lib/systemd/systemd-resolved ; argv[]=/usr/lib/systemd/systemd-resolved ; ignore_errors=no ; start_time=[Sat 2026-05-16 20:04:41 UTC] ; stop_time=[n/a] ; pid=105 ; code=(null) ; status=0/0 }
User=systemd-resolve
ActiveState=active
SubState=running
FragmentPath=/usr/lib/systemd/system/systemd-resolved.service
UnitFileState=enabled
ConditionResult=yes
Conditions=[unprintable]

MainPID=0
BusName=org.freedesktop.timesync1
ExecStart={ path=/usr/lib/systemd/systemd-timesyncd ; argv[]=/usr/lib/systemd/systemd-timesyncd ; ignore_errors=no ; start_time=[n/a] ; stop_time=[n/a] ; pid=0 ; code=(null) ; status=0/0 }
User=systemd-timesync
ActiveState=inactive
SubState=dead
FragmentPath=/usr/lib/systemd/system/systemd-timesyncd.service
UnitFileState=enabled
ConditionResult=no
Conditions=[unprintable]

MainPID=0
BusName=
User=
ActiveState=inactive
SubState=dead
FragmentPath=
UnitFileState=
ConditionResult=no
Conditions=[unprintable]

## default D-Bus and socket reachability
NAME                             PID PROCESS         USER            CONNECTION    UNIT                        SESSION DESCRIPTION
org.freedesktop.login1           271 systemd-logind  root            :1.3          systemd-logind.service      -       -
org.freedesktop.resolve1         105 systemd-resolve systemd-resolve :1.0          systemd-resolved.service    -       -
org.freedesktop.systemd1           1 systemd         root            :1.1          init.scope                  -       -
org.freedesktop.timesync1          - -               -               (activatable) -                           -       -

### bus tree org.freedesktop.systemd1
`- /org
  `- /org/freedesktop
    |- /org/freedesktop/LogControl1
    `- /org/freedesktop/systemd1
      |- /org/freedesktop/systemd1/job
      `- /org/freedesktop/systemd1/unit
        |- /org/freedesktop/systemd1/unit/ModemManager_2eservice
        |- /org/freedesktop/systemd1/unit/NetworkManager_2eservice
        |- /org/freedesktop/systemd1/unit/_2d_2emount
        |- /org/freedesktop/systemd1/unit/_2d_2eslice
        |- /org/freedesktop/systemd1/unit/apparmor_2eservice
        |- /org/freedesktop/systemd1/unit/apport_2dautoreport_2epath
        |- /org/freedesktop/systemd1/unit/apport_2dautoreport_2eservice
        |- /org/freedesktop/systemd1/unit/apport_2dautoreport_2etimer
        |- /org/freedesktop/systemd1/unit/apport_2dforward_2esocket
        |- /org/freedesktop/systemd1/unit/apport_2eservice
        |- /org/freedesktop/systemd1/unit/apt_2ddaily_2dupgrade_2eservice
        |- /org/freedesktop/systemd1/unit/apt_2ddaily_2dupgrade_2etimer
        |- /org/freedesktop/systemd1/unit/apt_2ddaily_2eservice
        |- /org/freedesktop/systemd1/unit/apt_2ddaily_2etimer
        |- /org/freedesktop/systemd1/unit/auditd_2eservice
        |- /org/freedesktop/systemd1/unit/basic_2etarget
        |- /org/freedesktop/systemd1/unit/blk_2davailability_2eservice
        |- /org/freedesktop/systemd1/unit/blockdev_40dev_2dvda1_2etarget
        |- /org/freedesktop/systemd1/unit/boot_2eautomount
        |- /org/freedesktop/systemd1/unit/boot_2emount
        |- /org/freedesktop/systemd1/unit/cloud_2dinit_2dlocal_2eservice
        |- /org/freedesktop/systemd1/unit/connman_2eservice
        |- /org/freedesktop/systemd1/unit/console_2dgetty_2eservice
        |- /org/freedesktop/systemd1/unit/console_2dscreen_2eservice
        |- /org/freedesktop/systemd1/unit/console_2dsetup_2eservice
        |- /org/freedesktop/systemd1/unit/cron_2eservice
        |- /org/freedesktop/systemd1/unit/cryptsetup_2dpre_2etarget
        |- /org/freedesktop/systemd1/unit/cryptsetup_2etarget
        |- /org/freedesktop/systemd1/unit/dbus_2eservice
        |- /org/freedesktop/systemd1/unit/dbus_2esocket
        |- /org/freedesktop/systemd1/unit/dev_2dhugepages_2emount
        |- /org/freedesktop/systemd1/unit/dev_2dmqueue_2emount
        |- /org/freedesktop/systemd1/unit/dev_2dvda1_2edevice
        |- /org/freedesktop/systemd1/unit/display_2dmanager_2eservice
        |- /org/freedesktop/systemd1/unit/dm_2devent_2eservice
        |- /org/freedesktop/systemd1/unit/dm_2devent_2esocket
        |- /org/freedesktop/systemd1/unit/dmesg_2eservice
        |- /org/freedesktop/systemd1/unit/dpkg_2ddb_2dbackup_2eservice
        |- /org/freedesktop/systemd1/unit/dpkg_2ddb_2dbackup_2etimer
        |- /org/freedesktop/systemd1/unit/e2scrub_5fall_2eservice
        |- /org/freedesktop/systemd1/unit/e2scrub_5fall_2etimer
        |- /org/freedesktop/systemd1/unit/e2scrub_5freap_2eservice
        |- /org/freedesktop/systemd1/unit/emergency_2eservice
        |- /org/freedesktop/systemd1/unit/emergency_2etarget
        |- /org/freedesktop/systemd1/unit/etc_2dhostname_2emount
        |- /org/freedesktop/systemd1/unit/etc_2dhosts_2emount
        |- /org/freedesktop/systemd1/unit/etc_2dresolv_2econf_2emount
        |- /org/freedesktop/systemd1/unit/fcoe_2eservice
        |- /org/freedesktop/systemd1/unit/final_2etarget
        |- /org/freedesktop/systemd1/unit/finalrd_2eservice
        |- /org/freedesktop/systemd1/unit/first_2dboot_2dcomplete_2etarget
        |- /org/freedesktop/systemd1/unit/fstrim_2eservice
        |- /org/freedesktop/systemd1/unit/fstrim_2etimer
        |- /org/freedesktop/systemd1/unit/fwupd_2drefresh_2eservice
        |- /org/freedesktop/systemd1/unit/fwupd_2drefresh_2etimer
        |- /org/freedesktop/systemd1/unit/getty_2dpre_2etarget
        |- /org/freedesktop/systemd1/unit/getty_2dstatic_2eservice
        |- /org/freedesktop/systemd1/unit/getty_2etarget
        |- /org/freedesktop/systemd1/unit/getty_40tty10_2eservice
        |- /org/freedesktop/systemd1/unit/getty_40tty1_2eservice
        |- /org/freedesktop/systemd1/unit/getty_40tty7_2eservice
        |- /org/freedesktop/systemd1/unit/getty_40tty9_2eservice
        |- /org/freedesktop/systemd1/unit/graphical_2etarget
        |- /org/freedesktop/systemd1/unit/home_2emount
        |- /org/freedesktop/systemd1/unit/init_2escope
        |- /org/freedesktop/systemd1/unit/initrd_2dcleanup_2eservice
        |- /org/freedesktop/systemd1/unit/initrd_2dfs_2etarget
        |- /org/freedesktop/systemd1/unit/initrd_2dparse_2detc_2eservice
        |- /org/freedesktop/systemd1/unit/initrd_2droot_2ddevice_2etarget
        |- /org/freedesktop/systemd1/unit/initrd_2droot_2dfs_2etarget
        |- /org/freedesktop/systemd1/unit/initrd_2dswitch_2droot_2eservice
        |- /org/freedesktop/systemd1/unit/initrd_2dswitch_2droot_2etarget
        |- /org/freedesktop/systemd1/unit/initrd_2dudevadm_2dcleanup_2ddb_2eservice
        |- /org/freedesktop/systemd1/unit/initrd_2dusr_2dfs_2etarget
rc=0

### bus tree org.freedesktop.login1
`- /org
  `- /org/freedesktop
    |- /org/freedesktop/LogControl1
    `- /org/freedesktop/login1
      |- /org/freedesktop/login1/seat
      | `- /org/freedesktop/login1/seat/seat0
      |- /org/freedesktop/login1/session
      `- /org/freedesktop/login1/user
rc=0

### bus tree org.freedesktop.resolve1
`- /org
  `- /org/freedesktop
    |- /org/freedesktop/LogControl1
    `- /org/freedesktop/resolve1
      |- /org/freedesktop/resolve1/dnssd
      `- /org/freedesktop/resolve1/link
        |- /org/freedesktop/resolve1/link/_31
        |- /org/freedesktop/resolve1/link/_310
        |- /org/freedesktop/resolve1/link/_311
        |- /org/freedesktop/resolve1/link/_32
        |- /org/freedesktop/resolve1/link/_33
        |- /org/freedesktop/resolve1/link/_34
        |- /org/freedesktop/resolve1/link/_35
        |- /org/freedesktop/resolve1/link/_36
        |- /org/freedesktop/resolve1/link/_37
        |- /org/freedesktop/resolve1/link/_38
        `- /org/freedesktop/resolve1/link/_39
rc=0

### bus tree org.freedesktop.timesync1
rc=124
s--------- root:root /run/systemd/inaccessible/sock
srw------- root:root /run/systemd/io.systemd.sysext
srw------- root:root /run/systemd/journal/io.systemd.journal
srw------- systemd-resolve:systemd-resolve /run/systemd/resolve/io.systemd.Resolve.Monitor
srw-rw-rw- root:root /run/dbus/system_bus_socket
srw-rw-rw- root:root /run/snapd-snap.socket
srw-rw-rw- root:root /run/snapd.socket
srw-rw-rw- root:root /run/systemd/io.systemd.ManagedOOM
srw-rw-rw- root:root /run/systemd/journal/dev-log
srw-rw-rw- root:root /run/systemd/journal/socket
srw-rw-rw- root:root /run/systemd/journal/stdout
srw-rw-rw- root:root /run/systemd/journal/syslog
srw-rw-rw- root:root /run/systemd/userdb/io.systemd.DynamicUser
srw-rw-rw- root:root /run/uuidd/request
srw-rw-rw- systemd-resolve:systemd-resolve /run/systemd/resolve/io.systemd.Resolve
srwx------ root:root /run/systemd/private
srwxrwxrwx root:root /run/systemd/notify
srw-rw-rw- root:root 0 /run/systemd/io.systemd.ManagedOOM
srw-rw-rw- root:root 0 /run/systemd/userdb/io.systemd.DynamicUser
srw-rw-rw- systemd-resolve:systemd-resolve 0 /run/systemd/resolve/io.systemd.Resolve
srw------- systemd-resolve:systemd-resolve 0 /run/systemd/resolve/io.systemd.Resolve.Monitor
srw------- root:root 0 /run/systemd/io.systemd.sysext

## LogControl1 interface proof

### LogControl1 introspect org.freedesktop.systemd1
NAME                        TYPE      SIGNATURE RESULT/VALUE FLAGS
.LogLevel                   property  s         "info"       writable
.LogTarget                  property  s         "journal"    writable
.SyslogIdentifier           property  s         "systemd"    -
rc=0
root get org.freedesktop.systemd1.LogLevel: s "info"
rc=0
root get org.freedesktop.systemd1.LogTarget: s "journal"
rc=0
root get org.freedesktop.systemd1.SyslogIdentifier: s "systemd"
rc=0

### LogControl1 introspect org.freedesktop.login1
NAME                        TYPE      SIGNATURE RESULT/VALUE     FLAGS
.LogLevel                   property  s         "info"           writable
.LogTarget                  property  s         "auto"           writable
.SyslogIdentifier           property  s         "systemd-logind" -
rc=0
root get org.freedesktop.login1.LogLevel: s "info"
rc=0
root get org.freedesktop.login1.LogTarget: s "auto"
rc=0
root get org.freedesktop.login1.SyslogIdentifier: s "systemd-logind"
rc=0

### LogControl1 introspect org.freedesktop.resolve1
NAME                        TYPE      SIGNATURE RESULT/VALUE       FLAGS
.LogLevel                   property  s         "info"             writable
.LogTarget                  property  s         "auto"             writable
.SyslogIdentifier           property  s         "systemd-resolved" -
rc=0
root get org.freedesktop.resolve1.LogLevel: s "info"
rc=0
root get org.freedesktop.resolve1.LogTarget: s "auto"
rc=0
root get org.freedesktop.resolve1.SyslogIdentifier: s "systemd-resolved"
rc=0

### LogControl1 introspect org.freedesktop.timesync1
Failed to introspect object /org/freedesktop/LogControl1 of service org.freedesktop.timesync1: Failed to activate service 'org.freedesktop.timesync1': timed out (service_start_timeout=25000ms)
rc=1
root get org.freedesktop.timesync1.LogLevel: rc=124
root get org.freedesktop.timesync1.LogTarget: rc=124
root get org.freedesktop.timesync1.SyslogIdentifier: rc=124

## attacker LogControl1 read and set probes
uid=1001(attacker) gid=1001(attacker) groups=1001(attacker)

### service org.freedesktop.systemd1
s "info"
get_loglevel_rc=0
s "journal"
get_logtarget_rc=0
VALUE=debug
Failed to set property LogLevel on interface org.freedesktop.LogControl1: Access denied
set_loglevel_rc=1
Failed to set property LogTarget on interface org.freedesktop.LogControl1: Access denied
set_logtarget_rc=1
VALUE=info
Failed to set property LogLevel on interface org.freedesktop.LogControl1: Access denied
set_loglevel_rc=1
Failed to set property LogTarget on interface org.freedesktop.LogControl1: Access denied
set_logtarget_rc=1
VALUE=warning
Failed to set property LogLevel on interface org.freedesktop.LogControl1: Access denied
set_loglevel_rc=1
Failed to set property LogTarget on interface org.freedesktop.LogControl1: Access denied
set_logtarget_rc=1
VALUE=journal
Failed to set property LogLevel on interface org.freedesktop.LogControl1: Access denied
set_loglevel_rc=1
Failed to set property LogTarget on interface org.freedesktop.LogControl1: Access denied
set_logtarget_rc=1
VALUE=console
Failed to set property LogLevel on interface org.freedesktop.LogControl1: Access denied
set_loglevel_rc=1
Failed to set property LogTarget on interface org.freedesktop.LogControl1: Access denied
set_logtarget_rc=1
VALUE=kmsg
Failed to set property LogLevel on interface org.freedesktop.LogControl1: Access denied
set_loglevel_rc=1
Failed to set property LogTarget on interface org.freedesktop.LogControl1: Access denied
set_logtarget_rc=1
VALUE=file:/tmp/systemd_logcontrol_varlink_gap_lpe
Failed to set property LogLevel on interface org.freedesktop.LogControl1: Access denied
set_loglevel_rc=1
Failed to set property LogTarget on interface org.freedesktop.LogControl1: Access denied
set_logtarget_rc=1
VALUE=/root/systemd_logcontrol_varlink_gap_lpe
Failed to set property LogLevel on interface org.freedesktop.LogControl1: Access denied
set_loglevel_rc=1
Failed to set property LogTarget on interface org.freedesktop.LogControl1: Access denied
set_logtarget_rc=1
VALUE=$'debug\n../../../root/.ssh/authorized_keys'
Failed to set property LogLevel on interface org.freedesktop.LogControl1: Access denied
set_loglevel_rc=1
Failed to set property LogTarget on interface org.freedesktop.LogControl1: Access denied
set_logtarget_rc=1
VALUE=LD_PRELOAD=/tmp/systemd_logcontrol_varlink_gap.so
Failed to set property LogLevel on interface org.freedesktop.LogControl1: Access denied
set_loglevel_rc=1
Failed to set property LogTarget on interface org.freedesktop.LogControl1: Access denied
set_logtarget_rc=1
VALUE=../../../tmp/systemd_logcontrol_varlink_gap
Failed to set property LogLevel on interface org.freedesktop.LogControl1: Access denied
set_loglevel_rc=1
Failed to set property LogTarget on interface org.freedesktop.LogControl1: Access denied
set_logtarget_rc=1
VALUE=\$\(id\>/root/systemd_logcontrol_varlink_gap_lpe\)
Failed to set property LogLevel on interface org.freedesktop.LogControl1: Access denied
set_loglevel_rc=1
Failed to set property LogTarget on interface org.freedesktop.LogControl1: Access denied
set_logtarget_rc=1

### service org.freedesktop.login1
s "info"
get_loglevel_rc=0
s "auto"
get_logtarget_rc=0
VALUE=debug
Failed to set property LogLevel on interface org.freedesktop.LogControl1: Access denied
set_loglevel_rc=1
Failed to set property LogTarget on interface org.freedesktop.LogControl1: Access denied
set_logtarget_rc=1
VALUE=info
Failed to set property LogLevel on interface org.freedesktop.LogControl1: Access denied
set_loglevel_rc=1
Failed to set property LogTarget on interface org.freedesktop.LogControl1: Access denied
set_logtarget_rc=1
VALUE=warning
Failed to set property LogLevel on interface org.freedesktop.LogControl1: Access denied
set_loglevel_rc=1
Failed to set property LogTarget on interface org.freedesktop.LogControl1: Access denied
set_logtarget_rc=1
VALUE=journal
Failed to set property LogLevel on interface org.freedesktop.LogControl1: Access denied
set_loglevel_rc=1
Failed to set property LogTarget on interface org.freedesktop.LogControl1: Access denied
set_logtarget_rc=1
VALUE=console
Failed to set property LogLevel on interface org.freedesktop.LogControl1: Access denied
set_loglevel_rc=1
Failed to set property LogTarget on interface org.freedesktop.LogControl1: Access denied
set_logtarget_rc=1
VALUE=kmsg
Failed to set property LogLevel on interface org.freedesktop.LogControl1: Access denied
set_loglevel_rc=1
Failed to set property LogTarget on interface org.freedesktop.LogControl1: Access denied
set_logtarget_rc=1
VALUE=file:/tmp/systemd_logcontrol_varlink_gap_lpe
Failed to set property LogLevel on interface org.freedesktop.LogControl1: Access denied
set_loglevel_rc=1
Failed to set property LogTarget on interface org.freedesktop.LogControl1: Access denied
set_logtarget_rc=1
VALUE=/root/systemd_logcontrol_varlink_gap_lpe
Failed to set property LogLevel on interface org.freedesktop.LogControl1: Access denied
set_loglevel_rc=1
Failed to set property LogTarget on interface org.freedesktop.LogControl1: Access denied
set_logtarget_rc=1
VALUE=$'debug\n../../../root/.ssh/authorized_keys'
Failed to set property LogLevel on interface org.freedesktop.LogControl1: Access denied
set_loglevel_rc=1
Failed to set property LogTarget on interface org.freedesktop.LogControl1: Access denied
set_logtarget_rc=1
VALUE=LD_PRELOAD=/tmp/systemd_logcontrol_varlink_gap.so
Failed to set property LogLevel on interface org.freedesktop.LogControl1: Access denied
set_loglevel_rc=1
Failed to set property LogTarget on interface org.freedesktop.LogControl1: Access denied
set_logtarget_rc=1
VALUE=../../../tmp/systemd_logcontrol_varlink_gap
Failed to set property LogLevel on interface org.freedesktop.LogControl1: Access denied
set_loglevel_rc=1
Failed to set property LogTarget on interface org.freedesktop.LogControl1: Access denied
set_logtarget_rc=1
VALUE=\$\(id\>/root/systemd_logcontrol_varlink_gap_lpe\)
Failed to set property LogLevel on interface org.freedesktop.LogControl1: Access denied
set_loglevel_rc=1
Failed to set property LogTarget on interface org.freedesktop.LogControl1: Access denied
set_logtarget_rc=1

### service org.freedesktop.resolve1
s "info"
get_loglevel_rc=0
s "auto"
get_logtarget_rc=0
VALUE=debug
Failed to set property LogLevel on interface org.freedesktop.LogControl1: Access denied
set_loglevel_rc=1
Failed to set property LogTarget on interface org.freedesktop.LogControl1: Access denied
set_logtarget_rc=1
VALUE=info
Failed to set property LogLevel on interface org.freedesktop.LogControl1: Access denied
set_loglevel_rc=1
Failed to set property LogTarget on interface org.freedesktop.LogControl1: Access denied
set_logtarget_rc=1
VALUE=warning
Failed to set property LogLevel on interface org.freedesktop.LogControl1: Access denied
set_loglevel_rc=1
Failed to set property LogTarget on interface org.freedesktop.LogControl1: Access denied
set_logtarget_rc=1
VALUE=journal
Failed to set property LogLevel on interface org.freedesktop.LogControl1: Access denied
set_loglevel_rc=1
Failed to set property LogTarget on interface org.freedesktop.LogControl1: Access denied
set_logtarget_rc=1
VALUE=console
Failed to set property LogLevel on interface org.freedesktop.LogControl1: Access denied
set_loglevel_rc=1
Failed to set property LogTarget on interface org.freedesktop.LogControl1: Access denied
set_logtarget_rc=1
VALUE=kmsg
Failed to set property LogLevel on interface org.freedesktop.LogControl1: Access denied
set_loglevel_rc=1
Failed to set property LogTarget on interface org.freedesktop.LogControl1: Access denied
set_logtarget_rc=1
VALUE=file:/tmp/systemd_logcontrol_varlink_gap_lpe
Failed to set property LogLevel on interface org.freedesktop.LogControl1: Access denied
set_loglevel_rc=1
Failed to set property LogTarget on interface org.freedesktop.LogControl1: Access denied
set_logtarget_rc=1
VALUE=/root/systemd_logcontrol_varlink_gap_lpe
Failed to set property LogLevel on interface org.freedesktop.LogControl1: Access denied
set_loglevel_rc=1
Failed to set property LogTarget on interface org.freedesktop.LogControl1: Access denied
set_logtarget_rc=1
VALUE=$'debug\n../../../root/.ssh/authorized_keys'
Failed to set property LogLevel on interface org.freedesktop.LogControl1: Access denied
set_loglevel_rc=1
Failed to set property LogTarget on interface org.freedesktop.LogControl1: Access denied
set_logtarget_rc=1
VALUE=LD_PRELOAD=/tmp/systemd_logcontrol_varlink_gap.so
Failed to set property LogLevel on interface org.freedesktop.LogControl1: Access denied
set_loglevel_rc=1
Failed to set property LogTarget on interface org.freedesktop.LogControl1: Access denied
set_logtarget_rc=1
VALUE=../../../tmp/systemd_logcontrol_varlink_gap
Failed to set property LogLevel on interface org.freedesktop.LogControl1: Access denied
set_loglevel_rc=1
Failed to set property LogTarget on interface org.freedesktop.LogControl1: Access denied
set_logtarget_rc=1
VALUE=\$\(id\>/root/systemd_logcontrol_varlink_gap_lpe\)
Failed to set property LogLevel on interface org.freedesktop.LogControl1: Access denied
set_loglevel_rc=1
Failed to set property LogTarget on interface org.freedesktop.LogControl1: Access denied
set_logtarget_rc=1

### service org.freedesktop.timesync1
get_loglevel_rc=124
Failed to get property LogTarget on interface org.freedesktop.LogControl1: Failed to activate service 'org.freedesktop.timesync1': timed out (service_start_timeout=25000ms)
get_logtarget_rc=1
VALUE=debug
Failed to set property LogLevel on interface org.freedesktop.LogControl1: Access denied
set_loglevel_rc=1
Failed to set property LogTarget on interface org.freedesktop.LogControl1: Access denied
set_logtarget_rc=1
VALUE=info
Failed to set property LogLevel on interface org.freedesktop.LogControl1: Access denied
set_loglevel_rc=1
Failed to set property LogTarget on interface org.freedesktop.LogControl1: Access denied
set_logtarget_rc=1
VALUE=warning
Failed to set property LogLevel on interface org.freedesktop.LogControl1: Access denied
set_loglevel_rc=1
Failed to set property LogTarget on interface org.freedesktop.LogControl1: Access denied
set_logtarget_rc=1
VALUE=journal
Failed to set property LogLevel on interface org.freedesktop.LogControl1: Access denied
set_loglevel_rc=1
Failed to set property LogTarget on interface org.freedesktop.LogControl1: Access denied
set_logtarget_rc=1
VALUE=console
Failed to set property LogLevel on interface org.freedesktop.LogControl1: Access denied
set_loglevel_rc=1
Failed to set property LogTarget on interface org.freedesktop.LogControl1: Access denied
set_logtarget_rc=1
VALUE=kmsg
Failed to set property LogLevel on interface org.freedesktop.LogControl1: Access denied
set_loglevel_rc=1
Failed to set property LogTarget on interface org.freedesktop.LogControl1: Access denied
set_logtarget_rc=1
VALUE=file:/tmp/systemd_logcontrol_varlink_gap_lpe
Failed to set property LogLevel on interface org.freedesktop.LogControl1: Access denied
set_loglevel_rc=1
Failed to set property LogTarget on interface org.freedesktop.LogControl1: Access denied
set_logtarget_rc=1
VALUE=/root/systemd_logcontrol_varlink_gap_lpe
Failed to set property LogLevel on interface org.freedesktop.LogControl1: Access denied
set_loglevel_rc=1
Failed to set property LogTarget on interface org.freedesktop.LogControl1: Access denied
set_logtarget_rc=1
VALUE=$'debug\n../../../root/.ssh/authorized_keys'
Failed to set property LogLevel on interface org.freedesktop.LogControl1: Access denied
set_loglevel_rc=1
Failed to set property LogTarget on interface org.freedesktop.LogControl1: Access denied
set_logtarget_rc=1
VALUE=LD_PRELOAD=/tmp/systemd_logcontrol_varlink_gap.so
Failed to set property LogLevel on interface org.freedesktop.LogControl1: Access denied
set_loglevel_rc=1
Failed to set property LogTarget on interface org.freedesktop.LogControl1: Access denied
set_logtarget_rc=1
VALUE=../../../tmp/systemd_logcontrol_varlink_gap
Failed to set property LogLevel on interface org.freedesktop.LogControl1: Access denied
set_loglevel_rc=1
Failed to set property LogTarget on interface org.freedesktop.LogControl1: Access denied
set_logtarget_rc=1
VALUE=\$\(id\>/root/systemd_logcontrol_varlink_gap_lpe\)
Failed to set property LogLevel on interface org.freedesktop.LogControl1: Access denied
set_loglevel_rc=1
Failed to set property LogTarget on interface org.freedesktop.LogControl1: Access denied
set_logtarget_rc=1

## varlink socket interface proof as attacker
uid=1001(attacker) gid=1001(attacker) groups=1001(attacker)

### socket /run/systemd/io.systemd.ManagedOOM interface io.systemd.ManagedOOM
    Vendor: The systemd Project
   Product: systemd (systemd)
   Version: 255 (255.4-1ubuntu8.15)
       URL: https://systemd.io/
Interfaces: io.systemd
            io.systemd.ManagedOOM
            io.systemd.UserDatabase
            org.varlink.service
info_rc=0
interface io.systemd.ManagedOOM

type ControlGroup(
	mode: string,
	path: string,
	property: string,
	limit: ?int
)

method SubscribeManagedOOMCGroups() -> (
	cgroups: []ControlGroup
)

error SubscriptionTaken()
introspect_rc=0

### socket /run/systemd/io.systemd.ManagedOOM interface io.systemd.UserDatabase
    Vendor: The systemd Project
   Product: systemd (systemd)
   Version: 255 (255.4-1ubuntu8.15)
       URL: https://systemd.io/
Interfaces: io.systemd
            io.systemd.ManagedOOM
            io.systemd.UserDatabase
            org.varlink.service
info_rc=0
interface io.systemd.UserDatabase

method GetUserRecord(
	uid: ?int,
	userName: ?string,
	service: string
) -> (
	record: object,
	incomplete: ?bool
)

method GetGroupRecord(
	gid: ?int,
	groupName: ?string,
	service: string
) -> (
	record: object,
	incomplete: ?bool
)

method GetMemberships(
	userName: ?string,
	groupName: ?string,
	service: string
) -> (
	userName: string,
	groupName: string
)

error NoRecordFound()

error BadService()

error ServiceNotAvailable()

error ConflictingRecordNotFound()

error EnumerationNotSupported()
introspect_rc=0

### socket /run/systemd/userdb/io.systemd.DynamicUser interface io.systemd.UserDatabase
    Vendor: The systemd Project
   Product: systemd (systemd)
   Version: 255 (255.4-1ubuntu8.15)
       URL: https://systemd.io/
Interfaces: io.systemd
            io.systemd.ManagedOOM
            io.systemd.UserDatabase
            org.varlink.service
info_rc=0
interface io.systemd.UserDatabase

method GetUserRecord(
	uid: ?int,
	userName: ?string,
	service: string
) -> (
	record: object,
	incomplete: ?bool
)

method GetGroupRecord(
	gid: ?int,
	groupName: ?string,
	service: string
) -> (
	record: object,
	incomplete: ?bool
)

method GetMemberships(
	userName: ?string,
	groupName: ?string,
	service: string
) -> (
	userName: string,
	groupName: string
)

error NoRecordFound()

error BadService()

error ServiceNotAvailable()

error ConflictingRecordNotFound()

error EnumerationNotSupported()
introspect_rc=0

### socket /run/systemd/resolve/io.systemd.Resolve interface io.systemd.Resolve
    Vendor: The systemd Project
   Product: systemd (systemd-resolved)
   Version: 255 (255.4-1ubuntu8.15)
       URL: https://systemd.io/
Interfaces: io.systemd
            io.systemd.Resolve
            org.varlink.service
info_rc=0
interface io.systemd.Resolve

type ResolvedAddress(
	ifindex: ?int,
	family: int,
	address: []int
)

type ResolvedName(
	ifindex: ?int,
	name: string
)

method ResolveHostname(
	ifindex: ?int,
	name: string,
	family: ?int,
	flags: ?int
) -> (
	addresses: []ResolvedAddress,
	name: string,
	flags: int
)

method ResolveAddress(
	ifindex: ?int,
	family: int,
	address: []int,
	flags: ?int
) -> (
	names: []ResolvedName,
	flags: int
)

error NoNameServers()

error NoSuchResourceRecord()

error QueryTimedOut()

error MaxAttemptsReached()

error InvalidReply()

error QueryAborted()

error DNSSECValidationFailed(
	result: string
)

error NoTrustAnchor()

error ResourceRecordTypeUnsupported()

error NetworkDown()

error NoSource()

error StubLoop()

error DNSError(
	rcode: int
)

error CNAMELoop()

error BadAddressSize()
introspect_rc=0

### socket /run/systemd/resolve/io.systemd.Resolve.Monitor interface io.systemd.Resolve
Failed to connect to '/run/systemd/resolve/io.systemd.Resolve.Monitor': Permission denied
info_rc=1
Failed to connect to '/run/systemd/resolve/io.systemd.Resolve.Monitor': Permission denied
introspect_rc=1

### socket /run/systemd/io.systemd.sysext interface io.systemd.sysext
Failed to connect to '/run/systemd/io.systemd.sysext': Permission denied
info_rc=1
Failed to connect to '/run/systemd/io.systemd.sysext': Permission denied
introspect_rc=1

## attacker varlink control/path/env/fd probes

### managedoom normal subscribe
sock=/run/systemd/io.systemd.ManagedOOM
send={"method": "io.systemd.ManagedOOM.SubscribeManagedOOMCGroups", "parameters": {}}
recv=b'{"error":"org.varlink.service.PermissionDenied","parameters":{}}\x00'

### managedoom path/env/state confusion
sock=/run/systemd/io.systemd.ManagedOOM
send={"method": "io.systemd.ManagedOOM.SubscribeManagedOOMCGroups", "parameters": {"environment": ["LD_PRELOAD=/tmp/x", "SYSTEMD_LOG_LEVEL=debug"], "limit": 1, "mode": "debug\n../../../root/.ssh/authorized_keys LD_PRELOAD=/tmp/x $(id>/root/systemd_logcontrol_varlink_gap_lpe)", "path": "/root/systemd_logcontrol_varlink_gap_lpe", "property": "ManagedOOMSwap", "state": "reload"}}
recv=b'{"error":"org.varlink.service.InvalidParameter","parameters":{"parameter":"path"}}\x00'

### managedoom fd injection
sock=/run/systemd/io.systemd.ManagedOOM
send={"method": "io.systemd.ManagedOOM.SubscribeManagedOOMCGroups", "parameters": {}}
recv=b'{"error":"org.varlink.service.PermissionDenied","parameters":{}}\x00'

### dynamic-user root lookup
sock=/run/systemd/userdb/io.systemd.DynamicUser
send={"method": "io.systemd.UserDatabase.GetUserRecord", "parameters": {"service": "io.systemd.DynamicUser", "uid": 0}}
recv=b'{"error":"io.systemd.UserDatabase.NoRecordFound","parameters":{}}\x00'

### dynamic-user username control/path
sock=/run/systemd/userdb/io.systemd.DynamicUser
send={"method": "io.systemd.UserDatabase.GetUserRecord", "parameters": {"service": "io.systemd.DynamicUser", "userName": "debug\n../../../root/.ssh/authorized_keys LD_PRELOAD=/tmp/x $(id>/root/systemd_logcontrol_varlink_gap_lpe)"}}
recv=b'{"error":"org.varlink.service.InvalidParameter","parameters":{"parameter":"userName"}}\x00'

### dynamic-user service confusion
sock=/run/systemd/userdb/io.systemd.DynamicUser
send={"method": "io.systemd.UserDatabase.GetUserRecord", "parameters": {"service": "debug\n../../../root/.ssh/authorized_keys LD_PRELOAD=/tmp/x $(id>/root/systemd_logcontrol_varlink_gap_lpe)", "uid": 0}}
recv=b'{"error":"io.systemd.UserDatabase.BadService","parameters":{}}\x00'

### dynamic-user membership confusion
sock=/run/systemd/userdb/io.systemd.DynamicUser
send={"method": "io.systemd.UserDatabase.GetMemberships", "parameters": {"groupName": "root", "service": "io.systemd.DynamicUser", "userName": "debug\n../../../root/.ssh/authorized_keys LD_PRELOAD=/tmp/x $(id>/root/systemd_logcontrol_varlink_gap_lpe)"}}
recv=b'{"error":"org.varlink.service.InvalidParameter","parameters":{"parameter":"userName"}}\x00'

### dynamic-user fd injection
sock=/run/systemd/userdb/io.systemd.DynamicUser
send={"method": "io.systemd.UserDatabase.GetUserRecord", "parameters": {"service": "io.systemd.DynamicUser", "uid": 0}}
recv=b'{"error":"io.systemd.UserDatabase.NoRecordFound","parameters":{}}\x00'

### resolved normal hostname
sock=/run/systemd/resolve/io.systemd.Resolve
send={"method": "io.systemd.Resolve.ResolveHostname", "parameters": {"family": 2, "flags": 0, "ifindex": 0, "name": "localhost"}}
recv=b'{"parameters":{"addresses":[{"ifindex":1,"family":2,"address":[127,0,0,1]}],"name":"localhost","flags":786945}}\x00'

### resolved hostname control/path
sock=/run/systemd/resolve/io.systemd.Resolve
send={"method": "io.systemd.Resolve.ResolveHostname", "parameters": {"family": 2, "flags": 0, "ifindex": 0, "name": "debug\n../../../root/.ssh/authorized_keys LD_PRELOAD=/tmp/x $(id>/root/systemd_logcontrol_varlink_gap_lpe)"}}
recv=b'{"error":"org.varlink.service.InvalidParameter","parameters":{"parameter":"name"}}\x00'

### resolved address normal
sock=/run/systemd/resolve/io.systemd.Resolve
send={"method": "io.systemd.Resolve.ResolveAddress", "parameters": {"address": [127, 0, 0, 1], "family": 2, "flags": 0, "ifindex": 0}}
recv=b'{"parameters":{"names":[{"ifindex":1,"name":"localhost"}],"flags":786945}}\x00'

### resolved fd injection
sock=/run/systemd/resolve/io.systemd.Resolve
send={"method": "io.systemd.Resolve.ResolveHostname", "parameters": {"family": 2, "flags": 0, "ifindex": 0, "name": "localhost"}}
recv=b'{"parameters":{"addresses":[{"ifindex":1,"family":2,"address":[127,0,0,1]}],"name":"localhost","flags":786945}}\x00'

## state transition and root proof checks

### final LogControl properties org.freedesktop.systemd1
s "info"
loglevel_rc=0
s "journal"
logtarget_rc=0

### final LogControl properties org.freedesktop.login1
s "info"
loglevel_rc=0
s "auto"
logtarget_rc=0

### final LogControl properties org.freedesktop.resolve1
s "info"
loglevel_rc=0
s "auto"
logtarget_rc=0

### final LogControl properties org.freedesktop.timesync1
loglevel_rc=124
logtarget_rc=124
active
active
inactive
inactive
  UNIT LOAD ACTIVE SUB DESCRIPTION

0 loaded units listed.
stat: cannot statx '/root/systemd_logcontrol_varlink_gap_lpe': No such file or directory
stat: cannot statx '/tmp/systemd_logcontrol_varlink_gap_lpe': No such file or directory
stat: cannot statx '/root/systemd_logcontrol_varlink_gap_fd_probe': No such file or directory
-rw------- attacker:attacker 17 /tmp/systemd_logcontrol_varlink_gap_fd_probe
NO_ROOT_PROOF

## cleanup
stat: cannot statx '/root/systemd_logcontrol_varlink_gap_lpe': No such file or directory
stat: cannot statx '/tmp/systemd_logcontrol_varlink_gap_lpe': No such file or directory
stat: cannot statx '/tmp/systemd_logcontrol_varlink_gap_fd_probe': No such file or directory
