systemd initrd/PCR/TPM reachability probe
2026-05-17T20:10:08+00:00

== default target proof ==
PRETTY_NAME="Ubuntu 24.04.4 LTS"
NAME="Ubuntu"
VERSION_ID="24.04"
VERSION="24.04.4 LTS (Noble Numbat)"
VERSION_CODENAME=noble
ID=ubuntu
ID_LIKE=debian
HOME_URL="https://www.ubuntu.com/"
Linux bf51bb670420 6.10.14-linuxkit #1 SMP Sat May 17 08:28:57 UTC 2025 aarch64 aarch64 aarch64 GNU/Linux
uid=1001(attacker) gid=1001(attacker) groups=1001(attacker)
initramfs-tools	0.142ubuntu25.8	ii 
systemd	255.4-1ubuntu8.15	ii 
udev	255.4-1ubuntu8.15	ii 

== unit files and live state ==
-- initrd-parse-etc.service
ExecStart={ path=/usr/lib/systemd/system-generators/systemd-fstab-generator ; argv[]=systemd-sysroot-fstab-check ; ignore_errors=no ; start_time=[n/a] ; stop_time=[n/a] ; pid=0 ; code=(null) ; status=0/0 }
ExecStart={ path=systemctl ; argv[]=systemctl --no-block start initrd-cleanup.service ; ignore_errors=no ; start_time=[n/a] ; stop_time=[n/a] ; pid=0 ; code=(null) ; status=0/0 }
User=
Group=
LoadState=loaded
ActiveState=inactive
SubState=dead
FragmentPath=/usr/lib/systemd/system/initrd-parse-etc.service
UnitFileState=static
ConditionResult=no
AssertResult=no
-- initrd-udevadm-cleanup-db.service
ExecStart={ path=udevadm ; argv[]=udevadm info --cleanup-db ; ignore_errors=yes ; start_time=[n/a] ; stop_time=[n/a] ; pid=0 ; code=(null) ; status=0/0 }
User=
Group=
LoadState=loaded
ActiveState=inactive
SubState=dead
FragmentPath=/usr/lib/systemd/system/initrd-udevadm-cleanup-db.service
UnitFileState=static
ConditionResult=no
AssertResult=no
-- initrd-switch-root.service
ExecStart={ path=systemctl ; argv[]=systemctl --no-block switch-root ; ignore_errors=no ; start_time=[n/a] ; stop_time=[n/a] ; pid=0 ; code=(null) ; status=0/0 }
User=
Group=
LoadState=loaded
ActiveState=inactive
SubState=dead
FragmentPath=/usr/lib/systemd/system/initrd-switch-root.service
UnitFileState=static
ConditionResult=no
AssertResult=no
-- systemd-hibernate-resume.service
ExecStart={ path=/usr/lib/systemd/systemd-hibernate-resume ; argv[]=/usr/lib/systemd/systemd-hibernate-resume ; ignore_errors=no ; start_time=[n/a] ; stop_time=[n/a] ; pid=0 ; code=(null) ; status=0/0 }
User=
Group=
LoadState=loaded
ActiveState=inactive
SubState=dead
FragmentPath=/usr/lib/systemd/system/systemd-hibernate-resume.service
UnitFileState=static
ConditionResult=no
AssertResult=no
-- systemd-tpm2-setup-early.service
ExecStart={ path=/usr/lib/systemd/systemd-tpm2-setup ; argv[]=/usr/lib/systemd/systemd-tpm2-setup --early=yes ; ignore_errors=no ; start_time=[n/a] ; stop_time=[n/a] ; pid=0 ; code=(null) ; status=0/0 }
User=
Group=
LoadState=loaded
ActiveState=inactive
SubState=dead
FragmentPath=/usr/lib/systemd/system/systemd-tpm2-setup-early.service
UnitFileState=static
ConditionResult=no
AssertResult=no
-- systemd-pcrphase-initrd.service
ExecStart={ path=/usr/lib/systemd/systemd-pcrextend ; argv[]=/usr/lib/systemd/systemd-pcrextend --graceful enter-initrd ; ignore_errors=no ; start_time=[n/a] ; stop_time=[n/a] ; pid=0 ; code=(null) ; status=0/0 }
User=
Group=
LoadState=loaded
ActiveState=inactive
SubState=dead
FragmentPath=/usr/lib/systemd/system/systemd-pcrphase-initrd.service
UnitFileState=static
ConditionResult=no
AssertResult=no
-- systemd-pcrphase-sysinit.service
ExecStart={ path=/usr/lib/systemd/systemd-pcrextend ; argv[]=/usr/lib/systemd/systemd-pcrextend --graceful sysinit ; ignore_errors=no ; start_time=[n/a] ; stop_time=[n/a] ; pid=0 ; code=(null) ; status=0/0 }
User=
Group=
LoadState=loaded
ActiveState=inactive
SubState=dead
FragmentPath=/usr/lib/systemd/system/systemd-pcrphase-sysinit.service
UnitFileState=static
ConditionResult=no
AssertResult=no
-- systemd-pcrphase.service
ExecStart={ path=/usr/lib/systemd/systemd-pcrextend ; argv[]=/usr/lib/systemd/systemd-pcrextend --graceful ready ; ignore_errors=no ; start_time=[n/a] ; stop_time=[n/a] ; pid=0 ; code=(null) ; status=0/0 }
User=
Group=
LoadState=loaded
ActiveState=inactive
SubState=dead
FragmentPath=/usr/lib/systemd/system/systemd-pcrphase.service
UnitFileState=static
ConditionResult=no
AssertResult=no
-- systemd-pcrfs-root.service
ExecStart={ path=/usr/lib/systemd/systemd-pcrextend ; argv[]=/usr/lib/systemd/systemd-pcrextend --graceful --file-system=/ ; ignore_errors=no ; start_time=[n/a] ; stop_time=[n/a] ; pid=0 ; code=(null) ; status=0/0 }
User=
Group=
LoadState=loaded
ActiveState=inactive
SubState=dead
FragmentPath=/usr/lib/systemd/system/systemd-pcrfs-root.service
UnitFileState=static
ConditionResult=no
AssertResult=no
-- systemd-pcrfs@.service
Failed to get properties: Unit name systemd-pcrfs@.service is neither a valid invocation ID nor unit name.
-- systemd-udev-settle.service
ExecStart={ path=udevadm ; argv[]=udevadm settle ; ignore_errors=no ; start_time=[n/a] ; stop_time=[n/a] ; pid=0 ; code=(null) ; status=0/0 }
User=
Group=
LoadState=loaded
ActiveState=inactive
SubState=dead
FragmentPath=/usr/lib/systemd/system/systemd-udev-settle.service
UnitFileState=static
ConditionResult=no
AssertResult=no

== unit config snippets ==
-- cat initrd-parse-etc.service
# /usr/lib/systemd/system/initrd-parse-etc.service
#  SPDX-License-Identifier: LGPL-2.1-or-later
#
#  This file is part of systemd.
#
#  systemd is free software; you can redistribute it and/or modify it
#  under the terms of the GNU Lesser General Public License as published by
#  the Free Software Foundation; either version 2.1 of the License, or
#  (at your option) any later version.

[Unit]
Description=Mountpoints Configured in the Real Root
AssertPathExists=/etc/initrd-release

DefaultDependencies=no
Requires=initrd-root-fs.target
After=initrd-root-fs.target

Conflicts=emergency.target

OnFailure=emergency.target
OnFailureJobMode=replace-irreversibly

[Service]
Type=oneshot

# FIXME: once dracut is patched to install the symlink, change to:
# ExecStart=/usr/lib/systemd/systemd-sysroot-fstab-check
ExecStart=@/usr/lib/systemd/system-generators/systemd-fstab-generator systemd-sysroot-fstab-check

# We want to enqueue initrd-cleanup.service/start after we finished the part
# above. It can't be part of the initial transaction, because non-oneshot units
# use Conflicts=initrd-cleanup.service to be terminated before we switch root.
# Effectively, initrd-parse-etc.service acts as a synchronization point after
# which cleanup of the initrd processes starts.
ExecStart=systemctl --no-block start initrd-cleanup.service
-- cat initrd-udevadm-cleanup-db.service
# /usr/lib/systemd/system/initrd-udevadm-cleanup-db.service
#  SPDX-License-Identifier: LGPL-2.1-or-later
#
#  This file is part of systemd.
#
#  systemd is free software; you can redistribute it and/or modify it
#  under the terms of the GNU Lesser General Public License as published by
#  the Free Software Foundation; either version 2.1 of the License, or
#  (at your option) any later version.

[Unit]
Description=Cleanup udev Database
DefaultDependencies=no
AssertPathExists=/etc/initrd-release
Conflicts=systemd-udevd.service systemd-udevd-control.socket systemd-udevd-kernel.socket systemd-udev-trigger.service systemd-udev-settle.service
After=systemd-udevd.service systemd-udevd-control.socket systemd-udevd-kernel.socket systemd-udev-trigger.service systemd-udev-settle.service
Before=initrd-switch-root.target

[Service]
Type=oneshot
ExecStart=-udevadm info --cleanup-db
-- cat initrd-switch-root.service
# /usr/lib/systemd/system/initrd-switch-root.service
#  SPDX-License-Identifier: LGPL-2.1-or-later
#
#  This file is part of systemd.
#
#  systemd is free software; you can redistribute it and/or modify it
#  under the terms of the GNU Lesser General Public License as published by
#  the Free Software Foundation; either version 2.1 of the License, or
#  (at your option) any later version.

[Unit]
Description=Switch Root

AssertPathExists=/etc/initrd-release

DefaultDependencies=no
Wants=initrd-switch-root.target
AllowIsolate=yes
OnFailure=emergency.target
OnFailureJobMode=replace-irreversibly

[Service]
Type=oneshot
ExecStart=systemctl --no-block switch-root
-- cat systemd-hibernate-resume.service
# /usr/lib/systemd/system/systemd-hibernate-resume.service
#  SPDX-License-Identifier: LGPL-2.1-or-later
#
#  This file is part of systemd.
#
#  systemd is free software; you can redistribute it and/or modify it
#  under the terms of the GNU Lesser General Public License as published by
#  the Free Software Foundation; either version 2.1 of the License, or
#  (at your option) any later version.

[Unit]
Description=Resume from hibernation
Documentation=man:systemd-hibernate-resume.service(8)

ConditionKernelCommandLine=!noresume

DefaultDependencies=no
Wants=local-fs-pre.target
Before=local-fs-pre.target

AssertPathExists=/etc/initrd-release

[Service]
Type=oneshot
ExecStart=/usr/lib/systemd/systemd-hibernate-resume
-- cat systemd-tpm2-setup-early.service
# /usr/lib/systemd/system/systemd-tpm2-setup-early.service
#  SPDX-License-Identifier: LGPL-2.1-or-later
#
#  This file is part of systemd.
#
#  systemd is free software; you can redistribute it and/or modify it
#  under the terms of the GNU Lesser General Public License as published by
#  the Free Software Foundation; either version 2.1 of the License, or
#  (at your option) any later version.

[Unit]
Description=TPM2 SRK Setup (Early)
Documentation=man:systemd-tpm2-setup.service(8)
DefaultDependencies=no
Conflicts=shutdown.target
Before=sysinit.target shutdown.target
ConditionSecurity=measured-uki
ConditionPathExists=!/run/systemd/tpm2-srk-public-key.pem

[Service]
Type=oneshot
RemainAfterExit=yes
ExecStart=/usr/lib/systemd/systemd-tpm2-setup --early=yes
-- cat systemd-pcrphase-initrd.service
# /usr/lib/systemd/system/systemd-pcrphase-initrd.service
#  SPDX-License-Identifier: LGPL-2.1-or-later
#
#  This file is part of systemd.
#
#  systemd is free software; you can redistribute it and/or modify it
#  under the terms of the GNU Lesser General Public License as published by
#  the Free Software Foundation; either version 2.1 of the License, or
#  (at your option) any later version.

[Unit]
Description=TPM2 PCR Barrier (initrd)
Documentation=man:systemd-pcrphase-initrd.service(8)
DefaultDependencies=no
Conflicts=shutdown.target initrd-switch-root.target
Before=sysinit.target cryptsetup-pre.target cryptsetup.target shutdown.target initrd-switch-root.target systemd-sysext.service
ConditionPathExists=/etc/initrd-release
ConditionSecurity=measured-uki

[Service]
Type=oneshot
RemainAfterExit=yes
ExecStart=/usr/lib/systemd/systemd-pcrextend --graceful enter-initrd
ExecStop=/usr/lib/systemd/systemd-pcrextend --graceful leave-initrd
-- cat systemd-pcrphase-sysinit.service
# /usr/lib/systemd/system/systemd-pcrphase-sysinit.service
#  SPDX-License-Identifier: LGPL-2.1-or-later
#
#  This file is part of systemd.
#
#  systemd is free software; you can redistribute it and/or modify it
#  under the terms of the GNU Lesser General Public License as published by
#  the Free Software Foundation; either version 2.1 of the License, or
#  (at your option) any later version.

[Unit]
Description=TPM2 PCR Barrier (Initialization)
Documentation=man:systemd-pcrphase-sysinit.service(8)
DefaultDependencies=no
Conflicts=shutdown.target
After=sysinit.target
Before=basic.target shutdown.target
ConditionPathExists=!/etc/initrd-release
ConditionSecurity=measured-uki

[Service]
Type=oneshot
RemainAfterExit=yes
ExecStart=/usr/lib/systemd/systemd-pcrextend --graceful sysinit
ExecStop=/usr/lib/systemd/systemd-pcrextend --graceful final
-- cat systemd-pcrphase.service
# /usr/lib/systemd/system/systemd-pcrphase.service
#  SPDX-License-Identifier: LGPL-2.1-or-later
#
#  This file is part of systemd.
#
#  systemd is free software; you can redistribute it and/or modify it
#  under the terms of the GNU Lesser General Public License as published by
#  the Free Software Foundation; either version 2.1 of the License, or
#  (at your option) any later version.

[Unit]
Description=TPM2 PCR Barrier (User)
Documentation=man:systemd-pcrphase.service(8)
After=remote-fs.target remote-cryptsetup.target
Before=systemd-user-sessions.service
ConditionPathExists=!/etc/initrd-release
ConditionSecurity=measured-uki

[Service]
Type=oneshot
RemainAfterExit=yes
ExecStart=/usr/lib/systemd/systemd-pcrextend --graceful ready
ExecStop=/usr/lib/systemd/systemd-pcrextend --graceful shutdown
-- cat systemd-pcrfs-root.service
# /usr/lib/systemd/system/systemd-pcrfs-root.service
#  SPDX-License-Identifier: LGPL-2.1-or-later
#
#  This file is part of systemd.
#
#  systemd is free software; you can redistribute it and/or modify it
#  under the terms of the GNU Lesser General Public License as published by
#  the Free Software Foundation; either version 2.1 of the License, or
#  (at your option) any later version.

[Unit]
Description=TPM2 PCR Root File System Measurement
Documentation=man:systemd-pcrfs-root.service(8)
DefaultDependencies=no
Conflicts=shutdown.target
After=systemd-pcrmachine.service
Before=shutdown.target
ConditionPathExists=!/etc/initrd-release
ConditionSecurity=measured-uki

[Service]
Type=oneshot
RemainAfterExit=yes
ExecStart=/usr/lib/systemd/systemd-pcrextend --graceful --file-system=/
-- cat systemd-pcrfs@.service
# /usr/lib/systemd/system/systemd-pcrfs@.service
#  SPDX-License-Identifier: LGPL-2.1-or-later
#
#  This file is part of systemd.
#
#  systemd is free software; you can redistribute it and/or modify it
#  under the terms of the GNU Lesser General Public License as published by
#  the Free Software Foundation; either version 2.1 of the License, or
#  (at your option) any later version.

[Unit]
Description=TPM2 PCR File System Measurement of %f
Documentation=man:systemd-pcrfs@.service(8)
DefaultDependencies=no
BindsTo=%i.mount
Conflicts=shutdown.target
After=%i.mount systemd-pcrfs-root.service
Before=shutdown.target
ConditionPathExists=!/etc/initrd-release
ConditionSecurity=measured-uki

[Service]
Type=oneshot
RemainAfterExit=yes
ExecStart=/usr/lib/systemd/systemd-pcrextend --graceful --file-system=%f
-- cat systemd-udev-settle.service
# /usr/lib/systemd/system/systemd-udev-settle.service
#  SPDX-License-Identifier: LGPL-2.1-or-later
#
#  This file is part of systemd.
#
#  systemd is free software; you can redistribute it and/or modify it
#  under the terms of the GNU Lesser General Public License as published by
#  the Free Software Foundation; either version 2.1 of the License, or
#  (at your option) any later version.

# This service can dynamically be pulled-in by legacy services which
# cannot reliably cope with dynamic device configurations, and wrongfully
# expect a populated /dev during bootup.

[Unit]
Description=Wait for udev To Complete Device Initialization
Documentation=man:systemd-udev-settle.service(8)
DefaultDependencies=no
Wants=systemd-udevd.service
After=systemd-udev-trigger.service
Before=sysinit.target
ConditionPathIsReadWrite=/sys

[Service]
Type=oneshot
TimeoutSec=180
RemainAfterExit=yes
ExecStart=udevadm settle

== helper metadata ==
-rwxr-xr-x 755 root:root 68312 /usr/lib/systemd/system-generators/systemd-fstab-generator
/usr/lib/systemd/system-generators/systemd-fstab-generator
-rwxr-xr-x 755 root:root 67936 /usr/lib/systemd/systemd-hibernate-resume
/usr/lib/systemd/systemd-hibernate-resume
-rwxr-xr-x 755 root:root 67936 /usr/lib/systemd/systemd-tpm2-setup
/usr/lib/systemd/systemd-tpm2-setup
-rwxr-xr-x 755 root:root 68008 /usr/lib/systemd/systemd-pcrextend
/usr/lib/systemd/systemd-pcrextend
-rwxr-xr-x 755 root:root 1449560 /usr/bin/udevadm
/usr/bin/udevadm
-rwxr-xr-x 755 root:root 1585008 /usr/bin/systemctl
/usr/bin/systemctl

== reachability path permissions ==
ABSENT /etc/initrd-release
ABSENT /sysroot
ABSENT /sysroot/etc
ABSENT /sysroot/etc/fstab
ABSENT /run/initramfs
drwxr-xr-x 755 root:root directory /run/udev
drwxr-xr-x 755 root:root directory /run/udev/data
drwxr-xr-x 755 root:root directory /run/udev/tags
drwxr-xr-x 755 root:root directory /run/systemd
drwxr-xr-x 755 root:root directory /run/systemd/system
ABSENT /run/systemd/io.systemd.PCRExtend
ABSENT /dev/tpm0
ABSENT /dev/tpmrm0
ABSENT /sys/firmware/efi
dr-xr-xr-x 555 root:root directory /sys/fs/pstore
ABSENT /sys/power/resume

== attacker trigger attempts ==
attacker id: uid=1001(attacker) gid=1001(attacker) groups=1001(attacker)
write /sysroot/etc/fstab                            rc=1 bash: line 14: /sysroot/etc/fstab: No such file or directory
cat: /home/attacker/systemd-initrd-pcr-reachability-20260517/write.err: No such file or directory
bash: line 14: /run/udev/data/attacker: Permission denied
write /run/udev/data/attacker                       rc=1 cat: /home/attacker/systemd-initrd-pcr-reachability-20260517/write.err: No such file or directory
write /run/udev/tags/systemd/attacker               rc=1 write /run/systemd/io.systemd.PCRExtend             rc=1 bash: line 14: /run/udev/tags/systemd/attacker: Permission denied
cat: /home/attacker/systemd-initrd-pcr-reachability-20260517/write.err: No such file or directory
bash: line 14: /run/systemd/io.systemd.PCRExtend: Permission denied
cat: /home/attacker/systemd-initrd-pcr-reachability-20260517/write.err: No such file or directory
write /sys/power/resume                             rc=1 bash: line 14: /sys/power/resume: No such file or directory
cat: /home/attacker/systemd-initrd-pcr-reachability-20260517/write.err: No such file or directory
-- attacker systemctl start initrd-parse-etc.service
Failed to start initrd-parse-etc.service: Interactive authentication required.
See system logs and 'systemctl status initrd-parse-etc.service' for details.
rc=1
-- attacker systemctl start initrd-udevadm-cleanup-db.service
Failed to start initrd-udevadm-cleanup-db.service: Interactive authentication required.
See system logs and 'systemctl status initrd-udevadm-cleanup-db.service' for details.
rc=1
-- attacker systemctl start initrd-switch-root.service
Failed to start initrd-switch-root.service: Interactive authentication required.
See system logs and 'systemctl status initrd-switch-root.service' for details.
rc=1
-- attacker systemctl start systemd-hibernate-resume.service
Failed to start systemd-hibernate-resume.service: Interactive authentication required.
See system logs and 'systemctl status systemd-hibernate-resume.service' for details.
rc=1
-- attacker systemctl start systemd-tpm2-setup-early.service
Failed to start systemd-tpm2-setup-early.service: Interactive authentication required.
See system logs and 'systemctl status systemd-tpm2-setup-early.service' for details.
rc=1
-- attacker systemctl start systemd-pcrphase-initrd.service
Failed to start systemd-pcrphase-initrd.service: Interactive authentication required.
See system logs and 'systemctl status systemd-pcrphase-initrd.service' for details.
rc=1
-- attacker systemctl start systemd-pcrphase-sysinit.service
Failed to start systemd-pcrphase-sysinit.service: Interactive authentication required.
See system logs and 'systemctl status systemd-pcrphase-sysinit.service' for details.
rc=1
-- attacker systemctl start systemd-pcrphase.service
Failed to start systemd-pcrphase.service: Interactive authentication required.
See system logs and 'systemctl status systemd-pcrphase.service' for details.
rc=1
-- attacker systemctl start systemd-pcrfs-root.service
Failed to start systemd-pcrfs-root.service: Interactive authentication required.
See system logs and 'systemctl status systemd-pcrfs-root.service' for details.
rc=1
-- attacker systemctl start systemd-udev-settle.service
Failed to start systemd-udev-settle.service: Interactive authentication required.
See system logs and 'systemctl status systemd-udev-settle.service' for details.
rc=1
-- direct fstab generator as attacker into attacker-owned dirs
generator_rc=0
-rw-r--r-- attacker:attacker /home/attacker/systemd-initrd-pcr-reachability-20260517/sysroot/etc/fstab
-- direct root helpers as attacker
udevadm_cleanup_rc=0
udevadm_settle_rc=0
Specified path '/home/attacker/systemd-initrd-pcr-reachability-20260517' is not a mount point, refusing: Not a directory
pcrextend_fs_rc=1
No complete TPM2 support detected, exiting gracefully.
pcrextend_phase_rc=0
Failed to create TPM2 context: Operation not supported
tpm2_setup_rc=1
hibernate_resume_rc=0
-- login1 reboot/hibernate authorization without active seat
org.freedesktop.login1.reboot rc=2
org.freedesktop.login1.hibernate rc=2
org.freedesktop.login1.power-off rc=2

== root proof and health ==
ROOT_MARKER_ABSENT
ROOT_PROOF=no
running
  UNIT LOAD ACTIVE SUB DESCRIPTION

0 loaded units listed.
