systemd initctl legacy FIFO probe
target=ubuntu24-server-lpe-target
2026-05-16T16:48:42-0400

## default package/service proof
PRETTY_NAME="Ubuntu 24.04.4 LTS"
NAME="Ubuntu"
VERSION_ID="24.04"
VERSION="24.04.4 LTS (Noble Numbat)"
VERSION_CODENAME=noble
ID=ubuntu
ID_LIKE=debian
HOME_URL="https://www.ubuntu.com/"
Linux 508d797cbad0 6.10.14-linuxkit #1 SMP Sat May 17 08:28:57 UTC 2025 aarch64 aarch64 aarch64 GNU/Linux
uid=1001(attacker) gid=1001(attacker) groups=1001(attacker)
systemd	255.4-1ubuntu8.15	ii 
systemd-sysv	255.4-1ubuntu8.15	ii 
util-linux	2.39.3-9ubuntu6.5	ii 
# /usr/lib/systemd/system/systemd-initctl.socket
#  SPDX-License-Identifier: LGPL-2.1-or-later
#
#  This file is part of systemd.
#
#  systemd is free software; you can redistribute it and/or modify it
#  under the terms of the GNU Lesser General Public License as published by
#  the Free Software Foundation; either version 2.1 of the License, or
#  (at your option) any later version.

[Unit]
Description=initctl Compatibility Named Pipe
Documentation=man:systemd-initctl.socket(8)
DefaultDependencies=no
Before=sockets.target

[Socket]
ListenFIFO=/run/initctl
Symlinks=/dev/initctl
SocketMode=0600

# /usr/lib/systemd/system/systemd-initctl.service
#  SPDX-License-Identifier: LGPL-2.1-or-later
#
#  This file is part of systemd.
#
#  systemd is free software; you can redistribute it and/or modify it
#  under the terms of the GNU Lesser General Public License as published by
#  the Free Software Foundation; either version 2.1 of the License, or
#  (at your option) any later version.

[Unit]
Description=initctl Compatibility Daemon
Documentation=man:systemd-initctl.service(8)
DefaultDependencies=no

[Service]
ExecStart=/usr/lib/systemd/systemd-initctl
NoNewPrivileges=yes
NotifyAccess=all
SystemCallArchitectures=native
● systemd-initctl.socket - initctl Compatibility Named Pipe
     Loaded: loaded (/usr/lib/systemd/system/systemd-initctl.socket; static)
     Active: active (listening) since Sat 2026-05-16 20:04:41 UTC; 44min ago
   Triggers: ● systemd-initctl.service
       Docs: man:systemd-initctl.socket(8)
     Listen: /run/initctl (FIFO)
     CGroup: /docker/508d797cbad09303136451b05788f2bf2f4994db28f983d783dfd7f7e10a399b/system.slice/systemd-initctl.socket

Notice: journal has been rotated since unit was started, output may be incomplete.

○ systemd-initctl.service - initctl Compatibility Daemon
     Loaded: loaded (/usr/lib/systemd/system/systemd-initctl.service; static)
     Active: inactive (dead)
TriggeredBy: ● systemd-initctl.socket
       Docs: man:systemd-initctl.service(8)
prw------- 600 root:root fifo /run/initctl
prw------- 600 root:root fifo /dev/initctl
lrwxrwxrwx 1 root root      22 Mar 24 13:45 /sbin/init -> ../lib/systemd/systemd
lrwxrwxrwx 1 root root      16 Mar 24 13:45 /sbin/telinit -> ../bin/systemctl
-rwxr-xr-x 1 root root 1585008 Mar 24 13:45 /usr/bin/systemctl

## uid1001 direct FIFO and telinit attempts
uid=1001(attacker) gid=1001(attacker) groups=1001(attacker)
write /run/initctl -> sh: line 1: /run/initctl: Permission denied
rc=1
write /dev/initctl -> sh: line 1: /dev/initctl: Permission denied
rc=1
### telinit q
kill() failed: Operation not permitted
rc=1
### telinit u
kill() failed: Operation not permitted
rc=1
### telinit 3
Failed to open /run/initctl: Permission denied
Failed to talk to init daemon: Permission denied
rc=1
### systemctl daemon-reload
Reload daemon failed: Interactive authentication required.
rc=1
### systemctl isolate multi-user.target
Failed to start multi-user.target: Interactive authentication required.
See system logs and 'systemctl status multi-user.target' for details.
rc=1

## legacy request shape smoke
payload 0 size=384
bash: line 1: /run/initctl: Permission denied
rc 1
payload 1 size=384
bash: line 1: /run/initctl: Permission denied
rc 1
payload 2 size=384
bash: line 1: /run/initctl: Permission denied
rc 1

## root proof and cleanup
ROOT_PROOF=no
running
