
### target
PRETTY_NAME="Ubuntu 24.04.4 LTS"
NAME="Ubuntu"
VERSION_ID="24.04"
VERSION="24.04.4 LTS (Noble Numbat)"
VERSION_CODENAME=noble
ID=ubuntu
ID_LIKE=debian
HOME_URL="https://www.ubuntu.com/"
Linux 508d797cbad0 6.10.14-linuxkit #1 SMP Sat May 17 08:28:57 UTC 2025 aarch64 aarch64 aarch64 GNU/Linux
uid=1001(attacker) gid=1001(attacker) groups=1001(attacker)
running
0

### packages
login	1:4.13+dfsg1-4ubuntu3.2
systemd	255.4-1ubuntu8.15
udev	255.4-1ubuntu8.15
util-linux	2.39.3-9ubuntu6.5

### systemd-udev-trigger-default-proof
ExecStart={ path=udevadm ; argv[]=udevadm trigger --type=all --action=add --prioritized-subsystem=module,block,tpmrm,net,tty,input ; ignore_errors=yes ; start_time=[n/a] ; stop_time=[n/a] ; pid=0 ; code=(null) ; status=0/0 }
Environment=
ExecSearchPath=
Id=systemd-udev-trigger.service
ActiveState=active
SubState=exited
FragmentPath=/usr/lib/systemd/system/systemd-udev-trigger.service
UnitFileState=static
ConditionResult=yes
     1	#  SPDX-License-Identifier: LGPL-2.1-or-later
     2	#
     3	#  This file is part of systemd.
     4	#
     5	#  systemd is free software; you can redistribute it and/or modify it
     6	#  under the terms of the GNU Lesser General Public License as published by
     7	#  the Free Software Foundation; either version 2.1 of the License, or
     8	#  (at your option) any later version.
     9	
    10	[Unit]
    11	Description=Coldplug All udev Devices
    12	Documentation=man:udev(7) man:systemd-udevd.service(8)
    13	DefaultDependencies=no
    14	Wants=systemd-udevd.service
    15	After=systemd-udevd-kernel.socket systemd-udevd-control.socket
    16	Before=sysinit.target
    17	ConditionPathIsReadWrite=/sys
    18	
    19	[Service]
    20	Type=oneshot
    21	RemainAfterExit=yes
    22	ExecStart=-udevadm trigger --type=all --action=add --prioritized-subsystem=module,block,tpmrm,net,tty,input
dr-xr-xr-x root:root /sys
srw------- root:root /run/udev/control
-rwxr-xr-x root:root /usr/bin/udevadm
-rw-r--r-- root:root /usr/lib/systemd/system/systemd-udev-trigger.service

### systemd-udev-trigger-attacker
uid=1001(attacker) gid=1001(attacker) groups=1001(attacker)
Failed to start systemd-udev-trigger.service: Interactive authentication required.
See system logs and 'systemctl status systemd-udev-trigger.service' for details.
udevadm_trigger_rc=1
8021q: Failed to write 'add' to '/sys/module/8021q/uevent': Permission denied
8250: Failed to write 'add' to '/sys/module/8250/uevent': Permission denied
8250_core: Failed to write 'add' to '/sys/module/8250_core/uevent': Permission denied
auth_rpcgss: Failed to write 'add' to '/sys/module/auth_rpcgss/uevent': Permission denied
blk_cgroup: Failed to write 'add' to '/sys/module/blk_cgroup/uevent': Permission denied
block: Failed to write 'add' to '/sys/module/block/uevent': Permission denied
bonding: Failed to write 'add' to '/sys/module/bonding/uevent': Permission denied
brd: Failed to write 'add' to '/sys/module/brd/uevent': Permission denied
bridge: Failed to write 'add' to '/sys/module/bridge/uevent': Permission denied
cachefiles: Failed to write 'add' to '/sys/module/cachefiles/uevent': Permission denied
cifs: Failed to write 'add' to '/sys/module/cifs/uevent': Permission denied
configfs: Failed to write 'add' to '/sys/module/configfs/uevent': Permission denied
cpuidle: Failed to write 'add' to '/sys/module/cpuidle/uevent': Permission denied
crc64_rocksoft: Failed to write 'add' to '/sys/module/crc64_rocksoft/uevent': Permission denied
crc_t10dif: Failed to write 'add' to '/sys/module/crc_t10dif/uevent': Permission denied
cryptomgr: Failed to write 'add' to '/sys/module/cryptomgr/uevent': Permission denied
cypress_m8: Failed to write 'add' to '/sys/module/cypress_m8/uevent': Permission denied
dm_mod: Failed to write 'add' to '/sys/module/dm_mod/uevent': Permission denied
dns_resolver: Failed to write 'add' to '/sys/module/dns_resolver/uevent': Permission denied
drm: Failed to write 'add' to '/sys/module/drm/uevent': Permission denied
drm_kms_helper: Failed to write 'add' to '/sys/module/drm_kms_helper/uevent': Permission denied
ehci_hcd: Failed to write 'add' to '/sys/module/ehci_hcd/uevent': Permission denied
erofs: Failed to write 'add' to '/sys/module/erofs/uevent': Permission denied
fakeowner: Failed to write 'add' to '/sys/module/fakeowner/uevent': Permission denied
firmware_class: Failed to write 'add' to '/sys/module/firmware_class/uevent': Permission denied
fscrypto: Failed to write 'add' to '/sys/module/fscrypto/uevent': Permission denied
ftdi_sio: Failed to write 'add' to '/sys/module/ftdi_sio/uevent': Permission denied
fuse: Failed to write 'add' to '/sys/module/fuse/uevent': Permission denied
garmin_gps: Failed to write 'add' to '/sys/module/garmin_gps/uevent': Permission denied
geneve: Failed to write 'add' to '/sys/module/geneve/uevent': Permission denied
grpcfuse: Failed to write 'add' to '/sys/module/grpcfuse/uevent': Permission denied
hid: Failed to write 'add' to '/sys/module/hid/uevent': Permission denied
io_ti: Failed to write 'add' to '/sys/module/io_ti/uevent': Permission denied
ip6_gre: Failed to write 'add' to '/sys/module/ip6_gre/uevent': Permission denied
ip6_tunnel: Failed to write 'add' to '/sys/module/ip6_tunnel/uevent': Permission denied
ip_gre: Failed to write 'add' to '/sys/module/ip_gre/uevent': Permission denied
ip_set: Failed to write 'add' to '/sys/module/ip_set/uevent': Permission denied
ip_vs: Failed to write 'add' to '/sys/module/ip_vs/uevent': Permission denied
ipaq: Failed to write 'add' to '/sys/module/ipaq/uevent': Permission denied
ipip: Failed to write 'add' to '/sys/module/ipip/uevent': Permission denied
ipv6: Failed to write 'add' to '/sys/module/ipv6/uevent': Permission denied
iuu_phoenix: Failed to write 'add' to '/sys/module/iuu_phoenix/uevent': Permission denied
kernel: Failed to write 'add' to '/sys/module/kernel/uevent': Permission denied
keyboard: Failed to write 'add' to '/sys/module/keyboard/uevent': Permission denied
l2tp_core: Failed to write 'add' to '/sys/module/l2tp_core/uevent': Permission denied
l2tp_ppp: Failed to write 'add' to '/sys/module/l2tp_ppp/uevent': Permission denied
lockd: Failed to write 'add' to '/sys/module/lockd/uevent': Permission denied
loop: Failed to write 'add' to '/sys/module/loop/uevent': Permission denied
mmcblk: Failed to write 'add' to '/sys/module/mmcblk/uevent': Permission denied
module: Failed to write 'add' to '/sys/module/module/uevent': Permission denied
mousedev: Failed to write 'add' to '/sys/module/mousedev/uevent': Permission denied
nbd: Failed to write 'add' to '/sys/module/nbd/uevent': Permission denied
nf_conntrack: Failed to write 'add' to '/sys/module/nf_conntrack/uevent': Permission denied
nfs: Failed to write 'add' to '/sys/module/nfs/uevent': Permission denied
nfs_layout_flexfiles: Failed to write 'add' to '/sys/module/nfs_layout_flexfiles/uevent': Permission denied
nfs_layout_nfsv41_files: Failed to write 'add' to '/sys/module/nfs_layout_nfsv41_files/uevent': Permission denied
nfsd: Failed to write 'add' to '/sys/module/nfsd/uevent': Permission denied
nfsv4: Failed to write 'add' to '/sys/module/nfsv4/uevent': Permission denied
nmi_backtrace: Failed to write 'add' to '/sys/module/nmi_backtrace/uevent': Permission denied
overlay: Failed to write 'add' to '/sys/module/overlay/uevent': Permission denied
touch: cannot touch '/run/udev/attacker': Permission denied

### console-getty-default-proof
ExecStart={ path=/sbin/agetty ; argv[]=/sbin/agetty -o -p -- \u --noclear --keep-baud - 115200,38400,9600 $TERM ; ignore_errors=yes ; start_time=[n/a] ; stop_time=[n/a] ; pid=0 ; code=(null) ; status=0/0 }
TTYPath=/dev/console
ImportCredential="agetty.*" "login.*"
Id=console-getty.service
LoadState=loaded
ActiveState=inactive
SubState=dead
FragmentPath=/usr/lib/systemd/system/console-getty.service
UnitFileState=enabled-runtime
ConditionResult=no
     1	#  SPDX-License-Identifier: LGPL-2.1-or-later
     2	#
     3	#  This file is part of systemd.
     4	#
     5	#  systemd is free software; you can redistribute it and/or modify it
     6	#  under the terms of the GNU Lesser General Public License as published by
     7	#  the Free Software Foundation; either version 2.1 of the License, or
     8	#  (at your option) any later version.
     9	
    10	[Unit]
    11	Description=Console Getty
    12	Documentation=man:agetty(8) man:systemd-getty-generator(8)
    13	After=systemd-user-sessions.service plymouth-quit-wait.service getty-pre.target
    14	After=rc-local.service
    15	Before=getty.target
    16	
    17	# OCI containers may be run without a console
    18	ConditionPathExists=/dev/console
    19	
    20	[Service]
    21	# The '-o' option value tells agetty to replace 'login' arguments with an option to preserve environment (-p),
    22	# followed by '--' for safety, and then the entered username.
    23	ExecStart=-/sbin/agetty -o '-p -- \\u' --noclear --keep-baud - 115200,38400,9600 $TERM
    24	Type=idle
    25	Restart=always
    26	UtmpIdentifier=cons
    27	StandardInput=tty
    28	StandardOutput=tty
    29	TTYPath=/dev/console
    30	TTYReset=yes
    31	TTYVHangup=yes
    32	IgnoreSIGPIPE=no
    33	SendSIGHUP=yes
    34	ImportCredential=agetty.*
    35	ImportCredential=login.*
    36	
    37	[Install]
    38	WantedBy=getty.target
drwxr-xr-x root:root /run/credentials
stat: cannot statx '/dev/console': No such file or directory
crw--w---- root:tty /dev/tty0
-rwxr-xr-x root:root /sbin/agetty
-rw-r--r-- root:root /usr/lib/systemd/system/console-getty.service

### console-getty-attacker
uid=1001(attacker) gid=1001(attacker) groups=1001(attacker)
Failed to start console-getty.service: Interactive authentication required.
See system logs and 'systemctl status console-getty.service' for details.
NO_WRITE_CREDS
mkdir: cannot create directory '/run/credentials/console-getty.service': Permission denied

### root-marker-check
absent /root/systemd_udev_console_root
absent /run/systemd_udev_console_root
absent /tmp/systemd_udev_console_root

### cleanup-health
running
0

### result
ROOT_PROOF=NO
