
### cleanup before

### target identity
PRETTY_NAME="Ubuntu 24.04.4 LTS"
NAME="Ubuntu"
VERSION_ID="24.04"
VERSION="24.04.4 LTS (Noble Numbat)"
VERSION_CODENAME=noble
ID=ubuntu
ID_LIKE=debian
HOME_URL="https://www.ubuntu.com/"
SUPPORT_URL="https://help.ubuntu.com/"
BUG_REPORT_URL="https://bugs.launchpad.net/ubuntu/"
PRIVACY_POLICY_URL="https://www.ubuntu.com/legal/terms-and-policies/privacy-policy"
UBUNTU_CODENAME=noble
LOGO=ubuntu-logo
Linux 5cc17259abde 6.10.14-linuxkit #1 SMP Sat May 17 08:28:57 UTC 2025 aarch64 aarch64 aarch64 GNU/Linux
running
0
uid=1001(attacker) gid=1001(attacker) groups=1001(attacker)
uid=1002(selfauth) gid=1002(selfauth) groups=1002(selfauth)

### package proof
libsystemd0:arm64	255.4-1ubuntu8.15
libudev1:arm64	255.4-1ubuntu8.15
mount	2.39.3-9ubuntu6.5
systemd	255.4-1ubuntu8.15
systemd-sysv	255.4-1ubuntu8.15
udev	255.4-1ubuntu8.15
util-linux	2.39.3-9ubuntu6.5
quota ABSENT
systemd: /usr/bin/systemd-machine-id-setup
systemd: /usr/lib/systemd/system/quotaon.service
systemd: /usr/lib/systemd/system/systemd-quotacheck.service
systemd: /usr/lib/systemd/systemd-battery-check
systemd: /usr/lib/systemd/systemd-bsod
systemd: /usr/lib/systemd/systemd-quotacheck
systemd: /usr/lib/systemd/systemd-storagetm

### unit proof
UNIT FILE                         STATE  PRESET
quotaon.service                   static -
systemd-battery-check.service     static -
systemd-bsod.service              static -
systemd-machine-id-commit.service static -
systemd-quotacheck.service        static -
systemd-storagetm.service         static -

6 unit files listed.
  UNIT                              LOAD   ACTIVE   SUB  DESCRIPTION
  systemd-battery-check.service     loaded inactive dead Check battery level during early boot
  systemd-bsod.service              loaded inactive dead Displays emergency message in full screen.
  systemd-machine-id-commit.service loaded inactive dead Commit a transient machine-id on disk

Legend: LOAD   → Reflects whether the unit definition was properly loaded.
        ACTIVE → The high-level unit activation state, i.e. generalization of SUB.
        SUB    → The low-level unit activation state, values depend on unit type.

3 loaded units listed.
To show all installed unit files use 'systemctl list-unit-files'.
--- show systemd-storagetm.service
ExecStart={ path=/usr/lib/systemd/systemd-storagetm ; argv[]=/usr/lib/systemd/systemd-storagetm --all ; ignore_errors=no ; start_time=[n/a] ; stop_time=[n/a] ; pid=0 ; code=(null) ; status=0/0 }
Environment=
LoadState=loaded
ActiveState=inactive
SubState=dead
FragmentPath=/usr/lib/systemd/system/systemd-storagetm.service
UnitFileState=static
ConditionResult=no
AssertResult=no
--- show quotaon.service
ExecStart={ path=/usr/sbin/quotaon ; argv[]=/usr/sbin/quotaon -aug ; ignore_errors=no ; start_time=[n/a] ; stop_time=[n/a] ; pid=0 ; code=(null) ; status=0/0 }
Environment=
LoadState=loaded
ActiveState=inactive
SubState=dead
FragmentPath=/usr/lib/systemd/system/quotaon.service
UnitFileState=static
ConditionResult=no
AssertResult=no
--- show systemd-quotacheck.service
ExecStart={ path=/usr/lib/systemd/systemd-quotacheck ; argv[]=/usr/lib/systemd/systemd-quotacheck ; ignore_errors=no ; start_time=[n/a] ; stop_time=[n/a] ; pid=0 ; code=(null) ; status=0/0 }
Environment=
LoadState=loaded
ActiveState=inactive
SubState=dead
FragmentPath=/usr/lib/systemd/system/systemd-quotacheck.service
UnitFileState=static
ConditionResult=no
AssertResult=no
--- show systemd-battery-check.service
ExecStart={ path=/usr/lib/systemd/systemd-battery-check ; argv[]=/usr/lib/systemd/systemd-battery-check ; ignore_errors=no ; start_time=[n/a] ; stop_time=[n/a] ; pid=0 ; code=(null) ; status=0/0 }
Environment=
LoadState=loaded
ActiveState=inactive
SubState=dead
FragmentPath=/usr/lib/systemd/system/systemd-battery-check.service
UnitFileState=static
ConditionResult=no
AssertResult=no
--- show systemd-bsod.service
ExecStart={ path=/usr/lib/systemd/systemd-bsod ; argv[]=/usr/lib/systemd/systemd-bsod --continuous ; ignore_errors=no ; start_time=[n/a] ; stop_time=[n/a] ; pid=0 ; code=(null) ; status=0/0 }
Environment=
LoadState=loaded
ActiveState=inactive
SubState=dead
FragmentPath=/usr/lib/systemd/system/systemd-bsod.service
UnitFileState=static
ConditionResult=no
AssertResult=no
--- show systemd-machine-id-commit.service
ExecStart={ path=systemd-machine-id-setup ; argv[]=systemd-machine-id-setup --commit ; ignore_errors=no ; start_time=[n/a] ; stop_time=[n/a] ; pid=0 ; code=(null) ; status=0/0 }
Environment=
LoadState=loaded
ActiveState=inactive
SubState=dead
FragmentPath=/usr/lib/systemd/system/systemd-machine-id-commit.service
UnitFileState=static
ConditionResult=no
AssertResult=no

### unit files with line numbers
--- /usr/lib/systemd/system/systemd-storagetm.service
     1	#  SPDX-License-Identifier: LGPL-2.1-or-later
     2	#
     3	#  This file is part of systemd.
     4	#
     5	#  systemd is free software; you can redistribute it and/or modify it
     6	#  under the terms of the GNU Lesser General Public License as published by
     7	#  the Free Software Foundation; either version 2.1 of the License, or
     8	#  (at your option) any later version.
     9	
    10	[Unit]
    11	Description=Storage Target Mode (NVMe-TCP)
    12	Documentation=man:systemd-storagetm.service(8)
    13	ConditionVirtualization=!container
    14	DefaultDependencies=no
    15	Wants=modprobe@nvmet_tcp.service modprobe@thunderbolt_net.service sys-kernel-config.mount
    16	After=modprobe@nvmet_tcp.service modprobe@thunderbolt_net.service sys-kernel-config.mount plymouth-start.service
    17	Conflicts=shutdown.target
    18	Before=shutdown.target
    19	FailureAction=reboot
    20	SuccessAction=reboot
    21	
    22	[Service]
    23	Type=notify
    24	RemainAfterExit=yes
    25	StandardInput=tty
    26	StandardOutput=tty
    27	ExecStart=/usr/lib/systemd/systemd-storagetm --all
--- /usr/lib/systemd/system/quotaon.service
     1	#  SPDX-License-Identifier: LGPL-2.1-or-later
     2	#
     3	#  This file is part of systemd.
     4	#
     5	#  systemd is free software; you can redistribute it and/or modify it
     6	#  under the terms of the GNU Lesser General Public License as published by
     7	#  the Free Software Foundation; either version 2.1 of the License, or
     8	#  (at your option) any later version.
     9	
    10	[Unit]
    11	Description=Enable File System Quotas
    12	Documentation=man:quotaon(8)
    13	
    14	ConditionPathExists=/usr/sbin/quotaon
    15	
    16	DefaultDependencies=no
    17	After=systemd-quotacheck.service
    18	Before=remote-fs.target
    19	Before=shutdown.target
    20	
    21	[Service]
    22	Type=oneshot
    23	RemainAfterExit=yes
    24	ExecStart=/usr/sbin/quotaon -aug
--- /usr/lib/systemd/system/systemd-quotacheck.service
     1	#  SPDX-License-Identifier: LGPL-2.1-or-later
     2	#
     3	#  This file is part of systemd.
     4	#
     5	#  systemd is free software; you can redistribute it and/or modify it
     6	#  under the terms of the GNU Lesser General Public License as published by
     7	#  the Free Software Foundation; either version 2.1 of the License, or
     8	#  (at your option) any later version.
     9	
    10	[Unit]
    11	Description=File System Quota Check
    12	Documentation=man:systemd-quotacheck.service(8)
    13	
    14	ConditionPathExists=/usr/sbin/quotacheck
    15	
    16	DefaultDependencies=no
    17	After=systemd-remount-fs.service
    18	Before=remote-fs.target
    19	Before=shutdown.target
    20	
    21	[Service]
    22	Type=oneshot
    23	RemainAfterExit=yes
    24	ExecStart=/usr/lib/systemd/systemd-quotacheck
    25	TimeoutSec=infinity
--- /usr/lib/systemd/system/systemd-battery-check.service
     1	#  SPDX-License-Identifier: LGPL-2.1-or-later
     2	#
     3	#  This file is part of systemd.
     4	#
     5	#  systemd is free software; you can redistribute it and/or modify it
     6	#  under the terms of the GNU Lesser General Public License as published by
     7	#  the Free Software Foundation; either version 2.1 of the License, or
     8	#  (at your option) any later version.
     9	
    10	[Unit]
    11	Description=Check battery level during early boot
    12	Documentation=man:systemd-battery-check.service(8)
    13	ConditionVirtualization=no
    14	ConditionDirectoryNotEmpty=/sys/class/power_supply/
    15	ConditionKernelCommandLine=!systemd.battery-check=0
    16	AssertPathExists=/etc/initrd-release
    17	DefaultDependencies=no
    18	After=plymouth-start.service
    19	Before=initrd-root-device.target systemd-hibernate-resume.service
    20	
    21	[Service]
    22	Type=oneshot
    23	RemainAfterExit=yes
    24	ExecStart=/usr/lib/systemd/systemd-battery-check
    25	FailureAction=poweroff-force
--- /usr/lib/systemd/system/systemd-bsod.service
     1	#  SPDX-License-Identifier: LGPL-2.1-or-later
     2	#
     3	#  This file is part of systemd.
     4	#
     5	#  systemd is free software; you can redistribute it and/or modify it
     6	#  under the terms of the GNU Lesser General Public License as published by
     7	#  the Free Software Foundation; either version 2.1 of the License, or
     8	#  (at your option) any later version.
     9	
    10	[Unit]
    11	Description=Displays emergency message in full screen.
    12	Documentation=man:systemd-bsod.service(8)
    13	ConditionVirtualization=no
    14	DefaultDependencies=no
    15	After=systemd-battery-check.service
    16	Before=shutdown.target
    17	Conflicts=shutdown.target
    18	
    19	[Service]
    20	RemainAfterExit=yes
    21	ExecStart=/usr/lib/systemd/systemd-bsod --continuous
--- /usr/lib/systemd/system/systemd-machine-id-commit.service
     1	#  SPDX-License-Identifier: LGPL-2.1-or-later
     2	#
     3	#  This file is part of systemd.
     4	#
     5	#  systemd is free software; you can redistribute it and/or modify it
     6	#  under the terms of the GNU Lesser General Public License as published by
     7	#  the Free Software Foundation; either version 2.1 of the License, or
     8	#  (at your option) any later version.
     9	
    10	[Unit]
    11	Description=Commit a transient machine-id on disk
    12	Documentation=man:systemd-machine-id-commit.service(8)
    13	DefaultDependencies=no
    14	Conflicts=shutdown.target
    15	Before=shutdown.target
    16	After=local-fs.target first-boot-complete.target
    17	ConditionPathIsReadWrite=/etc
    18	ConditionPathIsMountPoint=/etc/machine-id
    19	
    20	[Service]
    21	Type=oneshot
    22	RemainAfterExit=yes
    23	ExecStart=systemd-machine-id-setup --commit
    24	TimeoutSec=30s

### condition gates without starting reboot-prone units
--- ConditionVirtualization=!container
test.service: ConditionVirtualization=!container failed.
Conditions failed.
--- ConditionPathExists=/usr/sbin/quotaon
test.service: ConditionPathExists=/usr/sbin/quotaon failed.
Conditions failed.
--- ConditionPathExists=/usr/sbin/quotacheck
test.service: ConditionPathExists=/usr/sbin/quotacheck failed.
Conditions failed.
--- ConditionVirtualization=no
test.service: ConditionVirtualization=no failed.
Conditions failed.
--- ConditionDirectoryNotEmpty=/sys/class/power_supply/
test.service: ConditionDirectoryNotEmpty=/sys/class/power_supply failed.
Conditions failed.
--- AssertPathExists=/etc/initrd-release
test.service: AssertPathExists=/etc/initrd-release failed.
Asserts failed.
--- ConditionPathIsReadWrite=/etc
test.service: ConditionPathIsReadWrite=/etc succeeded.
Conditions succeeded.
--- ConditionPathIsMountPoint=/etc/machine-id
test.service: ConditionPathIsMountPoint=/etc/machine-id failed.
Conditions failed.

### binary and helper metadata
-rwxr-xr-x 755 root:root 67992 /usr/lib/systemd/systemd-storagetm
/usr/lib/systemd/systemd-storagetm: ELF 64-bit LSB pie executable, ARM aarch64, version 1 (SYSV), dynamically linked, interpreter /lib/ld-linux-aarch64.so.1, BuildID[sha1]=2bf3127d4b415557536c62ee03f5b5d58dbad901, for GNU/Linux 3.7.0, stripped
-rwxr-xr-x 755 root:root 67816 /usr/lib/systemd/systemd-quotacheck
/usr/lib/systemd/systemd-quotacheck: ELF 64-bit LSB pie executable, ARM aarch64, version 1 (SYSV), dynamically linked, interpreter /lib/ld-linux-aarch64.so.1, BuildID[sha1]=7b29fea6f6255af715479bef6e9f22f9a35d88ed, for GNU/Linux 3.7.0, stripped
-rwxr-xr-x 755 root:root 67816 /usr/lib/systemd/systemd-battery-check
/usr/lib/systemd/systemd-battery-check: ELF 64-bit LSB pie executable, ARM aarch64, version 1 (SYSV), dynamically linked, interpreter /lib/ld-linux-aarch64.so.1, BuildID[sha1]=3c2966a10760f49ba53e485002e03aca43448582, for GNU/Linux 3.7.0, stripped
-rwxr-xr-x 755 root:root 67816 /usr/lib/systemd/systemd-bsod
/usr/lib/systemd/systemd-bsod: ELF 64-bit LSB pie executable, ARM aarch64, version 1 (SYSV), dynamically linked, interpreter /lib/ld-linux-aarch64.so.1, BuildID[sha1]=4b2425e5e5b7af917145f378742c3f952edeeb24, for GNU/Linux 3.7.0, stripped
-rwxr-xr-x 755 root:root 68000 /usr/bin/systemd-machine-id-setup
/usr/bin/systemd-machine-id-setup: ELF 64-bit LSB pie executable, ARM aarch64, version 1 (SYSV), dynamically linked, interpreter /lib/ld-linux-aarch64.so.1, BuildID[sha1]=a2343c67f1c2ec817d2fa9bd90ba50b6fa6ab0c5, for GNU/Linux 3.7.0, stripped
MISSING /usr/sbin/quotaon
MISSING /usr/sbin/quotacheck
-rwxr-xr-x 755 root:root 68256 /usr/bin/systemd-run
/usr/bin/systemd-run: ELF 64-bit LSB pie executable, ARM aarch64, version 1 (SYSV), dynamically linked, interpreter /lib/ld-linux-aarch64.so.1, BuildID[sha1]=b724c3a45e6478ade4aae618bcac19fd1fe3652b, for GNU/Linux 3.7.0, stripped
-rwxr-xr-x 755 root:root 1585008 /usr/bin/systemctl
/usr/bin/systemctl: ELF 64-bit LSB pie executable, ARM aarch64, version 1 (SYSV), dynamically linked, interpreter /lib/ld-linux-aarch64.so.1, BuildID[sha1]=ca572a2ec9ff1361784fe29f4d9b1afec179c1d8, for GNU/Linux 3.7.0, stripped
--- search path
/usr/local/sbin:/usr/local/bin:/usr/sbin:/usr/bin
--- helper help
>>> /usr/lib/systemd/systemd-storagetm --help
systemd-storagetm [OPTIONS...] [DEVICE...]

Expose a block device or regular file as NVMe-TCP volume.

  -h --help            Show this help
     --version         Show package version
     --nqn=STRING      Select NQN (NVMe Qualified Name)
  -a --all             Expose all devices

See the systemd-storagetm(8) man page for details.
rc=0
>>> /usr/lib/systemd/systemd-quotacheck --help
This program takes no arguments.
rc=1
>>> /usr/lib/systemd/systemd-battery-check --help
systemd-battery-check

Check battery level to see whether there's enough charge.

   -h --help            Show this help
      --version         Show package version

See the systemd-battery-check(8) man page for details.
rc=0
>>> /usr/lib/systemd/systemd-bsod --help
systemd-bsod

Filter the journal to fetch the first message from the
current boot with an emergency log level and displays it
as a string and a QR code.

   -h --help            Show this help
      --version         Show package version
   -c --continuous      Make systemd-bsod wait continuously
                        for changes in the journal

See the systemd-bsod(8) man page for details.
rc=0
>>> systemd-machine-id-setup --help
systemd-machine-id-setup [OPTIONS...]

Initialize /etc/machine-id from a random source.

  -h --help                 Show this help
     --version              Show package version
     --root=PATH            Operate on an alternate filesystem root
     --image=PATH           Operate on disk image as filesystem root
     --image-policy=POLICY  Specify disk image dissection policy
     --commit               Commit transient ID
     --print                Print used machine ID

See the systemd-machine-id-setup(1) man page for details.
rc=0
>>> quotaon --help
bash: line 1: quotaon: command not found
rc=127
>>> quotacheck --help
bash: line 1: quotacheck: command not found
rc=127

### config state and write targets
drwxr-xr-x 755 root:root directory /etc/systemd/system -> '/etc/systemd/system'
drwxr-xr-x 755 root:root directory /run/systemd/system -> '/run/systemd/system'
drwxr-xr-x 755 root:root directory /usr/lib/systemd/system -> '/usr/lib/systemd/system'
-rw-r--r-- 644 root:root regular file /etc/systemd/system.conf -> '/etc/systemd/system.conf'
MISSING /etc/systemd/system.conf.d
MISSING /run/systemd/system.conf.d
MISSING /etc/systemd/system/systemd-storagetm.service.d
MISSING /run/systemd/system/systemd-storagetm.service.d
drwxr-xr-x 755 root:root directory /run/systemd/generator -> '/run/systemd/generator'
MISSING /run/systemd/generator.early
MISSING /run/systemd/generator.late
-rw-r--r-- 644 root:root regular file /etc/machine-id -> '/etc/machine-id'
MISSING /run/machine-id
drwxr-xr-x 755 root:root directory /var/lib/systemd -> '/var/lib/systemd'
MISSING /var/lib/systemd/storagetm
MISSING /run/systemd/bsod
drwxr-xr-x 755 root:root directory /run/systemd/ask-password -> '/run/systemd/ask-password'
drwxr-xr-x 755 root:root directory /sys/class/power_supply -> '/sys/class/power_supply'
drwxr-xr-x 755 root:root directory /sys/kernel/config -> '/sys/kernel/config'
MISSING /sys/kernel/config/nvmet
--w------- 200 root:root regular empty file /proc/sysrq-trigger -> '/proc/sysrq-trigger'
-rw-r--r-- 644 root:root regular file /etc/fstab -> '/etc/fstab'
MISSING /aquota.user
MISSING /aquota.group
MISSING /usr/sbin/quotaon
MISSING /usr/sbin/quotacheck
--- unix sockets
ffff0000e06cd000: 00000002 00000000 00010000 0001 01  9019 /run/systemd/io.systemd.sysext
--- tmpfiles/sysusers references
/usr/lib/tmpfiles.d/dbus.conf:# Make ${localstatedir}/lib/dbus/machine-id a symlink to /etc/machine-id
/usr/lib/tmpfiles.d/dbus.conf:L /var/lib/dbus/machine-id - - - - /etc/machine-id
/usr/lib/tmpfiles.d/legacy.conf:# /forcefsck, /fastboot and /forcequotacheck are deprecated in favor of the
/usr/lib/tmpfiles.d/legacy.conf:# 'quotacheck.mode=force'
/usr/lib/tmpfiles.d/legacy.conf:r! /forcequotacheck
/usr/lib/systemd/system/systemd-storagetm.service:Documentation=man:systemd-storagetm.service(8)
/usr/lib/systemd/system/systemd-storagetm.service:ExecStart=/usr/lib/systemd/systemd-storagetm --all
/usr/lib/systemd/system/quotaon.service:Documentation=man:quotaon(8)
/usr/lib/systemd/system/quotaon.service:ConditionPathExists=/usr/sbin/quotaon
/usr/lib/systemd/system/quotaon.service:After=systemd-quotacheck.service
/usr/lib/systemd/system/quotaon.service:ExecStart=/usr/sbin/quotaon -aug
/usr/lib/systemd/system/systemd-quotacheck.service:Documentation=man:systemd-quotacheck.service(8)
/usr/lib/systemd/system/systemd-quotacheck.service:ConditionPathExists=/usr/sbin/quotacheck
/usr/lib/systemd/system/systemd-quotacheck.service:ExecStart=/usr/lib/systemd/systemd-quotacheck
/usr/lib/systemd/system/initrd.target.wants/systemd-battery-check.service:Description=Check battery level during early boot
/usr/lib/systemd/system/initrd.target.wants/systemd-battery-check.service:Documentation=man:systemd-battery-check.service(8)
/usr/lib/systemd/system/initrd.target.wants/systemd-battery-check.service:ConditionKernelCommandLine=!systemd.battery-check=0
/usr/lib/systemd/system/initrd.target.wants/systemd-battery-check.service:ExecStart=/usr/lib/systemd/systemd-battery-check
/usr/lib/systemd/system/initrd.target.wants/systemd-bsod.service:Documentation=man:systemd-bsod.service(8)
/usr/lib/systemd/system/initrd.target.wants/systemd-bsod.service:After=systemd-battery-check.service
/usr/lib/systemd/system/initrd.target.wants/systemd-bsod.service:ExecStart=/usr/lib/systemd/systemd-bsod --continuous
/usr/lib/systemd/system/sysinit.target.wants/systemd-pcrmachine.service:ExecStart=/usr/lib/systemd/systemd-pcrextend --graceful --machine-id
/usr/lib/systemd/system/sysinit.target.wants/systemd-machine-id-commit.service:Description=Commit a transient machine-id on disk
/usr/lib/systemd/system/sysinit.target.wants/systemd-machine-id-commit.service:Documentation=man:systemd-machine-id-commit.service(8)
/usr/lib/systemd/system/sysinit.target.wants/systemd-machine-id-commit.service:ConditionPathIsMountPoint=/etc/machine-id
/usr/lib/systemd/system/sysinit.target.wants/systemd-machine-id-commit.service:ExecStart=systemd-machine-id-setup --commit
/usr/lib/systemd/system/storage-target-mode.target:Wants=systemd-storagetm.service systemd-udevd.service systemd-udev-trigger.service systemd-networkd.service systemd-network-generator.service systemd-journald.socket systemd-journald-dev-log.socket plymouth-start.service
/usr/lib/systemd/system/storage-target-mode.target:After=systemd-storagetm.service systemd-udevd.service systemd-udev-trigger.service systemd-networkd.service systemd-network-generator.service systemd-journald.socket systemd-journald-dev-log.socket plymouth-start.service rescue.service rescue.target
/usr/lib/systemd/system/systemd-pcrlock-machine-id.service:ExecStart=/usr/lib/systemd/systemd-pcrlock lock-machine-id
/usr/lib/systemd/system/systemd-fsck@.service:Before=systemd-quotacheck.service shutdown.target
/usr/lib/systemd/system/systemd-pcrmachine.service:ExecStart=/usr/lib/systemd/systemd-pcrextend --graceful --machine-id
/usr/lib/systemd/system/systemd-battery-check.service:Description=Check battery level during early boot
/usr/lib/systemd/system/systemd-battery-check.service:Documentation=man:systemd-battery-check.service(8)
/usr/lib/systemd/system/systemd-battery-check.service:ConditionKernelCommandLine=!systemd.battery-check=0
/usr/lib/systemd/system/systemd-battery-check.service:ExecStart=/usr/lib/systemd/systemd-battery-check
/usr/lib/systemd/system/systemd-machine-id-commit.service:Description=Commit a transient machine-id on disk
/usr/lib/systemd/system/systemd-machine-id-commit.service:Documentation=man:systemd-machine-id-commit.service(8)
/usr/lib/systemd/system/systemd-machine-id-commit.service:ConditionPathIsMountPoint=/etc/machine-id
/usr/lib/systemd/system/systemd-machine-id-commit.service:ExecStart=systemd-machine-id-setup --commit
/usr/lib/systemd/system/systemd-bsod.service:Documentation=man:systemd-bsod.service(8)
/usr/lib/systemd/system/systemd-bsod.service:After=systemd-battery-check.service
/usr/lib/systemd/system/systemd-bsod.service:ExecStart=/usr/lib/systemd/systemd-bsod --continuous

### attacker write attempts to fixed root inputs
uid=1001(attacker) gid=1001(attacker) groups=1001(attacker)
--- try /etc/systemd/system/systemd-storagetm.service.d/probe.conf
mkdir_rc=1 err=mkdir: cannot create directory '/etc/systemd/system/systemd-storagetm.service.d': Permission denied
bash: line 1: /etc/systemd/system/systemd-storagetm.service.d/probe.conf: No such file or directory
link_rc=1 err=ln: failed to create symbolic link '/etc/systemd/system/systemd-storagetm.service.d/probe.conf': No such file or directory
write_rc=1 err=
--- try /run/systemd/system/systemd-storagetm.service.d/probe.conf
mkdir_rc=1 err=mkdir: cannot create directory '/run/systemd/system/systemd-storagetm.service.d': Permission denied
bash: line 1: /run/systemd/system/systemd-storagetm.service.d/probe.conf: No such file or directory
link_rc=1 err=ln: failed to create symbolic link '/run/systemd/system/systemd-storagetm.service.d/probe.conf': No such file or directory
write_rc=1 err=
--- try /run/systemd/system.conf.d/probe.conf
mkdir_rc=1 err=mkdir: cannot create directory '/run/systemd/system.conf.d': Permission denied
bash: line 1: /run/systemd/system.conf.d/probe.conf: No such file or directory
link_rc=1 err=ln: failed to create symbolic link '/run/systemd/system.conf.d/probe.conf': No such file or directory
write_rc=1 err=
--- try /run/systemd/generator/quotaon.service
mkdir_rc=0 err=
link_rc=1 err=ln: failed to create symbolic link '/run/systemd/generator/quotaon.service': Permission denied
bash: line 1: /run/systemd/generator/quotaon.service: Permission denied
write_rc=1 err=
--- try /etc/fstab
mkdir_rc=0 err=
link_rc=1 err=ln: failed to create symbolic link '/etc/fstab': Permission denied
bash: line 1: /etc/fstab: Permission denied
write_rc=1 err=
--- try /aquota.user
mkdir_rc=0 err=
link_rc=1 err=ln: failed to create symbolic link '/aquota.user': Permission denied
bash: line 1: /aquota.user: Permission denied
write_rc=1 err=
--- try /aquota.group
mkdir_rc=0 err=
bash: line 1: /aquota.group: Permission denied
link_rc=1 err=ln: failed to create symbolic link '/aquota.group': Permission denied
write_rc=1 err=
--- try /etc/machine-id
mkdir_rc=0 err=
bash: line 1: /etc/machine-id: Permission denied
link_rc=1 err=ln: failed to create symbolic link '/etc/machine-id': Permission denied
write_rc=1 err=
--- try /run/machine-id
mkdir_rc=0 err=
bash: line 1: /run/machine-id: Permission denied
link_rc=1 err=ln: failed to create symbolic link '/run/machine-id': Permission denied
write_rc=1 err=
--- try /var/lib/systemd/storagetm/attacker
mkdir_rc=1 err=mkdir: cannot create directory '/var/lib/systemd/storagetm': Permission denied
bash: line 1: /var/lib/systemd/storagetm/attacker: No such file or directory
link_rc=1 err=ln: failed to create symbolic link '/var/lib/systemd/storagetm/attacker': No such file or directory
write_rc=1 err=
--- try /run/systemd/bsod/attacker
mkdir_rc=1 err=mkdir: cannot create directory '/run/systemd/bsod': Permission denied
bash: line 1: /run/systemd/bsod/attacker: No such file or directory
link_rc=1 err=ln: failed to create symbolic link '/run/systemd/bsod/attacker': No such file or directory
write_rc=1 err=
--- try /sys/class/power_supply/attacker
mkdir_rc=0 err=
bash: line 1: /sys/class/power_supply/attacker: Permission denied
link_rc=1 err=ln: failed to create symbolic link '/sys/class/power_supply/attacker': Permission denied
write_rc=1 err=
--- try /sys/kernel/config/nvmet/attacker
mkdir_rc=1 err=mkdir: cannot create directory '/sys/kernel/config/nvmet': Permission denied
link_rc=1 err=ln: failed to create symbolic link '/sys/kernel/config/nvmet/attacker': No such file or directory
bash: line 1: /sys/kernel/config/nvmet/attacker: No such file or directory
write_rc=1 err=
--- try /proc/sysrq-trigger
mkdir_rc=0 err=
bash: line 1: /proc/sysrq-trigger: Permission denied
link_rc=1 err=ln: failed to create symbolic link '/proc/sysrq-trigger': No such file or directory
write_rc=1 err=

### attacker system manager mutation attempts
--- system manager environment
Failed to set environment: Access denied
setenv_rc=1
Failed to import environment: Access denied
importenv_rc=1
PATH=/usr/local/sbin:/usr/local/bin:/usr/sbin:/usr/bin:/snap/bin
--- root unit starts
>>> start systemd-storagetm.service
Failed to start systemd-storagetm.service: Interactive authentication required.
See system logs and 'systemctl status systemd-storagetm.service' for details.
start_rc=1
>>> start quotaon.service
Failed to start quotaon.service: Interactive authentication required.
See system logs and 'systemctl status quotaon.service' for details.
start_rc=1
>>> start systemd-quotacheck.service
Failed to start systemd-quotacheck.service: Interactive authentication required.
See system logs and 'systemctl status systemd-quotacheck.service' for details.
start_rc=1
>>> start systemd-battery-check.service
Failed to start systemd-battery-check.service: Interactive authentication required.
See system logs and 'systemctl status systemd-battery-check.service' for details.
start_rc=1
>>> start systemd-bsod.service
Failed to start systemd-bsod.service: Interactive authentication required.
See system logs and 'systemctl status systemd-bsod.service' for details.
start_rc=1
>>> start systemd-machine-id-commit.service
Failed to start systemd-machine-id-commit.service: Interactive authentication required.
See system logs and 'systemctl status systemd-machine-id-commit.service' for details.
start_rc=1
--- transient and reload/link
Failed to start transient service unit: Interactive authentication required.
systemd_run_rc=1
Reload daemon failed: Interactive authentication required.
reload_rc=1
Failed to link unit: Interactive authentication required.
link_rc=1

### attacker direct helper execution
uid=1001(attacker) gid=1001(attacker) groups=1001(attacker)
--- storagetm regular file
Failed to open /sys/kernel/config/nvmet/subsystems: No such file or directory
storagetm_file_rc=1
--- storagetm all
Failed to open /sys/kernel/config/nvmet/ports: No such file or directory
storagetm_all_rc=1
--- quotacheck helper
systemd_quotacheck_rc=0
--- battery helper
battery_rc=0
--- bsod helper
bsod_rc=0
--- machine-id commit
machine_id_commit_rc=0
machine_id_hash_before=d89120b28d8fe6f99c5d3b3c1f4196543bd9e34ad4bcbd14db608c46c948f067 after=d89120b28d8fe6f99c5d3b3c1f4196543bd9e34ad4bcbd14db608c46c948f067
--- direct root marker touch
touch: cannot touch '/root/systemd_storage_quota_misc_lpe_marker': Permission denied
touch_root_marker_rc=1

### root marker and target health
ROOT_MARKER_ABSENT
running
0
ROOT_PROOF=NO
