
## target and package state
PRETTY_NAME="Ubuntu 24.04.4 LTS"
NAME="Ubuntu"
VERSION_ID="24.04"
VERSION="24.04.4 LTS (Noble Numbat)"
VERSION_CODENAME=noble
ID=ubuntu
ID_LIKE=debian
HOME_URL="https://www.ubuntu.com/"
Linux bf51bb670420 6.10.14-linuxkit #1 SMP Sat May 17 08:28:57 UTC 2025 aarch64 aarch64 aarch64 GNU/Linux
uid=1001(attacker) gid=1001(attacker) groups=1001(attacker)
mount	2.39.3-9ubuntu6.5	ii 
systemd	255.4-1ubuntu8.15	ii 
util-linux	2.39.3-9ubuntu6.5	ii 

## unit state and root execution path
# /usr/lib/systemd/system/systemd-remount-fs.service
#  SPDX-License-Identifier: LGPL-2.1-or-later
#
#  This file is part of systemd.
#
#  systemd is free software; you can redistribute it and/or modify it
#  under the terms of the GNU Lesser General Public License as published by
#  the Free Software Foundation; either version 2.1 of the License, or
#  (at your option) any later version.

[Unit]
Description=Remount Root and Kernel File Systems
Documentation=man:systemd-remount-fs.service(8)
Documentation=https://www.freedesktop.org/wiki/Software/systemd/APIFileSystems

DefaultDependencies=no
After=systemd-fsck-root.service
Before=local-fs-pre.target local-fs.target
Wants=local-fs-pre.target
Conflicts=shutdown.target
Before=shutdown.target

[Service]
Type=oneshot
RemainAfterExit=yes
ExecStart=/usr/lib/systemd/systemd-remount-fs
ExecStart={ path=/usr/lib/systemd/systemd-remount-fs ; argv[]=/usr/lib/systemd/systemd-remount-fs ; ignore_errors=no ; start_time=[Sat 2026-05-16 22:51:02 UTC] ; stop_time=[Sat 2026-05-16 22:51:02 UTC] ; pid=43 ; code=exited ; status=0 }
User=
Group=
Id=systemd-remount-fs.service
LoadState=loaded
ActiveState=active
SubState=exited
FragmentPath=/usr/lib/systemd/system/systemd-remount-fs.service
UnitFileState=enabled-runtime
ConditionResult=yes
     1	#  SPDX-License-Identifier: LGPL-2.1-or-later
     2	#
     3	#  This file is part of systemd.
     4	#
     5	#  systemd is free software; you can redistribute it and/or modify it
     6	#  under the terms of the GNU Lesser General Public License as published by
     7	#  the Free Software Foundation; either version 2.1 of the License, or
     8	#  (at your option) any later version.
     9	
    10	[Unit]
    11	Description=Remount Root and Kernel File Systems
    12	Documentation=man:systemd-remount-fs.service(8)
    13	Documentation=https://www.freedesktop.org/wiki/Software/systemd/APIFileSystems
    14	
    15	DefaultDependencies=no
    16	After=systemd-fsck-root.service
    17	Before=local-fs-pre.target local-fs.target
    18	Wants=local-fs-pre.target
    19	Conflicts=shutdown.target
    20	Before=shutdown.target
    21	
    22	[Service]
    23	Type=oneshot
    24	RemainAfterExit=yes
    25	ExecStart=/usr/lib/systemd/systemd-remount-fs
-rwxr-xr-x 755 root:root regular file /usr/lib/systemd/systemd-remount-fs
-rw-r--r-- 644 root:root regular file /etc/fstab
drwxr-xr-x 755 root:root directory /run/systemd/generator
drwxr-xr-x 755 root:root directory /run/systemd/generator/local-fs.target.wants
drwxr-xr-x 755 root:root directory /run/systemd/system
-r--r--r-- 444 root:root regular empty file /proc/self/mountinfo

## attacker write access to remount inputs
uid=1001(attacker) gid=1001(attacker) groups=1001(attacker)
/etc/fstab: not-writable
/run/systemd/generator: not-writable
/run/systemd/generator/local-fs.target.wants: not-writable
/run/systemd/system: not-writable
/proc/self/mountinfo: not-writable

## attacker namespace mount isolation
uid=1001(attacker) gid=1001(attacker) groups=1001(attacker)
uid=0(root) gid=0(root) groups=0(root)
ATTACKER_NS_MOUNTINFO
317 92 0:80 / /tmp/remountfs-userns rw,relatime - tmpfs tmpfs rw,uid=1001,gid=1001
unshare_rc=0
PID1_MOUNTINFO
TARGET_MOUNTINFO
drwxr-xr-x attacker:attacker directory /tmp/remountfs-userns
total 8
drwxr-xr-x 2 attacker attacker 4096 May 17 17:27 .
drwxrwxrwt 1 root     root     4096 May 17 17:27 ..

## attacker service trigger attempts
uid=1001(attacker) gid=1001(attacker) groups=1001(attacker)
Failed to start systemd-remount-fs.service: Interactive authentication required.
See system logs and 'systemctl status systemd-remount-fs.service' for details.
systemctl_start_rc=1
Call failed: Interactive authentication required.
busctl_start_rc=1

## root helper debug run
Found container virtualization docker.

## post-trigger state and health
Result=success
Id=systemd-remount-fs.service
ActiveState=active
SubState=exited
-- No entries --
running
