timesync/resolved runtime D-Bus and varlink LPE probe
target=ubuntu24-server-lpe-target
2026-05-16T14:11:00-0400

## target identity and package proof
Linux 4f5b414436ae 6.10.14-linuxkit #1 SMP Sat May 17 08:28:57 UTC 2025 aarch64 aarch64 aarch64 GNU/Linux
PRETTY_NAME="Ubuntu 24.04.4 LTS"
NAME="Ubuntu"
VERSION_ID="24.04"
VERSION="24.04.4 LTS (Noble Numbat)"
VERSION_CODENAME=noble
ID=ubuntu
ID_LIKE=debian
HOME_URL="https://www.ubuntu.com/"
SUPPORT_URL="https://help.ubuntu.com/"
BUG_REPORT_URL="https://bugs.launchpad.net/ubuntu/"
PRIVACY_POLICY_URL="https://www.ubuntu.com/legal/terms-and-policies/privacy-policy"
UBUNTU_CODENAME=noble
systemd 255 (255.4-1ubuntu8.15)
dbus	1.14.10-4ubuntu4.1	arm64	ii 
dbus-daemon	1.14.10-4ubuntu4.1	arm64	ii 
polkitd	124-2ubuntu1.24.04.3	arm64	ii 
systemd	255.4-1ubuntu8.15	arm64	ii 
systemd-resolved	255.4-1ubuntu8.15	arm64	ii 
systemd-timesyncd	255.4-1ubuntu8.15	arm64	ii 
uid=1001(attacker) gid=1001(attacker) groups=1001(attacker)
uid=991(systemd-resolve) gid=991(systemd-resolve) groups=991(systemd-resolve)
uid=996(systemd-timesync) gid=996(systemd-timesync) groups=996(systemd-timesync)
attacker : attacker
sudo:x:27:ubuntu
adm:x:4:ubuntu,syslog
lxd:x:101:
systemd-journal:x:999:
systemd-resolve:x:991:
systemd-timesync:x:996:

## default unit and bus reachability
enabled
enabled
alias
alias
active
inactive
active
inactive
MainPID=771164
BusName=org.freedesktop.resolve1
ExecStart={ path=/usr/lib/systemd/systemd-resolved ; argv[]=/usr/lib/systemd/systemd-resolved ; ignore_errors=no ; start_time=[Sat 2026-05-16 18:07:57 UTC] ; stop_time=[n/a] ; pid=771164 ; code=(null) ; status=0/0 }
CapabilityBoundingSet=cap_setpcap cap_net_bind_service cap_net_raw
AmbientCapabilities=cap_setpcap cap_net_bind_service cap_net_raw
User=systemd-resolve
DynamicUser=no
ProtectSystem=strict
NoNewPrivileges=yes
RuntimeDirectoryPreserve=yes
RuntimeDirectory=systemd/resolve
StateDirectory=
ActiveState=active
SubState=running
FragmentPath=/usr/lib/systemd/system/systemd-resolved.service
UnitFileState=enabled
ConditionResult=yes
Conditions=[unprintable]

MainPID=0
BusName=org.freedesktop.timesync1
ExecStart={ path=/usr/lib/systemd/systemd-timesyncd ; argv[]=/usr/lib/systemd/systemd-timesyncd ; ignore_errors=no ; start_time=[n/a] ; stop_time=[n/a] ; pid=0 ; code=(null) ; status=0/0 }
CapabilityBoundingSet=cap_sys_time
AmbientCapabilities=cap_sys_time
User=systemd-timesync
DynamicUser=no
ProtectSystem=strict
NoNewPrivileges=yes
RuntimeDirectoryPreserve=no
RuntimeDirectory=systemd/timesync
StateDirectory=systemd/timesync
ActiveState=inactive
SubState=dead
FragmentPath=/usr/lib/systemd/system/systemd-timesyncd.service
UnitFileState=enabled
ConditionResult=no
Conditions=[unprintable]
:1.98609                      771164 systemd-resolve systemd-resolve :1.98609      systemd-resolved.service    -       -
org.freedesktop.resolve1      771164 systemd-resolve systemd-resolve :1.98609      systemd-resolved.service    -       -
org.freedesktop.timesync1          - -               -               (activatable) -                           -       -
u_str LISTEN 0      4096           /run/systemd/resolve/io.systemd.Resolve 1613180            * 0    users:(("systemd-resolve",pid=771164,fd=18))                    
u_str LISTEN 0      4096   /run/systemd/resolve/io.systemd.Resolve.Monitor 1613181            * 0    users:(("systemd-resolve",pid=771164,fd=19))                    
udp   UNCONN 0      0         127.0.0.54:53        0.0.0.0:*    users:(("systemd-resolve",pid=771164,fd=16))
udp   UNCONN 0      0      127.0.0.53%lo:53        0.0.0.0:*    users:(("systemd-resolve",pid=771164,fd=14))
tcp   LISTEN 0      4096   127.0.0.53%lo:53        0.0.0.0:*    users:(("systemd-resolve",pid=771164,fd=15))
tcp   LISTEN 0      4096      127.0.0.54:53        0.0.0.0:*    users:(("systemd-resolve",pid=771164,fd=17))

## unit files and D-Bus/polkit policy

### unit systemd-resolved.service
# /usr/lib/systemd/system/systemd-resolved.service
#  SPDX-License-Identifier: LGPL-2.1-or-later
#
#  This file is part of systemd.
#
#  systemd is free software; you can redistribute it and/or modify it
#  under the terms of the GNU Lesser General Public License as published by
#  the Free Software Foundation; either version 2.1 of the License, or
#  (at your option) any later version.

[Unit]
Description=Network Name Resolution
Documentation=man:systemd-resolved.service(8)
Documentation=man:org.freedesktop.resolve1(5)
Documentation=https://www.freedesktop.org/wiki/Software/systemd/writing-network-configuration-managers
Documentation=https://www.freedesktop.org/wiki/Software/systemd/writing-resolver-clients

DefaultDependencies=no
After=systemd-sysctl.service systemd-sysusers.service
Before=sysinit.target network.target nss-lookup.target shutdown.target initrd-switch-root.target
Conflicts=shutdown.target initrd-switch-root.target
Wants=nss-lookup.target

[Service]
AmbientCapabilities=CAP_SETPCAP CAP_NET_RAW CAP_NET_BIND_SERVICE
BusName=org.freedesktop.resolve1
CapabilityBoundingSet=CAP_SETPCAP CAP_NET_RAW CAP_NET_BIND_SERVICE
ExecStart=!!/usr/lib/systemd/systemd-resolved
LockPersonality=yes
MemoryDenyWriteExecute=yes
NoNewPrivileges=yes
PrivateDevices=yes
PrivateTmp=yes
ProtectClock=yes
ProtectControlGroups=yes
ProtectHome=yes
ProtectKernelLogs=yes
ProtectKernelModules=yes
ProtectKernelTunables=yes
ProtectSystem=strict
Restart=always
RestartSec=0
RestrictAddressFamilies=AF_UNIX AF_NETLINK AF_INET AF_INET6
RestrictNamespaces=yes
RestrictRealtime=yes
RestrictSUIDSGID=yes
RuntimeDirectory=systemd/resolve
RuntimeDirectoryPreserve=yes
SystemCallArchitectures=native
SystemCallErrorNumber=EPERM
SystemCallFilter=@system-service
Type=notify
User=systemd-resolve
ImportCredential=network.dns
ImportCredential=network.search_domains
WatchdogSec=3min

[Install]
WantedBy=sysinit.target
Alias=dbus-org.freedesktop.resolve1.service

### unit systemd-timesyncd.service
# /usr/lib/systemd/system/systemd-timesyncd.service
#  SPDX-License-Identifier: LGPL-2.1-or-later
#
#  This file is part of systemd.
#
#  systemd is free software; you can redistribute it and/or modify it
#  under the terms of the GNU Lesser General Public License as published by
#  the Free Software Foundation; either version 2.1 of the License, or
#  (at your option) any later version.

[Unit]
Description=Network Time Synchronization
Documentation=man:systemd-timesyncd.service(8)
ConditionCapability=CAP_SYS_TIME
ConditionVirtualization=!container
DefaultDependencies=no
After=systemd-sysusers.service
Before=time-set.target sysinit.target shutdown.target
Conflicts=shutdown.target
Wants=time-set.target

[Service]
AmbientCapabilities=CAP_SYS_TIME
BusName=org.freedesktop.timesync1
CapabilityBoundingSet=CAP_SYS_TIME
# Turn off DNSSEC validation for hostname look-ups, since those need the
# correct time to work, but we likely won't acquire that without NTP. Let's
# break this chicken-and-egg cycle here.
Environment=SYSTEMD_NSS_RESOLVE_VALIDATE=0
ExecStart=!!/usr/lib/systemd/systemd-timesyncd
LockPersonality=yes
MemoryDenyWriteExecute=yes
NoNewPrivileges=yes
PrivateDevices=yes
PrivateTmp=yes
ProtectProc=invisible
ProtectControlGroups=yes
ProtectHome=yes
ProtectHostname=yes
ProtectKernelLogs=yes
ProtectKernelModules=yes
ProtectKernelTunables=yes
ProtectSystem=strict
Restart=always
RestartSec=0
RestrictAddressFamilies=AF_UNIX AF_INET AF_INET6
RestrictNamespaces=yes
RestrictRealtime=yes
RestrictSUIDSGID=yes
RuntimeDirectory=systemd/timesync
StateDirectory=systemd/timesync
SystemCallArchitectures=native
SystemCallErrorNumber=EPERM
SystemCallFilter=@system-service @clock
Type=notify
User=systemd-timesync
WatchdogSec=3min

[Install]
WantedBy=sysinit.target
Alias=dbus-org.freedesktop.timesync1.service

### unit dbus-org.freedesktop.resolve1.service
# /usr/lib/systemd/system/systemd-resolved.service
#  SPDX-License-Identifier: LGPL-2.1-or-later
#
#  This file is part of systemd.
#
#  systemd is free software; you can redistribute it and/or modify it
#  under the terms of the GNU Lesser General Public License as published by
#  the Free Software Foundation; either version 2.1 of the License, or
#  (at your option) any later version.

[Unit]
Description=Network Name Resolution
Documentation=man:systemd-resolved.service(8)
Documentation=man:org.freedesktop.resolve1(5)
Documentation=https://www.freedesktop.org/wiki/Software/systemd/writing-network-configuration-managers
Documentation=https://www.freedesktop.org/wiki/Software/systemd/writing-resolver-clients

DefaultDependencies=no
After=systemd-sysctl.service systemd-sysusers.service
Before=sysinit.target network.target nss-lookup.target shutdown.target initrd-switch-root.target
Conflicts=shutdown.target initrd-switch-root.target
Wants=nss-lookup.target

[Service]
AmbientCapabilities=CAP_SETPCAP CAP_NET_RAW CAP_NET_BIND_SERVICE
BusName=org.freedesktop.resolve1
CapabilityBoundingSet=CAP_SETPCAP CAP_NET_RAW CAP_NET_BIND_SERVICE
ExecStart=!!/usr/lib/systemd/systemd-resolved
LockPersonality=yes
MemoryDenyWriteExecute=yes
NoNewPrivileges=yes
PrivateDevices=yes
PrivateTmp=yes
ProtectClock=yes
ProtectControlGroups=yes
ProtectHome=yes
ProtectKernelLogs=yes
ProtectKernelModules=yes
ProtectKernelTunables=yes
ProtectSystem=strict
Restart=always
RestartSec=0
RestrictAddressFamilies=AF_UNIX AF_NETLINK AF_INET AF_INET6
RestrictNamespaces=yes
RestrictRealtime=yes
RestrictSUIDSGID=yes
RuntimeDirectory=systemd/resolve
RuntimeDirectoryPreserve=yes
SystemCallArchitectures=native
SystemCallErrorNumber=EPERM
SystemCallFilter=@system-service
Type=notify
User=systemd-resolve
ImportCredential=network.dns
ImportCredential=network.search_domains
WatchdogSec=3min

[Install]
WantedBy=sysinit.target
Alias=dbus-org.freedesktop.resolve1.service

### unit dbus-org.freedesktop.timesync1.service
# /usr/lib/systemd/system/systemd-timesyncd.service
#  SPDX-License-Identifier: LGPL-2.1-or-later
#
#  This file is part of systemd.
#
#  systemd is free software; you can redistribute it and/or modify it
#  under the terms of the GNU Lesser General Public License as published by
#  the Free Software Foundation; either version 2.1 of the License, or
#  (at your option) any later version.

[Unit]
Description=Network Time Synchronization
Documentation=man:systemd-timesyncd.service(8)
ConditionCapability=CAP_SYS_TIME
ConditionVirtualization=!container
DefaultDependencies=no
After=systemd-sysusers.service
Before=time-set.target sysinit.target shutdown.target
Conflicts=shutdown.target
Wants=time-set.target

[Service]
AmbientCapabilities=CAP_SYS_TIME
BusName=org.freedesktop.timesync1
CapabilityBoundingSet=CAP_SYS_TIME
# Turn off DNSSEC validation for hostname look-ups, since those need the
# correct time to work, but we likely won't acquire that without NTP. Let's
# break this chicken-and-egg cycle here.
Environment=SYSTEMD_NSS_RESOLVE_VALIDATE=0
ExecStart=!!/usr/lib/systemd/systemd-timesyncd
LockPersonality=yes
MemoryDenyWriteExecute=yes
NoNewPrivileges=yes
PrivateDevices=yes
PrivateTmp=yes
ProtectProc=invisible
ProtectControlGroups=yes
ProtectHome=yes
ProtectHostname=yes
ProtectKernelLogs=yes
ProtectKernelModules=yes
ProtectKernelTunables=yes
ProtectSystem=strict
Restart=always
RestartSec=0
RestrictAddressFamilies=AF_UNIX AF_INET AF_INET6
RestrictNamespaces=yes
RestrictRealtime=yes
RestrictSUIDSGID=yes
RuntimeDirectory=systemd/timesync
StateDirectory=systemd/timesync
SystemCallArchitectures=native
SystemCallErrorNumber=EPERM
SystemCallFilter=@system-service @clock
Type=notify
User=systemd-timesync
WatchdogSec=3min

[Install]
WantedBy=sysinit.target
Alias=dbus-org.freedesktop.timesync1.service

### file /usr/share/dbus-1/system.d/org.freedesktop.resolve1.conf
<?xml version="1.0"?> <!--*-nxml-*-->
<!DOCTYPE busconfig PUBLIC "-//freedesktop//DTD D-BUS Bus Configuration 1.0//EN"
        "https://www.freedesktop.org/standards/dbus/1.0/busconfig.dtd">

<!--
  This file is part of systemd.

  systemd is free software; you can redistribute it and/or modify it
  under the terms of the GNU Lesser General Public License as published by
  the Free Software Foundation; either version 2.1 of the License, or
  (at your option) any later version.
-->

<busconfig>

        <policy user="systemd-resolve">
                <allow own="org.freedesktop.resolve1"/>
                <allow send_destination="org.freedesktop.resolve1"/>
                <allow receive_sender="org.freedesktop.resolve1"/>
        </policy>

        <policy context="default">
                <allow send_destination="org.freedesktop.resolve1"/>
                <allow receive_sender="org.freedesktop.resolve1"/>
        </policy>

</busconfig>

### file /usr/share/dbus-1/system.d/org.freedesktop.timesync1.conf
<?xml version="1.0"?> <!--*-nxml-*-->
<!DOCTYPE busconfig PUBLIC "-//freedesktop//DTD D-BUS Bus Configuration 1.0//EN"
        "https://www.freedesktop.org/standards/dbus/1.0/busconfig.dtd">

<!--
  This file is part of systemd.

  systemd is free software; you can redistribute it and/or modify it
  under the terms of the GNU Lesser General Public License as published by
  the Free Software Foundation; either version 2.1 of the License, or
  (at your option) any later version.
-->

<busconfig>

        <policy user="systemd-timesync">
                <allow own="org.freedesktop.timesync1"/>
                <allow send_destination="org.freedesktop.timesync1"/>
                <allow receive_sender="org.freedesktop.timesync1"/>
        </policy>

        <policy context="default">
                <deny send_destination="org.freedesktop.timesync1"/>

                <allow send_destination="org.freedesktop.timesync1"
                       send_interface="org.freedesktop.DBus.Introspectable"/>

                <allow send_destination="org.freedesktop.timesync1"
                       send_interface="org.freedesktop.DBus.Peer"/>

                <allow send_destination="org.freedesktop.timesync1"
                       send_interface="org.freedesktop.DBus.Properties"
                       send_member="Get"/>

                <allow send_destination="org.freedesktop.timesync1"
                       send_interface="org.freedesktop.DBus.Properties"
                       send_member="GetAll"/>

                <allow send_destination="org.freedesktop.timesync1"
                       send_interface="org.freedesktop.timesync1.Manager"
                       send_member="SetRuntimeNTPServers"/>

                <allow receive_sender="org.freedesktop.timesync1"/>
        </policy>

</busconfig>

### file /usr/share/dbus-1/system-services/org.freedesktop.resolve1.service
#  SPDX-License-Identifier: LGPL-2.1-or-later
#
#  This file is part of systemd.
#
#  systemd is free software; you can redistribute it and/or modify it
#  under the terms of the GNU Lesser General Public License as published by
#  the Free Software Foundation; either version 2.1 of the License, or
#  (at your option) any later version.

[D-BUS Service]
Name=org.freedesktop.resolve1
Exec=/bin/false
User=root
SystemdService=dbus-org.freedesktop.resolve1.service

### file /usr/share/dbus-1/system-services/org.freedesktop.timesync1.service
#  SPDX-License-Identifier: LGPL-2.1-or-later
#
#  This file is part of systemd.
#
#  systemd is free software; you can redistribute it and/or modify it
#  under the terms of the GNU Lesser General Public License as published by
#  the Free Software Foundation; either version 2.1 of the License, or
#  (at your option) any later version.

[D-BUS Service]
Name=org.freedesktop.timesync1
Exec=/bin/false
User=root
SystemdService=dbus-org.freedesktop.timesync1.service

### file /usr/share/polkit-1/actions/org.freedesktop.resolve1.policy
<?xml version="1.0" encoding="UTF-8"?> <!--*-nxml-*-->
<!DOCTYPE policyconfig PUBLIC "-//freedesktop//DTD PolicyKit Policy Configuration 1.0//EN"
        "https://www.freedesktop.org/standards/PolicyKit/1/policyconfig.dtd">

<!--
  SPDX-License-Identifier: LGPL-2.1-or-later

  This file is part of systemd.

  systemd is free software; you can redistribute it and/or modify it
  under the terms of the GNU Lesser General Public License as published by
  the Free Software Foundation; either version 2.1 of the License, or
  (at your option) any later version.
-->

<policyconfig>

        <vendor>The systemd Project</vendor>
        <vendor_url>https://systemd.io</vendor_url>

        <action id="org.freedesktop.resolve1.register-service">
                <description gettext-domain="systemd">Register a DNS-SD service</description>
                <message gettext-domain="systemd">Authentication is required to register a DNS-SD service</message>
                <defaults>
                        <allow_any>auth_admin</allow_any>
                        <allow_inactive>auth_admin</allow_inactive>
                        <allow_active>auth_admin_keep</allow_active>
                </defaults>
                <annotate key="org.freedesktop.policykit.owner">unix-user:systemd-resolve</annotate>
        </action>

        <action id="org.freedesktop.resolve1.unregister-service">
                <description gettext-domain="systemd">Unregister a DNS-SD service</description>
                <message gettext-domain="systemd">Authentication is required to unregister a DNS-SD service</message>
                <defaults>
                        <allow_any>auth_admin</allow_any>
                        <allow_inactive>auth_admin</allow_inactive>
                        <allow_active>auth_admin_keep</allow_active>
                </defaults>
                <annotate key="org.freedesktop.policykit.owner">unix-user:systemd-resolve</annotate>
        </action>

        <action id="org.freedesktop.resolve1.set-dns-servers">
                <description gettext-domain="systemd">Set DNS servers</description>
                <message gettext-domain="systemd">Authentication is required to set DNS servers.</message>
                <defaults>
                        <allow_any>auth_admin</allow_any>
                        <allow_inactive>auth_admin</allow_inactive>
                        <allow_active>auth_admin_keep</allow_active>
                </defaults>
                <annotate key="org.freedesktop.policykit.owner">unix-user:systemd-resolve</annotate>
        </action>

        <action id="org.freedesktop.resolve1.set-domains">
                <description gettext-domain="systemd">Set domains</description>
                <message gettext-domain="systemd">Authentication is required to set domains.</message>
                <defaults>
                        <allow_any>auth_admin</allow_any>
                        <allow_inactive>auth_admin</allow_inactive>
                        <allow_active>auth_admin_keep</allow_active>
                </defaults>
                <annotate key="org.freedesktop.policykit.owner">unix-user:systemd-resolve</annotate>
        </action>

        <action id="org.freedesktop.resolve1.set-default-route">
                <description gettext-domain="systemd">Set default route</description>
                <message gettext-domain="systemd">Authentication is required to set default route.</message>
                <defaults>
                        <allow_any>auth_admin</allow_any>
                        <allow_inactive>auth_admin</allow_inactive>
                        <allow_active>auth_admin_keep</allow_active>
                </defaults>
                <annotate key="org.freedesktop.policykit.owner">unix-user:systemd-resolve</annotate>
        </action>

        <action id="org.freedesktop.resolve1.set-llmnr">
                <description gettext-domain="systemd">Enable/disable LLMNR</description>
                <message gettext-domain="systemd">Authentication is required to enable or disable LLMNR.</message>
                <defaults>
                        <allow_any>auth_admin</allow_any>
                        <allow_inactive>auth_admin</allow_inactive>
                        <allow_active>auth_admin_keep</allow_active>
                </defaults>
                <annotate key="org.freedesktop.policykit.owner">unix-user:systemd-resolve</annotate>
        </action>

        <action id="org.freedesktop.resolve1.set-mdns">
                <description gettext-domain="systemd">Enable/disable multicast DNS</description>
                <message gettext-domain="systemd">Authentication is required to enable or disable multicast DNS.</message>
                <defaults>
                        <allow_any>auth_admin</allow_any>
                        <allow_inactive>auth_admin</allow_inactive>
                        <allow_active>auth_admin_keep</allow_active>
                </defaults>
                <annotate key="org.freedesktop.policykit.owner">unix-user:systemd-resolve</annotate>
        </action>

        <action id="org.freedesktop.resolve1.set-dns-over-tls">
                <description gettext-domain="systemd">Enable/disable DNS over TLS</description>
                <message gettext-domain="systemd">Authentication is required to enable or disable DNS over TLS.</message>
                <defaults>
                        <allow_any>auth_admin</allow_any>
                        <allow_inactive>auth_admin</allow_inactive>
                        <allow_active>auth_admin_keep</allow_active>
                </defaults>
                <annotate key="org.freedesktop.policykit.owner">unix-user:systemd-resolve</annotate>
        </action>

        <action id="org.freedesktop.resolve1.set-dnssec">
                <description gettext-domain="systemd">Enable/disable DNSSEC</description>
                <message gettext-domain="systemd">Authentication is required to enable or disable DNSSEC.</message>
                <defaults>
                        <allow_any>auth_admin</allow_any>
                        <allow_inactive>auth_admin</allow_inactive>
                        <allow_active>auth_admin_keep</allow_active>
                </defaults>
                <annotate key="org.freedesktop.policykit.owner">unix-user:systemd-resolve</annotate>
        </action>

        <action id="org.freedesktop.resolve1.set-dnssec-negative-trust-anchors">
                <description gettext-domain="systemd">Set DNSSEC Negative Trust Anchors</description>
                <message gettext-domain="systemd">Authentication is required to set DNSSEC Negative Trust Anchors.</message>
                <defaults>
                        <allow_any>auth_admin</allow_any>
                        <allow_inactive>auth_admin</allow_inactive>
                        <allow_active>auth_admin_keep</allow_active>
                </defaults>
                <annotate key="org.freedesktop.policykit.owner">unix-user:systemd-resolve</annotate>
        </action>

        <action id="org.freedesktop.resolve1.revert">
                <description gettext-domain="systemd">Revert name resolution settings</description>
                <message gettext-domain="systemd">Authentication is required to reset name resolution settings.</message>
                <defaults>
                        <allow_any>auth_admin</allow_any>
                        <allow_inactive>auth_admin</allow_inactive>
                        <allow_active>auth_admin_keep</allow_active>
                </defaults>
                <annotate key="org.freedesktop.policykit.owner">unix-user:systemd-resolve</annotate>
        </action>

</policyconfig>

### file /usr/share/polkit-1/actions/org.freedesktop.timesync1.policy
<?xml version="1.0" encoding="UTF-8"?> <!--*-nxml-*-->
<!DOCTYPE policyconfig PUBLIC "-//freedesktop//DTD PolicyKit Policy Configuration 1.0//EN"
        "https://www.freedesktop.org/standards/PolicyKit/1/policyconfig.dtd">

<!--
  SPDX-License-Identifier: LGPL-2.1-or-later

  This file is part of systemd.

  systemd is free software; you can redistribute it and/or modify it
  under the terms of the GNU Lesser General Public License as published by
  the Free Software Foundation; either version 2.1 of the License, or
  (at your option) any later version.
-->

<policyconfig>

        <vendor>The systemd Project</vendor>
        <vendor_url>https://systemd.io</vendor_url>

        <action id="org.freedesktop.timesync1.set-runtime-servers">
                <description gettext-domain="systemd">Set runtime NTP servers</description>
                <message gettext-domain="systemd">Authentication is required to set runtime NTP servers.</message>
                <defaults>
                        <allow_any>auth_admin</allow_any>
                        <allow_inactive>auth_admin</allow_inactive>
                        <allow_active>auth_admin_keep</allow_active>
                </defaults>
                <annotate key="org.freedesktop.policykit.owner">unix-user:systemd-timesync</annotate>
        </action>

</policyconfig>

## root-owned runtime state before
-rw-r--r-- root:root 1003 1774359953 /etc/systemd/timesyncd.conf -> '/etc/systemd/timesyncd.conf'
e6734751f8aaf19fddfff891ad246387f5f59bd9ff1a5f0cac2c34bc81941c62  /etc/systemd/timesyncd.conf
-rw-r--r-- root:root 1551 1774359953 /etc/systemd/resolved.conf -> '/etc/systemd/resolved.conf'
bccfe8136332d623efa0745c5799c54d71868ba7fe392d4677b4587038c03ae7  /etc/systemd/resolved.conf
drwxr-xr-x systemd-resolve:systemd-resolve 120 1778955010 /run/systemd/resolve -> '/run/systemd/resolve'
-rw-r--r-- systemd-resolve:systemd-resolve 787 1778954877 /run/systemd/resolve/resolv.conf -> '/run/systemd/resolve/resolv.conf'
37c0dfed66126bf4cfa08d2b086c1991cddd7c7efea2e45794998bc6d249fd8b  /run/systemd/resolve/resolv.conf
-rw-r--r-- systemd-resolve:systemd-resolve 920 1778954877 /run/systemd/resolve/stub-resolv.conf -> '/run/systemd/resolve/stub-resolv.conf'
ebdf560272a77357195c39e98340b77e18c8a8ce2025ee950e9e0c7b01467ab8  /run/systemd/resolve/stub-resolv.conf
srw-rw-rw- systemd-resolve:systemd-resolve 0 1778954877 /run/systemd/resolve/io.systemd.Resolve -> '/run/systemd/resolve/io.systemd.Resolve'
srw------- systemd-resolve:systemd-resolve 0 1778954877 /run/systemd/resolve/io.systemd.Resolve.Monitor -> '/run/systemd/resolve/io.systemd.Resolve.Monitor'
MISSING /run/systemd/timesync parent=drwxr-xr-x root:root /run/systemd
drwxr-xr-x systemd-network:systemd-network 100 1778944730 /run/systemd/netif -> '/run/systemd/netif'
drwxr-xr-x root:root 80 1778954661 /run/systemd/system -> '/run/systemd/system'
drwxr-xr-x root:root 120 1778954661 /run/systemd/generator -> '/run/systemd/generator'
MISSING /run/systemd/generator.early parent=drwxr-xr-x root:root /run/systemd
MISSING /run/systemd/generator.late parent=drwxr-xr-x root:root /run/systemd
drwxr-xr-x root:root 40 1778954877 /run/credentials -> '/run/credentials'
MISSING /run/dbus-1/system-services parent=stat: cannot statx '/run/dbus-1': No such file or directory
MISSING /root/timesync_resolved_runtime_lpe parent=drwx------ root:root /root
MISSING /tmp/timesync_resolved_runtime_lpe parent=drwxrwxrwt root:root /tmp
-rw-r--r-- systemd-resolve:systemd-resolve /run/systemd/resolve/resolv.conf -> 
-rw-r--r-- systemd-resolve:systemd-resolve /run/systemd/resolve/stub-resolv.conf -> 
drwxr-xr-x systemd-resolve:systemd-resolve /run/systemd/resolve -> 
srw------- systemd-resolve:systemd-resolve /run/systemd/resolve/io.systemd.Resolve.Monitor -> 
srw-rw-rw- systemd-resolve:systemd-resolve /run/systemd/resolve/io.systemd.Resolve -> 

## D-Bus and varlink method surfaces

### resolve1 manager introspection
$ busctl --system introspect org.freedesktop.resolve1 /org/freedesktop/resolve1 org.freedesktop.resolve1.Manager --no-pager
NAME                               TYPE      SIGNATURE     RESULT/VALUE                                                                                                                                                                                                                                                                                                                                                                                                                                                                                                                                                                    FLAGS
.FlushCaches                       method    -             -                                                                                                                                                                                                                                                                                                                                                                                                                                                                                                                                                                               -
.GetLink                           method    i             o                                                                                                                                                                                                                                                                                                                                                                                                                                                                                                                                                                               -
.RegisterService                   method    sssqqqaa{say} o                                                                                                                                                                                                                                                                                                                                                                                                                                                                                                                                                                               -
.ResetServerFeatures               method    -             -                                                                                                                                                                                                                                                                                                                                                                                                                                                                                                                                                                               -
.ResetStatistics                   method    -             -                                                                                                                                                                                                                                                                                                                                                                                                                                                                                                                                                                               -
.ResolveAddress                    method    iiayt         a(is)t                                                                                                                                                                                                                                                                                                                                                                                                                                                                                                                                                                          -
.ResolveHostname                   method    isit          a(iiay)st                                                                                                                                                                                                                                                                                                                                                                                                                                                                                                                                                                       -
.ResolveRecord                     method    isqqt         a(iqqay)t                                                                                                                                                                                                                                                                                                                                                                                                                                                                                                                                                                       -
.ResolveService                    method    isssit        a(qqqsa(iiay)s)aayssst                                                                                                                                                                                                                                                                                                                                                                                                                                                                                                                                                          -
.RevertLink                        method    i             -                                                                                                                                                                                                                                                                                                                                                                                                                                                                                                                                                                               -
.SetLinkDNS                        method    ia(iay)       -                                                                                                                                                                                                                                                                                                                                                                                                                                                                                                                                                                               -
.SetLinkDNSEx                      method    ia(iayqs)     -                                                                                                                                                                                                                                                                                                                                                                                                                                                                                                                                                                               -
.SetLinkDNSOverTLS                 method    is            -                                                                                                                                                                                                                                                                                                                                                                                                                                                                                                                                                                               -
.SetLinkDNSSEC                     method    is            -                                                                                                                                                                                                                                                                                                                                                                                                                                                                                                                                                                               -
.SetLinkDNSSECNegativeTrustAnchors method    ias           -                                                                                                                                                                                                                                                                                                                                                                                                                                                                                                                                                                               -
.SetLinkDefaultRoute               method    ib            -                                                                                                                                                                                                                                                                                                                                                                                                                                                                                                                                                                               -
.SetLinkDomains                    method    ia(sb)        -                                                                                                                                                                                                                                                                                                                                                                                                                                                                                                                                                                               -
.SetLinkLLMNR                      method    is            -                                                                                                                                                                                                                                                                                                                                                                                                                                                                                                                                                                               -
.SetLinkMulticastDNS               method    is            -                                                                                                                                                                                                                                                                                                                                                                                                                                                                                                                                                                               -
.UnregisterService                 method    o             -                                                                                                                                                                                                                                                                                                                                                                                                                                                                                                                                                                               -
.CacheStatistics                   property  (ttt)         0 0 0                                                                                                                                                                                                                                                                                                                                                                                                                                                                                                                                                                           -
.CurrentDNSServer                  property  (iiay)        0 2 4 192 168 65 7                                                                                                                                                                                                                                                                                                                                                                                                                                                                                                                                                              emits-change
.CurrentDNSServerEx                property  (iiayqs)      0 2 4 192 168 65 7 0 ""                                                                                                                                                                                                                                                                                                                                                                                                                                                                                                                                                         emits-change
.DNS                               property  a(iiay)       1 0 2 4 192 168 65 7                                                                                                                                                                                                                                                                                                                                                                                                                                                                                                                                                            emits-change
.DNSEx                             property  a(iiayqs)     1 0 2 4 192 168 65 7 0 ""                                                                                                                                                                                                                                                                                                                                                                                                                                                                                                                                                       emits-change
.DNSOverTLS                        property  s             "no"                                                                                                                                                                                                                                                                                                                                                                                                                                                                                                                                                                            -
.DNSSEC                            property  s             "no"                                                                                                                                                                                                                                                                                                                                                                                                                                                                                                                                                                            -
.DNSSECNegativeTrustAnchors        property  as            31 "26.172.in-addr.arpa" "16.172.in-addr.arpa" "25.172.in-addr.arpa" "home.arpa" "28.172.in-addr.arpa" "17.172.in-addr.arpa" "24.172.in-addr.arpa" "22.172.in-addr.arpa" "10.in-addr.arpa" "168.192.in-addr.arpa" "ipv4only.arpa" "home" "intranet" "internal" "18.172.in-addr.arpa" "21.172.in-addr.arpa" "local" "31.172.in-addr.arpa" "d.f.ip6.arpa" "20.172.in-addr.arpa" "lan" "30.172.in-addr.arpa" "corp" "29.172.in-addr.arpa" "27.172.in-addr.arpa" "19.172.in-addr.arpa" "test" "170.0.0.192.in-addr.arpa" "23.172.in-addr.arpa" "171.0.0.192.in-addr.arpa" "private" -
.DNSSECStatistics                  property  (tttt)        0 0 0 0                                                                                                                                                                                                                                                                                                                                                                                                                                                                                                                                                                         -
.DNSSECSupported                   property  b             false                                                                                                                                                                                                                                                                                                                                                                                                                                                                                                                                                                           -
.DNSStubListener                   property  s             "yes"                                                                                                                                                                                                                                                                                                                                                                                                                                                                                                                                                                           -
.Domains                           property  a(isb)        0                                                                                                                                                                                                                                                                                                                                                                                                                                                                                                                                                                               -
.FallbackDNS                       property  a(iiay)       0                                                                                                                                                                                                                                                                                                                                                                                                                                                                                                                                                                               const
.FallbackDNSEx                     property  a(iiayqs)     0                                                                                                                                                                                                                                                                                                                                                                                                                                                                                                                                                                               const
.LLMNR                             property  s             "no"                                                                                                                                                                                                                                                                                                                                                                                                                                                                                                                                                                            -
.LLMNRHostname                     property  s             "4f5b414436ae"                                                                                                                                                                                                                                                                                                                                                                                                                                                                                                                                                                  emits-change
.MulticastDNS                      property  s             "no"                                                                                                                                                                                                                                                                                                                                                                                                                                                                                                                                                                            -
.ResolvConfMode                    property  s             "foreign"                                                                                                                                                                                                                                                                                                                                                                                                                                                                                                                                                                       -
.TransactionStatistics             property  (tt)          0 0                                                                                                                                                                                                                                                                                                                                                                                                                                                                                                                                                                             -
rc=0

### timesync1 manager introspection/activation
$ timeout 30 busctl --system introspect org.freedesktop.timesync1 /org/freedesktop/timesync1 org.freedesktop.timesync1.Manager --no-pager
Failed to introspect object /org/freedesktop/timesync1 of service org.freedesktop.timesync1: Failed to activate service 'org.freedesktop.timesync1': timed out (service_start_timeout=25000ms)
rc=1

### public resolve varlink info
$ varlinkctl info /run/systemd/resolve/io.systemd.Resolve
    Vendor: The systemd Project
   Product: systemd (systemd-resolved)
   Version: 255 (255.4-1ubuntu8.15)
       URL: https://systemd.io/
Interfaces: io.systemd
            io.systemd.Resolve
            org.varlink.service
rc=0

### public resolve varlink IDL
$ varlinkctl introspect /run/systemd/resolve/io.systemd.Resolve io.systemd.Resolve
interface io.systemd.Resolve

type ResolvedAddress(
	ifindex: ?int,
	family: int,
	address: []int
)

type ResolvedName(
	ifindex: ?int,
	name: string
)

method ResolveHostname(
	ifindex: ?int,
	name: string,
	family: ?int,
	flags: ?int
) -> (
	addresses: []ResolvedAddress,
	name: string,
	flags: int
)

method ResolveAddress(
	ifindex: ?int,
	family: int,
	address: []int,
	flags: ?int
) -> (
	names: []ResolvedName,
	flags: int
)

error NoNameServers()

error NoSuchResourceRecord()

error QueryTimedOut()

error MaxAttemptsReached()

error InvalidReply()

error QueryAborted()

error DNSSECValidationFailed(
	result: string
)

error NoTrustAnchor()

error ResourceRecordTypeUnsupported()

error NetworkDown()

error NoSource()

error StubLoop()

error DNSError(
	rcode: int
)

error CNAMELoop()

error BadAddressSize()
rc=0

### private resolve monitor varlink info as root
$ varlinkctl info /run/systemd/resolve/io.systemd.Resolve.Monitor
    Vendor: The systemd Project
   Product: systemd (systemd-resolved)
   Version: 255 (255.4-1ubuntu8.15)
       URL: https://systemd.io/
Interfaces: io.systemd
            io.systemd.Resolve.Monitor
            org.varlink.service
rc=0

## attacker D-Bus probes
selected_non_loopback_ifindex=2
uid=1001(attacker) gid=1001(attacker) groups=1001(attacker)

### busctl --system get-property org.freedesktop.resolve1 /org/freedesktop/resolve1 org.freedesktop.resolve1.Manager DNS
a(iiay) 1 0 2 4 192 168 65 7
rc=0

### busctl --system call org.freedesktop.resolve1 /org/freedesktop/resolve1 org.freedesktop.resolve1.Manager FlushCaches
rc=0

### busctl --system call org.freedesktop.resolve1 /org/freedesktop/resolve1 org.freedesktop.resolve1.Manager ResetStatistics
rc=0

### busctl --system call org.freedesktop.resolve1 /org/freedesktop/resolve1 org.freedesktop.resolve1.Manager ResetServerFeatures
rc=0

### busctl --system call org.freedesktop.resolve1 /org/freedesktop/resolve1 org.freedesktop.resolve1.Manager ResolveHostname isit 0 localhost 2 0
a(iiay)st 1 1 2 4 127 0 0 1 "localhost" 786945
rc=0

### busctl --system call org.freedesktop.resolve1 /org/freedesktop/resolve1 org.freedesktop.resolve1.Manager SetLinkDNS 'ia(iay)' 2 1 2 4 8 8 8 8
Call failed: Interactive authentication required.
rc=1

### busctl --system call org.freedesktop.resolve1 /org/freedesktop/resolve1 org.freedesktop.resolve1.Manager SetLinkDNSEx 'ia(iayqs)' 2 1 2 4 8 8 4 4 53 dns.example
Call failed: Interactive authentication required.
rc=1

### busctl --system call org.freedesktop.resolve1 /org/freedesktop/resolve1 org.freedesktop.resolve1.Manager SetLinkDomains 'ia(sb)' 2 1 attacker.invalid false
Call failed: Interactive authentication required.
rc=1

### busctl --system call org.freedesktop.resolve1 /org/freedesktop/resolve1 org.freedesktop.resolve1.Manager SetLinkDefaultRoute ib 2 true
Call failed: Interactive authentication required.
rc=1

### busctl --system call org.freedesktop.resolve1 /org/freedesktop/resolve1 org.freedesktop.resolve1.Manager SetLinkLLMNR is 2 yes
Call failed: Interactive authentication required.
rc=1

### busctl --system call org.freedesktop.resolve1 /org/freedesktop/resolve1 org.freedesktop.resolve1.Manager SetLinkMulticastDNS is 2 yes
Call failed: Interactive authentication required.
rc=1

### busctl --system call org.freedesktop.resolve1 /org/freedesktop/resolve1 org.freedesktop.resolve1.Manager SetLinkDNSOverTLS is 2 yes
Call failed: Interactive authentication required.
rc=1

### busctl --system call org.freedesktop.resolve1 /org/freedesktop/resolve1 org.freedesktop.resolve1.Manager SetLinkDNSSEC is 2 yes
Call failed: Interactive authentication required.
rc=1

### busctl --system call org.freedesktop.resolve1 /org/freedesktop/resolve1 org.freedesktop.resolve1.Manager SetLinkDNSSECNegativeTrustAnchors ias 2 1 attacker.invalid
Call failed: Interactive authentication required.
rc=1

### busctl --system call org.freedesktop.resolve1 /org/freedesktop/resolve1 org.freedesktop.resolve1.Manager RevertLink i 2
Call failed: Interactive authentication required.
rc=1

### busctl --system call org.freedesktop.resolve1 /org/freedesktop/resolve1 org.freedesktop.resolve1.Manager RegisterService 'sssqqqaa{say}' lpe _http._tcp local 0 0 1 0
Call failed: Support for MulticastDNS is disabled
rc=1

### busctl --system call org.freedesktop.timesync1 /org/freedesktop/timesync1 org.freedesktop.timesync1.Manager SetRuntimeNTPServers as 2 127.0.0.1 'attacker.invalid;touch /root/timesync_resolved_runtime_lpe'
Call failed: Failed to activate service 'org.freedesktop.timesync1': timed out (service_start_timeout=25000ms)
rc=1

## attacker varlink probes
uid=1001(attacker) gid=1001(attacker) groups=1001(attacker)

### varlinkctl info /run/systemd/resolve/io.systemd.Resolve
    Vendor: The systemd Project
   Product: systemd (systemd-resolved)
   Version: 255 (255.4-1ubuntu8.15)
       URL: https://systemd.io/
Interfaces: io.systemd
            io.systemd.Resolve
            org.varlink.service
rc=0

### varlinkctl introspect /run/systemd/resolve/io.systemd.Resolve io.systemd.Resolve
interface io.systemd.Resolve

type ResolvedAddress(
	ifindex: ?int,
	family: int,
	address: []int
)

type ResolvedName(
	ifindex: ?int,
	name: string
)

method ResolveHostname(
	ifindex: ?int,
	name: string,
	family: ?int,
	flags: ?int
) -> (
	addresses: []ResolvedAddress,
	name: string,
	flags: int
)

method ResolveAddress(
	ifindex: ?int,
	family: int,
	address: []int,
	flags: ?int
) -> (
	names: []ResolvedName,
	flags: int
)

error NoNameServers()

error NoSuchResourceRecord()

error QueryTimedOut()

error MaxAttemptsReached()

error InvalidReply()

error QueryAborted()

error DNSSECValidationFailed(
	result: string
)

error NoTrustAnchor()

error ResourceRecordTypeUnsupported()

error NetworkDown()

error NoSource()

error StubLoop()

error DNSError(
	rcode: int
)

error CNAMELoop()

error BadAddressSize()
rc=0

### varlinkctl call /run/systemd/resolve/io.systemd.Resolve io.systemd.Resolve.ResolveHostname '{"ifindex":0,"name":"localhost","family":2,"flags":0}'
{"addresses":[{"ifindex":1,"family":2,"address":[127,0,0,1]}],"name":"localhost","flags":786945}rc=0

### varlinkctl call /run/systemd/resolve/io.systemd.Resolve io.systemd.Resolve.ResolveAddress '{"ifindex":1,"family":2,"address":[127,0,0,1],"flags":0}'
{"names":[{"ifindex":1,"name":"localhost"}],"flags":786945}rc=0

### varlinkctl call /run/systemd/resolve/io.systemd.Resolve io.systemd.Resolve.SetLinkDNS '{"ifindex":2,"servers":["8.8.8.8"]}'
Method call io.systemd.Resolve.SetLinkDNS() failed: org.varlink.service.MethodNotFound
{"method":"io.systemd.Resolve.SetLinkDNS"}rc=1

### varlinkctl info /run/systemd/resolve/io.systemd.Resolve.Monitor
Failed to connect to '/run/systemd/resolve/io.systemd.Resolve.Monitor': Permission denied
rc=1

## service-account write and fixed-unit transition probes

### as attacker: write root-consumed runtime/config paths
MKDIR /run/systemd/system:  rc=0
DIR /run/systemd/system writable-test:  rc=1
MKDIR /run/systemd/generator:  rc=0
DIR /run/systemd/generator writable-test:  rc=1
MKDIR /run/systemd/generator.early: mkdir: cannot create directory '/run/systemd/generator.early': Permission denied  rc=1
DIR /run/systemd/generator.early writable-test:  rc=1
MKDIR /run/systemd/generator.late: mkdir: cannot create directory '/run/systemd/generator.late': Permission denied  rc=1
DIR /run/systemd/generator.late writable-test:  rc=1
MKDIR /run/systemd/resolve:  rc=0
DIR /run/systemd/resolve writable-test:  rc=1
MKDIR /run/systemd/timesync: mkdir: cannot create directory '/run/systemd/timesync': Permission denied  rc=1
DIR /run/systemd/timesync writable-test:  rc=1
MKDIR /run/dbus-1/system-services: mkdir: cannot create directory '/run/dbus-1': Permission denied  rc=1
DIR /run/dbus-1/system-services writable-test:  rc=1
MKDIR /run/credentials:  rc=0
DIR /run/credentials writable-test:  rc=1
MKDIR /run/credentials/systemd-resolved.service: mkdir: cannot create directory '/run/credentials/systemd-resolved.service': Permission denied  rc=1
DIR /run/credentials/systemd-resolved.service writable-test:  rc=1
MKDIR /run/credentials/systemd-timesyncd.service: mkdir: cannot create directory '/run/credentials/systemd-timesyncd.service': Permission denied  rc=1
DIR /run/credentials/systemd-timesyncd.service writable-test:  rc=1
MKDIR /etc/systemd/system:  rc=0
DIR /etc/systemd/system writable-test:  rc=1
MKDIR /etc/systemd/resolved.conf.d: mkdir: cannot create directory '/etc/systemd/resolved.conf.d': Permission denied  rc=1
DIR /etc/systemd/resolved.conf.d writable-test:  rc=1
MKDIR /etc/systemd/timesyncd.conf.d: mkdir: cannot create directory '/etc/systemd/timesyncd.conf.d': Permission denied  rc=1
DIR /etc/systemd/timesyncd.conf.d writable-test:  rc=1
FILE /etc/systemd/resolved.conf writable-test:  rc=1
FILE /etc/systemd/timesyncd.conf writable-test:  rc=1
FILE /run/systemd/resolve/resolv.conf writable-test:  rc=1
FILE /run/systemd/resolve/stub-resolv.conf writable-test:  rc=1
rc=0

### as systemd-resolve: write root-consumed runtime/config paths
MKDIR /run/systemd/system:  rc=0
DIR /run/systemd/system writable-test:  rc=1
MKDIR /run/systemd/generator:  rc=0
DIR /run/systemd/generator writable-test:  rc=1
MKDIR /run/systemd/generator.early: mkdir: cannot create directory '/run/systemd/generator.early': Permission denied  rc=1
DIR /run/systemd/generator.early writable-test:  rc=1
MKDIR /run/systemd/generator.late: mkdir: cannot create directory '/run/systemd/generator.late': Permission denied  rc=1
DIR /run/systemd/generator.late writable-test:  rc=1
MKDIR /run/systemd/resolve:  rc=0
DIR /run/systemd/resolve writable-test:  rc=0
MKDIR /run/systemd/timesync: mkdir: cannot create directory '/run/systemd/timesync': Permission denied  rc=1
DIR /run/systemd/timesync writable-test:  rc=1
MKDIR /run/dbus-1/system-services: mkdir: cannot create directory '/run/dbus-1': Permission denied  rc=1
DIR /run/dbus-1/system-services writable-test:  rc=1
MKDIR /run/credentials:  rc=0
DIR /run/credentials writable-test:  rc=1
MKDIR /run/credentials/systemd-resolved.service: mkdir: cannot create directory '/run/credentials/systemd-resolved.service': Permission denied  rc=1
DIR /run/credentials/systemd-resolved.service writable-test:  rc=1
MKDIR /run/credentials/systemd-timesyncd.service: mkdir: cannot create directory '/run/credentials/systemd-timesyncd.service': Permission denied  rc=1
DIR /run/credentials/systemd-timesyncd.service writable-test:  rc=1
MKDIR /etc/systemd/system:  rc=0
DIR /etc/systemd/system writable-test:  rc=1
MKDIR /etc/systemd/resolved.conf.d: mkdir: cannot create directory '/etc/systemd/resolved.conf.d': Permission denied  rc=1
DIR /etc/systemd/resolved.conf.d writable-test:  rc=1
MKDIR /etc/systemd/timesyncd.conf.d: mkdir: cannot create directory '/etc/systemd/timesyncd.conf.d': Permission denied  rc=1
DIR /etc/systemd/timesyncd.conf.d writable-test:  rc=1
FILE /etc/systemd/resolved.conf writable-test:  rc=1
FILE /etc/systemd/timesyncd.conf writable-test:  rc=1
FILE /run/systemd/resolve/resolv.conf writable-test:  rc=0
FILE /run/systemd/resolve/stub-resolv.conf writable-test:  rc=0
rc=0

### as systemd-timesync: write root-consumed runtime/config paths
MKDIR /run/systemd/system:  rc=0
DIR /run/systemd/system writable-test:  rc=1
MKDIR /run/systemd/generator:  rc=0
DIR /run/systemd/generator writable-test:  rc=1
MKDIR /run/systemd/generator.early: mkdir: cannot create directory '/run/systemd/generator.early': Permission denied  rc=1
DIR /run/systemd/generator.early writable-test:  rc=1
MKDIR /run/systemd/generator.late: mkdir: cannot create directory '/run/systemd/generator.late': Permission denied  rc=1
DIR /run/systemd/generator.late writable-test:  rc=1
MKDIR /run/systemd/resolve:  rc=0
DIR /run/systemd/resolve writable-test:  rc=1
MKDIR /run/systemd/timesync: mkdir: cannot create directory '/run/systemd/timesync': Permission denied  rc=1
DIR /run/systemd/timesync writable-test:  rc=1
MKDIR /run/dbus-1/system-services: mkdir: cannot create directory '/run/dbus-1': Permission denied  rc=1
DIR /run/dbus-1/system-services writable-test:  rc=1
MKDIR /run/credentials:  rc=0
DIR /run/credentials writable-test:  rc=1
MKDIR /run/credentials/systemd-resolved.service: mkdir: cannot create directory '/run/credentials/systemd-resolved.service': Permission denied  rc=1
DIR /run/credentials/systemd-resolved.service writable-test:  rc=1
MKDIR /run/credentials/systemd-timesyncd.service: mkdir: cannot create directory '/run/credentials/systemd-timesyncd.service': Permission denied  rc=1
DIR /run/credentials/systemd-timesyncd.service writable-test:  rc=1
MKDIR /etc/systemd/system:  rc=0
DIR /etc/systemd/system writable-test:  rc=1
MKDIR /etc/systemd/resolved.conf.d: mkdir: cannot create directory '/etc/systemd/resolved.conf.d': Permission denied  rc=1
DIR /etc/systemd/resolved.conf.d writable-test:  rc=1
MKDIR /etc/systemd/timesyncd.conf.d: mkdir: cannot create directory '/etc/systemd/timesyncd.conf.d': Permission denied  rc=1
DIR /etc/systemd/timesyncd.conf.d writable-test:  rc=1
FILE /etc/systemd/resolved.conf writable-test:  rc=1
FILE /etc/systemd/timesyncd.conf writable-test:  rc=1
FILE /run/systemd/resolve/resolv.conf writable-test:  rc=1
FILE /run/systemd/resolve/stub-resolv.conf writable-test:  rc=1
rc=0

## fixed root unit start attempts from attacker-controlled runtime input

### as attacker: start fixed root units after denied runtime writes

### systemctl start systemd-resolved.service
Failed to start systemd-resolved.service: Interactive authentication required.
See system logs and 'systemctl status systemd-resolved.service' for details.
rc=1

### systemctl start systemd-timesyncd.service
Failed to start systemd-timesyncd.service: Interactive authentication required.
See system logs and 'systemctl status systemd-timesyncd.service' for details.
rc=1

### systemctl start dbus-org.freedesktop.resolve1.service
Failed to start dbus-org.freedesktop.resolve1.service: Interactive authentication required.
See system logs and 'systemctl status dbus-org.freedesktop.resolve1.service' for details.
rc=1

### systemctl start dbus-org.freedesktop.timesync1.service
Failed to start dbus-org.freedesktop.timesync1.service: Interactive authentication required.
See system logs and 'systemctl status dbus-org.freedesktop.timesync1.service' for details.
rc=1

### systemd-run --unit timesync-resolved-runtime-lpe /bin/sh -c 'id > /root/timesync_resolved_runtime_lpe'
Failed to start transient service unit: Interactive authentication required.
rc=1
rc=0

## root-owned runtime state after
-rw-r--r-- root:root 1003 1774359953 /etc/systemd/timesyncd.conf -> '/etc/systemd/timesyncd.conf'
e6734751f8aaf19fddfff891ad246387f5f59bd9ff1a5f0cac2c34bc81941c62  /etc/systemd/timesyncd.conf
-rw-r--r-- root:root 1551 1774359953 /etc/systemd/resolved.conf -> '/etc/systemd/resolved.conf'
bccfe8136332d623efa0745c5799c54d71868ba7fe392d4677b4587038c03ae7  /etc/systemd/resolved.conf
drwxr-xr-x systemd-resolve:systemd-resolve 120 1778955010 /run/systemd/resolve -> '/run/systemd/resolve'
-rw-r--r-- systemd-resolve:systemd-resolve 787 1778954877 /run/systemd/resolve/resolv.conf -> '/run/systemd/resolve/resolv.conf'
37c0dfed66126bf4cfa08d2b086c1991cddd7c7efea2e45794998bc6d249fd8b  /run/systemd/resolve/resolv.conf
-rw-r--r-- systemd-resolve:systemd-resolve 920 1778954877 /run/systemd/resolve/stub-resolv.conf -> '/run/systemd/resolve/stub-resolv.conf'
ebdf560272a77357195c39e98340b77e18c8a8ce2025ee950e9e0c7b01467ab8  /run/systemd/resolve/stub-resolv.conf
srw-rw-rw- systemd-resolve:systemd-resolve 0 1778954877 /run/systemd/resolve/io.systemd.Resolve -> '/run/systemd/resolve/io.systemd.Resolve'
srw------- systemd-resolve:systemd-resolve 0 1778954877 /run/systemd/resolve/io.systemd.Resolve.Monitor -> '/run/systemd/resolve/io.systemd.Resolve.Monitor'
MISSING /run/systemd/timesync parent=drwxr-xr-x root:root /run/systemd
drwxr-xr-x systemd-network:systemd-network 100 1778944730 /run/systemd/netif -> '/run/systemd/netif'
drwxr-xr-x root:root 80 1778954661 /run/systemd/system -> '/run/systemd/system'
drwxr-xr-x root:root 120 1778954661 /run/systemd/generator -> '/run/systemd/generator'
MISSING /run/systemd/generator.early parent=drwxr-xr-x root:root /run/systemd
MISSING /run/systemd/generator.late parent=drwxr-xr-x root:root /run/systemd
drwxr-xr-x root:root 40 1778954877 /run/credentials -> '/run/credentials'
MISSING /run/dbus-1/system-services parent=stat: cannot statx '/run/dbus-1': No such file or directory
MISSING /root/timesync_resolved_runtime_lpe parent=drwx------ root:root /root
MISSING /tmp/timesync_resolved_runtime_lpe parent=drwxrwxrwt root:root /tmp
-rw-r--r-- systemd-resolve:systemd-resolve /run/systemd/resolve/resolv.conf -> 
-rw-r--r-- systemd-resolve:systemd-resolve /run/systemd/resolve/stub-resolv.conf -> 
drwxr-xr-x systemd-resolve:systemd-resolve /run/systemd/resolve -> 
srw------- systemd-resolve:systemd-resolve /run/systemd/resolve/io.systemd.Resolve.Monitor -> 
srw-rw-rw- systemd-resolve:systemd-resolve /run/systemd/resolve/io.systemd.Resolve -> 

## root proof check
no root marker at /root/timesync_resolved_runtime_lpe
no tmp marker at /tmp/timesync_resolved_runtime_lpe

## cleanup
running
