
## target and packages
PRETTY_NAME="Ubuntu 24.04.4 LTS"
NAME="Ubuntu"
VERSION_ID="24.04"
VERSION="24.04.4 LTS (Noble Numbat)"
VERSION_CODENAME=noble
ID=ubuntu
ID_LIKE=debian
HOME_URL="https://www.ubuntu.com/"
Linux bf51bb670420 6.10.14-linuxkit #1 SMP Sat May 17 08:28:57 UTC 2025 aarch64 aarch64 aarch64 GNU/Linux
uid=1001(attacker) gid=1001(attacker) groups=1001(attacker)
base-files	13ubuntu10.4	ii 
gawk	1:5.2.1-2build3	ii 
systemd	255.4-1ubuntu8.15	ii 
udev	255.4-1ubuntu8.15	ii 

## udev rules and helper ownership
-rw-r--r-- 644 root:root regular file /usr/lib/udev/rules.d/75-probe_mtd.rules -> '/usr/lib/udev/rules.d/75-probe_mtd.rules'
-rwxr-xr-x 755 root:root regular file /usr/lib/udev/mtd_probe -> '/usr/lib/udev/mtd_probe'
-rw-r--r-- 644 root:root regular file /usr/lib/udev/rules.d/73-special-net-names.rules -> '/usr/lib/udev/rules.d/73-special-net-names.rules'
srw------- 600 root:root socket /run/udev/control -> '/run/udev/control'
### /usr/lib/udev/rules.d/75-probe_mtd.rules
     1	# do not edit this file, it will be overwritten on update
     2	
     3	ACTION!="add", GOTO="mtd_probe_end"
     4	
     5	KERNEL=="mtd*ro", IMPORT{program}="mtd_probe $devnode"
     6	
     7	LABEL="mtd_probe_end"
### /usr/lib/udev/rules.d/73-special-net-names.rules
     1	# On Dell PowerEdge systems, the iDRAC7 and later support a USB Virtual NIC
     2	#   which terminates in the iDRAC. Help identify this with 'idrac'
     3	ACTION=="add", SUBSYSTEM=="net", SUBSYSTEMS=="usb", ATTRS{idVendor}=="413c", ATTRS{idProduct}=="a102", NAME="idrac"
     4	
     5	# On IBM systems the Integrated Management Module is reachable using a
     6	# # USB Virtual NIC.
     7	ACTION=="add", SUBSYSTEM=="net", SUBSYSTEMS=="usb", \
     8	   ATTRS{idVendor}=="04b3", ATTRS{idProduct}=="0325", NAME="ibmimm"
     9	
    10	# ibmveth devices' $DEVPATH number is tied to (virtual) hardware (slot id
    11	# selected in the HMC), thus this provides a reliable naming (e. g.
    12	# "/devices/vio/30000002/net/eth1"); we ignore the bus number, as
    13	# there should only ever be one bus, and then remove leading zeros
    14	ACTION=="add", SUBSYSTEM=="net", NAME=="", DRIVERS=="ibmveth", PROGRAM="/bin/sh -ec 'D=$${DEVPATH#*/vio/}; D=$${D%%%%/*}; D=$${D#????}; D=$${D#0}; D=$${D#0}; D=$${D#0}; D=$${D#0}; echo $${D:-0}'", NAME="ibmveth$result"

## hardware/sysfs reachability
stat: cannot statx '/sys/class/mtd': No such file or directory
stat: cannot statx '/sys/bus/vio': No such file or directory
stat: cannot statx '/sys/devices/vio': No such file or directory
drwxr-xr-x 755 root:root directory /sys/class/net -> '/sys/class/net'
find: '/sys/class/mtd': No such file or directory
find: '/sys/bus/vio': No such file or directory
find: '/sys/devices/vio': No such file or directory
### net devices
/sys/class/net/erspan0 -> /sys/devices/virtual/net/erspan0
/sys/class/net/bonding_masters -> /sys/class/net/bonding_masters
/sys/class/net/ip6tnl0 -> /sys/devices/virtual/net/ip6tnl0
/sys/class/net/ip_vti0 -> /sys/devices/virtual/net/ip_vti0
/sys/class/net/lo -> /sys/devices/virtual/net/lo
/sys/class/net/sit0 -> /sys/devices/virtual/net/sit0
/sys/class/net/ip6gre0 -> /sys/devices/virtual/net/ip6gre0
/sys/class/net/eth0 -> /sys/devices/virtual/net/eth0
/sys/class/net/ip6_vti0 -> /sys/devices/virtual/net/ip6_vti0
/sys/class/net/tunl0 -> /sys/devices/virtual/net/tunl0
/sys/class/net/gre0 -> /sys/devices/virtual/net/gre0
/sys/class/net/gretap0 -> /sys/devices/virtual/net/gretap0

## attacker udev trigger attempts
uid=1001(attacker) gid=1001(attacker) groups=1001(attacker)
### trigger mtd
rc=0
### trigger net
erspan0: Failed to write 'change' to '/sys/devices/virtual/net/erspan0/uevent': Permission denied
eth0: Failed to write 'change' to '/sys/devices/virtual/net/eth0/uevent': Permission denied
gre0: Failed to write 'change' to '/sys/devices/virtual/net/gre0/uevent': Permission denied
gretap0: Failed to write 'change' to '/sys/devices/virtual/net/gretap0/uevent': Permission denied
ip6_vti0: Failed to write 'change' to '/sys/devices/virtual/net/ip6_vti0/uevent': Permission denied
ip6gre0: Failed to write 'change' to '/sys/devices/virtual/net/ip6gre0/uevent': Permission denied
ip6tnl0: Failed to write 'change' to '/sys/devices/virtual/net/ip6tnl0/uevent': Permission denied
ip_vti0: Failed to write 'change' to '/sys/devices/virtual/net/ip_vti0/uevent': Permission denied
lo: Failed to write 'change' to '/sys/devices/virtual/net/lo/uevent': Permission denied
sit0: Failed to write 'change' to '/sys/devices/virtual/net/sit0/uevent': Permission denied
tunl0: Failed to write 'change' to '/sys/devices/virtual/net/tunl0/uevent': Permission denied
rc=0
### udevadm test current net devices
Failed to read $container of PID 1, ignoring: Permission denied
Reading rules file: /usr/lib/udev/rules.d/73-special-net-names.rules
Failed to read $container of PID 1, ignoring: Permission denied
Reading rules file: /usr/lib/udev/rules.d/73-special-net-names.rules
erspan0: Failed to update tags under /run/udev/tag/: Permission denied
Failed to read $container of PID 1, ignoring: Permission denied
Reading rules file: /usr/lib/udev/rules.d/73-special-net-names.rules
eth0: Failed to update tags under /run/udev/tag/: Permission denied
Failed to read $container of PID 1, ignoring: Permission denied
Reading rules file: /usr/lib/udev/rules.d/73-special-net-names.rules
gre0: Failed to update tags under /run/udev/tag/: Permission denied
Failed to read $container of PID 1, ignoring: Permission denied
Reading rules file: /usr/lib/udev/rules.d/73-special-net-names.rules
gretap0: Failed to update tags under /run/udev/tag/: Permission denied
Failed to read $container of PID 1, ignoring: Permission denied
Reading rules file: /usr/lib/udev/rules.d/73-special-net-names.rules
ip6_vti0: Failed to update tags under /run/udev/tag/: Permission denied
Failed to read $container of PID 1, ignoring: Permission denied
Reading rules file: /usr/lib/udev/rules.d/73-special-net-names.rules
ip6gre0: Failed to update tags under /run/udev/tag/: Permission denied
Failed to read $container of PID 1, ignoring: Permission denied
Reading rules file: /usr/lib/udev/rules.d/73-special-net-names.rules
ip6tnl0: Failed to update tags under /run/udev/tag/: Permission denied
Failed to read $container of PID 1, ignoring: Permission denied
Reading rules file: /usr/lib/udev/rules.d/73-special-net-names.rules
ip_vti0: Failed to update tags under /run/udev/tag/: Permission denied
Failed to read $container of PID 1, ignoring: Permission denied
Reading rules file: /usr/lib/udev/rules.d/73-special-net-names.rules
lo: Failed to update database under /run/udev/data/: Permission denied
Failed to read $container of PID 1, ignoring: Permission denied
Reading rules file: /usr/lib/udev/rules.d/73-special-net-names.rules
sit0: Failed to update tags under /run/udev/tag/: Permission denied
Failed to read $container of PID 1, ignoring: Permission denied
Reading rules file: /usr/lib/udev/rules.d/73-special-net-names.rules
tunl0: Failed to update tags under /run/udev/tag/: Permission denied

## ibmveth shell parser injection canary
DEVPATH=/devices/vio/30000002/net/eth1 -> 2
DEVPATH=/devices/vio/3000\;id\>/root/udev_profile_boundary_root/net/eth1 -> ;id>
DEVPATH=/devices/vio/\$\(id\>/root/udev_profile_boundary_root\)/net/eth1 -> >
DEVPATH=/devices/vio/\`id\>/root/udev_profile_boundary_root\`/net/eth1 -> 0
DEVPATH=$'/devices/vio/3000\nid>/root/udev_profile_boundary_root/net/eth1' -> id>
stat: cannot statx '/root/udev_profile_boundary_root': No such file or directory

## profile scripts and locale-check behavior
-rw-r--r-- 644 root:root regular file /etc/profile -> '/etc/profile'
drwxr-xr-x 755 root:root directory /etc/profile.d -> '/etc/profile.d'
-rw-r--r-- 644 root:root regular file /etc/profile.d/01-locale-fix.sh -> '/etc/profile.d/01-locale-fix.sh'
-rwxr-xr-x 755 root:root regular file /usr/bin/locale-check -> '/usr/bin/locale-check'
-rw-r--r-- 644 root:root regular file /etc/profile.d/gawk.sh -> '/etc/profile.d/gawk.sh'
### /etc/profile.d/01-locale-fix.sh
     1	# Make sure the locale variables are set to valid values.
     2	eval $(/usr/bin/locale-check C.UTF-8)
### /etc/profile.d/gawk.sh
     1	gawkpath_default () {
     2		unset AWKPATH
     3		export AWKPATH=`gawk 'BEGIN {print ENVIRON["AWKPATH"]}'`
     4	}
     5	
     6	gawkpath_prepend () {
     7		[ -z "$AWKPATH" ] && AWKPATH=`gawk 'BEGIN {print ENVIRON["AWKPATH"]}'`
     8		export AWKPATH="$*:$AWKPATH"
     9	}
    10	
    11	gawkpath_append () {
    12		[ -z "$AWKPATH" ] && AWKPATH=`gawk 'BEGIN {print ENVIRON["AWKPATH"]}'`
    13		export AWKPATH="$AWKPATH:$*"
    14	}
    15	
    16	gawklibpath_default () {
    17		unset AWKLIBPATH
    18		export AWKLIBPATH=`gawk 'BEGIN {print ENVIRON["AWKLIBPATH"]}'`
    19	}
    20	
    21	gawklibpath_prepend () {
    22		[ -z "$AWKLIBPATH" ] && \
    23			AWKLIBPATH=`gawk 'BEGIN {print ENVIRON["AWKLIBPATH"]}'`
    24		export AWKLIBPATH="$*:$AWKLIBPATH"
    25	}
    26	
    27	gawklibpath_append () {
    28		[ -z "$AWKLIBPATH" ] && \
    29			AWKLIBPATH=`gawk 'BEGIN {print ENVIRON["AWKLIBPATH"]}'`
    30		export AWKLIBPATH="$AWKLIBPATH:$*"
    31	}
### locale-check LANG=bad;id>/root/udev_profile_boundary_root
LANG='C.UTF-8'
### locale-check LANG=bad$(id>/root/udev_profile_boundary_root)
LANG='C.UTF-8'
### locale-check LANG=en_US.UTF-8@x;id>/root/udev_profile_boundary_root
LANG='C.UTF-8'
### locale-check LC_ALL=bad;id>/root/udev_profile_boundary_root
LC_ALL='C.UTF-8'
### locale-check LC_ALL=bad$(id>/root/udev_profile_boundary_root)
LC_ALL='C.UTF-8'
### locale-check LC_ALL=en_US.UTF-8@x;id>/root/udev_profile_boundary_root
LC_ALL='C.UTF-8'
### locale-check LC_ADDRESS=bad;id>/root/udev_profile_boundary_root
LC_ADDRESS='C.UTF-8'
### locale-check LC_ADDRESS=bad$(id>/root/udev_profile_boundary_root)
LC_ADDRESS='C.UTF-8'
### locale-check LC_ADDRESS=en_US.UTF-8@x;id>/root/udev_profile_boundary_root
LC_ADDRESS='C.UTF-8'
### locale-check LC_COLLATE=bad;id>/root/udev_profile_boundary_root
LC_COLLATE='C.UTF-8'
### locale-check LC_COLLATE=bad$(id>/root/udev_profile_boundary_root)
LC_COLLATE='C.UTF-8'
### locale-check LC_COLLATE=en_US.UTF-8@x;id>/root/udev_profile_boundary_root
LC_COLLATE='C.UTF-8'
### locale-check LC_CTYPE=bad;id>/root/udev_profile_boundary_root
LC_CTYPE='C.UTF-8'
### locale-check LC_CTYPE=bad$(id>/root/udev_profile_boundary_root)
LC_CTYPE='C.UTF-8'
### locale-check LC_CTYPE=en_US.UTF-8@x;id>/root/udev_profile_boundary_root
LC_CTYPE='C.UTF-8'
### locale-check LC_MESSAGES=bad;id>/root/udev_profile_boundary_root
LC_MESSAGES='C.UTF-8'
### locale-check LC_MESSAGES=bad$(id>/root/udev_profile_boundary_root)
LC_MESSAGES='C.UTF-8'
### locale-check LC_MESSAGES=en_US.UTF-8@x;id>/root/udev_profile_boundary_root
LC_MESSAGES='C.UTF-8'
### locale-check LC_MONETARY=bad;id>/root/udev_profile_boundary_root
LC_MONETARY='C.UTF-8'
### locale-check LC_MONETARY=bad$(id>/root/udev_profile_boundary_root)
LC_MONETARY='C.UTF-8'
### locale-check LC_MONETARY=en_US.UTF-8@x;id>/root/udev_profile_boundary_root
LC_MONETARY='C.UTF-8'
### locale-check LC_NUMERIC=bad;id>/root/udev_profile_boundary_root
LC_NUMERIC='C.UTF-8'
### locale-check LC_NUMERIC=bad$(id>/root/udev_profile_boundary_root)
LC_NUMERIC='C.UTF-8'
### locale-check LC_NUMERIC=en_US.UTF-8@x;id>/root/udev_profile_boundary_root
LC_NUMERIC='C.UTF-8'
### locale-check LC_TIME=bad;id>/root/udev_profile_boundary_root
LC_TIME='C.UTF-8'
### locale-check LC_TIME=bad$(id>/root/udev_profile_boundary_root)
LC_TIME='C.UTF-8'
### locale-check LC_TIME=en_US.UTF-8@x;id>/root/udev_profile_boundary_root
LC_TIME='C.UTF-8'
### locale-check LANGUAGE=bad;id>/root/udev_profile_boundary_root
### locale-check LANGUAGE=bad$(id>/root/udev_profile_boundary_root)
### locale-check LANGUAGE=en_US.UTF-8@x;id>/root/udev_profile_boundary_root
### root login-shell locale eval canary
bash: warning: setlocale: LC_ALL: cannot change locale (bad;id>/root/udev_profile_boundary_root): Invalid argument
LC_ALL=C.UTF-8 LANG=bad$(id>/root/udev_profile_boundary_root)
stat: cannot statx '/root/udev_profile_boundary_root': No such file or directory

## attacker profile/gawk path hijack stays unprivileged
uid=1001(attacker) gid=1001(attacker) groups=1001(attacker)
gawkpath_default is a function
gawkpath_default () 
{ 
    unset AWKPATH;
    export AWKPATH=`gawk 'BEGIN {print ENVIRON["AWKPATH"]}'`
}
rc=0
AWKPATH=fake-gawk
uid=1001(attacker) gid=1001(attacker) groups=1001(attacker)
stat: cannot statx '/root/udev_profile_boundary_root': No such file or directory
-rw-r--r-- 644 attacker:attacker regular file /tmp/udev_profile_boundary_attacker

## cleanup and health
stat: cannot statx '/root/udev_profile_boundary_root': No such file or directory
stat: cannot statx '/tmp/udev_profile_boundary_attacker': No such file or directory
running
