udisksd_pid=25097
=== root.log ===
udisksd_pid=25097
openvt_rc=0
=== user.log ===
identity=uid=1002(selfauth) gid=1002(selfauth) groups=1002(selfauth)
session:
selfauth (1002)
   Since: Sun 2026-05-17 19:28:27 UTC; 846ms ago
   State: active
Sessions: *89
  Linger: no
    Unit: user-1002.slice
          ├─session-89.scope
          │ ├─25118 /bin/login -f
          │ ├─25187 -bash
          │ ├─25193 bash /tmp/udisks-missing-goto-strace-trigger.sh Check btrfs
          │ ├─25196 loginctl user-status 1002 --no-pager
          │ └─25197 sed -n 1,35p
          └─user@1002.service
            └─init.scope
              ├─25175 /usr/lib/systemd/systemd --user
              └─25176 "(sd-pam)"

May 17 19:28:27 bf51bb670420 systemd[25175]: Listening on gpg-agent.socket - GnuPG cryptographic agent and passphrase cache.
May 17 19:28:27 bf51bb670420 systemd[25175]: Listening on keyboxd.socket - GnuPG public key management service.
May 17 19:28:27 bf51bb670420 systemd[25175]: Listening on pk-debconf-helper.socket - debconf communication socket.
May 17 19:28:27 bf51bb670420 systemd[25175]: Listening on snapd.session-agent.socket - REST API socket for snapd user session agent.
May 17 19:28:27 bf51bb670420 systemd[25175]: Listening on dbus.socket - D-Bus User Message Bus Socket.
May 17 19:28:27 bf51bb670420 systemd[25175]: Listening on gpg-agent-ssh.socket - GnuPG cryptographic agent (ssh-agent emulation).
May 17 19:28:27 bf51bb670420 systemd[25175]: Reached target sockets.target - Sockets.
May 17 19:28:27 bf51bb670420 systemd[25175]: Reached target basic.target - Basic System.
May 17 19:28:27 bf51bb670420 systemd[25175]: Reached target default.target - Main User Target.
May 17 19:28:27 bf51bb670420 systemd[25175]: Startup finished in 416ms.
image=/home/selfauth/udisks-missing-goto-active/btrfs-Check.img
Mapped file /home/selfauth/udisks-missing-goto-active/btrfs-Check.img as /dev/loop0.
loop_setup_rc=0
dev=/dev/loop0
obj=/org/freedesktop/UDisks2/block_devices/loop0
()
Mounted /dev/loop0 at /media/selfauth/fce1a6c6-0ada-450f-89f8-eeaddda18969
mount_rc=0
TARGET                                               SOURCE     FSTYPE OPTIONS
/media/selfauth/fce1a6c6-0ada-450f-89f8-eeaddda18969 /dev/loop0 btrfs  rw,nosuid,nodev,relatime,ssd,discard=async,noacl,space_cache=v2,subvolid=5,subvol=/
unique_name=:1.765
exception=DBusException: org.freedesktop.UDisks2.Error.NotSupported: Cannot check filesystem filesystem on /dev/loop0 if mounted
holding_system_bus_name=20s
method_rc=0
=== exec trace ===
clone(child_stack=NULL, flags=CLONE_CHILD_CLEARTID|CLONE_CHILD_SETTID|SIGCHLD, child_tidptr=0xffffba00f010) = 25239
execve("/usr/local/sbin/btrfsck", ["btrfsck", "/dev/loop0"], 0xffffa8011270 /* 10 vars */) = -1 ENOENT (No such file or directory)
execve("/usr/local/bin/btrfsck", ["btrfsck", "/dev/loop0"], 0xffffa8011270 /* 10 vars */) = -1 ENOENT (No such file or directory)
execve("/usr/sbin/btrfsck", ["btrfsck", "/dev/loop0"], 0xffffa8011270 /* 10 vars */) = -1 ENOENT (No such file or directory)
execve("/usr/bin/btrfsck", ["btrfsck", "/dev/loop0"], 0xffffa8011270 /* 10 vars */) = 0
=== journal crash lines ===
May 17 19:26:31 bf51bb670420 udisksd[24803]: Acquired the name org.freedesktop.UDisks2 on the system message bus
May 17 19:26:35 bf51bb670420 udisksd[24803]: Error statting /var/lib/swap: No such file or directory
May 17 19:26:36 bf51bb670420 udisksd[24803]: Set up loop device /dev/loop0 (backed by /home/selfauth/udisks-missing-goto-active/ntfs-Resize.img)
May 17 19:26:38 bf51bb670420 udisksd[24803]: Error statting /var/lib/swap: No such file or directory
May 17 19:26:38 bf51bb670420 udisksd[24803]: Mounted /dev/loop0 at /media/selfauth/UDISKSNTFS on behalf of uid 1002
May 17 19:26:39 bf51bb670420 systemd[1]: udisks2.service: Main process exited, code=killed, status=11/SEGV
May 17 19:26:39 bf51bb670420 systemd[1]: udisks2.service: Failed with result 'signal'.
May 17 19:27:37 bf51bb670420 systemd[1]: Starting udisks2.service - Disk Manager...
May 17 19:27:37 bf51bb670420 udisksd[25047]: udisks daemon version 2.10.1 starting
May 17 19:27:37 bf51bb670420 udisksd[25047]: Error statting /var/lib/swap: No such file or directory
May 17 19:27:37 bf51bb670420 systemd[1]: Started udisks2.service - Disk Manager.
May 17 19:27:37 bf51bb670420 udisksd[25047]: Cleaning up mount point /media/selfauth/UDISKSNTFS (device 7:0 no longer exists)
May 17 19:27:37 bf51bb670420 udisksd[25047]: No longer watching loop device /dev/loop0
May 17 19:27:37 bf51bb670420 udisksd[25047]: Acquired the name org.freedesktop.UDisks2 on the system message bus
May 17 19:28:21 bf51bb670420 systemd[1]: Stopping udisks2.service - Disk Manager...
May 17 19:28:21 bf51bb670420 udisksd[25047]: udisks daemon version 2.10.1 exiting
May 17 19:28:21 bf51bb670420 systemd[1]: udisks2.service: Deactivated successfully.
May 17 19:28:21 bf51bb670420 systemd[1]: Stopped udisks2.service - Disk Manager.
May 17 19:28:21 bf51bb670420 systemd[1]: Starting udisks2.service - Disk Manager...
May 17 19:28:21 bf51bb670420 udisksd[25097]: udisks daemon version 2.10.1 starting
May 17 19:28:21 bf51bb670420 udisksd[25097]: Error statting /var/lib/swap: No such file or directory
May 17 19:28:21 bf51bb670420 systemd[1]: Started udisks2.service - Disk Manager.
May 17 19:28:21 bf51bb670420 udisksd[25097]: Acquired the name org.freedesktop.UDisks2 on the system message bus
May 17 19:28:27 bf51bb670420 udisksd[25097]: Error statting /var/lib/swap: No such file or directory
May 17 19:28:28 bf51bb670420 udisksd[25097]: Set up loop device /dev/loop0 (backed by /home/selfauth/udisks-missing-goto-active/btrfs-Check.img)
May 17 19:28:31 bf51bb670420 udisksd[25097]: Error statting /var/lib/swap: No such file or directory
May 17 19:28:31 bf51bb670420 udisksd[25097]: Mounted /dev/loop0 at /media/selfauth/fce1a6c6-0ada-450f-89f8-eeaddda18969 on behalf of uid 1002
May 17 19:28:33 bf51bb670420 systemd[1]: udisks2.service: Main process exited, code=killed, status=11/SEGV
May 17 19:28:33 bf51bb670420 systemd[1]: udisks2.service: Failed with result 'signal'.
May 17 19:28:33 bf51bb670420 systemd[1]: udisks2.service: Consumed 1.569s CPU time.
