udisksd_pid=25305
=== root.log ===
udisksd_pid=25305
openvt_rc=0
=== user.log ===
identity=uid=1002(selfauth) gid=1002(selfauth) groups=1002(selfauth)
session:
selfauth (1002)
   Since: Sun 2026-05-17 19:28:27 UTC; 33s ago
   State: active
Sessions: *91
  Linger: no
    Unit: user-1002.slice
          ├─session-91.scope
          │ ├─25326 /bin/login -f
          │ ├─25386 -bash
          │ ├─25392 bash /tmp/udisks-missing-goto-strace-trigger.sh Repair btrfs
          │ ├─25395 loginctl user-status 1002 --no-pager
          │ └─25396 sed -n 1,35p
          └─user@1002.service
            └─init.scope
              ├─25374 /usr/lib/systemd/systemd --user
              └─25375 "(sd-pam)"

May 17 19:29:00 bf51bb670420 systemd[25374]: Listening on gpg-agent.socket - GnuPG cryptographic agent and passphrase cache.
May 17 19:29:00 bf51bb670420 systemd[25374]: Listening on keyboxd.socket - GnuPG public key management service.
May 17 19:29:00 bf51bb670420 systemd[25374]: Listening on pk-debconf-helper.socket - debconf communication socket.
May 17 19:29:00 bf51bb670420 systemd[25374]: Listening on snapd.session-agent.socket - REST API socket for snapd user session agent.
May 17 19:29:00 bf51bb670420 systemd[25374]: Listening on dbus.socket - D-Bus User Message Bus Socket.
May 17 19:29:00 bf51bb670420 systemd[25374]: Listening on gpg-agent-ssh.socket - GnuPG cryptographic agent (ssh-agent emulation).
May 17 19:29:00 bf51bb670420 systemd[25374]: Reached target sockets.target - Sockets.
May 17 19:29:00 bf51bb670420 systemd[25374]: Reached target basic.target - Basic System.
May 17 19:29:00 bf51bb670420 systemd[25374]: Reached target default.target - Main User Target.
May 17 19:29:00 bf51bb670420 systemd[25374]: Startup finished in 84ms.
image=/home/selfauth/udisks-missing-goto-active/btrfs-Repair.img
Mapped file /home/selfauth/udisks-missing-goto-active/btrfs-Repair.img as /dev/loop0.
loop_setup_rc=0
dev=/dev/loop0
obj=/org/freedesktop/UDisks2/block_devices/loop0
()
Mounted /dev/loop0 at /media/selfauth/10885f4b-d85f-4c49-bcd0-047ce73b7643
mount_rc=0
TARGET                                               SOURCE     FSTYPE OPTIONS
/media/selfauth/10885f4b-d85f-4c49-bcd0-047ce73b7643 /dev/loop0 btrfs  rw,nosuid,nodev,relatime,ssd,discard=async,noacl,space_cache=v2,subvolid=5,subvol=/
unique_name=:1.777
exception=DBusException: org.freedesktop.UDisks2.Error.NotSupported: Cannot repair filesystem filesystem on /dev/loop0 if mounted
holding_system_bus_name=20s
method_rc=0
=== exec trace ===
clone(child_stack=NULL, flags=CLONE_CHILD_CLEARTID|CLONE_CHILD_SETTID|SIGCHLD, child_tidptr=0xffff87e0f010) = 25438
execve("/usr/local/sbin/btrfsck", ["btrfsck", "--repair", "/dev/loop0"], 0xffff7c00a280 /* 10 vars */) = -1 ENOENT (No such file or directory)
execve("/usr/local/bin/btrfsck", ["btrfsck", "--repair", "/dev/loop0"], 0xffff7c00a280 /* 10 vars */) = -1 ENOENT (No such file or directory)
execve("/usr/sbin/btrfsck", ["btrfsck", "--repair", "/dev/loop0"], 0xffff7c00a280 /* 10 vars */) = -1 ENOENT (No such file or directory)
execve("/usr/bin/btrfsck", ["btrfsck", "--repair", "/dev/loop0"], 0xffff7c00a280 /* 10 vars */) = 0
=== journal crash lines ===
May 17 19:27:37 bf51bb670420 udisksd[25047]: Acquired the name org.freedesktop.UDisks2 on the system message bus
May 17 19:28:21 bf51bb670420 systemd[1]: Stopping udisks2.service - Disk Manager...
May 17 19:28:21 bf51bb670420 udisksd[25047]: udisks daemon version 2.10.1 exiting
May 17 19:28:21 bf51bb670420 systemd[1]: udisks2.service: Deactivated successfully.
May 17 19:28:21 bf51bb670420 systemd[1]: Stopped udisks2.service - Disk Manager.
May 17 19:28:21 bf51bb670420 systemd[1]: Starting udisks2.service - Disk Manager...
May 17 19:28:21 bf51bb670420 udisksd[25097]: udisks daemon version 2.10.1 starting
May 17 19:28:21 bf51bb670420 udisksd[25097]: Error statting /var/lib/swap: No such file or directory
May 17 19:28:21 bf51bb670420 systemd[1]: Started udisks2.service - Disk Manager.
May 17 19:28:21 bf51bb670420 udisksd[25097]: Acquired the name org.freedesktop.UDisks2 on the system message bus
May 17 19:28:27 bf51bb670420 udisksd[25097]: Error statting /var/lib/swap: No such file or directory
May 17 19:28:28 bf51bb670420 udisksd[25097]: Set up loop device /dev/loop0 (backed by /home/selfauth/udisks-missing-goto-active/btrfs-Check.img)
May 17 19:28:31 bf51bb670420 udisksd[25097]: Error statting /var/lib/swap: No such file or directory
May 17 19:28:31 bf51bb670420 udisksd[25097]: Mounted /dev/loop0 at /media/selfauth/fce1a6c6-0ada-450f-89f8-eeaddda18969 on behalf of uid 1002
May 17 19:28:33 bf51bb670420 systemd[1]: udisks2.service: Main process exited, code=killed, status=11/SEGV
May 17 19:28:33 bf51bb670420 systemd[1]: udisks2.service: Failed with result 'signal'.
May 17 19:28:33 bf51bb670420 systemd[1]: udisks2.service: Consumed 1.569s CPU time.
May 17 19:28:57 bf51bb670420 systemd[1]: Starting udisks2.service - Disk Manager...
May 17 19:28:57 bf51bb670420 udisksd[25305]: udisks daemon version 2.10.1 starting
May 17 19:28:57 bf51bb670420 udisksd[25305]: Error statting /var/lib/swap: No such file or directory
May 17 19:28:57 bf51bb670420 systemd[1]: Started udisks2.service - Disk Manager.
May 17 19:28:57 bf51bb670420 udisksd[25305]: Cleaning up mount point /media/selfauth/fce1a6c6-0ada-450f-89f8-eeaddda18969 (device 7:0 no longer exists)
May 17 19:28:57 bf51bb670420 udisksd[25305]: No longer watching loop device /dev/loop0
May 17 19:28:57 bf51bb670420 udisksd[25305]: Acquired the name org.freedesktop.UDisks2 on the system message bus
May 17 19:29:00 bf51bb670420 udisksd[25305]: Error statting /var/lib/swap: No such file or directory
May 17 19:29:01 bf51bb670420 udisksd[25305]: Set up loop device /dev/loop0 (backed by /home/selfauth/udisks-missing-goto-active/btrfs-Repair.img)
May 17 19:29:03 bf51bb670420 udisksd[25305]: Error statting /var/lib/swap: No such file or directory
May 17 19:29:03 bf51bb670420 udisksd[25305]: Mounted /dev/loop0 at /media/selfauth/10885f4b-d85f-4c49-bcd0-047ce73b7643 on behalf of uid 1002
May 17 19:29:14 bf51bb670420 systemd[1]: udisks2.service: Main process exited, code=killed, status=11/SEGV
May 17 19:29:14 bf51bb670420 systemd[1]: udisks2.service: Failed with result 'signal'.
