udisksd_pid=24803
=== root.log ===
udisksd_pid=24803
openvt_rc=0
=== user.log ===
identity=uid=1002(selfauth) gid=1002(selfauth) groups=1002(selfauth)
session:
selfauth (1002)
   Since: Sun 2026-05-17 19:24:25 UTC; 2min 9s ago
   State: active
Sessions: *87
  Linger: no
    Unit: user-1002.slice
          ├─session-87.scope
          │ ├─24824 /bin/login -f
          │ ├─24895 -bash
          │ ├─24901 bash /tmp/udisks-missing-goto-strace-trigger.sh Resize ntfs
          │ ├─24904 loginctl user-status 1002 --no-pager
          │ └─24905 sed -n 1,35p
          └─user@1002.service
            └─init.scope
              ├─24881 /usr/lib/systemd/systemd --user
              └─24882 "(sd-pam)"

May 17 19:26:35 bf51bb670420 systemd[24881]: Listening on gpg-agent.socket - GnuPG cryptographic agent and passphrase cache.
May 17 19:26:35 bf51bb670420 systemd[24881]: Listening on keyboxd.socket - GnuPG public key management service.
May 17 19:26:35 bf51bb670420 systemd[24881]: Listening on pk-debconf-helper.socket - debconf communication socket.
May 17 19:26:35 bf51bb670420 systemd[24881]: Listening on snapd.session-agent.socket - REST API socket for snapd user session agent.
May 17 19:26:35 bf51bb670420 systemd[24881]: Listening on dbus.socket - D-Bus User Message Bus Socket.
May 17 19:26:35 bf51bb670420 systemd[24881]: Listening on gpg-agent-ssh.socket - GnuPG cryptographic agent (ssh-agent emulation).
May 17 19:26:35 bf51bb670420 systemd[24881]: Reached target sockets.target - Sockets.
May 17 19:26:35 bf51bb670420 systemd[24881]: Reached target basic.target - Basic System.
May 17 19:26:35 bf51bb670420 systemd[24881]: Reached target default.target - Main User Target.
May 17 19:26:35 bf51bb670420 systemd[24881]: Startup finished in 151ms.
/home/selfauth/udisks-missing-goto-active/ntfs-Resize.img is not a block device.
mkntfs forced anyway.
The sector size was not specified for /home/selfauth/udisks-missing-goto-active/ntfs-Resize.img and it could not be obtained automatically.  It has been set to 512 bytes.
The partition start sector was not specified for /home/selfauth/udisks-missing-goto-active/ntfs-Resize.img and it could not be obtained automatically.  It has been set to 0.
The number of sectors per track was not specified for /home/selfauth/udisks-missing-goto-active/ntfs-Resize.img and it could not be obtained automatically.  It has been set to 0.
The number of heads was not specified for /home/selfauth/udisks-missing-goto-active/ntfs-Resize.img and it could not be obtained automatically.  It has been set to 0.
Cluster size has been automatically set to 4096 bytes.
To boot from a device, Windows needs the 'partition start sector', the 'sectors per track' and the 'number of heads' to be set.
Windows will not be able to boot from this device.
Creating NTFS volume structures.
mkntfs completed successfully. Have a nice day.
image=/home/selfauth/udisks-missing-goto-active/ntfs-Resize.img
Mapped file /home/selfauth/udisks-missing-goto-active/ntfs-Resize.img as /dev/loop0.
loop_setup_rc=0
dev=/dev/loop0
obj=/org/freedesktop/UDisks2/block_devices/loop0
()
Mounted /dev/loop0 at /media/selfauth/UDISKSNTFS
mount_rc=0
TARGET                     SOURCE     FSTYPE OPTIONS
/media/selfauth/UDISKSNTFS /dev/loop0 ntfs3  rw,nosuid,nodev,relatime,uid=1002,gid=1002,iocharset=iso8859-1
unique_name=:1.752
exception=DBusException: org.freedesktop.UDisks2.Error.NotSupported: Cannot resize filesystem filesystem on /dev/loop0 if mounted
holding_system_bus_name=20s
method_rc=0
=== exec trace ===
clone(child_stack=NULL, flags=CLONE_CHILD_CLEARTID|CLONE_CHILD_SETTID|SIGCHLD, child_tidptr=0xffff8be0f010) = 24944
execve("/usr/local/sbin/ntfsresize", ["ntfsresize", "--no-progress-bar", "-s", "33554432", "/dev/loop0"], 0xffff8000f910 /* 10 vars */) = -1 ENOENT (No such file or directory)
execve("/usr/local/bin/ntfsresize", ["ntfsresize", "--no-progress-bar", "-s", "33554432", "/dev/loop0"], 0xffff8000f910 /* 10 vars */) = -1 ENOENT (No such file or directory)
execve("/usr/sbin/ntfsresize", ["ntfsresize", "--no-progress-bar", "-s", "33554432", "/dev/loop0"], 0xffff8000f910 /* 10 vars */) = 0
=== journal crash lines ===
May 17 19:25:59 bf51bb670420 systemd[1]: Starting udisks2.service - Disk Manager...
May 17 19:25:59 bf51bb670420 udisksd[24567]: udisks daemon version 2.10.1 starting
May 17 19:25:59 bf51bb670420 udisksd[24567]: Error statting /var/lib/swap: No such file or directory
May 17 19:25:59 bf51bb670420 systemd[1]: Started udisks2.service - Disk Manager.
May 17 19:25:59 bf51bb670420 udisksd[24567]: Cleaning up mount point /media/selfauth/f2ffb5e6-3503-464b-af8d-97fc9f418739 (device 7:0 no longer exists)
May 17 19:25:59 bf51bb670420 udisksd[24567]: No longer watching loop device /dev/loop0
May 17 19:25:59 bf51bb670420 udisksd[24567]: Acquired the name org.freedesktop.UDisks2 on the system message bus
May 17 19:26:03 bf51bb670420 udisksd[24567]: Error statting /var/lib/swap: No such file or directory
May 17 19:26:03 bf51bb670420 udisksd[24567]: Set up loop device /dev/loop0 (backed by /home/selfauth/udisks-missing-goto-active/vfat-Resize.img)
May 17 19:26:05 bf51bb670420 udisksd[24567]: Error statting /var/lib/swap: No such file or directory
May 17 19:26:05 bf51bb670420 udisksd[24567]: Mounted /dev/loop0 at /media/selfauth/64B4-A692 on behalf of uid 1002
May 17 19:26:30 bf51bb670420 udisksd[24567]: Error statting /var/lib/swap: No such file or directory
May 17 19:26:30 bf51bb670420 udisksd[24567]: Cleaning up mount point /media/selfauth/64B4-A692 (device 7:0 is not mounted)
May 17 19:26:30 bf51bb670420 udisksd[24567]: No longer watching loop device /dev/loop0
May 17 19:26:30 bf51bb670420 udisksd[24567]: Error statting /var/lib/swap: No such file or directory
May 17 19:26:31 bf51bb670420 systemd[1]: Stopping udisks2.service - Disk Manager...
May 17 19:26:31 bf51bb670420 udisksd[24567]: udisks daemon version 2.10.1 exiting
May 17 19:26:31 bf51bb670420 systemd[1]: udisks2.service: Deactivated successfully.
May 17 19:26:31 bf51bb670420 systemd[1]: Stopped udisks2.service - Disk Manager.
May 17 19:26:31 bf51bb670420 systemd[1]: Starting udisks2.service - Disk Manager...
May 17 19:26:31 bf51bb670420 udisksd[24803]: udisks daemon version 2.10.1 starting
May 17 19:26:31 bf51bb670420 udisksd[24803]: Error statting /var/lib/swap: No such file or directory
May 17 19:26:31 bf51bb670420 systemd[1]: Started udisks2.service - Disk Manager.
May 17 19:26:31 bf51bb670420 udisksd[24803]: Acquired the name org.freedesktop.UDisks2 on the system message bus
May 17 19:26:35 bf51bb670420 udisksd[24803]: Error statting /var/lib/swap: No such file or directory
May 17 19:26:36 bf51bb670420 udisksd[24803]: Set up loop device /dev/loop0 (backed by /home/selfauth/udisks-missing-goto-active/ntfs-Resize.img)
May 17 19:26:38 bf51bb670420 udisksd[24803]: Error statting /var/lib/swap: No such file or directory
May 17 19:26:38 bf51bb670420 udisksd[24803]: Mounted /dev/loop0 at /media/selfauth/UDISKSNTFS on behalf of uid 1002
May 17 19:26:39 bf51bb670420 systemd[1]: udisks2.service: Main process exited, code=killed, status=11/SEGV
May 17 19:26:39 bf51bb670420 systemd[1]: udisks2.service: Failed with result 'signal'.
