udisksd_pid=22051
=== root.log ===
udisksd_pid=22051
openvt_rc=8
=== user.log ===
identity=uid=1002(selfauth) gid=1002(selfauth) groups=1002(selfauth)
session:
selfauth (1002)
   Since: Sun 2026-05-17 19:22:05 UTC; 12s ago
   State: active
Sessions: *70
  Linger: no
    Unit: user-1002.slice
          ├─session-70.scope
          │ ├─22144 /bin/login -f
          │ ├─22213 -bash
          │ ├─22220 bash /tmp/udisks-missing-goto-strace-trigger.sh Check vfat
          │ ├─22223 loginctl user-status 1002 --no-pager
          │ └─22224 sed -n 1,35p
          └─user@1002.service
            └─init.scope
              ├─22195 /usr/lib/systemd/systemd --user
              └─22196 "(sd-pam)"

May 17 19:22:17 bf51bb670420 systemd[22195]: Listening on gpg-agent.socket - GnuPG cryptographic agent and passphrase cache.
May 17 19:22:17 bf51bb670420 systemd[22195]: Listening on keyboxd.socket - GnuPG public key management service.
May 17 19:22:17 bf51bb670420 systemd[22195]: Listening on pk-debconf-helper.socket - debconf communication socket.
May 17 19:22:17 bf51bb670420 systemd[22195]: Listening on snapd.session-agent.socket - REST API socket for snapd user session agent.
May 17 19:22:17 bf51bb670420 systemd[22195]: Listening on dbus.socket - D-Bus User Message Bus Socket.
May 17 19:22:17 bf51bb670420 systemd[22195]: Listening on gpg-agent-ssh.socket - GnuPG cryptographic agent (ssh-agent emulation).
May 17 19:22:17 bf51bb670420 systemd[22195]: Reached target sockets.target - Sockets.
May 17 19:22:17 bf51bb670420 systemd[22195]: Reached target basic.target - Basic System.
May 17 19:22:17 bf51bb670420 systemd[22195]: Reached target default.target - Main User Target.
May 17 19:22:17 bf51bb670420 systemd[22195]: Startup finished in 246ms.
mkfs.fat 4.2 (2021-01-31)
image=/home/selfauth/udisks-missing-goto-active/vfat-Check.img
Mapped file /home/selfauth/udisks-missing-goto-active/vfat-Check.img as /dev/loop13.
loop_setup_rc=0
dev=/dev/loop13
obj=/org/freedesktop/UDisks2/block_devices/loop13
()
Mounted /dev/loop13 at /media/selfauth/569B-7464
mount_rc=0
TARGET                    SOURCE      FSTYPE OPTIONS
/media/selfauth/569B-7464 /dev/loop13 vfat   rw,nosuid,nodev,relatime,uid=1002,gid=1002,fmask=0022,dmask=0022,codepage=437,iocharset=iso8859-1,shortname=mixed,showexec,utf8,flush,errors=remount-ro
unique_name=:1.640
exception=DBusException: org.freedesktop.UDisks2.Error.NotSupported: Cannot check filesystem filesystem on /dev/loop13 if mounted
holding_system_bus_name=20s
=== exec trace ===
clone(child_stack=NULL, flags=CLONE_CHILD_CLEARTID|CLONE_CHILD_SETTID|SIGCHLD, child_tidptr=0xffff8c9160f0) = 22237
clone(child_stack=NULL, flags=CLONE_CHILD_CLEARTID|CLONE_CHILD_SETTID|SIGCHLD, child_tidptr=0xffff89e0f010) = 22381
execve("/usr/local/sbin/xfs_spaceman", ["xfs_spaceman", "-c", "info", "/media/selfauth/--help"], 0xaaaaed00ac90 /* 10 vars */) = -1 ENOENT (No such file or directory)
execve("/usr/local/bin/xfs_spaceman", ["xfs_spaceman", "-c", "info", "/media/selfauth/--help"], 0xaaaaed00ac90 /* 10 vars */) = -1 ENOENT (No such file or directory)
execve("/usr/sbin/xfs_spaceman", ["xfs_spaceman", "-c", "info", "/media/selfauth/--help"], 0xaaaaed00ac90 /* 10 vars */) = 0
execve("/usr/local/sbin/fsck.vfat", ["fsck.vfat", "-n", "/dev/loop13"], 0xffff7800ed20 /* 10 vars */) = -1 ENOENT (No such file or directory)
execve("/usr/local/bin/fsck.vfat", ["fsck.vfat", "-n", "/dev/loop13"], 0xffff7800ed20 /* 10 vars */) = -1 ENOENT (No such file or directory)
execve("/usr/sbin/fsck.vfat", ["fsck.vfat", "-n", "/dev/loop13"], 0xffff7800ed20 /* 10 vars */) = 0
=== journal crash lines ===
May 17 19:22:23 bf51bb670420 systemd[1]: udisks2.service: Consumed 1.566s CPU time.
May 17 19:22:32 bf51bb670420 systemd[1]: Starting udisks2.service - Disk Manager...
May 17 19:22:32 bf51bb670420 udisksd[22622]: udisks daemon version 2.10.1 starting
May 17 19:22:32 bf51bb670420 udisksd[22622]: Error statting /var/lib/swap: No such file or directory
May 17 19:22:32 bf51bb670420 udisksd[22622]: Acquired the name org.freedesktop.UDisks2 on the system message bus
May 17 19:22:32 bf51bb670420 systemd[1]: Started udisks2.service - Disk Manager.
May 17 19:22:32 bf51bb670420 udisksd[22622]: Error statting /var/lib/swap: No such file or directory
May 17 19:22:32 bf51bb670420 udisksd[22622]: Cleaning up mount point /media/selfauth/_SYSTEMD_WANTS=u (device 7:8 is not mounted)
May 17 19:22:32 bf51bb670420 udisksd[22622]: Unmounted /dev/loop8 on behalf of uid 0
May 17 19:22:32 bf51bb670420 udisksd[22622]: Error statting /var/lib/swap: No such file or directory
May 17 19:22:32 bf51bb670420 udisksd[22622]: Deleted loop device /dev/loop8 (was backed by /home/selfauth/udisks-udev-meta-consumers-20260517/ext-line.img)
May 17 19:22:32 bf51bb670420 udisksd[22622]: No longer watching loop device /dev/loop8
May 17 19:22:32 bf51bb670420 udisksd[22622]: Deleted loop device /dev/loop6 (was backed by /home/selfauth/udisks-udev-meta-consumers-20260517/bcache.img)
May 17 19:22:32 bf51bb670420 udisksd[22622]: No longer watching loop device /dev/loop6
May 17 19:22:33 bf51bb670420 udisksd[22622]: Deleted loop device /dev/loop11 (was backed by /home/selfauth/udisks-udev-meta-consumers-20260517/md-line.img)
May 17 19:22:33 bf51bb670420 udisksd[22622]: No longer watching loop device /dev/loop11
May 17 19:22:33 bf51bb670420 udisksd[22622]: Deleted loop device /dev/loop9 (was backed by /home/selfauth/udisks-udev-meta-consumers-20260517/gpt-line.img)
May 17 19:22:33 bf51bb670420 udisksd[22622]: No longer watching loop device /dev/loop9
May 17 19:22:33 bf51bb670420 udisksd[22622]: Error statting /var/lib/swap: No such file or directory
May 17 19:22:33 bf51bb670420 udisksd[22622]: Cleaning up mount point /media/selfauth/BT_SYSTEMD_WANTS=u.service (device 7:7 is not mounted)
May 17 19:22:33 bf51bb670420 udisksd[22622]: Unmounted /dev/loop7 on behalf of uid 0
May 17 19:22:33 bf51bb670420 udisksd[22622]: Deleted loop device /dev/loop7 (was backed by /home/selfauth/udisks-udev-meta-consumers-20260517/btrfs-line.img)
May 17 19:22:33 bf51bb670420 udisksd[22622]: No longer watching loop device /dev/loop7
May 17 19:22:33 bf51bb670420 udisksd[22622]: Error statting /var/lib/swap: No such file or directory
May 17 19:22:33 bf51bb670420 udisksd[22622]: Cleaning up mount point /media/selfauth/--help (device 7:12 is not mounted)
May 17 19:22:33 bf51bb670420 udisksd[22622]: Unmounted /dev/loop12 on behalf of uid 0
May 17 19:22:33 bf51bb670420 udisksd[22622]: Deleted loop device /dev/loop12 (was backed by /home/selfauth/udisks-udev-meta-consumers-20260517/xfs-help.img)
May 17 19:22:33 bf51bb670420 udisksd[22622]: No longer watching loop device /dev/loop12
May 17 19:22:33 bf51bb670420 udisksd[22622]: Deleted loop device /dev/loop10 (was backed by /home/selfauth/udisks-udev-meta-consumers-20260517/lvm-uulvm.service.img)
May 17 19:22:33 bf51bb670420 udisksd[22622]: No longer watching loop device /dev/loop10
