udisksd_pid=23130
=== root.log ===
udisksd_pid=23130
openvt_rc=0
=== user.log ===
identity=uid=1002(selfauth) gid=1002(selfauth) groups=1002(selfauth)
session:
selfauth (1002)
   Since: Sun 2026-05-17 19:22:05 UTC; 1min 8s ago
   State: active
Sessions: *74
  Linger: no
    Unit: user-1002.slice
          ├─session-74.scope
          │ ├─23151 /bin/login -f
          │ ├─23220 -bash
          │ ├─23226 bash /tmp/udisks-missing-goto-strace-trigger.sh Check ntfs
          │ ├─23229 loginctl user-status 1002 --no-pager
          │ └─23230 sed -n 1,35p
          └─user@1002.service
            └─init.scope
              ├─23208 /usr/lib/systemd/systemd --user
              └─23209 "(sd-pam)"

May 17 19:23:13 bf51bb670420 systemd[23208]: Listening on gpg-agent.socket - GnuPG cryptographic agent and passphrase cache.
May 17 19:23:13 bf51bb670420 systemd[23208]: Listening on keyboxd.socket - GnuPG public key management service.
May 17 19:23:13 bf51bb670420 systemd[23208]: Listening on pk-debconf-helper.socket - debconf communication socket.
May 17 19:23:13 bf51bb670420 systemd[23208]: Listening on snapd.session-agent.socket - REST API socket for snapd user session agent.
May 17 19:23:13 bf51bb670420 systemd[23208]: Listening on dbus.socket - D-Bus User Message Bus Socket.
May 17 19:23:13 bf51bb670420 systemd[23208]: Listening on gpg-agent-ssh.socket - GnuPG cryptographic agent (ssh-agent emulation).
May 17 19:23:13 bf51bb670420 systemd[23208]: Reached target sockets.target - Sockets.
May 17 19:23:13 bf51bb670420 systemd[23208]: Reached target basic.target - Basic System.
May 17 19:23:13 bf51bb670420 systemd[23208]: Reached target default.target - Main User Target.
May 17 19:23:13 bf51bb670420 systemd[23208]: Startup finished in 164ms.
/home/selfauth/udisks-missing-goto-active/ntfs-Check.img is not a block device.
mkntfs forced anyway.
The sector size was not specified for /home/selfauth/udisks-missing-goto-active/ntfs-Check.img and it could not be obtained automatically.  It has been set to 512 bytes.
The partition start sector was not specified for /home/selfauth/udisks-missing-goto-active/ntfs-Check.img and it could not be obtained automatically.  It has been set to 0.
The number of sectors per track was not specified for /home/selfauth/udisks-missing-goto-active/ntfs-Check.img and it could not be obtained automatically.  It has been set to 0.
The number of heads was not specified for /home/selfauth/udisks-missing-goto-active/ntfs-Check.img and it could not be obtained automatically.  It has been set to 0.
Cluster size has been automatically set to 4096 bytes.
To boot from a device, Windows needs the 'partition start sector', the 'sectors per track' and the 'number of heads' to be set.
Windows will not be able to boot from this device.
Creating NTFS volume structures.
mkntfs completed successfully. Have a nice day.
image=/home/selfauth/udisks-missing-goto-active/ntfs-Check.img
Mapped file /home/selfauth/udisks-missing-goto-active/ntfs-Check.img as /dev/loop7.
loop_setup_rc=0
dev=/dev/loop7
obj=/org/freedesktop/UDisks2/block_devices/loop7
()
Mounted /dev/loop7 at /media/selfauth/UDISKSNTFS
mount_rc=0
TARGET                     SOURCE     FSTYPE OPTIONS
/media/selfauth/UDISKSNTFS /dev/loop7 ntfs3  rw,nosuid,nodev,relatime,uid=1002,gid=1002,iocharset=iso8859-1
unique_name=:1.680
exception=DBusException: org.freedesktop.UDisks2.Error.NotSupported: Cannot check filesystem filesystem on /dev/loop7 if mounted
holding_system_bus_name=20s
method_rc=0
=== exec trace ===
clone(child_stack=NULL, flags=CLONE_CHILD_CLEARTID|CLONE_CHILD_SETTID|SIGCHLD, child_tidptr=0xffff97e0f010) = 23286
execve("/usr/local/sbin/ntfsfix", ["ntfsfix", "-n", "/dev/loop7"], 0xffff8c0113d0 /* 10 vars */) = -1 ENOENT (No such file or directory)
execve("/usr/local/bin/ntfsfix", ["ntfsfix", "-n", "/dev/loop7"], 0xffff8c0113d0 /* 10 vars */) = -1 ENOENT (No such file or directory)
execve("/usr/sbin/ntfsfix", ["ntfsfix", "-n", "/dev/loop7"], 0xffff8c0113d0 /* 10 vars */) = -1 ENOENT (No such file or directory)
execve("/usr/bin/ntfsfix", ["ntfsfix", "-n", "/dev/loop7"], 0xffff8c0113d0 /* 10 vars */) = 0
=== journal crash lines ===
May 17 19:22:33 bf51bb670420 udisksd[22622]: Deleted loop device /dev/loop12 (was backed by /home/selfauth/udisks-udev-meta-consumers-20260517/xfs-help.img)
May 17 19:22:33 bf51bb670420 udisksd[22622]: No longer watching loop device /dev/loop12
May 17 19:22:33 bf51bb670420 udisksd[22622]: Deleted loop device /dev/loop10 (was backed by /home/selfauth/udisks-udev-meta-consumers-20260517/lvm-uulvm.service.img)
May 17 19:22:33 bf51bb670420 udisksd[22622]: No longer watching loop device /dev/loop10
May 17 19:22:37 bf51bb670420 systemd[1]: Stopping udisks2.service - Disk Manager...
May 17 19:22:37 bf51bb670420 udisksd[22622]: udisks daemon version 2.10.1 exiting
May 17 19:22:37 bf51bb670420 systemd[1]: udisks2.service: Deactivated successfully.
May 17 19:22:37 bf51bb670420 systemd[1]: Stopped udisks2.service - Disk Manager.
May 17 19:22:37 bf51bb670420 systemd[1]: Starting udisks2.service - Disk Manager...
May 17 19:22:37 bf51bb670420 udisksd[22918]: udisks daemon version 2.10.1 starting
May 17 19:22:37 bf51bb670420 udisksd[22918]: Error statting /var/lib/swap: No such file or directory
May 17 19:22:37 bf51bb670420 systemd[1]: Started udisks2.service - Disk Manager.
May 17 19:22:37 bf51bb670420 udisksd[22918]: Acquired the name org.freedesktop.UDisks2 on the system message bus
May 17 19:22:40 bf51bb670420 udisksd[22918]: Error statting /var/lib/swap: No such file or directory
May 17 19:22:41 bf51bb670420 udisksd[22918]: Set up loop device /dev/loop6 (backed by /home/selfauth/udisks-missing-goto-active/vfat-Repair.img)
May 17 19:22:43 bf51bb670420 udisksd[22918]: Error statting /var/lib/swap: No such file or directory
May 17 19:22:43 bf51bb670420 udisksd[22918]: Mounted /dev/loop6 at /media/selfauth/580B-FAFA on behalf of uid 1002
May 17 19:22:45 bf51bb670420 systemd[1]: udisks2.service: Main process exited, code=killed, status=11/SEGV
May 17 19:22:45 bf51bb670420 systemd[1]: udisks2.service: Failed with result 'signal'.
May 17 19:23:08 bf51bb670420 systemd[1]: Starting udisks2.service - Disk Manager...
May 17 19:23:09 bf51bb670420 udisksd[23130]: udisks daemon version 2.10.1 starting
May 17 19:23:09 bf51bb670420 udisksd[23130]: Error statting /var/lib/swap: No such file or directory
May 17 19:23:09 bf51bb670420 systemd[1]: Started udisks2.service - Disk Manager.
May 17 19:23:09 bf51bb670420 udisksd[23130]: Acquired the name org.freedesktop.UDisks2 on the system message bus
May 17 19:23:13 bf51bb670420 udisksd[23130]: Error statting /var/lib/swap: No such file or directory
May 17 19:23:13 bf51bb670420 udisksd[23130]: Set up loop device /dev/loop7 (backed by /home/selfauth/udisks-missing-goto-active/ntfs-Check.img)
May 17 19:23:16 bf51bb670420 udisksd[23130]: Error statting /var/lib/swap: No such file or directory
May 17 19:23:16 bf51bb670420 udisksd[23130]: Mounted /dev/loop7 at /media/selfauth/UDISKSNTFS on behalf of uid 1002
May 17 19:23:17 bf51bb670420 systemd[1]: udisks2.service: Main process exited, code=killed, status=11/SEGV
May 17 19:23:17 bf51bb670420 systemd[1]: udisks2.service: Failed with result 'signal'.
