udisksd_pid=24567
=== root.log ===
udisksd_pid=24567
openvt_rc=0
=== user.log ===
identity=uid=1002(selfauth) gid=1002(selfauth) groups=1002(selfauth)
session:
selfauth (1002)
   Since: Sun 2026-05-17 19:24:25 UTC; 1min 37s ago
   State: active
Sessions: *85
  Linger: no
    Unit: user-1002.slice
          ├─session-85.scope
          │ ├─24588 /bin/login -f
          │ ├─24648 -bash
          │ ├─24654 bash /tmp/udisks-missing-goto-strace-trigger.sh Resize vfat
          │ ├─24657 loginctl user-status 1002 --no-pager
          │ └─24658 sed -n 1,35p
          └─user@1002.service
            └─init.scope
              ├─24636 /usr/lib/systemd/systemd --user
              └─24637 "(sd-pam)"

May 17 19:26:03 bf51bb670420 systemd[24636]: Listening on gpg-agent.socket - GnuPG cryptographic agent and passphrase cache.
May 17 19:26:03 bf51bb670420 systemd[24636]: Listening on keyboxd.socket - GnuPG public key management service.
May 17 19:26:03 bf51bb670420 systemd[24636]: Listening on pk-debconf-helper.socket - debconf communication socket.
May 17 19:26:03 bf51bb670420 systemd[24636]: Listening on snapd.session-agent.socket - REST API socket for snapd user session agent.
May 17 19:26:03 bf51bb670420 systemd[24636]: Listening on dbus.socket - D-Bus User Message Bus Socket.
May 17 19:26:03 bf51bb670420 systemd[24636]: Listening on gpg-agent-ssh.socket - GnuPG cryptographic agent (ssh-agent emulation).
May 17 19:26:03 bf51bb670420 systemd[24636]: Reached target sockets.target - Sockets.
May 17 19:26:03 bf51bb670420 systemd[24636]: Reached target basic.target - Basic System.
May 17 19:26:03 bf51bb670420 systemd[24636]: Reached target default.target - Main User Target.
May 17 19:26:03 bf51bb670420 systemd[24636]: Startup finished in 142ms.
mkfs.fat 4.2 (2021-01-31)
image=/home/selfauth/udisks-missing-goto-active/vfat-Resize.img
Mapped file /home/selfauth/udisks-missing-goto-active/vfat-Resize.img as /dev/loop0.
loop_setup_rc=0
dev=/dev/loop0
obj=/org/freedesktop/UDisks2/block_devices/loop0
()
Mounted /dev/loop0 at /media/selfauth/64B4-A692
mount_rc=0
TARGET                    SOURCE     FSTYPE OPTIONS
/media/selfauth/64B4-A692 /dev/loop0 vfat   rw,nosuid,nodev,relatime,uid=1002,gid=1002,fmask=0022,dmask=0022,codepage=437,iocharset=iso8859-1,shortname=mixed,showexec,utf8,flush,errors=remount-ro
unique_name=:1.740
exception=DBusException: org.freedesktop.UDisks2.Error.Failed: Cannot resize vfat filesystem on /dev/loop0: executable vfat-resize not found
holding_system_bus_name=20s
method_rc=0
=== exec trace ===
=== journal crash lines ===
May 17 19:25:25 bf51bb670420 udisksd[24253]: Error statting /var/lib/swap: No such file or directory
May 17 19:25:25 bf51bb670420 udisksd[24253]: Error statting /var/lib/swap: No such file or directory
May 17 19:25:25 bf51bb670420 udisksd[24253]: Cleaning up mount point /media/selfauth/8eefcb34-ecff-4cbe-866b-31a80961d257 (device 7:0 is not mounted)
May 17 19:25:25 bf51bb670420 udisksd[24253]: No longer watching loop device /dev/loop0
May 17 19:25:27 bf51bb670420 systemd[1]: Stopping udisks2.service - Disk Manager...
May 17 19:25:27 bf51bb670420 udisksd[24253]: udisks daemon version 2.10.1 exiting
May 17 19:25:27 bf51bb670420 systemd[1]: udisks2.service: Deactivated successfully.
May 17 19:25:27 bf51bb670420 systemd[1]: Stopped udisks2.service - Disk Manager.
May 17 19:25:27 bf51bb670420 systemd[1]: Starting udisks2.service - Disk Manager...
May 17 19:25:27 bf51bb670420 udisksd[24328]: udisks daemon version 2.10.1 starting
May 17 19:25:27 bf51bb670420 udisksd[24328]: Error statting /var/lib/swap: No such file or directory
May 17 19:25:27 bf51bb670420 systemd[1]: Started udisks2.service - Disk Manager.
May 17 19:25:27 bf51bb670420 udisksd[24328]: Acquired the name org.freedesktop.UDisks2 on the system message bus
May 17 19:25:31 bf51bb670420 udisksd[24328]: Error statting /var/lib/swap: No such file or directory
May 17 19:25:31 bf51bb670420 udisksd[24328]: Set up loop device /dev/loop0 (backed by /home/selfauth/udisks-missing-goto-active/xfs-Repair.img)
May 17 19:25:34 bf51bb670420 udisksd[24328]: Error statting /var/lib/swap: No such file or directory
May 17 19:25:34 bf51bb670420 udisksd[24328]: Mounted /dev/loop0 at /media/selfauth/f2ffb5e6-3503-464b-af8d-97fc9f418739 on behalf of uid 1002
May 17 19:25:35 bf51bb670420 systemd[1]: udisks2.service: Main process exited, code=killed, status=11/SEGV
May 17 19:25:35 bf51bb670420 systemd[1]: udisks2.service: Failed with result 'signal'.
May 17 19:25:59 bf51bb670420 systemd[1]: Starting udisks2.service - Disk Manager...
May 17 19:25:59 bf51bb670420 udisksd[24567]: udisks daemon version 2.10.1 starting
May 17 19:25:59 bf51bb670420 udisksd[24567]: Error statting /var/lib/swap: No such file or directory
May 17 19:25:59 bf51bb670420 systemd[1]: Started udisks2.service - Disk Manager.
May 17 19:25:59 bf51bb670420 udisksd[24567]: Cleaning up mount point /media/selfauth/f2ffb5e6-3503-464b-af8d-97fc9f418739 (device 7:0 no longer exists)
May 17 19:25:59 bf51bb670420 udisksd[24567]: No longer watching loop device /dev/loop0
May 17 19:25:59 bf51bb670420 udisksd[24567]: Acquired the name org.freedesktop.UDisks2 on the system message bus
May 17 19:26:03 bf51bb670420 udisksd[24567]: Error statting /var/lib/swap: No such file or directory
May 17 19:26:03 bf51bb670420 udisksd[24567]: Set up loop device /dev/loop0 (backed by /home/selfauth/udisks-missing-goto-active/vfat-Resize.img)
May 17 19:26:05 bf51bb670420 udisksd[24567]: Error statting /var/lib/swap: No such file or directory
May 17 19:26:05 bf51bb670420 udisksd[24567]: Mounted /dev/loop0 at /media/selfauth/64B4-A692 on behalf of uid 1002
