udisksd_pid=24093
=== root.log ===
udisksd_pid=24093
openvt_rc=0
=== user.log ===
identity=uid=1002(selfauth) gid=1002(selfauth) groups=1002(selfauth)
session:
selfauth (1002)
   Since: Sun 2026-05-17 19:24:25 UTC; 32s ago
   State: active
Sessions: *80
  Linger: no
    Unit: user-1002.slice
          ├─session-80.scope
          │ ├─24114 /bin/login -f
          │ ├─24174 -bash
          │ ├─24180 bash /tmp/udisks-missing-goto-strace-trigger.sh Check xfs
          │ ├─24183 loginctl user-status 1002 --no-pager
          │ └─24184 sed -n 1,35p
          └─user@1002.service
            └─init.scope
              ├─24162 /usr/lib/systemd/systemd --user
              └─24163 "(sd-pam)"

May 17 19:24:58 bf51bb670420 systemd[24162]: Listening on gpg-agent.socket - GnuPG cryptographic agent and passphrase cache.
May 17 19:24:58 bf51bb670420 systemd[24162]: Listening on keyboxd.socket - GnuPG public key management service.
May 17 19:24:58 bf51bb670420 systemd[24162]: Listening on pk-debconf-helper.socket - debconf communication socket.
May 17 19:24:58 bf51bb670420 systemd[24162]: Listening on snapd.session-agent.socket - REST API socket for snapd user session agent.
May 17 19:24:58 bf51bb670420 systemd[24162]: Listening on dbus.socket - D-Bus User Message Bus Socket.
May 17 19:24:58 bf51bb670420 systemd[24162]: Listening on gpg-agent-ssh.socket - GnuPG cryptographic agent (ssh-agent emulation).
May 17 19:24:58 bf51bb670420 systemd[24162]: Reached target sockets.target - Sockets.
May 17 19:24:58 bf51bb670420 systemd[24162]: Reached target basic.target - Basic System.
May 17 19:24:58 bf51bb670420 systemd[24162]: Reached target default.target - Main User Target.
May 17 19:24:58 bf51bb670420 systemd[24162]: Startup finished in 269ms.
image=/home/selfauth/udisks-missing-goto-active/xfs-Check.img
Mapped file /home/selfauth/udisks-missing-goto-active/xfs-Check.img as /dev/loop0.
loop_setup_rc=0
dev=/dev/loop0
obj=/org/freedesktop/UDisks2/block_devices/loop0
()
Mounted /dev/loop0 at /media/selfauth/8eefcb34-ecff-4cbe-866b-31a80961d257
mount_rc=0
TARGET                                               SOURCE     FSTYPE OPTIONS
/media/selfauth/8eefcb34-ecff-4cbe-866b-31a80961d257 /dev/loop0 xfs    rw,nosuid,nodev,relatime,attr2,inode64,logbufs=8,logbsize=32k,noquota
unique_name=:1.715
exception=DBusException: org.freedesktop.UDisks2.Error.NotSupported: Cannot check filesystem filesystem on /dev/loop0 if mounted
holding_system_bus_name=20s
method_rc=0
=== exec trace ===
clone(child_stack=NULL, flags=CLONE_CHILD_CLEARTID|CLONE_CHILD_SETTID|SIGCHLD, child_tidptr=0xffffa9f8d0f0) = 24199
clone(child_stack=NULL, flags=CLONE_CHILD_CLEARTID|CLONE_CHILD_SETTID|SIGCHLD, child_tidptr=0xffffa9f8d0f0) = 24218
clone(child_stack=NULL, flags=CLONE_CHILD_CLEARTID|CLONE_CHILD_SETTID|SIGCHLD, child_tidptr=0xffffa7e0f010) = 24229
execve("/usr/local/sbin/xfs_db", ["xfs_db", "-r", "-c", "info", "/dev/loop0"], 0xaaaabb3dc530 /* 10 vars */) = -1 ENOENT (No such file or directory)
execve("/usr/local/bin/xfs_db", ["xfs_db", "-r", "-c", "info", "/dev/loop0"], 0xaaaabb3dc530 /* 10 vars */) = -1 ENOENT (No such file or directory)
execve("/usr/sbin/xfs_db", ["xfs_db", "-r", "-c", "info", "/dev/loop0"], 0xaaaabb3dc530 /* 10 vars */) = 0
execve("/usr/local/sbin/xfs_db", ["xfs_db", "-r", "-c", "info", "/dev/loop0"], 0xaaaabb3dd230 /* 10 vars */) = -1 ENOENT (No such file or directory)
execve("/usr/local/bin/xfs_db", ["xfs_db", "-r", "-c", "info", "/dev/loop0"], 0xaaaabb3dd230 /* 10 vars */) = -1 ENOENT (No such file or directory)
execve("/usr/sbin/xfs_db", ["xfs_db", "-r", "-c", "info", "/dev/loop0"], 0xaaaabb3dd230 /* 10 vars */) = 0
execve("/usr/local/sbin/xfs_repair", ["xfs_repair", "-n", "/dev/loop0"], 0xffff9000a5a0 /* 10 vars */) = -1 ENOENT (No such file or directory)
execve("/usr/local/bin/xfs_repair", ["xfs_repair", "-n", "/dev/loop0"], 0xffff9000a5a0 /* 10 vars */) = -1 ENOENT (No such file or directory)
execve("/usr/sbin/xfs_repair", ["xfs_repair", "-n", "/dev/loop0"], 0xffff9000a5a0 /* 10 vars */) = 0
=== journal crash lines ===
May 17 19:24:22 bf51bb670420 systemd[1]: Stopped udisks2.service - Disk Manager.
May 17 19:24:22 bf51bb670420 systemd[1]: Starting udisks2.service - Disk Manager...
May 17 19:24:22 bf51bb670420 udisksd[23770]: udisks daemon version 2.10.1 starting
May 17 19:24:22 bf51bb670420 udisksd[23770]: Error statting /var/lib/swap: No such file or directory
May 17 19:24:22 bf51bb670420 systemd[1]: Started udisks2.service - Disk Manager.
May 17 19:24:22 bf51bb670420 udisksd[23770]: Acquired the name org.freedesktop.UDisks2 on the system message bus
May 17 19:24:25 bf51bb670420 udisksd[23770]: Error statting /var/lib/swap: No such file or directory
May 17 19:24:26 bf51bb670420 udisksd[23770]: Set up loop device /dev/loop0 (backed by /home/selfauth/udisks-missing-goto-active/ntfs-Repair.img)
May 17 19:24:28 bf51bb670420 udisksd[23770]: Error statting /var/lib/swap: No such file or directory
May 17 19:24:28 bf51bb670420 udisksd[23770]: Mounted /dev/loop0 at /media/selfauth/UDISKSNTFS on behalf of uid 1002
May 17 19:24:30 bf51bb670420 systemd[1]: udisks2.service: Main process exited, code=killed, status=11/SEGV
May 17 19:24:30 bf51bb670420 systemd[1]: udisks2.service: Failed with result 'signal'.
May 17 19:24:54 bf51bb670420 systemd[1]: Starting udisks2.service - Disk Manager...
May 17 19:24:54 bf51bb670420 udisksd[24093]: udisks daemon version 2.10.1 starting
May 17 19:24:54 bf51bb670420 udisksd[24093]: Error statting /var/lib/swap: No such file or directory
May 17 19:24:54 bf51bb670420 systemd[1]: Started udisks2.service - Disk Manager.
May 17 19:24:54 bf51bb670420 udisksd[24093]: Cleaning up mount point /media/selfauth/UDISKSNTFS (device 7:0 no longer exists)
May 17 19:24:54 bf51bb670420 udisksd[24093]: No longer watching loop device /dev/loop0
May 17 19:24:54 bf51bb670420 udisksd[24093]: Acquired the name org.freedesktop.UDisks2 on the system message bus
May 17 19:24:57 bf51bb670420 udisksd[24093]: Error statting /var/lib/swap: No such file or directory
May 17 19:24:58 bf51bb670420 udisksd[24093]: Set up loop device /dev/loop0 (backed by /home/selfauth/udisks-missing-goto-active/xfs-Check.img)
May 17 19:25:01 bf51bb670420 udisksd[24093]: Error statting /var/lib/swap: No such file or directory
May 17 19:25:01 bf51bb670420 udisksd[24093]: Mounted /dev/loop0 at /media/selfauth/8eefcb34-ecff-4cbe-866b-31a80961d257 on behalf of uid 1002
May 17 19:25:02 bf51bb670420 systemd[1]: udisks2.service: Main process exited, code=killed, status=11/SEGV
May 17 19:25:02 bf51bb670420 systemd[1]: udisks2.service: Failed with result 'signal'.
May 17 19:25:15 bf51bb670420 systemd[1]: Starting udisks2.service - Disk Manager...
May 17 19:25:15 bf51bb670420 udisksd[24253]: udisks daemon version 2.10.1 starting
May 17 19:25:15 bf51bb670420 udisksd[24253]: Error statting /var/lib/swap: No such file or directory
May 17 19:25:15 bf51bb670420 systemd[1]: Started udisks2.service - Disk Manager.
May 17 19:25:15 bf51bb670420 udisksd[24253]: Acquired the name org.freedesktop.UDisks2 on the system message bus
